E/TT_WEBVIEW_chromium( 9629): #17 0xd5c7596b /data/data/com.bytedance.shell/files/webview_bytedance/ba9f63243d721e678d07b0cd20995325_md5/libwebviewbytedance.so+0x00a2c96b
E/TT_WEBVIEW_chromium( 9629): #18 0xd5c75707 /data/data/com.bytedance.shell/files/webview_bytedance/ba9f63243d721e678d07b0cd20995325_md5/libwebviewbytedance.so+0x00a2c707
E/TT_WEBVIEW_chromium( 9629): #19 0xd5c762dd /data/data/com.bytedance.shell/files/webview_bytedance/ba9f63243d721e678d07b0cd20995325_md5/libwebviewbytedance.so+0x00a2d2dd
E/TT_WEBVIEW_chromium( 9629): #20 0xd5c8b563 /data/data/com.bytedance.shell/files/webview_bytedance/ba9f63243d721e678d07b0cd20995325_md5/libwebviewbytedance.so+0x00a42563
E/TT_WEBVIEW_chromium( 9629): #21 0xd5c75707 /data/data/com.bytedance.shell/files/webview_bytedance/ba9f63243d721e678d07b0cd20995325_md5/libwebviewbytedance.so+0x00a2c707
E/TT_WEBVIEW_chromium( 9629): #22 0xd5c72e4b /data/data/com.bytedance.shell/files/webview_bytedance/ba9f63243d721e678d07b0cd20995325_md5/libwebviewbytedance.so+0x00a29e4b
E/TT_WEBVIEW_chromium( 9629): #23 0xd5c7334b /data/data/com.bytedance.shell/files/webview_bytedance/ba9f63243d721e678d07b0cd20995325_md5/libwebviewbytedance.so+0x00a2a34b
E/TT_WEBVIEW_chromium( 9629): #24 0xd5c73299 /data/data/com.bytedance.shell/files/webview_bytedance/ba9f63243d721e678d07b0cd20995325_md5/libwebviewbytedance.so+0x00a2a299
E/TT_WEBVIEW_chromium( 9629): #25 0xd5c73a4b /data/data/com.bytedance.shell/files/webview_bytedance/ba9f63243d721e678d07b0cd20995325_md5/libwebviewbytedance.so+0x00a2aa4b
E/TT_WEBVIEW_chromium( 9629): #26 0xd5525f83 /data/data/com.bytedance.shell/files/webview_bytedance/ba9f63243d721e678d07b0cd20995325_md5/libwebviewbytedance.so+0x002dcf83
E/TT_WEBVIEW_chromium( 9629): #27 0xd558a127 /data/data/com.bytedance.shell/files/webview_bytedance/ba9f63243d721e678d07b0cd20995325_md5/libwebviewbytedance.so+0x00341127
E/TT_WEBVIEW_chromium( 9629): #28 0xd5c800bf /data/data/com.bytedance.shell/files/webview_bytedance/ba9f63243d721e678d07b0cd20995325_md5
E/TT_WEBVIEW_CHROMIUM( 9629): [ERROR:resource_dispatcher_host_impl.cc(2320)] keiling blob:https://dev.to/b7bd8d65-c04e-430c-bddc-3e6ec36444fc
E/TT_WEBVIEW_CHROMIUM( 9629): [ERROR:url_request.cc(520)] keiling Start
E/LYNX_TT_WEBVIEW( 9629): CError = [[ERROR][501752294719][Browser] resource_dispatcher_host_impl.cc:2320]: keiling blob:https://dev.to/b7bd8d65-c04e-430c-bddc-3e6ec36444fc
E/LYNX_TT_WEBVIEW( 9629):  
E/LYNX_TT_WEBVIEW( 9629): CError = [[ERROR][501752294925][Browser] url_request.cc:520]: keiling Start
E/LYNX_TT_WEBVIEW( 9629):  
E/TT_WEBVIEW_chromium( 9629): #00 0xd5bdad4f /data/data/com.bytedance.shell/files/webview_bytedance/ba9f63243d721e678d07b0cd20995325_md5/libwebviewbytedance.so+0x00991d4f
E/TT_WEBVIEW_chromium( 9629): #01 0xd644457f /data/data/com.bytedance.shell/files/webview_bytedance/ba9f63243d721e678d07b0cd20995325_md5/libwebviewbytedance.so+0x011fb57f
E/TT_WEBVIEW_chromium( 9629): #02 0xd6444299 /data/data/com.bytedance.shell/files/webview_bytedance/ba9f63243d721e678d07b0cd20995325_md5/libwebviewbytedance.so+0x011fb299
E/TT_WEBVIEW_chromium( 9629): #03 0xd6442aa1 /data/data/com.bytedance.shell/files/webview_bytedance/ba9f63243d721e678d07b0cd20995325_md5/libwebviewbytedance.so+0x011f9aa1
E/TT_WEBVIEW_chromium( 9629): #04 0xd6442941 /data/data/com.bytedance.shell/files/webview_bytedance/ba9f63243d721e678d07b0cd20995325_md5/libwebviewbytedance.so+0x011f9941
E/TT_WEBVIEW_chromium( 9629): #05 0xd6440447 /data/data/com.bytedance.shell/files/webview_bytedance/ba9f63243d721e678d07b0cd20995325_md5/libwebviewbytedance.so+0x011f7447
E/TT_WEBVIEW_chromium( 9629): #06 0xd643f199 /data/data/com.bytedance.shell/files/webview_bytedance/ba9f63243d721e678d07b0cd20995325_md5/libwebviewbytedance.so+0x011f6199
E/TT_WEBVIEW_chromium( 9629): #07 0xd643e9ad /data/data/com.bytedance.shell/files/webview_bytedance/ba9f63243d721e678d07b0cd20995325_md5/libwebviewbytedance.so+0x011f59ad
E/TT_WEBVIEW_chromium( 9629): #08 0xd643d8e7 /data/data/com.bytedance.shell/files/webview_bytedance/ba9f63243d721e678d07b0cd20995325_md5/libwebviewbytedance.so+0x011f48e7
E/TT_WEBVIEW_chromium( 9629): #09 0xd643d467 /data/data/com.bytedance.shell/files/webview_bytedance/ba9f63243d721e678d07b0cd20995325_md5/libwebviewbytedance.so+0x011f4467
E/TT_WEBVIEW_chromium( 9629): #10 0xd643cef9 /data/data/com.bytedance.shell/files/webview_bytedance/ba9f63243d721e678d07b0cd20995325_md5/libwebviewbytedance.so+0x011f3ef9
E/TT_WEBVIEW_chromium( 9629): #11 0xd64414ed /data/data/com.bytedance.shell/files/webview_bytedance/ba9f63243d721e678d07b0cd20995325_md5/libwebviewbytedance.so+0x011f84ed
E/TT_WEBVIEW_chromium( 9629): #12 0xd643ce55 /data/data/com.bytedance.shell/files/webview_bytedance/ba9f63243d721e678d07b0cd20995325_md5/libwebviewbytedance.so+0x011f3e55
E/TT_WEBVIEW_chromium( 9629): #13 0xd643cba5 /data/data/com.bytedance.shell/files/webview_bytedance/ba9f63243d721e678d07b0cd20995325_md5/libwebviewbytedance.so+0x011f3ba5
E/TT_WEBVIEW_chromium( 9629): #14 0xd6445943 /data/data/com.bytedance.shell/files/webview_bytedance/ba9f63243d721e678d07b0cd20995325_md5/libwebviewbytedance.so+0x011fc943
E/TT_WEBVIEW_chromium( 9629): #15 0xd5d44c63 /data/data/com.bytedance.shell/files/webview_bytedance/ba9f63243d721e678d07b0cd20995325_md5/libwebviewbytedance.so+0x00afbc63
E/TT_WEBVIEW_chromium( 9629): #16 0xd5d44b6d /data/data/com.bytedance.shell/files/webview_bytedance/ba9f63243d721e678d07b0cd20995325_md5/libwebviewbytedance.so+0x00afbb6d
E/TT_WEBVIEW_chromium( 9629): #17 0xd5c90b7d /data/data/com.bytedance.shell/files/webview_bytedance/ba9f63243d721e678d07b0cd20995325_md5/libwebviewbytedance.so+0x00a47b7d
E/TT_WEBVIEW_chromium( 9629): #18 0xd5c8507f /data/data/com.bytedance.shell/files/webview_bytedance/ba9f63243d721e678d07b0cd20995325_md5/libwebviewbytedance.so+0x00a3c07f
E/TT_WEBVIEW_chromium( 9629): #19 0xd5c8e6b1 /data/data/com.bytedance.shell/files/webview_bytedance/ba9f63243d721e678d07b0cd20995325_md5/libwebviewbytedance.so+0x00a456b1
E/TT_WEBVIEW_chromium( 9629): #20 0xd5c83187 /data/data/com.bytedance.shell/files/webview_bytedance/ba9f63243d721e678d07b0cd20995325_md5/libwebviewbytedance.so+0x00a3a187
E/TT_WEBVIEW_chromium( 9629): #21 0xd5c88e67 /data/data/com.bytedance.shell/files/webview_bytedance/ba9f63243d721e678d07b0cd20995325_md5/libwebviewbytedance.so+0x00a3fe67
E/TT_WEBVIEW_chromium( 9629): #22 0xd5c917d1 /data/data/com.bytedance.shell/files/webview_bytedance/ba9f63243d721e678d07b0cd20995325_md5/libwebviewbytedance.so+0x00a487d1
E/TT_WEBVIEW_chromium( 9629): #23 0xd5c7596b /data/data/com.bytedance.shell/files/webview_bytedance/ba9f63243d721e678d07b0cd20995325_md5/libwebviewbytedance.so+0x00a2c96b
E/TT_WEBVIEW_chromium( 9629): #24 0xd5c75707 /data/data/com.bytedance.shell/files/webview_bytedance/ba9f63243d721e678d07b0cd20995325_md5/libwebviewbytedance.so+0x00a2c707
E/TT_WEBVIEW_chromium( 9629): #25 0xd5c762dd /data/data/com.bytedance.shell/files/webview_bytedance/ba9f63243d721e678d07b0cd20995325_md5/libwebviewbytedance.so+0x00a2d2dd
E/TT_WEBVIEW_chromium( 9629): #26 0xd5c8b563 /data/data/com.bytedance.shell/files/webview_bytedance/ba9f63243d721e678d07b0cd20995325_md5/libwebviewbytedance.so+0x00a42563
E/TT_WEBVIEW_chromium( 9629): #27 0xd5c75707 /data/data/com.bytedance.shell/files/webview_bytedance/ba9f63243d721e678d07b0cd20995325_md5/libwebviewbytedance.so+0x00a2c707
E/TT_WEBVIEW_chromium( 9629): #28 0xd5c72e4b /data/data/com.bytedance.shell/files/webview_bytedance/ba9f63243d721e678d07b0cd20995325_md5
E/LYNX_TT_WEBVIEW( 9629): CError = [[ERROR][501752340308][Browser] async_resource_handler.cc:180]: keiling OnResponseStarted
E/LYNX_TT_WEBVIEW( 9629):  
E/TT_WEBVIEW_CHROMIUM( 9629): [ERROR:async_resource_handler.cc(180)] keiling OnResponseStarted
E/TT_WEBVIEW_chromium( 9629): #00 0xd642e51b /data/data/com.bytedance.shell/files/webview_bytedance/ba9f63243d721e678d07b0cd20995325_md5/libwebviewbytedance.so+0x011e551b
E/TT_WEBVIEW_chromium( 9629): #01 0xd6443c35 /data/data/com.bytedance.shell/files/webview_bytedance/ba9f63243d721e678d07b0cd20995325_md5/libwebviewbytedance.so+0x011fac35
E/TT_WEBVIEW_chromium( 9629): #02 0xd644391f /data/data/com.bytedance.shell/files/webview_bytedance/ba9f63243d721e678d07b0cd20995325_md5/libwebviewbytedance.so+0x011fa91f
E/TT_WEBVIEW_chromium( 9629): #03 0xd5be4925 /data/data/com.bytedance.shell/files/webview_bytedance/ba9f63243d721e678d07b0cd20995325_md5/libwebviewbytedance.so+0x0099b925
E/TT_WEBVIEW_chromium( 9629): #04 0xd655ae2d /data/data/com.bytedance.shell/files/webview_bytedance/ba9f63243d721e678d07b0cd20995325_md5/libwebviewbytedance.so+0x01311e2d
E/TT_WEBVIEW_chromium( 9629): #05 0xd5551b59 /data/data/com.bytedance.shell/files/webview_bytedance/ba9f63243d721e678d07b0cd20995325_md5/libwebviewbytedance.so+0x00308b59
E/TT_WEBVIEW_chromium( 9629): #06 0xd5582e6d /data/data/com.bytedance.shell/files/webview_bytedance/ba9f63243d721e678d07b0cd20995325_md5/libwebviewbytedance.so+0x00339e6d
E/TT_WEBVIEW_chromium( 9629): #07 0xd559b385 /data/data/com.bytedance.shell/files/webview_bytedance/ba9f63243d721e678d07b0cd20995325_md5/libwebviewbytedance.so+0x00352385
E/TT_WEBVIEW_chromium( 9629): #08 0xd559b575 /data/data/com.bytedance.shell/files/webview_bytedance/ba9f63243d721e678d07b0cd20995325_md5/libwebviewbytedance.so+0x00352575
E/TT_WEBVIEW_chromium( 9629): #09 0xd559b6fb /data/data/com.bytedance.shell/files/webview_bytedance/ba9f63243d721e678d07b0cd20995325_md5/libwebviewbytedance.so+0x003526fb
E/TT_WEBVIEW_chromium( 9629): #10 0xd559d559 /data/data/com.bytedance.shell/files/webview_bytedance/ba9f63243d721e678d07b0cd20995325_md5/libwebviewbytedance.so+0x00354559
E/TT_WEBVIEW_chromium( 9629): #11 0xd559b193 /data/data/com.bytedance.shell/files/webview_bytedance/ba9f63243d721e678d07b0cd20995325_md5/libwebviewbytedance.so+0x00352193
E/TT_WEBVIEW_chromium( 9629): #12 0xd55b3513 /data/data/com.bytedance.shell/files/webview_bytedance/ba9f63243d721e678d07b0cd20995325_md5/libwebviewbytedance.so+0x0036a513
E/TT_WEBVIEW_chromium( 9629): #13 0xd55d373b /data/data/com.bytedance.shell/files/webview_bytedance/ba9f63243d721e678d07b0cd20995325_md5/libwebviewbytedance.so+0x0038a73b
E/TT_WEBVIEW_chromium( 9629): #14 0xd6318b95 /data/data/com.bytedance.shell/files/webview_bytedance/ba9f63243d721e678d07b0cd20995325_md5/libwebviewbytedance.so+0x010cfb95
E/TT_WEBVIEW_chromium( 9629): #15 0xd6318c7d /data/data/com.bytedance.shell/files/webview_bytedance/ba9f63243d721e678d07b0cd20995325_md5/libwebviewbytedance.so+0x010cfc7d
E/TT_WEBVIEW_chromium( 9629): #16 0xd55d39df /data/data/com.bytedance.shell/files/webview_bytedance/ba9f63243d721e678d07b0cd20995325_md5/libwebviewbytedance.so+0x0038a9df
E/TT_WEBVIEW_chromium( 9629): #17 0xd55cecab /data/data/com.bytedance.shell/files/webview_bytedance/ba9f63243d721e678d07b0cd20995325_md5/libwebviewbytedance.so+0x00385cab
E/TT_WEBVIEW_chromium( 9629): #18 0xf6e237bb /system/lib/libc.so+0x000417bb
E/TT_WEBVIEW_chromium( 9629): #19 0xf6dfb2d5 /system/lib/libc.so+0x000192d5
E/TT_WEBVIEW_chromium( 9629): #20 0xffffffff <unknown>
E/TT_WEBVIEW_CHROMIUM( 9629): [ERROR:async_resource_handler.cc(276)] keiling OnReadCompleted
E/TT_WEBVIEW_CHROMIUM( 9629): [ERROR:async_resource_handler.cc(276)] keiling OnReadCompleted
E/TT_WEBVIEW_CHROMIUM( 9629): [ERROR:async_resource_handler.cc(276)] keiling OnReadCompleted
E/TT_WEBVIEW_CHROMIUM( 9629): [ERROR:async_resource_handler.cc(276)] keiling OnReadCompleted
E/TT_WEBVIEW_CHROMIUM( 9629): [ERROR:async_resource_handler.cc(276)] keiling OnReadCompleted
E/TT_WEBVIEW_CHROMIUM( 9629): [ERROR:async_resource_handler.cc(276)] keiling OnReadCompleted
E/LYNX_TT_WEBVIEW( 9629): CError = [[ERROR][501752381804][Browser] async_resource_handler.cc:276]: keiling OnReadCompleted
E/LYNX_TT_WEBVIEW( 9629):  
E/TT_WEBVIEW_CHROMIUM( 9629): [ERROR:async_resource_handler.cc(276)] keiling OnReadCompleted
E/TT_WEBVIEW_CHROMIUM( 9629): [ERROR:async_resource_handler.cc(276)] keiling OnReadCompleted
E/TT_WEBVIEW_CHROMIUM( 9629): [ERROR:async_resource_handler.cc(276)] keiling OnReadCompleted
E/TT_WEBVIEW_CHROMIUM( 9629): [ERROR:async_resource_handler.cc(276)] keiling OnReadCompleted
E/TT_WEBVIEW_CHROMIUM( 9629): [ERROR:async_resource_handler.cc(338)] keiling OnResponseCompleted
E/LYNX_TT_WEBVIEW( 9629): CError = [[ERROR][501752382687][Browser] async_resource_handler.cc:276]: keiling OnReadCompleted
E/LYNX_TT_WEBVIEW( 9629):  
E/LYNX_TT_WEBVIEW( 9629): CError = [[ERROR][501752382986][Browser] async_resource_handler.cc:276]: keiling OnReadCompleted
E/LYNX_TT_WEBVIEW( 9629):  
E/LYNX_TT_WEBVIEW( 9629): CError = [[ERROR][501752383213][Browser] async_resource_handler.cc:276]: keiling OnReadCompleted
E/LYNX_TT_WEBVIEW( 9629):  
E/LYNX_TT_WEBVIEW( 9629): CError = [[ERROR][501752383494][Browser] async_resource_handler.cc:276]: keiling OnReadCompleted
E/LYNX_TT_WEBVIEW( 9629):  
E/LYNX_TT_WEBVIEW( 9629): CError = [[ERROR][501752383689][Browser] async_resource_handler.cc:276]: keiling OnReadCompleted
E/LYNX_TT_WEBVIEW( 9629):  
E/LYNX_TT_WEBVIEW( 9629): CError = [[ERROR][501752383966][Browser] async_resource_handler.cc:276]: keiling OnReadCompleted
E/LYNX_TT_WEBVIEW( 9629):  
E/LYNX_TT_WEBVIEW( 9629): CError = [[ERROR][501752384230][Browser] async_resource_handler.cc:276]: keiling OnReadCompleted
E/LYNX_TT_WEBVIEW( 9629):  
E/TT_WEBVIEW_CHROMIUM( 9680): [ERROR:DocumentLoader.cpp(1059)] keiling InstallNewDocument
E/LYNX_TT_WEBVIEW( 9629): CError = [[ERROR][501752384509][Browser] async_resource_handler.cc:276]: keiling OnReadCompleted
E/LYNX_TT_WEBVIEW( 9629):  
E/LYNX_TT_WEBVIEW( 9629): CError = [[ERROR][501752384864][Browser] async_resource_handler.cc:276]: keiling OnReadCompleted
E/LYNX_TT_WEBVIEW( 9629):  
E/LYNX_TT_WEBVIEW( 9629): CError = [[ERROR][501752384915][Browser] async_resource_handler.cc:338]: keiling OnResponseCompleted
E/LYNX_TT_WEBVIEW( 9629):  
E/LYNX_TT_WEBVIEW( 9629): CError = [[ERROR][501752394196][Render] DocumentLoader.cpp:1059]: keiling InstallNewDocument
E/LYNX_TT_WEBVIEW( 9629):  
I/LYNX_TT_WEBVIEW( 9629): getJsonObjectFromSharedPreferences: Create JsonObject from SharedPrefernces successfully. 
I/LYNX_TT_WEBVIEW( 9629): getJsonObjectFromSharedPreferences: Create JsonObject from SharedPrefernces successfully. 
I/LYNX_TT_WEBVIEW( 9629): getJsonObjectFromSharedPreferences: Create JsonObject from SharedPrefernces successfully. 
I/LYNX_TT_WEBVIEW( 9629): getJsonObjectFromSharedPreferences: Create JsonObject from SharedPrefernces successfully. 
I/LYNX_TT_WEBVIEW( 9629): getJsonObjectFromSharedPreferences: Create JsonObject from SharedPrefernces successfully. 
I/LYNX_TT_WEBVIEW( 9629): getJsonObjectFromSharedPreferences: Create JsonObject from SharedPrefernces successfully. 
I/LYNX_TT_WEBVIEW( 9629): getJsonObjectFromSharedPreferences: Create JsonObject from SharedPrefernces successfully. 
I/LYNX_TT_WEBVIEW( 9629): getJsonObjectFromSharedPreferences: Create JsonObject from SharedPrefernces successfully. 
I/LYNX_TT_WEBVIEW( 9629): getJsonObjectFromSharedPreferences: Create JsonObject from SharedPrefernces successfully. 
I/LYNX_TT_WEBVIEW( 9629): getJsonObjectFromSharedPreferences: Create JsonObject from SharedPrefernces successfully. 
I/LYNX_TT_WEBVIEW( 9629): getJsonObjectFromSharedPreferences: Create JsonObject from SharedPrefernces successfully. 
I/LYNX_TT_WEBVIEW( 9629): getJsonObjectFromSharedPreferences: Create JsonObject from SharedPrefernces successfully. 
E/TT_WEBVIEW_chromium( 9680): #00 0xda2b4bff /data/data/com.bytedance.shell/files/webview_bytedance/ba9f63243d721e678d07b0cd20995325_md5/libwebviewbytedance.so+0x02a67bff
E/TT_WEBVIEW_chromium( 9680): #01 0xda2b4b0b /data/data/com.bytedance.shell/files/webview_bytedance/ba9f63243d721e678d07b0cd20995325_md5/libwebviewbytedance.so+0x02a67b0b
E/TT_WEBVIEW_chromium( 9680): #02 0xda2b429b /data/data/com.bytedance.shell/files/webview_bytedance/ba9f63243d721e678d07b0cd20995325_md5/libwebviewbytedance.so+0x02a6729b
E/TT_WEBVIEW_chromium( 9680): #03 0xda2b4f3b /data/data/com.bytedance.shell/files/webview_bytedance/ba9f63243d721e678d07b0cd20995325_md5/libwebviewbytedance.so+0x02a67f3b
E/TT_WEBVIEW_chromium( 9680): #04 0xda2b4ea7 /data/data/com.bytedance.shell/files/webview_bytedance/ba9f63243d721e678d07b0cd20995325_md5/libwebviewbytedance.so+0x02a67ea7
E/TT_WEBVIEW_chromium( 9680): #05 0xd954c1af /data/data/com.bytedance.shell/files/webview_bytedance/ba9f63243d721e678d07b0cd20995325_md5/libwebviewbytedance.so+0x01cff1af
E/TT_WEBVIEW_chromium( 9680): #06 0xd9561499 /data/data/com.bytedance.shell/files/webview_bytedance/ba9f63243d721e678d07b0cd20995325_md5/libwebviewbytedance.so+0x01d14499
E/TT_WEBVIEW_chromium( 9680): #07 0xd9bf8401 /data/data/com.bytedance.shell/files/webview_bytedance/ba9f63243d721e678d07b0cd20995325_md5/libwebviewbytedance.so+0x023ab401
E/TT_WEBVIEW_chromium( 9680): #08 0xd9bf884f /data/data/com.bytedance.shell/files/webview_bytedance/ba9f63243d721e678d07b0cd20995325_md5/libwebviewbytedance.so+0x023ab84f
E/TT_WEBVIEW_chromium( 9680): #09 0xd9be255b /data/data/com.bytedance.shell/files/webview_bytedance/ba9f63243d721e678d07b0cd20995325_md5/libwebviewbytedance.so+0x0239555b
E/TT_WEBVIEW_chromium( 9680): #10 0xd9be4277 /data/data/com.bytedance.shell/files/webview_bytedance/ba9f63243d721e678d07b0cd20995325_md5/libwebviewbytedance.so+0x02397277
E/TT_WEBVIEW_chromium( 9680): #11 0xd9be4253 /data/data/com.bytedance.shell/files/webview_bytedance/ba9f63243d721e678d07b0cd20995325_md5/libwebviewbytedance.so+0x02397253
E/TT_WEBVIEW_chromium( 9680): #12 0xd9be3493 /data/data/com.bytedance.shell/files/webview_bytedance/ba9f63243d721e678d07b0cd20995325_md5/libwebviewbytedance.so+0x02396493
E/TT_WEBVIEW_chromium( 9680): #13 0xd9be1d89 /data/data/com.bytedance.shell/files/webview_bytedance/ba9f63243d721e678d07b0cd20995325_md5/libwebviewbytedance.so+0x02394d89
E/TT_WEBVIEW_chromium( 9680): #14 0xd9be1973 /data/data/com.bytedance.shell/files/webview_bytedance/ba9f63243d721e678d07b0cd20995325_md5/libwebviewbytedance.so+0x02394973
E/TT_WEBVIEW_chromium( 9680): #15 0xd9be4765 /data/data/com.bytedance.shell/files/webview_bytedance/ba9f63243d721e678d07b0cd20995325_md5/libwebviewbytedance.so+0x02397765
E/TT_WEBVIEW_chromium( 9680): #16 0xd7b55b59 /data/data/com.bytedance.shell/files/webview_bytedance/ba9f63243d721e678d07b0cd20995325_md5/libwebviewbytedance.so+0x00308b59
E/TT_WEBVIEW_chromium( 9680): #17 0xd7b86e6d /data/data/com.bytedance.shell/files/webview_bytedance/ba9f63243d721e678d07b0cd20995325_md5/libwebviewbytedance.so+0x00339e6d
E/TT_WEBVIEW_chromium( 9680): #18 0xd956af9b /data/data/com.bytedance.shell/files/webview_bytedance/ba9f63243d721e678d07b0cd20995325_md5/libwebviewbytedance.so+0x01d1df9b
E/TT_WEBVIEW_chromium( 9680): #19 0xd9569e89 /data/data/com.bytedance.shell/files/webview_bytedance/ba9f63243d721e678d07b0cd20995325_md5/libwebviewbytedance.so+0x01d1ce89
E/TT_WEBVIEW_chromium( 9680): #20 0xd7b55b59 /data/data/com.bytedance.shell/files/webview_bytedance/ba9f63243d721e678d07b0cd20995325_md5/libwebviewbytedance.so+0x00308b59
E/TT_WEBVIEW_chromium( 9680): #21 0xd7b86e6d /data/data/com.bytedance.shell/files/webview_bytedance/ba9f63243d721e678d07b0cd20995325_md5/libwebviewbytedance.so+0x00339e6d
E/TT_WEBVIEW_chromium( 9680): #22 0xd7b9f385 /data/data/com.bytedance.shell/files/webview_bytedance/ba9f63243d721e678d07b0cd20995325_md5/libwebviewbytedance.so+0x00352385
E/TT_WEBVIEW_chromium( 9680): #23 0xd7b9f575 /data/data/com.bytedance.shell/files/webview_bytedance/ba9f63243d721e678d07b0cd20995325_md5/libwebviewbytedance.so+0x00352575
E/TT_WEBVIEW_chromium( 9680): #24 0xd7b9f6fb /data/data/com.bytedance.shell/files/webview_bytedance/ba9f63243d721e678d07b0cd20995325_md5/libwebviewbytedance.so+0x003526fb
E/TT_WEBVIEW_chromium( 9680): #25 0xd7ba0d7f /data/data/com.bytedance.shell/files/webview_bytedance/ba9f63243d721e678d07b0cd20995325_md5/libwebviewbytedance.so+0x00353d7f
E/TT_WEBVIEW_chromium( 9680): #26 0xd7b9f193 /data/data/com.bytedance.shell/files/webview_bytedance/ba9f63243d721e678d07b0cd20995325_md5/libwebviewbytedance.so+0x00352193
E/TT_WEBVIEW_chromium( 9680): #27 0xd7bb7513 /data/data/com.bytedance.shell/files/webview_bytedance/ba9f63243d721e678d07b0cd20995325_md5/libwebviewbytedance.so+0x0036a513
E/TT_WEBVIEW_chromium( 9680): #28 0xda792b61 /data/data/com.bytedance.shell/files/webview_bytedance/ba9f63243d721e678d07b0cd20995325_md5
I/LYNX_TT_WEBVIEW( 9629): getJsonObjectFromSharedPreferences: Create JsonObject from SharedPrefernces successfully. 
I/LYNX_TT_WEBVIEW( 9629): getJsonObjectFromSharedPreferences: Create JsonObject from SharedPrefernces successfully. 
E/TT_WEBVIEW_CHROMIUM( 9680): [ERROR:HTMLDocumentParser.cpp(160)] keiling HTMLDocumentParser
E/TT_WEBVIEW_CHROMIUM( 9680): [ERROR:HTMLDocumentParser.cpp(98)] keiling HTMLDocumentParser
I/LYNX_TT_WEBVIEW( 9629): getJsonObjectFromSharedPreferences: Create JsonObject from SharedPrefernces successfully. 
I/LYNX_TT_WEBVIEW( 9629): getJsonObjectFromSharedPreferences: Create JsonObject from SharedPrefernces successfully. 
I/LYNX_TT_WEBVIEW( 9629): 
I/LYNX_TT_WEBVIEW( 9629): 
I/LYNX_TT_WEBVIEW( 9629): url is  blob:https://dev.to/b7bd8d65-c04e-430c-bddc-3e6ec36444fc 
E/LYNX_TT_WEBVIEW( 9629): CError = [[ERROR][501752428798][Render] HTMLDocumentParser.cpp:160]: keiling HTMLDocumentParser
E/LYNX_TT_WEBVIEW( 9629):  
E/LYNX_TT_WEBVIEW( 9629): CError = [[ERROR][501752428907][Render] HTMLDocumentParser.cpp:98]: keiling HTMLDocumentParser
E/LYNX_TT_WEBVIEW( 9629):  
E/TT_WEBVIEW_CHROMIUM( 9680): [ERROR:web_url_loader_impl.cc(1246)] keiling LoadAsynchronously
E/LYNX_TT_WEBVIEW( 9629): CError = [[ERROR][501752549562][Render] web_url_loader_impl.cc:1246]: keiling LoadAsynchronously
E/LYNX_TT_WEBVIEW( 9629):  
E/TT_WEBVIEW_CHROMIUM( 9629): [ERROR:render_frame_host_impl.cc(4301)] keiling OnStreamHandleConsumed
E/LYNX_TT_WEBVIEW( 9629): CError = [[ERROR][501752552172][Browser] render_frame_host_impl.cc:4301]: keiling OnStreamHandleConsumed
E/LYNX_TT_WEBVIEW( 9629):  
E/TT_WEBVIEW_chromium( 9680): #00 0xd9bf8b51 /data/data/com.bytedance.shell/files/webview_bytedance/ba9f63243d721e678d07b0cd20995325_md5/libwebviewbytedance.so+0x023abb51
E/TT_WEBVIEW_chromium( 9680): #01 0xd9560329 /data/data/com.bytedance.shell/files/webview_bytedance/ba9f63243d721e678d07b0cd20995325_md5/libwebviewbytedance.so+0x01d13329
E/TT_WEBVIEW_chromium( 9680): #02 0xd955dee9 /data/data/com.bytedance.shell/files/webview_bytedance/ba9f63243d721e678d07b0cd20995325_md5/libwebviewbytedance.so+0x01d10ee9
E/TT_WEBVIEW_chromium( 9680): #03 0xd955de33 /data/data/com.bytedance.shell/files/webview_bytedance/ba9f63243d721e678d07b0cd20995325_md5/libwebviewbytedance.so+0x01d10e33
E/TT_WEBVIEW_chromium( 9680): #04 0xd95601b5 /data/data/com.bytedance.shell/files/webview_bytedance/ba9f63243d721e678d07b0cd20995325_md5/libwebviewbytedance.so+0x01d131b5
E/TT_WEBVIEW_chromium( 9680): #05 0xd9556ef1 /data/data/com.bytedance.shell/files/webview_bytedance/ba9f63243d721e678d07b0cd20995325_md5/libwebviewbytedance.so+0x01d09ef1
E/TT_WEBVIEW_chromium( 9680): #06 0xd95565a7 /data/data/com.bytedance.shell/files/webview_bytedance/ba9f63243d721e678d07b0cd20995325_md5/libwebviewbytedance.so+0x01d095a7
E/TT_WEBVIEW_chromium( 9680): #07 0xda2ddd3b /data/data/com.bytedance.shell/files/webview_bytedance/ba9f63243d721e678d07b0cd20995325_md5/libwebviewbytedance.so+0x02a90d3b
E/TT_WEBVIEW_chromium( 9680): #08 0xda2b39a3 /data/data/com.bytedance.shell/files/webview_bytedance/ba9f63243d721e678d07b0cd20995325_md5/libwebviewbytedance.so+0x02a669a3
E/TT_WEBVIEW_chromium( 9680): #09 0xda15b281 /data/data/com.bytedance.shell/files/webview_bytedance/ba9f63243d721e678d07b0cd20995325_md5/libwebviewbytedance.so+0x0290e281
E/TT_WEBVIEW_chromium( 9680): #10 0xda1499ef /data/data/com.bytedance.shell/files/webview_bytedance/ba9f63243d721e678d07b0cd20995325_md5/libwebviewbytedance.so+0x028fc9ef
E/TT_WEBVIEW_chromium( 9680): #11 0xda15b34f /data/data/com.bytedance.shell/files/webview_bytedance/ba9f63243d721e678d07b0cd20995325_md5/libwebviewbytedance.so+0x0290e34f
E/TT_WEBVIEW_chromium( 9680): #12 0xda13c061 /data/data/com.bytedance.shell/files/webview_bytedance/ba9f63243d721e678d07b0cd20995325_md5/libwebviewbytedance.so+0x028ef061
E/TT_WEBVIEW_chromium( 9680): #13 0xda0b2a27 /data/data/com.bytedance.shell/files/webview_bytedance/ba9f63243d721e678d07b0cd20995325_md5/libwebviewbytedance.so+0x02865a27
E/TT_WEBVIEW_chromium( 9680): #14 0xda13537d /data/data/com.bytedance.shell/files/webview_bytedance/ba9f63243d721e678d07b0cd20995325_md5/libwebviewbytedance.so+0x028e837d
E/TT_WEBVIEW_chromium( 9680): #15 0xda1530e7 /data/data/com.bytedance.shell/files/webview_bytedance/ba9f63243d721e678d07b0cd20995325_md5/libwebviewbytedance.so+0x029060e7
E/TT_WEBVIEW_chromium( 9680): #16 0xda151b1b /data/data/com.bytedance.shell/files/webview_bytedance/ba9f63243d721e678d07b0cd20995325_md5/libwebviewbytedance.so+0x02904b1b
E/TT_WEBVIEW_chromium( 9680): #17 0xda13a9f7 /data/data/com.bytedance.shell/files/webview_bytedance/ba9f63243d721e678d07b0cd20995325_md5/libwebviewbytedance.so+0x028ed9f7
E/TT_WEBVIEW_chromium( 9680): #18 0xda13a689 /data/data/com.bytedance.shell/files/webview_bytedance/ba9f63243d721e678d07b0cd20995325_md5/libwebviewbytedance.so+0x028ed689
E/TT_WEBVIEW_chromium( 9680): #19 0xda139aaf /data/data/com.bytedance.shell/files/webview_bytedance/ba9f63243d721e678d07b0cd20995325_md5/libwebviewbytedance.so+0x028ecaaf
E/TT_WEBVIEW_chromium( 9680): #20 0xda1398df /data/data/com.bytedance.shell/files/webview_bytedance/ba9f63243d721e678d07b0cd20995325_md5/libwebviewbytedance.so+0x028ec8df
E/TT_WEBVIEW_chromium( 9680): #21 0xd93d9b9b /data/data/com.bytedance.shell/files/webview_bytedance/ba9f63243d721e678d07b0cd20995325_md5/libwebviewbytedance.so+0x01b8cb9b
E/TT_WEBVIEW_chromium( 9680): #22 0xd93d9a1b /data/data/com.bytedance.shell/files/webview_bytedance/ba9f63243d721e678d07b0cd20995325_md5/libwebviewbytedance.so+0x01b8ca1b
E/TT_WEBVIEW_chromium( 9680): #23 0xd7b55b59 /data/data/com.bytedance.shell/files/webview_bytedance/ba9f63243d721e678d07b0cd20995325_md5/libwebviewbytedance.so+0x00308b59
E/TT_WEBVIEW_chromium( 9680): #24 0xd7b86e6d /data/data/com.bytedance.shell/files/webview_bytedance/ba9f63243d721e678d07b0cd20995325_md5/libwebviewbytedance.so+0x00339e6d
E/TT_WEBVIEW_chromium( 9680): #25 0xd956af9b /data/data/com.bytedance.shell/files/webview_bytedance/ba9f63243d721e678d07b0cd20995325_md5/libwebviewbytedance.so+0x01d1df9b
E/TT_WEBVIEW_chromium( 9680): #26 0xd9569e89 /data/data/com.bytedance.shell/files/webview_bytedance/ba9f63243d721e678d07b0cd20995325_md5/libwebviewbytedance.so+0x01d1ce89
E/TT_WEBVIEW_chromium( 9680): #27 0xd7b55b59 /data/data/com.bytedance.shell/files/webview_bytedance/ba9f63243d721e678d07b0cd20995325_md5/libwebviewbytedance.so+0x00308b59
E/TT_WEBVIEW_chromium( 9680): #28 0xd7b86e6d /data/data/com.bytedance.shell/files/webview_bytedance/ba9f63243d721e678d07b0cd20995325_md5
E/TT_WEBVIEW_CHROMIUM( 9680): [ERROR:resource_dispatcher.cc(727)] keiling StartAsync
E/LYNX_TT_WEBVIEW( 9629): CError = [[ERROR][501752578126][Render] resource_dispatcher.cc:727]: keiling StartAsync
E/LYNX_TT_WEBVIEW( 9629):  
E/TT_WEBVIEW_chromium( 9680): #00 0xd9be3c39 /data/data/com.bytedance.shell/files/webview_bytedance/ba9f63243d721e678d07b0cd20995325_md5/libwebviewbytedance.so+0x02396c39
E/TT_WEBVIEW_chromium( 9680): #01 0xd9bf6cef /data/data/com.bytedance.shell/files/webview_bytedance/ba9f63243d721e678d07b0cd20995325_md5/libwebviewbytedance.so+0x023a9cef
E/TT_WEBVIEW_chromium( 9680): #02 0xd9bf8b6b /data/data/com.bytedance.shell/files/webview_bytedance/ba9f63243d721e678d07b0cd20995325_md5/libwebviewbytedance.so+0x023abb6b
E/TT_WEBVIEW_chromium( 9680): #03 0xd9560329 /data/data/com.bytedance.shell/files/webview_bytedance/ba9f63243d721e678d07b0cd20995325_md5/libwebviewbytedance.so+0x01d13329
E/TT_WEBVIEW_chromium( 9680): #04 0xd955dee9 /data/data/com.bytedance.shell/files/webview_bytedance/ba9f63243d721e678d07b0cd20995325_md5/libwebviewbytedance.so+0x01d10ee9
E/TT_WEBVIEW_chromium( 9680): #05 0xd955de33 /data/data/com.bytedance.shell/files/webview_bytedance/ba9f63243d721e678d07b0cd20995325_md5/libwebviewbytedance.so+0x01d10e33
E/TT_WEBVIEW_chromium( 9680): #06 0xd95601b5 /data/data/com.bytedance.shell/files/webview_bytedance/ba9f63243d721e678d07b0cd20995325_md5/libwebviewbytedance.so+0x01d131b5
E/TT_WEBVIEW_chromium( 9680): #07 0xd9556ef1 /data/data/com.bytedance.shell/files/webview_bytedance/ba9f63243d721e678d07b0cd20995325_md5/libwebviewbytedance.so+0x01d09ef1
E/TT_WEBVIEW_chromium( 9680): #08 0xd95565a7 /data/data/com.bytedance.shell/files/webview_bytedance/ba9f63243d721e678d07b0cd20995325_md5/libwebviewbytedance.so+0x01d095a7
E/TT_WEBVIEW_chromium( 9680): #09 0xda2ddd3b /data/data/com.bytedance.shell/files/webview_bytedance/ba9f63243d721e678d07b0cd20995325_md5/libwebviewbytedance.so+0x02a90d3b
E/TT_WEBVIEW_chromium( 9680): #10 0xda2b39a3 /data/data/com.bytedance.shell/files/webview_bytedance/ba9f63243d721e678d07b0cd20995325_md5/libwebviewbytedance.so+0x02a669a3
E/TT_WEBVIEW_chromium( 9680): #11 0xda15b281 /data/data/com.bytedance.shell/files/webview_bytedance/ba9f63243d721e678d07b0cd20995325_md5/libwebviewbytedance.so+0x0290e281
E/TT_WEBVIEW_chromium( 9680): #12 0xda1499ef /data/data/com.bytedance.shell/files/webview_bytedance/ba9f63243d721e678d07b0cd20995325_md5/libwebviewbytedance.so+0x028fc9ef
E/TT_WEBVIEW_chromium( 9680): #13 0xda15b34f /data/data/com.bytedance.shell/files/webview_bytedance/ba9f63243d721e678d07b0cd20995325_md5/libwebviewbytedance.so+0x0290e34f
E/TT_WEBVIEW_chromium( 9680): #14 0xda13c061 /data/data/com.bytedance.shell/files/webview_bytedance/ba9f63243d721e678d07b0cd20995325_md5/libwebviewbytedance.so+0x028ef061
E/TT_WEBVIEW_chromium( 9680): #15 0xda0b2a27 /data/data/com.bytedance.shell/files/webview_bytedance/ba9f63243d721e678d07b0cd20995325_md5/libwebviewbytedance.so+0x02865a27
E/TT_WEBVIEW_chromium( 9680): #16 0xda13537d /data/data/com.bytedance.shell/files/webview_bytedance/ba9f63243d721e678d07b0cd20995325_md5/libwebviewbytedance.so+0x028e837d
E/TT_WEBVIEW_chromium( 9680): #17 0xda1530e7 /data/data/com.bytedance.shell/files/webview_bytedance/ba9f63243d721e678d07b0cd20995325_md5/libwebviewbytedance.so+0x029060e7
E/TT_WEBVIEW_chromium( 9680): #18 0xda151b1b /data/data/com.bytedance.shell/files/webview_bytedance/ba9f63243d721e678d07b0cd20995325_md5/libwebviewbytedance.so+0x02904b1b
E/TT_WEBVIEW_chromium( 9680): #19 0xda13a9f7 /data/data/com.bytedance.shell/files/webview_bytedance/ba9f63243d721e678d07b0cd20995325_md5/libwebviewbytedance.so+0x028ed9f7
E/TT_WEBVIEW_chromium( 9680): #20 0xda13a689 /data/data/com.bytedance.shell/files/webview_bytedance/ba9f63243d721e678d07b0cd20995325_md5/libwebviewbytedance.so+0x028ed689
E/TT_WEBVIEW_chromium( 9680): #21 0xda139aaf /data/data/com.bytedance.shell/files/webview_bytedance/ba9f63243d721e678d07b0cd20995325_md5/libwebviewbytedance.so+0x028ecaaf
E/TT_WEBVIEW_chromium( 9680): #22 0xda1398df /data/data/com.bytedance.shell/files/webview_bytedance/ba9f63243d721e678d07b0cd20995325_md5/libwebviewbytedance.so+0x028ec8df
E/TT_WEBVIEW_chromium( 9680): #23 0xd93d9b9b /data/data/com.bytedance.shell/files/webview_bytedance/ba9f63243d721e678d07b0cd20995325_md5/libwebviewbytedance.so+0x01b8cb9b
E/TT_WEBVIEW_chromium( 9680): #24 0xd93d9a1b /data/data/com.bytedance.shell/files/webview_bytedance/ba9f63243d721e678d07b0cd20995325_md5/libwebviewbytedance.so+0x01b8ca1b
E/TT_WEBVIEW_chromium( 9680): #25 0xd7b55b59 /data/data/com.bytedance.shell/files/webview_bytedance/ba9f63243d721e678d07b0cd20995325_md5/libwebviewbytedance.so+0x00308b59
E/TT_WEBVIEW_chromium( 9680): #26 0xd7b86e6d /data/data/com.bytedance.shell/files/webview_bytedance/ba9f63243d721e678d07b0cd20995325_md5/libwebviewbytedance.so+0x00339e6d
E/TT_WEBVIEW_chromium( 9680): #27 0xd956af9b /data/data/com.bytedance.shell/files/webview_bytedance/ba9f63243d721e678d07b0cd20995325_md5/libwebviewbytedance.so+0x01d1df9b
E/TT_WEBVIEW_chromium( 9680): #28 0xd9569e89 /data/data/com.bytedance.shell/files/webview_bytedance/ba9f63243d721e678d07b0cd20995325_md5
E/TT_WEBVIEW_CHROMIUM( 9680): [ERROR:web_url_loader_impl.cc(1246)] keiling LoadAsynchronously
E/LYNX_TT_WEBVIEW( 9629): CError = [[ERROR][501752608413][Browser] resource_dispatcher_host_impl.cc:2318]: keiling BeginRequestInternal
E/LYNX_TT_WEBVIEW( 9629):  
E/TT_WEBVIEW_CHROMIUM( 9629): [ERROR:resource_dispatcher_host_impl.cc(2318)] keiling BeginRequestInternal
E/TT_WEBVIEW_chromium( 9629): #00 0xd63c7db9 /data/data/com.bytedance.shell/files/webview_bytedance/ba9f63243d721e678d07b0cd20995325_md5/libwebviewbytedance.so+0x0117edb9
E/TT_WEBVIEW_chromium( 9629): #01 0xd5e435df /data/data/com.bytedance.shell/files/webview_bytedance/ba9f63243d721e678d07b0cd20995325_md5/libwebviewbytedance.so+0x00bfa5df
E/TT_WEBVIEW_chromium( 9629): #02 0xd63c7d09 /data/data/com.bytedance.shell/files/webview_bytedance/ba9f63243d721e678d07b0cd20995325_md5/libwebviewbytedance.so+0x0117ed09
E/TT_WEBVIEW_chromium( 9629): #03 0xd63c2429 /data/data/com.bytedance.shell/files/webview_bytedance/ba9f63243d721e678d07b0cd20995325_md5/libwebviewbytedance.so+0x01179429
E/TT_WEBVIEW_chromium( 9629): #04 0xd5c852b5 /data/data/com.bytedance.shell/files/webview_bytedance/ba9f63243d721e678d07b0cd20995325_md5/libwebviewbytedance.so+0x00a3c2b5
E/TT_WEBVIEW_chromium( 9629): #05 0xd5551b59 /data/data/com.bytedance.shell/files/webview_bytedance/ba9f63243d721e678d07b0cd20995325_md5/libwebviewbytedance.so+0x00308b59
E/TT_WEBVIEW_chromium( 9629): #06 0xd5582e6d /data/data/com.bytedance.shell/files/webview_bytedance/ba9f63243d721e678d07b0cd20995325_md5/libwebviewbytedance.so+0x00339e6d
E/TT_WEBVIEW_chromium( 9629): #07 0xd559b385 /data/data/com.bytedance.shell/files/webview_bytedance/ba9f63243d721e678d07b0cd20995325_md5/libwebviewbytedance.so+0x00352385
E/TT_WEBVIEW_chromium( 9629): #08 0xd559b575 /data/data/com.bytedance.shell/files/webview_bytedance/ba9f63243d721e678d07b0cd20995325_md5/libwebviewbytedance.so+0x00352575
E/TT_WEBVIEW_chromium( 9629): #09 0xd559b6fb /data/data/com.bytedance.shell/files/webview_bytedance/ba9f63243d721e678d07b0cd20995325_md5/libwebviewbytedance.so+0x003526fb
E/TT_WEBVIEW_chromium( 9629): #10 0xd559c6c7 /data/data/com.bytedance.shell/files/webview_bytedance/ba9f63243d721e678d07b0cd20995325_md5/libwebviewbytedance.so+0x003536c7
E/TT_WEBVIEW_chromium( 9629): #11 0xdbbe274d /data/data/com.bytedance.shell/app_dex/ba9f63243d721e678d07b0cd20995325_md5/classes.dex+0x003c174d
E/TT_WEBVIEW_chromium( 9680): #00 0xd9bf8b51 /data/data/com.bytedance.shell/files/webview_bytedance/ba9f63243d721e678d07b0cd20995325_md5/libwebviewbytedance.so+0x023abb51
E/TT_WEBVIEW_chromium( 9680): #01 0xd9560329 /data/data/com.bytedance.shell/files/webview_bytedance/ba9f63243d721e678d07b0cd20995325_md5/libwebviewbytedance.so+0x01d13329
E/TT_WEBVIEW_chromium( 9680): #02 0xd955dee9 /data/data/com.bytedance.shell/files/webview_bytedance/ba9f63243d721e678d07b0cd20995325_md5/libwebviewbytedance.so+0x01d10ee9
E/TT_WEBVIEW_chromium( 9680): #03 0xd955de33 /data/data/com.bytedance.shell/files/webview_bytedance/ba9f63243d721e678d07b0cd20995325_md5/libwebviewbytedance.so+0x01d10e33
E/TT_WEBVIEW_chromium( 9680): #04 0xd95601b5 /data/data/com.bytedance.shell/files/webview_bytedance/ba9f63243d721e678d07b0cd20995325_md5/libwebviewbytedance.so+0x01d131b5
E/TT_WEBVIEW_chromium( 9680): #05 0xd9556ef1 /data/data/com.bytedance.shell/files/webview_bytedance/ba9f63243d721e678d07b0cd20995325_md5/libwebviewbytedance.so+0x01d09ef1
E/TT_WEBVIEW_chromium( 9680): #06 0xd95565a7 /data/data/com.bytedance.shell/files/webview_bytedance/ba9f63243d721e678d07b0cd20995325_md5/libwebviewbytedance.so+0x01d095a7
E/TT_WEBVIEW_chromium( 9680): #07 0xda2ddd3b /data/data/com.bytedance.shell/files/webview_bytedance/ba9f63243d721e678d07b0cd20995325_md5/libwebviewbytedance.so+0x02a90d3b
E/TT_WEBVIEW_chromium( 9680): #08 0xda2b39a3 /data/data/com.bytedance.shell/files/webview_bytedance/ba9f63243d721e678d07b0cd20995325_md5/libwebviewbytedance.so+0x02a669a3
E/TT_WEBVIEW_chromium( 9680): #09 0xda15b281 /data/data/com.bytedance.shell/files/webview_bytedance/ba9f63243d721e678d07b0cd20995325_md5/libwebviewbytedance.so+0x0290e281
E/TT_WEBVIEW_chromium( 9680): #10 0xda1499ef /data/data/com.bytedance.shell/files/webview_bytedance/ba9f63243d721e678d07b0cd20995325_md5/libwebviewbytedance.so+0x028fc9ef
E/TT_WEBVIEW_chromium( 9680): #11 0xda15b34f /data/data/com.bytedance.shell/files/webview_bytedance/ba9f63243d721e678d07b0cd20995325_md5/libwebviewbytedance.so+0x0290e34f
E/TT_WEBVIEW_chromium( 9680): #12 0xda13c061 /data/data/com.bytedance.shell/files/webview_bytedance/ba9f63243d721e678d07b0cd20995325_md5/libwebviewbytedance.so+0x028ef061
E/TT_WEBVIEW_chromium( 9680): #13 0xda0b2a27 /data/data/com.bytedance.shell/files/webview_bytedance/ba9f63243d721e678d07b0cd20995325_md5/libwebviewbytedance.so+0x02865a27
E/TT_WEBVIEW_chromium( 9680): #14 0xda13537d /data/data/com.bytedance.shell/files/webview_bytedance/ba9f63243d721e678d07b0cd20995325_md5/libwebviewbytedance.so+0x028e837d
E/TT_WEBVIEW_chromium( 9680): #15 0xda1530e7 /data/data/com.bytedance.shell/files/webview_bytedance/ba9f63243d721e678d07b0cd20995325_md5/libwebviewbytedance.so+0x029060e7
E/TT_WEBVIEW_chromium( 9680): #16 0xda151b1b /data/data/com.bytedance.shell/files/webview_bytedance/ba9f63243d721e678d07b0cd20995325_md5/libwebviewbytedance.so+0x02904b1b
E/TT_WEBVIEW_chromium( 9680): #17 0xda13a9f7 /data/data/com.bytedance.shell/files/webview_bytedance/ba9f63243d721e678d07b0cd20995325_md5/libwebviewbytedance.so+0x028ed9f7
E/TT_WEBVIEW_chromium( 9680): #18 0xda13a689 /data/data/com.bytedance.shell/files/webview_bytedance/ba9f63243d721e678d07b0cd20995325_md5/libwebviewbytedance.so+0x028ed689
E/TT_WEBVIEW_chromium( 9680): #19 0xda139aaf /data/data/com.bytedance.shell/files/webview_bytedance/ba9f63243d721e678d07b0cd20995325_md5/libwebviewbytedance.so+0x028ecaaf
E/TT_WEBVIEW_chromium( 9680): #20 0xda1398df /data/data/com.bytedance.shell/files/webview_bytedance/ba9f63243d721e678d07b0cd20995325_md5/libwebviewbytedance.so+0x028ec8df
E/TT_WEBVIEW_chromium( 9680): #21 0xd93d9b9b /data/data/com.bytedance.shell/files/webview_bytedance/ba9f63243d721e678d07b0cd20995325_md5/libwebviewbytedance.so+0x01b8cb9b
E/TT_WEBVIEW_chromium( 9680): #22 0xd93d9a1b /data/data/com.bytedance.shell/files/webview_bytedance/ba9f63243d721e678d07b0cd20995325_md5/libwebviewbytedance.so+0x01b8ca1b
E/TT_WEBVIEW_chromium( 9680): #23 0xd7b55b59 /data/data/com.bytedance.shell/files/webview_bytedance/ba9f63243d721e678d07b0cd20995325_md5/libwebviewbytedance.so+0x00308b59
E/TT_WEBVIEW_chromium( 9680): #24 0xd7b86e6d /data/data/com.bytedance.shell/files/webview_bytedance/ba9f63243d721e678d07b0cd20995325_md5/libwebviewbytedance.so+0x00339e6d
E/TT_WEBVIEW_chromium( 9680): #25 0xd956af9b /data/data/com.bytedance.shell/files/webview_bytedance/ba9f63243d721e678d07b0cd20995325_md5/libwebviewbytedance.so+0x01d1df9b
E/TT_WEBVIEW_chromium( 9680): #26 0xd9569e89 /data/data/com.bytedance.shell/files/webview_bytedance/ba9f63243d721e678d07b0cd20995325_md5/libwebviewbytedance.so+0x01d1ce89
E/TT_WEBVIEW_chromium( 9680): #27 0xd7b55b59 /data/data/com.bytedance.shell/files/webview_bytedance/ba9f63243d721e678d07b0cd20995325_md5/libwebviewbytedance.so+0x00308b59
E/TT_WEBVIEW_chromium( 9680): #28 0xd7b86e6d /data/data/com.bytedance.shell/files/webview_bytedance/ba9f63243d721e678d07b0cd20995325_md5
E/TT_WEBVIEW_CHROMIUM( 9680): [ERROR:resource_dispatcher.cc(727)] keiling StartAsync
E/TT_WEBVIEW_chromium( 9680): #00 0xd9be3c39 /data/data/com.bytedance.shell/files/webview_bytedance/ba9f63243d721e678d07b0cd20995325_md5/libwebviewbytedance.so+0x02396c39
E/TT_WEBVIEW_chromium( 9680): #01 0xd9bf6cef /data/data/com.bytedance.shell/files/webview_bytedance/ba9f63243d721e678d07b0cd20995325_md5/libwebviewbytedance.so+0x023a9cef
E/TT_WEBVIEW_chromium( 9680): #02 0xd9bf8b6b /data/data/com.bytedance.shell/files/webview_bytedance/ba9f63243d721e678d07b0cd20995325_md5/libwebviewbytedance.so+0x023abb6b
E/TT_WEBVIEW_chromium( 9680): #03 0xd9560329 /data/data/com.bytedance.shell/files/webview_bytedance/ba9f63243d721e678d07b0cd20995325_md5/libwebviewbytedance.so+0x01d13329
E/TT_WEBVIEW_chromium( 9680): #04 0xd955dee9 /data/data/com.bytedance.shell/files/webview_bytedance/ba9f63243d721e678d07b0cd20995325_md5/libwebviewbytedance.so+0x01d10ee9
E/TT_WEBVIEW_chromium( 9680): #05 0xd955de33 /data/data/com.bytedance.shell/files/webview_bytedance/ba9f63243d721e678d07b0cd20995325_md5/libwebviewbytedance.so+0x01d10e33
E/TT_WEBVIEW_chromium( 9680): #06 0xd95601b5 /data/data/com.bytedance.shell/files/webview_bytedance/ba9f63243d721e678d07b0cd20995325_md5/libwebviewbytedance.so+0x01d131b5
E/TT_WEBVIEW_chromium( 9680): #07 0xd9556ef1 /data/data/com.bytedance.shell/files/webview_bytedance/ba9f63243d721e678d07b0cd20995325_md5/libwebviewbytedance.so+0x01d09ef1
E/TT_WEBVIEW_chromium( 9680): #08 0xd95565a7 /data/data/com.bytedance.shell/files/webview_bytedance/ba9f63243d721e678d07b0cd20995325_md5/libwebviewbytedance.so+0x01d095a7
E/TT_WEBVIEW_chromium( 9680): #09 0xda2ddd3b /data/data/com.bytedance.shell/files/webview_bytedance/ba9f63243d721e678d07b0cd20995325_md5/libwebviewbytedance.so+0x02a90d3b
E/TT_WEBVIEW_chromium( 9680): #10 0xda2b39a3 /data/data/com.bytedance.shell/files/webview_bytedance/ba9f63243d721e678d07b0cd20995325_md5/libwebviewbytedance.so+0x02a669a3
E/TT_WEBVIEW_chromium( 9680): #11 0xda15b281 /data/data/com.bytedance.shell/files/webview_bytedance/ba9f63243d721e678d07b0cd20995325_md5/libwebviewbytedance.so+0x0290e281
E/TT_WEBVIEW_chromium( 9680): #12 0xda1499ef /data/data/com.bytedance.shell/files/webview_bytedance/ba9f63243d721e678d07b0cd20995325_md5/libwebviewbytedance.so+0x028fc9ef
E/TT_WEBVIEW_chromium( 9680): #13 0xda15b34f /data/data/com.bytedance.shell/files/webview_bytedance/ba9f63243d721e678d07b0cd20995325_md5/libwebviewbytedance.so+0x0290e34f
E/TT_WEBVIEW_chromium( 9680): #14 0xda13c061 /data/data/com.bytedance.shell/files/webview_bytedance/ba9f63243d721e678d07b0cd20995325_md5/libwebviewbytedance.so+0x028ef061
E/TT_WEBVIEW_chromium( 9680): #15 0xda0b2a27 /data/data/com.bytedance.shell/files/webview_bytedance/ba9f63243d721e678d07b0cd20995325_md5/libwebviewbytedance.so+0x02865a27
E/TT_WEBVIEW_chromium( 9680): #16 0xda13537d /data/data/com.bytedance.shell/files/webview_bytedance/ba9f63243d721e678d07b0cd20995325_md5/libwebviewbytedance.so+0x028e837d
E/TT_WEBVIEW_chromium( 9680): #17 0xda1530e7 /data/data/com.bytedance.shell/files/webview_bytedance/ba9f63243d721e678d07b0cd20995325_md5/libwebviewbytedance.so+0x029060e7
E/TT_WEBVIEW_chromium( 9680): #18 0xda151b1b /data/data/com.bytedance.shell/files/webview_bytedance/ba9f63243d721e678d07b0cd20995325_md5/libwebviewbytedance.so+0x02904b1b
E/TT_WEBVIEW_chromium( 9680): #19 0xda13a9f7 /data/data/com.bytedance.shell/files/webview_bytedance/ba9f63243d721e678d07b0cd20995325_md5/libwebviewbytedance.so+0x028ed9f7
E/TT_WEBVIEW_chromium( 9680): #20 0xda13a689 /data/data/com.bytedance.shell/files/webview_bytedance/ba9f63243d721e678d07b0cd20995325_md5/libwebviewbytedance.so+0x028ed689
E/TT_WEBVIEW_chromium( 9680): #21 0xda139aaf /data/data/com.bytedance.shell/files/webview_bytedance/ba9f63243d721e678d07b0cd20995325_md5/libwebviewbytedance.so+0x028ecaaf
E/TT_WEBVIEW_chromium( 9680): #22 0xda1398df /data/data/com.bytedance.shell/files/webview_bytedance/ba9f63243d721e678d07b0cd20995325_md5/libwebviewbytedance.so+0x028ec8df
E/TT_WEBVIEW_chromium( 9680): #23 0xd93d9b9b /data/data/com.bytedance.shell/files/webview_bytedance/ba9f63243d721e678d07b0cd20995325_md5/libwebviewbytedance.so+0x01b8cb9b
E/TT_WEBVIEW_chromium( 9680): #24 0xd93d9a1b /data/data/com.bytedance.shell/files/webview_bytedance/ba9f63243d721e678d07b0cd20995325_md5/libwebviewbytedance.so+0x01b8ca1b
E/TT_WEBVIEW_chromium( 9680): #25 0xd7b55b59 /data/data/com.bytedance.shell/files/webview_bytedance/ba9f63243d721e678d07b0cd20995325_md5/libwebviewbytedance.so+0x00308b59
E/TT_WEBVIEW_chromium( 9680): #26 0xd7b86e6d /data/data/com.bytedance.shell/files/webview_bytedance/ba9f63243d721e678d07b0cd20995325_md5/libwebviewbytedance.so+0x00339e6d
E/TT_WEBVIEW_chromium( 9680): #27 0xd956af9b /data/data/com.bytedance.shell/files/webview_bytedance/ba9f63243d721e678d07b0cd20995325_md5/libwebviewbytedance.so+0x01d1df9b
E/TT_WEBVIEW_chromium( 9680): #28 0xd9569e89 /data/data/com.bytedance.shell/files/webview_bytedance/ba9f63243d721e678d07b0cd20995325_md5
E/TT_WEBVIEW_CHROMIUM( 9680): [ERROR:web_url_loader_impl.cc(1246)] keiling LoadAsynchronously
E/TT_WEBVIEW_chromium( 9629): #00 0xd643ef1f /data/data/com.bytedance.shell/files/webview_bytedance/ba9f63243d721e678d07b0cd20995325_md5/libwebviewbytedance.so+0x011f5f1f
E/TT_WEBVIEW_chromium( 9629): #01 0xd643e9ad /data/data/com.bytedance.shell/files/webview_bytedance/ba9f63243d721e678d07b0cd20995325_md5/libwebviewbytedance.so+0x011f59ad
E/TT_WEBVIEW_chromium( 9629): #02 0xd643d8e7 /data/data/com.bytedance.shell/files/webview_bytedance/ba9f63243d721e678d07b0cd20995325_md5/libwebviewbytedance.so+0x011f48e7
E/TT_WEBVIEW_chromium( 9629): #03 0xd643d467 /data/data/com.bytedance.shell/files/webview_bytedance/ba9f63243d721e678d07b0cd20995325_md5/libwebviewbytedance.so+0x011f4467
E/TT_WEBVIEW_chromium( 9629): #04 0xd643cef9 /data/data/com.bytedance.shell/files/webview_bytedance/ba9f63243d721e678d07b0cd20995325_md5/libwebviewbytedance.so+0x011f3ef9
E/TT_WEBVIEW_chromium( 9629): #05 0xd64414ed /data/data/com.bytedance.shell/files/webview_bytedance/ba9f63243d721e678d07b0cd20995325_md5/libwebviewbytedance.so+0x011f84ed
E/TT_WEBVIEW_chromium( 9629): #06 0xd643ce55 /data/data/com.bytedance.shell/files/webview_bytedance/ba9f63243d721e678d07b0cd20995325_md5/libwebviewbytedance.so+0x011f3e55
E/TT_WEBVIEW_chromium( 9629): #07 0xd643cba5 /data/data/com.bytedance.shell/files/webview_bytedance/ba9f63243d721e678d07b0cd20995325_md5/libwebviewbytedance.so+0x011f3ba5
E/TT_WEBVIEW_chromium( 9629): #08 0xd6445943 /data/data/com.bytedance.shell/files/webview_bytedance/ba9f63243d721e678d07b0cd20995325_md5/libwebviewbytedance.so+0x011fc943
E/TT_WEBVIEW_chromium( 9629): #09 0xd5d44c63 /data/data/com.bytedance.shell/files/webview_bytedance/ba9f63243d721e678d07b0cd20995325_md5/libwebviewbytedance.so+0x00afbc63
E/TT_WEBVIEW_chromium( 9629): #10 0xd5d44b6d /data/data/com.bytedance.shell/files/webview_bytedance/ba9f63243d721e678d07b0cd20995325_md5/libwebviewbytedance.so+0x00afbb6d
E/TT_WEBVIEW_chromium( 9629): #11 0xd5c90b7d /data/data/com.bytedance.shell/files/webview_bytedance/ba9f63243d721e678d07b0cd20995325_md5/libwebviewbytedance.so+0x00a47b7d
E/TT_WEBVIEW_chromium( 9629): #12 0xd5c8507f /data/data/com.bytedance.shell/files/webview_bytedance/ba9f63243d721e678d07b0cd20995325_md5/libwebviewbytedance.so+0x00a3c07f
E/TT_WEBVIEW_chromium( 9629): #13 0xd5c8e6b1 /data/data/com.bytedance.shell/files/webview_bytedance/ba9f63243d721e678d07b0cd20995325_md5/libwebviewbytedance.so+0x00a456b1
E/TT_WEBVIEW_chromium( 9629): #14 0xd5c83187 /data/data/com.bytedance.shell/files/webview_bytedance/ba9f63243d721e678d07b0cd20995325_md5/libwebviewbytedance.so+0x00a3a187
E/TT_WEBVIEW_chromium( 9629): #15 0xd5c88e67 /data/data/com.bytedance.shell/files/webview_bytedance/ba9f63243d721e678d07b0cd20995325_md5/libwebviewbytedance.so+0x00a3fe67
E/TT_WEBVIEW_chromium( 9629): #16 0xd5c917d1 /data/data/com.bytedance.shell/files/webview_bytedance/ba9f63243d721e678d07b0cd20995325_md5/libwebviewbytedance.so+0x00a487d1
E/TT_WEBVIEW_chromium( 9629): #17 0xd5c7596b /data/data/com.bytedance.shell/files/webview_bytedance/ba9f63243d721e678d07b0cd20995325_md5/libwebviewbytedance.so+0x00a2c96b
E/TT_WEBVIEW_chromium( 9629): #18 0xd5c75707 /data/data/com.bytedance.shell/files/webview_bytedance/ba9f63243d721e678d07b0cd20995325_md5/libwebviewbytedance.so+0x00a2c707
E/TT_WEBVIEW_chromium( 9629): #19 0xd5c762dd /data/data/com.bytedance.shell/files/webview_bytedance/ba9f63243d721e678d07b0cd20995325_md5/libwebviewbytedance.so+0x00a2d2dd
E/TT_WEBVIEW_chromium( 9629): #20 0xd5c8b563 /data/data/com.bytedance.shell/files/webview_bytedance/ba9f63243d721e678d07b0cd20995325_md5/libwebviewbytedance.so+0x00a42563
E/TT_WEBVIEW_chromium( 9629): #21 0xd5c75707 /data/data/com.bytedance.shell/files/webview_bytedance/ba9f63243d721e678d07b0cd20995325_md5/libwebviewbytedance.so+0x00a2c707
E/TT_WEBVIEW_chromium( 9629): #22 0xd5c72e4b /data/data/com.bytedance.shell/files/webview_bytedance/ba9f63243d721e678d07b0cd20995325_md5/libwebviewbytedance.so+0x00a29e4b
E/TT_WEBVIEW_chromium( 9629): #23 0xd5c7334b /data/data/com.bytedance.shell/files/webview_bytedance/ba9f63243d721e678d07b0cd20995325_md5/libwebviewbytedance.so+0x00a2a34b
E/TT_WEBVIEW_chromium( 9629): #24 0xd5c73299 /data/data/com.bytedance.shell/files/webview_bytedance/ba9f63243d721e678d07b0cd20995325_md5/libwebviewbytedance.so+0x00a2a299
E/TT_WEBVIEW_chromium( 9629): #25 0xd5c73a4b /data/data/com.bytedance.shell/files/webview_bytedance/ba9f63243d721e678d07b0cd20995325_md5/libwebviewbytedance.so+0x00a2aa4b
E/TT_WEBVIEW_chromium( 9629): #26 0xd5525f83 /data/data/com.bytedance.shell/files/webview_bytedance/ba9f63243d721e678d07b0cd20995325_md5/libwebviewbytedance.so+0x002dcf83
E/TT_WEBVIEW_chromium( 9629): #27 0xd558a127 /data/data/com.bytedance.shell/files/webview_bytedance/ba9f63243d721e678d07b0cd20995325_md5/libwebviewbytedance.so+0x00341127
E/TT_WEBVIEW_chromium( 9629): #28 0xd5c800bf /data/data/com.bytedance.shell/files/webview_bytedance/ba9f63243d721e678d07b0cd20995325_md5
E/LYNX_TT_WEBVIEW( 9629): CError = [[ERROR][501752666671][Browser] resource_dispatcher_host_impl.cc:2320]: keiling https://practicaldev-herokuapp-com.freetls.fastly.net/packs/manifest-3fe48a541c0b693fbcf1.js
E/LYNX_TT_WEBVIEW( 9629):  
E/TT_WEBVIEW_CHROMIUM( 9629): [ERROR:resource_dispatcher_host_impl.cc(2320)] keiling https://practicaldev-herokuapp-com.freetls.fastly.net/packs/manifest-3fe48a541c0b693fbcf1.js
E/LYNX_TT_WEBVIEW( 9629): CError = [[ERROR][501752668246][Browser] url_request.cc:520]: keiling Start
E/LYNX_TT_WEBVIEW( 9629):  
E/TT_WEBVIEW_CHROMIUM( 9629): [ERROR:url_request.cc(520)] keiling Start
