E/TT_WEBVIEW_chromium(13845): #24 0xd93d8d4b /data/data/com.bytedance.shell/files/webview_bytedance/ba9f63243d721e678d07b0cd20995325_md5/libwebviewbytedance.so+0x01b8cd4b
E/TT_WEBVIEW_chromium(13845): #25 0xd7b54b59 /data/data/com.bytedance.shell/files/webview_bytedance/ba9f63243d721e678d07b0cd20995325_md5/libwebviewbytedance.so+0x00308b59
E/TT_WEBVIEW_chromium(13845): #26 0xd7b85e6d /data/data/com.bytedance.shell/files/webview_bytedance/ba9f63243d721e678d07b0cd20995325_md5/libwebviewbytedance.so+0x00339e6d
E/TT_WEBVIEW_chromium(13845): #27 0xd956a2cb /data/data/com.bytedance.shell/files/webview_bytedance/ba9f63243d721e678d07b0cd20995325_md5/libwebviewbytedance.so+0x01d1e2cb
E/TT_WEBVIEW_chromium(13845): #28 0xd95691b9 /data/data/com.bytedance.shell/files/webview_bytedance/ba9f63243d721e678d07b0cd20995325_md5
E/TT_WEBVIEW_CHROMIUM(13845): [ERROR:web_url_loader_impl.cc(1246)] keiling LoadAsynchronously
E/TT_WEBVIEW_CHROMIUM(13802): [ERROR:resource_dispatcher_host_impl.cc(2318)] keiling BeginRequestInternal
E/LYNX_TT_WEBVIEW(13802): CError = [[ERROR][589152640758][Browser] resource_dispatcher_host_impl.cc:2318]: keiling BeginRequestInternal
E/LYNX_TT_WEBVIEW(13802):  
E/TT_WEBVIEW_chromium(13845): #00 0xd9bf7e51 /data/data/com.bytedance.shell/files/webview_bytedance/ba9f63243d721e678d07b0cd20995325_md5/libwebviewbytedance.so+0x023abe51
E/TT_WEBVIEW_chromium(13845): #01 0xd955f659 /data/data/com.bytedance.shell/files/webview_bytedance/ba9f63243d721e678d07b0cd20995325_md5/libwebviewbytedance.so+0x01d13659
E/TT_WEBVIEW_chromium(13845): #02 0xd955d219 /data/data/com.bytedance.shell/files/webview_bytedance/ba9f63243d721e678d07b0cd20995325_md5/libwebviewbytedance.so+0x01d11219
E/TT_WEBVIEW_chromium(13845): #03 0xd955d163 /data/data/com.bytedance.shell/files/webview_bytedance/ba9f63243d721e678d07b0cd20995325_md5/libwebviewbytedance.so+0x01d11163
E/TT_WEBVIEW_chromium(13845): #04 0xd955f4e5 /data/data/com.bytedance.shell/files/webview_bytedance/ba9f63243d721e678d07b0cd20995325_md5/libwebviewbytedance.so+0x01d134e5
E/TT_WEBVIEW_chromium(13845): #05 0xd9556221 /data/data/com.bytedance.shell/files/webview_bytedance/ba9f63243d721e678d07b0cd20995325_md5/libwebviewbytedance.so+0x01d0a221
E/TT_WEBVIEW_chromium(13845): #06 0xd95558d7 /data/data/com.bytedance.shell/files/webview_bytedance/ba9f63243d721e678d07b0cd20995325_md5/libwebviewbytedance.so+0x01d098d7
E/TT_WEBVIEW_chromium(13845): #07 0xda2d86a1 /data/data/com.bytedance.shell/files/webview_bytedance/ba9f63243d721e678d07b0cd20995325_md5/libwebviewbytedance.so+0x02a8c6a1
E/TT_WEBVIEW_chromium(13845): #08 0xda2b2c8f /data/data/com.bytedance.shell/files/webview_bytedance/ba9f63243d721e678d07b0cd20995325_md5/libwebviewbytedance.so+0x02a66c8f
E/TT_WEBVIEW_chromium(13845): #09 0xda15a581 /data/data/com.bytedance.shell/files/webview_bytedance/ba9f63243d721e678d07b0cd20995325_md5/libwebviewbytedance.so+0x0290e581
E/TT_WEBVIEW_chromium(13845): #10 0xda148cef /data/data/com.bytedance.shell/files/webview_bytedance/ba9f63243d721e678d07b0cd20995325_md5/libwebviewbytedance.so+0x028fccef
E/TT_WEBVIEW_chromium(13845): #11 0xda15a64f /data/data/com.bytedance.shell/files/webview_bytedance/ba9f63243d721e678d07b0cd20995325_md5/libwebviewbytedance.so+0x0290e64f
E/TT_WEBVIEW_chromium(13845): #12 0xda13b361 /data/data/com.bytedance.shell/files/webview_bytedance/ba9f63243d721e678d07b0cd20995325_md5/libwebviewbytedance.so+0x028ef361
E/TT_WEBVIEW_chromium(13845): #13 0xda0b1d27 /data/data/com.bytedance.shell/files/webview_bytedance/ba9f63243d721e678d07b0cd20995325_md5/libwebviewbytedance.so+0x02865d27
E/TT_WEBVIEW_chromium(13845): #14 0xda13467d /data/data/com.bytedance.shell/files/webview_bytedance/ba9f63243d721e678d07b0cd20995325_md5/libwebviewbytedance.so+0x028e867d
E/TT_WEBVIEW_chromium(13845): #15 0xda1523e7 /data/data/com.bytedance.shell/files/webview_bytedance/ba9f63243d721e678d07b0cd20995325_md5/libwebviewbytedance.so+0x029063e7
E/TT_WEBVIEW_chromium(13845): #16 0xda150e1b /data/data/com.bytedance.shell/files/webview_bytedance/ba9f63243d721e678d07b0cd20995325_md5/libwebviewbytedance.so+0x02904e1b
E/TT_WEBVIEW_chromium(13845): #17 0xda139cf7 /data/data/com.bytedance.shell/files/webview_bytedance/ba9f63243d721e678d07b0cd20995325_md5/libwebviewbytedance.so+0x028edcf7
E/TT_WEBVIEW_chromium(13845): #18 0xda139989 /data/data/com.bytedance.shell/files/webview_bytedance/ba9f63243d721e678d07b0cd20995325_md5/libwebviewbytedance.so+0x028ed989
E/TT_WEBVIEW_chromium(13845): #19 0xda138daf /data/data/com.bytedance.shell/files/webview_bytedance/ba9f63243d721e678d07b0cd20995325_md5/libwebviewbytedance.so+0x028ecdaf
E/TT_WEBVIEW_chromium(13845): #20 0xda138bdf /data/data/com.bytedance.shell/files/webview_bytedance/ba9f63243d721e678d07b0cd20995325_md5/libwebviewbytedance.so+0x028ecbdf
E/TT_WEBVIEW_chromium(13845): #21 0xd93d8ecb /data/data/com.bytedance.shell/files/webview_bytedance/ba9f63243d721e678d07b0cd20995325_md5/libwebviewbytedance.so+0x01b8cecb
E/TT_WEBVIEW_chromium(13845): #22 0xd93d8d4b /data/data/com.bytedance.shell/files/webview_bytedance/ba9f63243d721e678d07b0cd20995325_md5/libwebviewbytedance.so+0x01b8cd4b
E/TT_WEBVIEW_chromium(13845): #23 0xd7b54b59 /data/data/com.bytedance.shell/files/webview_bytedance/ba9f63243d721e678d07b0cd20995325_md5/libwebviewbytedance.so+0x00308b59
E/TT_WEBVIEW_chromium(13845): #24 0xd7b85e6d /data/data/com.bytedance.shell/files/webview_bytedance/ba9f63243d721e678d07b0cd20995325_md5/libwebviewbytedance.so+0x00339e6d
E/TT_WEBVIEW_chromium(13845): #25 0xd956a2cb /data/data/com.bytedance.shell/files/webview_bytedance/ba9f63243d721e678d07b0cd20995325_md5/libwebviewbytedance.so+0x01d1e2cb
E/TT_WEBVIEW_chromium(13845): #26 0xd95691b9 /data/data/com.bytedance.shell/files/webview_bytedance/ba9f63243d721e678d07b0cd20995325_md5/libwebviewbytedance.so+0x01d1d1b9
E/TT_WEBVIEW_chromium(13845): #27 0xd7b54b59 /data/data/com.bytedance.shell/files/webview_bytedance/ba9f63243d721e678d07b0cd20995325_md5/libwebviewbytedance.so+0x00308b59
E/TT_WEBVIEW_chromium(13845): #28 0xd7b85e6d /data/data/com.bytedance.shell/files/webview_bytedance/ba9f63243d721e678d07b0cd20995325_md5
E/TT_WEBVIEW_CHROMIUM(13845): [ERROR:resource_dispatcher.cc(727)] keiling StartAsync
E/TT_WEBVIEW_chromium(13802): #00 0xd643e1b7 /data/data/com.bytedance.shell/files/webview_bytedance/ba9f63243d721e678d07b0cd20995325_md5/libwebviewbytedance.so+0x011f61b7
E/TT_WEBVIEW_chromium(13802): #01 0xd643dc45 /data/data/com.bytedance.shell/files/webview_bytedance/ba9f63243d721e678d07b0cd20995325_md5/libwebviewbytedance.so+0x011f5c45
E/TT_WEBVIEW_chromium(13802): #02 0xd643cb7f /data/data/com.bytedance.shell/files/webview_bytedance/ba9f63243d721e678d07b0cd20995325_md5/libwebviewbytedance.so+0x011f4b7f
E/TT_WEBVIEW_chromium(13802): #03 0xd643c6ff /data/data/com.bytedance.shell/files/webview_bytedance/ba9f63243d721e678d07b0cd20995325_md5/libwebviewbytedance.so+0x011f46ff
E/TT_WEBVIEW_chromium(13802): #04 0xd643c191 /data/data/com.bytedance.shell/files/webview_bytedance/ba9f63243d721e678d07b0cd20995325_md5/libwebviewbytedance.so+0x011f4191
E/TT_WEBVIEW_chromium(13802): #05 0xd6440785 /data/data/com.bytedance.shell/files/webview_bytedance/ba9f63243d721e678d07b0cd20995325_md5/libwebviewbytedance.so+0x011f8785
E/TT_WEBVIEW_chromium(13802): #06 0xd643c0ed /data/data/com.bytedance.shell/files/webview_bytedance/ba9f63243d721e678d07b0cd20995325_md5/libwebviewbytedance.so+0x011f40ed
E/TT_WEBVIEW_chromium(13802): #07 0xd643be3d /data/data/com.bytedance.shell/files/webview_bytedance/ba9f63243d721e678d07b0cd20995325_md5/libwebviewbytedance.so+0x011f3e3d
E/TT_WEBVIEW_chromium(13802): #08 0xd6444bdb /data/data/com.bytedance.shell/files/webview_bytedance/ba9f63243d721e678d07b0cd20995325_md5/libwebviewbytedance.so+0x011fcbdb
E/TT_WEBVIEW_chromium(13802): #09 0xd5d43d3b /data/data/com.bytedance.shell/files/webview_bytedance/ba9f63243d721e678d07b0cd20995325_md5/libwebviewbytedance.so+0x00afbd3b
E/TT_WEBVIEW_chromium(13802): #10 0xd5d43c45 /data/data/com.bytedance.shell/files/webview_bytedance/ba9f63243d721e678d07b0cd20995325_md5/libwebviewbytedance.so+0x00afbc45
E/TT_WEBVIEW_chromium(13802): #11 0xd5c8fc5d /data/data/com.bytedance.shell/files/webview_bytedance/ba9f63243d721e678d07b0cd20995325_md5/libwebviewbytedance.so+0x00a47c5d
E/TT_WEBVIEW_chromium(13802): #12 0xd5c8415f /data/data/com.bytedance.shell/files/webview_bytedance/ba9f63243d721e678d07b0cd20995325_md5/libwebviewbytedance.so+0x00a3c15f
E/TT_WEBVIEW_chromium(13802): #13 0xd5c8d791 /data/data/com.bytedance.shell/files/webview_bytedance/ba9f63243d721e678d07b0cd20995325_md5/libwebviewbytedance.so+0x00a45791
E/TT_WEBVIEW_chromium(13802): #14 0xd5c82267 /data/data/com.bytedance.shell/files/webview_bytedance/ba9f63243d721e678d07b0cd20995325_md5/libwebviewbytedance.so+0x00a3a267
E/TT_WEBVIEW_chromium(13802): #15 0xd5c87f47 /data/data/com.bytedance.shell/files/webview_bytedance/ba9f63243d721e678d07b0cd20995325_md5/libwebviewbytedance.so+0x00a3ff47
E/TT_WEBVIEW_chromium(13802): #16 0xd5c908b1 /data/data/com.bytedance.shell/files/webview_bytedance/ba9f63243d721e678d07b0cd20995325_md5/libwebviewbytedance.so+0x00a488b1
E/TT_WEBVIEW_chromium(13802): #17 0xd5c74a4b /data/data/com.bytedance.shell/files/webview_bytedance/ba9f63243d721e678d07b0cd20995325_md5/libwebviewbytedance.so+0x00a2ca4b
E/TT_WEBVIEW_chromium(13802): #18 0xd5c747e7 /data/data/com.bytedance.shell/files/webview_bytedance/ba9f63243d721e678d07b0cd20995325_md5/libwebviewbytedance.so+0x00a2c7e7
E/TT_WEBVIEW_chromium(13802): #19 0xd5c753bd /data/data/com.bytedance.shell/files/webview_bytedance/ba9f63243d721e678d07b0cd20995325_md5/libwebviewbytedance.so+0x00a2d3bd
E/TT_WEBVIEW_chromium(13802): #20 0xd5c8a643 /data/data/com.bytedance.shell/files/webview_bytedance/ba9f63243d721e678d07b0cd20995325_md5/libwebviewbytedance.so+0x00a42643
E/TT_WEBVIEW_chromium(13802): #21 0xd5c747e7 /data/data/com.bytedance.shell/files/webview_bytedance/ba9f63243d721e678d07b0cd20995325_md5/libwebviewbytedance.so+0x00a2c7e7
E/TT_WEBVIEW_chromium(13802): #22 0xd5c71f2b /data/data/com.bytedance.shell/files/webview_bytedance/ba9f63243d721e678d07b0cd20995325_md5/libwebviewbytedance.so+0x00a29f2b
E/TT_WEBVIEW_chromium(13802): #23 0xd5c7242b /data/data/com.bytedance.shell/files/webview_bytedance/ba9f63243d721e678d07b0cd20995325_md5/libwebviewbytedance.so+0x00a2a42b
E/TT_WEBVIEW_chromium(13802): #24 0xd5c72379 /data/data/com.bytedance.shell/files/webview_bytedance/ba9f63243d721e678d07b0cd20995325_md5/libwebviewbytedance.so+0x00a2a379
E/TT_WEBVIEW_chromium(13802): #25 0xd5c72b2b /data/data/com.bytedance.shell/files/webview_bytedance/ba9f63243d721e678d07b0cd20995325_md5/libwebviewbytedance.so+0x00a2ab2b
E/TT_WEBVIEW_chromium(13802): #26 0xd5524f83 /data/data/com.bytedance.shell/files/webview_bytedance/ba9f63243d721e678d07b0cd20995325_md5/libwebviewbytedance.so+0x002dcf83
E/TT_WEBVIEW_chromium(13802): #27 0xd5589127 /data/data/com.bytedance.shell/files/webview_bytedance/ba9f63243d721e678d07b0cd20995325_md5/libwebviewbytedance.so+0x00341127
E/TT_WEBVIEW_chromium(13802): #28 0xd5c7f19f /data/data/com.bytedance.shell/files/webview_bytedance/ba9f63243d721e678d07b0cd20995325_md5
E/TT_WEBVIEW_CHROMIUM(13802): [ERROR:resource_dispatcher_host_impl.cc(2320)] keiling https://github.githubassets.com/images/modules/site/logos/facebook-logo.png
E/LYNX_TT_WEBVIEW(13802): CError = [[ERROR][589152681171][Browser] resource_dispatcher_host_impl.cc:2320]: keiling https://github.githubassets.com/images/modules/site/logos/facebook-logo.png
E/LYNX_TT_WEBVIEW(13802):  
E/TT_WEBVIEW_chromium(13845): #00 0xd9be2f39 /data/data/com.bytedance.shell/files/webview_bytedance/ba9f63243d721e678d07b0cd20995325_md5/libwebviewbytedance.so+0x02396f39
E/TT_WEBVIEW_chromium(13845): #01 0xd9bf5fef /data/data/com.bytedance.shell/files/webview_bytedance/ba9f63243d721e678d07b0cd20995325_md5/libwebviewbytedance.so+0x023a9fef
E/TT_WEBVIEW_chromium(13845): #02 0xd9bf7e6b /data/data/com.bytedance.shell/files/webview_bytedance/ba9f63243d721e678d07b0cd20995325_md5/libwebviewbytedance.so+0x023abe6b
E/TT_WEBVIEW_chromium(13845): #03 0xd955f659 /data/data/com.bytedance.shell/files/webview_bytedance/ba9f63243d721e678d07b0cd20995325_md5/libwebviewbytedance.so+0x01d13659
E/TT_WEBVIEW_chromium(13845): #04 0xd955d219 /data/data/com.bytedance.shell/files/webview_bytedance/ba9f63243d721e678d07b0cd20995325_md5/libwebviewbytedance.so+0x01d11219
E/TT_WEBVIEW_chromium(13845): #05 0xd955d163 /data/data/com.bytedance.shell/files/webview_bytedance/ba9f63243d721e678d07b0cd20995325_md5/libwebviewbytedance.so+0x01d11163
E/TT_WEBVIEW_chromium(13845): #06 0xd955f4e5 /data/data/com.bytedance.shell/files/webview_bytedance/ba9f63243d721e678d07b0cd20995325_md5/libwebviewbytedance.so+0x01d134e5
E/TT_WEBVIEW_chromium(13845): #07 0xd9556221 /data/data/com.bytedance.shell/files/webview_bytedance/ba9f63243d721e678d07b0cd20995325_md5/libwebviewbytedance.so+0x01d0a221
E/TT_WEBVIEW_chromium(13845): #08 0xd95558d7 /data/data/com.bytedance.shell/files/webview_bytedance/ba9f63243d721e678d07b0cd20995325_md5/libwebviewbytedance.so+0x01d098d7
E/TT_WEBVIEW_chromium(13845): #09 0xda2d86a1 /data/data/com.bytedance.shell/files/webview_bytedance/ba9f63243d721e678d07b0cd20995325_md5/libwebviewbytedance.so+0x02a8c6a1
E/TT_WEBVIEW_chromium(13845): #10 0xda2b2c8f /data/data/com.bytedance.shell/files/webview_bytedance/ba9f63243d721e678d07b0cd20995325_md5/libwebviewbytedance.so+0x02a66c8f
E/TT_WEBVIEW_chromium(13845): #11 0xda15a581 /data/data/com.bytedance.shell/files/webview_bytedance/ba9f63243d721e678d07b0cd20995325_md5/libwebviewbytedance.so+0x0290e581
E/TT_WEBVIEW_chromium(13845): #12 0xda148cef /data/data/com.bytedance.shell/files/webview_bytedance/ba9f63243d721e678d07b0cd20995325_md5/libwebviewbytedance.so+0x028fccef
E/TT_WEBVIEW_chromium(13845): #13 0xda15a64f /data/data/com.bytedance.shell/files/webview_bytedance/ba9f63243d721e678d07b0cd20995325_md5/libwebviewbytedance.so+0x0290e64f
E/TT_WEBVIEW_chromium(13845): #14 0xda13b361 /data/data/com.bytedance.shell/files/webview_bytedance/ba9f63243d721e678d07b0cd20995325_md5/libwebviewbytedance.so+0x028ef361
E/TT_WEBVIEW_chromium(13845): #15 0xda0b1d27 /data/data/com.bytedance.shell/files/webview_bytedance/ba9f63243d721e678d07b0cd20995325_md5/libwebviewbytedance.so+0x02865d27
E/TT_WEBVIEW_chromium(13845): #16 0xda13467d /data/data/com.bytedance.shell/files/webview_bytedance/ba9f63243d721e678d07b0cd20995325_md5/libwebviewbytedance.so+0x028e867d
E/TT_WEBVIEW_chromium(13845): #17 0xda1523e7 /data/data/com.bytedance.shell/files/webview_bytedance/ba9f63243d721e678d07b0cd20995325_md5/libwebviewbytedance.so+0x029063e7
E/TT_WEBVIEW_chromium(13845): #18 0xda150e1b /data/data/com.bytedance.shell/files/webview_bytedance/ba9f63243d721e678d07b0cd20995325_md5/libwebviewbytedance.so+0x02904e1b
E/TT_WEBVIEW_chromium(13845): #19 0xda139cf7 /data/data/com.bytedance.shell/files/webview_bytedance/ba9f63243d721e678d07b0cd20995325_md5/libwebviewbytedance.so+0x028edcf7
E/TT_WEBVIEW_chromium(13845): #20 0xda139989 /data/data/com.bytedance.shell/files/webview_bytedance/ba9f63243d721e678d07b0cd20995325_md5/libwebviewbytedance.so+0x028ed989
E/TT_WEBVIEW_chromium(13845): #21 0xda138daf /data/data/com.bytedance.shell/files/webview_bytedance/ba9f63243d721e678d07b0cd20995325_md5/libwebviewbytedance.so+0x028ecdaf
E/TT_WEBVIEW_chromium(13845): #22 0xda138bdf /data/data/com.bytedance.shell/files/webview_bytedance/ba9f63243d721e678d07b0cd20995325_md5/libwebviewbytedance.so+0x028ecbdf
E/TT_WEBVIEW_chromium(13845): #23 0xd93d8ecb /data/data/com.bytedance.shell/files/webview_bytedance/ba9f63243d721e678d07b0cd20995325_md5/libwebviewbytedance.so+0x01b8cecb
E/TT_WEBVIEW_chromium(13845): #24 0xd93d8d4b /data/data/com.bytedance.shell/files/webview_bytedance/ba9f63243d721e678d07b0cd20995325_md5/libwebviewbytedance.so+0x01b8cd4b
E/TT_WEBVIEW_chromium(13845): #25 0xd7b54b59 /data/data/com.bytedance.shell/files/webview_bytedance/ba9f63243d721e678d07b0cd20995325_md5/libwebviewbytedance.so+0x00308b59
E/TT_WEBVIEW_chromium(13845): #26 0xd7b85e6d /data/data/com.bytedance.shell/files/webview_bytedance/ba9f63243d721e678d07b0cd20995325_md5/libwebviewbytedance.so+0x00339e6d
E/TT_WEBVIEW_chromium(13845): #27 0xd956a2cb /data/data/com.bytedance.shell/files/webview_bytedance/ba9f63243d721e678d07b0cd20995325_md5/libwebviewbytedance.so+0x01d1e2cb
E/TT_WEBVIEW_chromium(13845): #28 0xd95691b9 /data/data/com.bytedance.shell/files/webview_bytedance/ba9f63243d721e678d07b0cd20995325_md5
E/TT_WEBVIEW_CHROMIUM(13845): [ERROR:web_url_loader_impl.cc(1246)] keiling LoadAsynchronously
E/TT_WEBVIEW_CHROMIUM(13802): [ERROR:resource_dispatcher_host_impl.cc(2318)] keiling BeginRequestInternal
E/LYNX_TT_WEBVIEW(13802): CError = [[ERROR][589152640099][Render] web_url_loader_impl.cc:1246]: keiling LoadAsynchronously
E/LYNX_TT_WEBVIEW(13802):  
E/LYNX_TT_WEBVIEW(13802): CError = [[ERROR][589152668435][Render] resource_dispatcher.cc:727]: keiling StartAsync
E/LYNX_TT_WEBVIEW(13802):  
E/LYNX_TT_WEBVIEW(13802): CError = [[ERROR][589152712309][Browser] resource_dispatcher_host_impl.cc:2318]: keiling BeginRequestInternal
E/LYNX_TT_WEBVIEW(13802):  
E/TT_WEBVIEW_chromium(13845): #00 0xd9bf7e51 /data/data/com.bytedance.shell/files/webview_bytedance/ba9f63243d721e678d07b0cd20995325_md5/libwebviewbytedance.so+0x023abe51
E/TT_WEBVIEW_chromium(13845): #01 0xd955f659 /data/data/com.bytedance.shell/files/webview_bytedance/ba9f63243d721e678d07b0cd20995325_md5/libwebviewbytedance.so+0x01d13659
E/TT_WEBVIEW_chromium(13845): #02 0xd955d219 /data/data/com.bytedance.shell/files/webview_bytedance/ba9f63243d721e678d07b0cd20995325_md5/libwebviewbytedance.so+0x01d11219
E/TT_WEBVIEW_chromium(13845): #03 0xd955d163 /data/data/com.bytedance.shell/files/webview_bytedance/ba9f63243d721e678d07b0cd20995325_md5/libwebviewbytedance.so+0x01d11163
E/TT_WEBVIEW_chromium(13845): #04 0xd955f4e5 /data/data/com.bytedance.shell/files/webview_bytedance/ba9f63243d721e678d07b0cd20995325_md5/libwebviewbytedance.so+0x01d134e5
E/TT_WEBVIEW_chromium(13845): #05 0xd9556221 /data/data/com.bytedance.shell/files/webview_bytedance/ba9f63243d721e678d07b0cd20995325_md5/libwebviewbytedance.so+0x01d0a221
E/TT_WEBVIEW_chromium(13845): #06 0xd95558d7 /data/data/com.bytedance.shell/files/webview_bytedance/ba9f63243d721e678d07b0cd20995325_md5/libwebviewbytedance.so+0x01d098d7
E/TT_WEBVIEW_chromium(13845): #07 0xda2d86a1 /data/data/com.bytedance.shell/files/webview_bytedance/ba9f63243d721e678d07b0cd20995325_md5/libwebviewbytedance.so+0x02a8c6a1
E/TT_WEBVIEW_chromium(13845): #08 0xda2b2c8f /data/data/com.bytedance.shell/files/webview_bytedance/ba9f63243d721e678d07b0cd20995325_md5/libwebviewbytedance.so+0x02a66c8f
E/TT_WEBVIEW_chromium(13845): #09 0xda15a581 /data/data/com.bytedance.shell/files/webview_bytedance/ba9f63243d721e678d07b0cd20995325_md5/libwebviewbytedance.so+0x0290e581
E/TT_WEBVIEW_chromium(13845): #10 0xda148cef /data/data/com.bytedance.shell/files/webview_bytedance/ba9f63243d721e678d07b0cd20995325_md5/libwebviewbytedance.so+0x028fccef
E/TT_WEBVIEW_chromium(13845): #11 0xda15a64f /data/data/com.bytedance.shell/files/webview_bytedance/ba9f63243d721e678d07b0cd20995325_md5/libwebviewbytedance.so+0x0290e64f
E/TT_WEBVIEW_chromium(13845): #12 0xda13b361 /data/data/com.bytedance.shell/files/webview_bytedance/ba9f63243d721e678d07b0cd20995325_md5/libwebviewbytedance.so+0x028ef361
E/TT_WEBVIEW_chromium(13845): #13 0xda0b1d27 /data/data/com.bytedance.shell/files/webview_bytedance/ba9f63243d721e678d07b0cd20995325_md5/libwebviewbytedance.so+0x02865d27
E/TT_WEBVIEW_chromium(13845): #14 0xda13467d /data/data/com.bytedance.shell/files/webview_bytedance/ba9f63243d721e678d07b0cd20995325_md5/libwebviewbytedance.so+0x028e867d
E/TT_WEBVIEW_chromium(13845): #15 0xda1523e7 /data/data/com.bytedance.shell/files/webview_bytedance/ba9f63243d721e678d07b0cd20995325_md5/libwebviewbytedance.so+0x029063e7
E/TT_WEBVIEW_chromium(13845): #16 0xda150e1b /data/data/com.bytedance.shell/files/webview_bytedance/ba9f63243d721e678d07b0cd20995325_md5/libwebviewbytedance.so+0x02904e1b
E/TT_WEBVIEW_chromium(13845): #17 0xda139cf7 /data/data/com.bytedance.shell/files/webview_bytedance/ba9f63243d721e678d07b0cd20995325_md5/libwebviewbytedance.so+0x028edcf7
E/TT_WEBVIEW_chromium(13845): #18 0xda139989 /data/data/com.bytedance.shell/files/webview_bytedance/ba9f63243d721e678d07b0cd20995325_md5/libwebviewbytedance.so+0x028ed989
E/TT_WEBVIEW_chromium(13845): #19 0xda138daf /data/data/com.bytedance.shell/files/webview_bytedance/ba9f63243d721e678d07b0cd20995325_md5/libwebviewbytedance.so+0x028ecdaf
E/TT_WEBVIEW_chromium(13845): #20 0xda138bdf /data/data/com.bytedance.shell/files/webview_bytedance/ba9f63243d721e678d07b0cd20995325_md5/libwebviewbytedance.so+0x028ecbdf
E/TT_WEBVIEW_chromium(13845): #21 0xd93d8ecb /data/data/com.bytedance.shell/files/webview_bytedance/ba9f63243d721e678d07b0cd20995325_md5/libwebviewbytedance.so+0x01b8cecb
E/TT_WEBVIEW_chromium(13845): #22 0xd93d8d4b /data/data/com.bytedance.shell/files/webview_bytedance/ba9f63243d721e678d07b0cd20995325_md5/libwebviewbytedance.so+0x01b8cd4b
E/TT_WEBVIEW_chromium(13845): #23 0xd7b54b59 /data/data/com.bytedance.shell/files/webview_bytedance/ba9f63243d721e678d07b0cd20995325_md5/libwebviewbytedance.so+0x00308b59
E/TT_WEBVIEW_chromium(13845): #24 0xd7b85e6d /data/data/com.bytedance.shell/files/webview_bytedance/ba9f63243d721e678d07b0cd20995325_md5/libwebviewbytedance.so+0x00339e6d
E/TT_WEBVIEW_chromium(13845): #25 0xd956a2cb /data/data/com.bytedance.shell/files/webview_bytedance/ba9f63243d721e678d07b0cd20995325_md5/libwebviewbytedance.so+0x01d1e2cb
E/TT_WEBVIEW_chromium(13845): #26 0xd95691b9 /data/data/com.bytedance.shell/files/webview_bytedance/ba9f63243d721e678d07b0cd20995325_md5/libwebviewbytedance.so+0x01d1d1b9
E/TT_WEBVIEW_chromium(13845): #27 0xd7b54b59 /data/data/com.bytedance.shell/files/webview_bytedance/ba9f63243d721e678d07b0cd20995325_md5/libwebviewbytedance.so+0x00308b59
E/TT_WEBVIEW_chromium(13845): #28 0xd7b85e6d /data/data/com.bytedance.shell/files/webview_bytedance/ba9f63243d721e678d07b0cd20995325_md5
E/TT_WEBVIEW_CHROMIUM(13845): [ERROR:resource_dispatcher.cc(727)] keiling StartAsync
E/TT_WEBVIEW_chromium(13802): #00 0xd643e1b7 /data/data/com.bytedance.shell/files/webview_bytedance/ba9f63243d721e678d07b0cd20995325_md5/libwebviewbytedance.so+0x011f61b7
E/TT_WEBVIEW_chromium(13802): #01 0xd643dc45 /data/data/com.bytedance.shell/files/webview_bytedance/ba9f63243d721e678d07b0cd20995325_md5/libwebviewbytedance.so+0x011f5c45
E/TT_WEBVIEW_chromium(13802): #02 0xd643cb7f /data/data/com.bytedance.shell/files/webview_bytedance/ba9f63243d721e678d07b0cd20995325_md5/libwebviewbytedance.so+0x011f4b7f
E/TT_WEBVIEW_chromium(13802): #03 0xd643c6ff /data/data/com.bytedance.shell/files/webview_bytedance/ba9f63243d721e678d07b0cd20995325_md5/libwebviewbytedance.so+0x011f46ff
E/TT_WEBVIEW_chromium(13802): #04 0xd643c191 /data/data/com.bytedance.shell/files/webview_bytedance/ba9f63243d721e678d07b0cd20995325_md5/libwebviewbytedance.so+0x011f4191
E/TT_WEBVIEW_chromium(13802): #05 0xd6440785 /data/data/com.bytedance.shell/files/webview_bytedance/ba9f63243d721e678d07b0cd20995325_md5/libwebviewbytedance.so+0x011f8785
E/TT_WEBVIEW_chromium(13802): #06 0xd643c0ed /data/data/com.bytedance.shell/files/webview_bytedance/ba9f63243d721e678d07b0cd20995325_md5/libwebviewbytedance.so+0x011f40ed
E/TT_WEBVIEW_chromium(13802): #07 0xd643be3d /data/data/com.bytedance.shell/files/webview_bytedance/ba9f63243d721e678d07b0cd20995325_md5/libwebviewbytedance.so+0x011f3e3d
E/TT_WEBVIEW_chromium(13802): #08 0xd6444bdb /data/data/com.bytedance.shell/files/webview_bytedance/ba9f63243d721e678d07b0cd20995325_md5/libwebviewbytedance.so+0x011fcbdb
E/TT_WEBVIEW_chromium(13802): #09 0xd5d43d3b /data/data/com.bytedance.shell/files/webview_bytedance/ba9f63243d721e678d07b0cd20995325_md5/libwebviewbytedance.so+0x00afbd3b
E/TT_WEBVIEW_chromium(13802): #10 0xd5d43c45 /data/data/com.bytedance.shell/files/webview_bytedance/ba9f63243d721e678d07b0cd20995325_md5/libwebviewbytedance.so+0x00afbc45
E/TT_WEBVIEW_chromium(13802): #11 0xd5c8fc5d /data/data/com.bytedance.shell/files/webview_bytedance/ba9f63243d721e678d07b0cd20995325_md5/libwebviewbytedance.so+0x00a47c5d
E/TT_WEBVIEW_chromium(13802): #12 0xd5c8415f /data/data/com.bytedance.shell/files/webview_bytedance/ba9f63243d721e678d07b0cd20995325_md5/libwebviewbytedance.so+0x00a3c15f
E/TT_WEBVIEW_chromium(13802): #13 0xd5c8d791 /data/data/com.bytedance.shell/files/webview_bytedance/ba9f63243d721e678d07b0cd20995325_md5/libwebviewbytedance.so+0x00a45791
E/TT_WEBVIEW_chromium(13802): #14 0xd5c82267 /data/data/com.bytedance.shell/files/webview_bytedance/ba9f63243d721e678d07b0cd20995325_md5/libwebviewbytedance.so+0x00a3a267
E/TT_WEBVIEW_chromium(13802): #15 0xd5c87f47 /data/data/com.bytedance.shell/files/webview_bytedance/ba9f63243d721e678d07b0cd20995325_md5/libwebviewbytedance.so+0x00a3ff47
E/TT_WEBVIEW_chromium(13802): #16 0xd5c908b1 /data/data/com.bytedance.shell/files/webview_bytedance/ba9f63243d721e678d07b0cd20995325_md5/libwebviewbytedance.so+0x00a488b1
E/TT_WEBVIEW_chromium(13802): #17 0xd5c74a4b /data/data/com.bytedance.shell/files/webview_bytedance/ba9f63243d721e678d07b0cd20995325_md5/libwebviewbytedance.so+0x00a2ca4b
E/TT_WEBVIEW_chromium(13802): #18 0xd5c747e7 /data/data/com.bytedance.shell/files/webview_bytedance/ba9f63243d721e678d07b0cd20995325_md5/libwebviewbytedance.so+0x00a2c7e7
E/TT_WEBVIEW_chromium(13802): #19 0xd5c753bd /data/data/com.bytedance.shell/files/webview_bytedance/ba9f63243d721e678d07b0cd20995325_md5/libwebviewbytedance.so+0x00a2d3bd
E/TT_WEBVIEW_chromium(13802): #20 0xd5c8a643 /data/data/com.bytedance.shell/files/webview_bytedance/ba9f63243d721e678d07b0cd20995325_md5/libwebviewbytedance.so+0x00a42643
E/TT_WEBVIEW_chromium(13802): #21 0xd5c747e7 /data/data/com.bytedance.shell/files/webview_bytedance/ba9f63243d721e678d07b0cd20995325_md5/libwebviewbytedance.so+0x00a2c7e7
E/TT_WEBVIEW_chromium(13802): #22 0xd5c71f2b /data/data/com.bytedance.shell/files/webview_bytedance/ba9f63243d721e678d07b0cd20995325_md5/libwebviewbytedance.so+0x00a29f2b
E/TT_WEBVIEW_chromium(13802): #23 0xd5c7242b /data/data/com.bytedance.shell/files/webview_bytedance/ba9f63243d721e678d07b0cd20995325_md5/libwebviewbytedance.so+0x00a2a42b
E/TT_WEBVIEW_chromium(13802): #24 0xd5c72379 /data/data/com.bytedance.shell/files/webview_bytedance/ba9f63243d721e678d07b0cd20995325_md5/libwebviewbytedance.so+0x00a2a379
E/TT_WEBVIEW_chromium(13802): #25 0xd5c72b2b /data/data/com.bytedance.shell/files/webview_bytedance/ba9f63243d721e678d07b0cd20995325_md5/libwebviewbytedance.so+0x00a2ab2b
E/TT_WEBVIEW_chromium(13802): #26 0xd5524f83 /data/data/com.bytedance.shell/files/webview_bytedance/ba9f63243d721e678d07b0cd20995325_md5/libwebviewbytedance.so+0x002dcf83
E/TT_WEBVIEW_chromium(13802): #27 0xd5589127 /data/data/com.bytedance.shell/files/webview_bytedance/ba9f63243d721e678d07b0cd20995325_md5/libwebviewbytedance.so+0x00341127
E/TT_WEBVIEW_chromium(13802): #28 0xd5c7f19f /data/data/com.bytedance.shell/files/webview_bytedance/ba9f63243d721e678d07b0cd20995325_md5
E/TT_WEBVIEW_CHROMIUM(13802): [ERROR:resource_dispatcher_host_impl.cc(2320)] keiling https://github.githubassets.com/images/modules/site/logos/node-logo.png
E/LYNX_TT_WEBVIEW(13802): CError = [[ERROR][589152749856][Browser] resource_dispatcher_host_impl.cc:2320]: keiling https://github.githubassets.com/images/modules/site/logos/node-logo.png
E/LYNX_TT_WEBVIEW(13802):  
E/TT_WEBVIEW_CHROMIUM(13802): [ERROR:http_network_transaction.cc(1441)] keiling DoSendRequest
E/TT_WEBVIEW_CHROMIUM(13802): [ERROR:http_network_transaction.cc(1441)] keiling DoSendRequest
E/TT_WEBVIEW_CHROMIUM(13802): [ERROR:http_network_transaction.cc(1441)] keiling DoSendRequest
E/LYNX_TT_WEBVIEW(13802): CError = [[ERROR][589152699552][Render] web_url_loader_impl.cc:1246]: keiling LoadAsynchronously
E/LYNX_TT_WEBVIEW(13802):  
E/LYNX_TT_WEBVIEW(13802): CError = [[ERROR][589152732431][Render] resource_dispatcher.cc:727]: keiling StartAsync
E/LYNX_TT_WEBVIEW(13802):  
E/LYNX_TT_WEBVIEW(13802): CError = [[ERROR][589152753314][Browser] http_network_transaction.cc:1441]: keiling DoSendRequest
E/LYNX_TT_WEBVIEW(13802):  
E/LYNX_TT_WEBVIEW(13802): CError = [[ERROR][589152753729][Browser] http_network_transaction.cc:1441]: keiling DoSendRequest
E/LYNX_TT_WEBVIEW(13802):  
E/LYNX_TT_WEBVIEW(13802): CError = [[ERROR][589152754063][Browser] http_network_transaction.cc:1441]: keiling DoSendRequest
E/LYNX_TT_WEBVIEW(13802):  
E/TT_WEBVIEW_chromium(13845): #00 0xd9be2f39 /data/data/com.bytedance.shell/files/webview_bytedance/ba9f63243d721e678d07b0cd20995325_md5/libwebviewbytedance.so+0x02396f39
E/TT_WEBVIEW_chromium(13845): #01 0xd9bf5fef /data/data/com.bytedance.shell/files/webview_bytedance/ba9f63243d721e678d07b0cd20995325_md5/libwebviewbytedance.so+0x023a9fef
E/TT_WEBVIEW_chromium(13845): #02 0xd9bf7e6b /data/data/com.bytedance.shell/files/webview_bytedance/ba9f63243d721e678d07b0cd20995325_md5/libwebviewbytedance.so+0x023abe6b
E/TT_WEBVIEW_chromium(13845): #03 0xd955f659 /data/data/com.bytedance.shell/files/webview_bytedance/ba9f63243d721e678d07b0cd20995325_md5/libwebviewbytedance.so+0x01d13659
E/TT_WEBVIEW_chromium(13845): #04 0xd955d219 /data/data/com.bytedance.shell/files/webview_bytedance/ba9f63243d721e678d07b0cd20995325_md5/libwebviewbytedance.so+0x01d11219
E/TT_WEBVIEW_chromium(13845): #05 0xd955d163 /data/data/com.bytedance.shell/files/webview_bytedance/ba9f63243d721e678d07b0cd20995325_md5/libwebviewbytedance.so+0x01d11163
E/TT_WEBVIEW_chromium(13845): #06 0xd955f4e5 /data/data/com.bytedance.shell/files/webview_bytedance/ba9f63243d721e678d07b0cd20995325_md5/libwebviewbytedance.so+0x01d134e5
E/TT_WEBVIEW_chromium(13845): #07 0xd9556221 /data/data/com.bytedance.shell/files/webview_bytedance/ba9f63243d721e678d07b0cd20995325_md5/libwebviewbytedance.so+0x01d0a221
E/TT_WEBVIEW_chromium(13845): #08 0xd95558d7 /data/data/com.bytedance.shell/files/webview_bytedance/ba9f63243d721e678d07b0cd20995325_md5/libwebviewbytedance.so+0x01d098d7
E/TT_WEBVIEW_chromium(13845): #09 0xda2d86a1 /data/data/com.bytedance.shell/files/webview_bytedance/ba9f63243d721e678d07b0cd20995325_md5/libwebviewbytedance.so+0x02a8c6a1
E/TT_WEBVIEW_chromium(13845): #10 0xda2b2c8f /data/data/com.bytedance.shell/files/webview_bytedance/ba9f63243d721e678d07b0cd20995325_md5/libwebviewbytedance.so+0x02a66c8f
E/TT_WEBVIEW_chromium(13845): #11 0xda15a581 /data/data/com.bytedance.shell/files/webview_bytedance/ba9f63243d721e678d07b0cd20995325_md5/libwebviewbytedance.so+0x0290e581
E/TT_WEBVIEW_chromium(13845): #12 0xda148cef /data/data/com.bytedance.shell/files/webview_bytedance/ba9f63243d721e678d07b0cd20995325_md5/libwebviewbytedance.so+0x028fccef
E/TT_WEBVIEW_chromium(13845): #13 0xda15a64f /data/data/com.bytedance.shell/files/webview_bytedance/ba9f63243d721e678d07b0cd20995325_md5/libwebviewbytedance.so+0x0290e64f
E/TT_WEBVIEW_chromium(13845): #14 0xda13b361 /data/data/com.bytedance.shell/files/webview_bytedance/ba9f63243d721e678d07b0cd20995325_md5/libwebviewbytedance.so+0x028ef361
E/TT_WEBVIEW_chromium(13845): #15 0xda0b1d27 /data/data/com.bytedance.shell/files/webview_bytedance/ba9f63243d721e678d07b0cd20995325_md5/libwebviewbytedance.so+0x02865d27
E/TT_WEBVIEW_chromium(13845): #16 0xda13467d /data/data/com.bytedance.shell/files/webview_bytedance/ba9f63243d721e678d07b0cd20995325_md5/libwebviewbytedance.so+0x028e867d
E/TT_WEBVIEW_chromium(13845): #17 0xda1523e7 /data/data/com.bytedance.shell/files/webview_bytedance/ba9f63243d721e678d07b0cd20995325_md5/libwebviewbytedance.so+0x029063e7
E/TT_WEBVIEW_chromium(13845): #18 0xda150e1b /data/data/com.bytedance.shell/files/webview_bytedance/ba9f63243d721e678d07b0cd20995325_md5/libwebviewbytedance.so+0x02904e1b
E/TT_WEBVIEW_chromium(13845): #19 0xda139cf7 /data/data/com.bytedance.shell/files/webview_bytedance/ba9f63243d721e678d07b0cd20995325_md5/libwebviewbytedance.so+0x028edcf7
E/TT_WEBVIEW_chromium(13845): #20 0xda139989 /data/data/com.bytedance.shell/files/webview_bytedance/ba9f63243d721e678d07b0cd20995325_md5/libwebviewbytedance.so+0x028ed989
E/TT_WEBVIEW_chromium(13845): #21 0xda138daf /data/data/com.bytedance.shell/files/webview_bytedance/ba9f63243d721e678d07b0cd20995325_md5/libwebviewbytedance.so+0x028ecdaf
E/TT_WEBVIEW_chromium(13845): #22 0xda138bdf /data/data/com.bytedance.shell/files/webview_bytedance/ba9f63243d721e678d07b0cd20995325_md5/libwebviewbytedance.so+0x028ecbdf
E/TT_WEBVIEW_chromium(13845): #23 0xd93d8ecb /data/data/com.bytedance.shell/files/webview_bytedance/ba9f63243d721e678d07b0cd20995325_md5/libwebviewbytedance.so+0x01b8cecb
E/TT_WEBVIEW_chromium(13845): #24 0xd93d8d4b /data/data/com.bytedance.shell/files/webview_bytedance/ba9f63243d721e678d07b0cd20995325_md5/libwebviewbytedance.so+0x01b8cd4b
E/TT_WEBVIEW_chromium(13845): #25 0xd7b54b59 /data/data/com.bytedance.shell/files/webview_bytedance/ba9f63243d721e678d07b0cd20995325_md5/libwebviewbytedance.so+0x00308b59
E/TT_WEBVIEW_chromium(13845): #26 0xd7b85e6d /data/data/com.bytedance.shell/files/webview_bytedance/ba9f63243d721e678d07b0cd20995325_md5/libwebviewbytedance.so+0x00339e6d
E/TT_WEBVIEW_chromium(13845): #27 0xd956a2cb /data/data/com.bytedance.shell/files/webview_bytedance/ba9f63243d721e678d07b0cd20995325_md5/libwebviewbytedance.so+0x01d1e2cb
E/TT_WEBVIEW_chromium(13845): #28 0xd95691b9 /data/data/com.bytedance.shell/files/webview_bytedance/ba9f63243d721e678d07b0cd20995325_md5
E/TT_WEBVIEW_CHROMIUM(13802): [ERROR:resource_dispatcher_host_impl.cc(2318)] keiling BeginRequestInternal
E/LYNX_TT_WEBVIEW(13802): CError = [[ERROR][589152766808][Browser] resource_dispatcher_host_impl.cc:2318]: keiling BeginRequestInternal
E/LYNX_TT_WEBVIEW(13802):  
E/TT_WEBVIEW_CHROMIUM(13845): [ERROR:web_url_loader_impl.cc(1246)] keiling LoadAsynchronously
E/TT_WEBVIEW_chromium(13845): #00 0xd9bf7e51 /data/data/com.bytedance.shell/files/webview_bytedance/ba9f63243d721e678d07b0cd20995325_md5/libwebviewbytedance.so+0x023abe51
E/TT_WEBVIEW_chromium(13845): #01 0xd955f659 /data/data/com.bytedance.shell/files/webview_bytedance/ba9f63243d721e678d07b0cd20995325_md5/libwebviewbytedance.so+0x01d13659
E/TT_WEBVIEW_chromium(13845): #02 0xd955d219 /data/data/com.bytedance.shell/files/webview_bytedance/ba9f63243d721e678d07b0cd20995325_md5/libwebviewbytedance.so+0x01d11219
E/TT_WEBVIEW_chromium(13845): #03 0xd955d163 /data/data/com.bytedance.shell/files/webview_bytedance/ba9f63243d721e678d07b0cd20995325_md5/libwebviewbytedance.so+0x01d11163
E/TT_WEBVIEW_chromium(13845): #04 0xd955f4e5 /data/data/com.bytedance.shell/files/webview_bytedance/ba9f63243d721e678d07b0cd20995325_md5/libwebviewbytedance.so+0x01d134e5
E/TT_WEBVIEW_chromium(13845): #05 0xd9556221 /data/data/com.bytedance.shell/files/webview_bytedance/ba9f63243d721e678d07b0cd20995325_md5/libwebviewbytedance.so+0x01d0a221
E/TT_WEBVIEW_chromium(13845): #06 0xd95558d7 /data/data/com.bytedance.shell/files/webview_bytedance/ba9f63243d721e678d07b0cd20995325_md5/libwebviewbytedance.so+0x01d098d7
E/TT_WEBVIEW_chromium(13845): #07 0xda2d86a1 /data/data/com.bytedance.shell/files/webview_bytedance/ba9f63243d721e678d07b0cd20995325_md5/libwebviewbytedance.so+0x02a8c6a1
E/TT_WEBVIEW_chromium(13845): #08 0xda2b2c8f /data/data/com.bytedance.shell/files/webview_bytedance/ba9f63243d721e678d07b0cd20995325_md5/libwebviewbytedance.so+0x02a66c8f
E/TT_WEBVIEW_chromium(13845): #09 0xda15a581 /data/data/com.bytedance.shell/files/webview_bytedance/ba9f63243d721e678d07b0cd20995325_md5/libwebviewbytedance.so+0x0290e581
E/TT_WEBVIEW_chromium(13845): #10 0xda148cef /data/data/com.bytedance.shell/files/webview_bytedance/ba9f63243d721e678d07b0cd20995325_md5/libwebviewbytedance.so+0x028fccef
E/TT_WEBVIEW_chromium(13845): #11 0xda15a64f /data/data/com.bytedance.shell/files/webview_bytedance/ba9f63243d721e678d07b0cd20995325_md5/libwebviewbytedance.so+0x0290e64f
E/TT_WEBVIEW_chromium(13845): #12 0xda13b361 /data/data/com.bytedance.shell/files/webview_bytedance/ba9f63243d721e678d07b0cd20995325_md5/libwebviewbytedance.so+0x028ef361
E/TT_WEBVIEW_chromium(13845): #13 0xda0b1d27 /data/data/com.bytedance.shell/files/webview_bytedance/ba9f63243d721e678d07b0cd20995325_md5/libwebviewbytedance.so+0x02865d27
E/TT_WEBVIEW_chromium(13845): #14 0xda13467d /data/data/com.bytedance.shell/files/webview_bytedance/ba9f63243d721e678d07b0cd20995325_md5/libwebviewbytedance.so+0x028e867d
E/TT_WEBVIEW_chromium(13845): #15 0xda1523e7 /data/data/com.bytedance.shell/files/webview_bytedance/ba9f63243d721e678d07b0cd20995325_md5/libwebviewbytedance.so+0x029063e7
E/TT_WEBVIEW_chromium(13845): #16 0xda150e1b /data/data/com.bytedance.shell/files/webview_bytedance/ba9f63243d721e678d07b0cd20995325_md5/libwebviewbytedance.so+0x02904e1b
E/TT_WEBVIEW_chromium(13845): #17 0xda139cf7 /data/data/com.bytedance.shell/files/webview_bytedance/ba9f63243d721e678d07b0cd20995325_md5/libwebviewbytedance.so+0x028edcf7
E/TT_WEBVIEW_chromium(13845): #18 0xda139989 /data/data/com.bytedance.shell/files/webview_bytedance/ba9f63243d721e678d07b0cd20995325_md5/libwebviewbytedance.so+0x028ed989
E/TT_WEBVIEW_chromium(13845): #19 0xda138daf /data/data/com.bytedance.shell/files/webview_bytedance/ba9f63243d721e678d07b0cd20995325_md5/libwebviewbytedance.so+0x028ecdaf
E/TT_WEBVIEW_chromium(13845): #20 0xda138bdf /data/data/com.bytedance.shell/files/webview_bytedance/ba9f63243d721e678d07b0cd20995325_md5/libwebviewbytedance.so+0x028ecbdf
E/TT_WEBVIEW_chromium(13845): #21 0xd93d8ecb /data/data/com.bytedance.shell/files/webview_bytedance/ba9f63243d721e678d07b0cd20995325_md5/libwebviewbytedance.so+0x01b8cecb
E/TT_WEBVIEW_chromium(13845): #22 0xd93d8d4b /data/data/com.bytedance.shell/files/webview_bytedance/ba9f63243d721e678d07b0cd20995325_md5/libwebviewbytedance.so+0x01b8cd4b
E/TT_WEBVIEW_chromium(13845): #23 0xd7b54b59 /data/data/com.bytedance.shell/files/webview_bytedance/ba9f63243d721e678d07b0cd20995325_md5/libwebviewbytedance.so+0x00308b59
E/TT_WEBVIEW_chromium(13845): #24 0xd7b85e6d /data/data/com.bytedance.shell/files/webview_bytedance/ba9f63243d721e678d07b0cd20995325_md5/libwebviewbytedance.so+0x00339e6d
E/TT_WEBVIEW_chromium(13845): #25 0xd956a2cb /data/data/com.bytedance.shell/files/webview_bytedance/ba9f63243d721e678d07b0cd20995325_md5/libwebviewbytedance.so+0x01d1e2cb
E/TT_WEBVIEW_chromium(13845): #26 0xd95691b9 /data/data/com.bytedance.shell/files/webview_bytedance/ba9f63243d721e678d07b0cd20995325_md5/libwebviewbytedance.so+0x01d1d1b9
E/TT_WEBVIEW_chromium(13845): #27 0xd7b54b59 /data/data/com.bytedance.shell/files/webview_bytedance/ba9f63243d721e678d07b0cd20995325_md5/libwebviewbytedance.so+0x00308b59
E/TT_WEBVIEW_chromium(13845): #28 0xd7b85e6d /data/data/com.bytedance.shell/files/webview_bytedance/ba9f63243d721e678d07b0cd20995325_md5
E/TT_WEBVIEW_CHROMIUM(13845): [ERROR:resource_dispatcher.cc(727)] keiling StartAsync
E/TT_WEBVIEW_chromium(13802): #00 0xd643e1b7 /data/data/com.bytedance.shell/files/webview_bytedance/ba9f63243d721e678d07b0cd20995325_md5/libwebviewbytedance.so+0x011f61b7
E/TT_WEBVIEW_chromium(13802): #01 0xd643dc45 /data/data/com.bytedance.shell/files/webview_bytedance/ba9f63243d721e678d07b0cd20995325_md5/libwebviewbytedance.so+0x011f5c45
E/TT_WEBVIEW_chromium(13802): #02 0xd643cb7f /data/data/com.bytedance.shell/files/webview_bytedance/ba9f63243d721e678d07b0cd20995325_md5/libwebviewbytedance.so+0x011f4b7f
E/TT_WEBVIEW_chromium(13802): #03 0xd643c6ff /data/data/com.bytedance.shell/files/webview_bytedance/ba9f63243d721e678d07b0cd20995325_md5/libwebviewbytedance.so+0x011f46ff
E/TT_WEBVIEW_chromium(13802): #04 0xd643c191 /data/data/com.bytedance.shell/files/webview_bytedance/ba9f63243d721e678d07b0cd20995325_md5/libwebviewbytedance.so+0x011f4191
E/TT_WEBVIEW_chromium(13802): #05 0xd6440785 /data/data/com.bytedance.shell/files/webview_bytedance/ba9f63243d721e678d07b0cd20995325_md5/libwebviewbytedance.so+0x011f8785
E/TT_WEBVIEW_chromium(13802): #06 0xd643c0ed /data/data/com.bytedance.shell/files/webview_bytedance/ba9f63243d721e678d07b0cd20995325_md5/libwebviewbytedance.so+0x011f40ed
E/TT_WEBVIEW_chromium(13802): #07 0xd643be3d /data/data/com.bytedance.shell/files/webview_bytedance/ba9f63243d721e678d07b0cd20995325_md5/libwebviewbytedance.so+0x011f3e3d
E/TT_WEBVIEW_chromium(13802): #08 0xd6444bdb /data/data/com.bytedance.shell/files/webview_bytedance/ba9f63243d721e678d07b0cd20995325_md5/libwebviewbytedance.so+0x011fcbdb
E/TT_WEBVIEW_chromium(13802): #09 0xd5d43d3b /data/data/com.bytedance.shell/files/webview_bytedance/ba9f63243d721e678d07b0cd20995325_md5/libwebviewbytedance.so+0x00afbd3b
E/TT_WEBVIEW_chromium(13802): #10 0xd5d43c45 /data/data/com.bytedance.shell/files/webview_bytedance/ba9f63243d721e678d07b0cd20995325_md5/libwebviewbytedance.so+0x00afbc45
E/TT_WEBVIEW_chromium(13802): #11 0xd5c8fc5d /data/data/com.bytedance.shell/files/webview_bytedance/ba9f63243d721e678d07b0cd20995325_md5/libwebviewbytedance.so+0x00a47c5d
E/TT_WEBVIEW_chromium(13802): #12 0xd5c8415f /data/data/com.bytedance.shell/files/webview_bytedance/ba9f63243d721e678d07b0cd20995325_md5/libwebviewbytedance.so+0x00a3c15f
E/TT_WEBVIEW_chromium(13802): #13 0xd5c8d791 /data/data/com.bytedance.shell/files/webview_bytedance/ba9f63243d721e678d07b0cd20995325_md5/libwebviewbytedance.so+0x00a45791
E/TT_WEBVIEW_chromium(13802): #14 0xd5c82267 /data/data/com.bytedance.shell/files/webview_bytedance/ba9f63243d721e678d07b0cd20995325_md5/libwebviewbytedance.so+0x00a3a267
E/TT_WEBVIEW_chromium(13802): #15 0xd5c87f47 /data/data/com.bytedance.shell/files/webview_bytedance/ba9f63243d721e678d07b0cd20995325_md5/libwebviewbytedance.so+0x00a3ff47
E/TT_WEBVIEW_chromium(13802): #16 0xd5c908b1 /data/data/com.bytedance.shell/files/webview_bytedance/ba9f63243d721e678d07b0cd20995325_md5/libwebviewbytedance.so+0x00a488b1
E/TT_WEBVIEW_chromium(13802): #17 0xd5c74a4b /data/data/com.bytedance.shell/files/webview_bytedance/ba9f63243d721e678d07b0cd20995325_md5/libwebviewbytedance.so+0x00a2ca4b
E/TT_WEBVIEW_chromium(13802): #18 0xd5c747e7 /data/data/com.bytedance.shell/files/webview_bytedance/ba9f63243d721e678d07b0cd20995325_md5/libwebviewbytedance.so+0x00a2c7e7
E/TT_WEBVIEW_chromium(13802): #19 0xd5c753bd /data/data/com.bytedance.shell/files/webview_bytedance/ba9f63243d721e678d07b0cd20995325_md5/libwebviewbytedance.so+0x00a2d3bd
E/TT_WEBVIEW_chromium(13802): #20 0xd5c8a643 /data/data/com.bytedance.shell/files/webview_bytedance/ba9f63243d721e678d07b0cd20995325_md5/libwebviewbytedance.so+0x00a42643
E/TT_WEBVIEW_chromium(13802): #21 0xd5c747e7 /data/data/com.bytedance.shell/files/webview_bytedance/ba9f63243d721e678d07b0cd20995325_md5/libwebviewbytedance.so+0x00a2c7e7
E/TT_WEBVIEW_chromium(13802): #22 0xd5c71f2b /data/data/com.bytedance.shell/files/webview_bytedance/ba9f63243d721e678d07b0cd20995325_md5/libwebviewbytedance.so+0x00a29f2b
E/TT_WEBVIEW_chromium(13802): #23 0xd5c7242b /data/data/com.bytedance.shell/files/webview_bytedance/ba9f63243d721e678d07b0cd20995325_md5/libwebviewbytedance.so+0x00a2a42b
E/TT_WEBVIEW_chromium(13802): #24 0xd5c72379 /data/data/com.bytedance.shell/files/webview_bytedance/ba9f63243d721e678d07b0cd20995325_md5/libwebviewbytedance.so+0x00a2a379
E/TT_WEBVIEW_chromium(13802): #25 0xd5c72b2b /data/data/com.bytedance.shell/files/webview_bytedance/ba9f63243d721e678d07b0cd20995325_md5/libwebviewbytedance.so+0x00a2ab2b
E/TT_WEBVIEW_chromium(13802): #26 0xd5524f83 /data/data/com.bytedance.shell/files/webview_bytedance/ba9f63243d721e678d07b0cd20995325_md5/libwebviewbytedance.so+0x002dcf83
E/TT_WEBVIEW_chromium(13802): #27 0xd5589127 /data/data/com.bytedance.shell/files/webview_bytedance/ba9f63243d721e678d07b0cd20995325_md5/libwebviewbytedance.so+0x00341127
E/TT_WEBVIEW_chromium(13802): #28 0xd5c7f19f /data/data/com.bytedance.shell/files/webview_bytedance/ba9f63243d721e678d07b0cd20995325_md5
E/TT_WEBVIEW_CHROMIUM(13802): [ERROR:resource_dispatcher_host_impl.cc(2320)] keiling https://github.githubassets.com/images/modules/site/logos/nasa-logo.png
E/TT_WEBVIEW_CHROMIUM(13802): [ERROR:url_request.cc(520)] keiling Start
E/LYNX_TT_WEBVIEW(13802): CError = [[ERROR][589152808818][Browser] resource_dispatcher_host_impl.cc:2320]: keiling https://github.githubassets.com/images/modules/site/logos/nasa-logo.png
E/LYNX_TT_WEBVIEW(13802):  
E/LYNX_TT_WEBVIEW(13802): CError = [[ERROR][589152809109][Browser] url_request.cc:520]: keiling Start
E/LYNX_TT_WEBVIEW(13802):  
E/TT_WEBVIEW_chromium(13845): #00 0xd9be2f39 /data/data/com.bytedance.shell/files/webview_bytedance/ba9f63243d721e678d07b0cd20995325_md5/libwebviewbytedance.so+0x02396f39
E/TT_WEBVIEW_chromium(13845): #01 0xd9bf5fef /data/data/com.bytedance.shell/files/webview_bytedance/ba9f63243d721e678d07b0cd20995325_md5/libwebviewbytedance.so+0x023a9fef
E/TT_WEBVIEW_chromium(13845): #02 0xd9bf7e6b /data/data/com.bytedance.shell/files/webview_bytedance/ba9f63243d721e678d07b0cd20995325_md5/libwebviewbytedance.so+0x023abe6b
E/TT_WEBVIEW_chromium(13845): #03 0xd955f659 /data/data/com.bytedance.shell/files/webview_bytedance/ba9f63243d721e678d07b0cd20995325_md5/libwebviewbytedance.so+0x01d13659
E/TT_WEBVIEW_chromium(13845): #04 0xd955d219 /data/data/com.bytedance.shell/files/webview_bytedance/ba9f63243d721e678d07b0cd20995325_md5/libwebviewbytedance.so+0x01d11219
E/TT_WEBVIEW_chromium(13845): #05 0xd955d163 /data/data/com.bytedance.shell/files/webview_bytedance/ba9f63243d721e678d07b0cd20995325_md5/libwebviewbytedance.so+0x01d11163
E/TT_WEBVIEW_chromium(13845): #06 0xd955f4e5 /data/data/com.bytedance.shell/files/webview_bytedance/ba9f63243d721e678d07b0cd20995325_md5/libwebviewbytedance.so+0x01d134e5
E/TT_WEBVIEW_chromium(13845): #07 0xd9556221 /data/data/com.bytedance.shell/files/webview_bytedance/ba9f63243d721e678d07b0cd20995325_md5/libwebviewbytedance.so+0x01d0a221
E/TT_WEBVIEW_chromium(13845): #08 0xd95558d7 /data/data/com.bytedance.shell/files/webview_bytedance/ba9f63243d721e678d07b0cd20995325_md5/libwebviewbytedance.so+0x01d098d7
E/TT_WEBVIEW_chromium(13845): #09 0xda2d86a1 /data/data/com.bytedance.shell/files/webview_bytedance/ba9f63243d721e678d07b0cd20995325_md5/libwebviewbytedance.so+0x02a8c6a1
E/TT_WEBVIEW_chromium(13845): #10 0xda2b2c8f /data/data/com.bytedance.shell/files/webview_bytedance/ba9f63243d721e678d07b0cd20995325_md5/libwebviewbytedance.so+0x02a66c8f
E/TT_WEBVIEW_chromium(13845): #11 0xda15a581 /data/data/com.bytedance.shell/files/webview_bytedance/ba9f63243d721e678d07b0cd20995325_md5/libwebviewbytedance.so+0x0290e581
E/TT_WEBVIEW_chromium(13845): #12 0xda148cef /data/data/com.bytedance.shell/files/webview_bytedance/ba9f63243d721e678d07b0cd20995325_md5/libwebviewbytedance.so+0x028fccef
E/TT_WEBVIEW_chromium(13845): #13 0xda15a64f /data/data/com.bytedance.shell/files/webview_bytedance/ba9f63243d721e678d07b0cd20995325_md5/libwebviewbytedance.so+0x0290e64f
E/TT_WEBVIEW_chromium(13845): #14 0xda13b361 /data/data/com.bytedance.shell/files/webview_bytedance/ba9f63243d721e678d07b0cd20995325_md5/libwebviewbytedance.so+0x028ef361
E/TT_WEBVIEW_chromium(13845): #15 0xda0b1d27 /data/data/com.bytedance.shell/files/webview_bytedance/ba9f63243d721e678d07b0cd20995325_md5/libwebviewbytedance.so+0x02865d27
E/TT_WEBVIEW_chromium(13845): #16 0xda13467d /data/data/com.bytedance.shell/files/webview_bytedance/ba9f63243d721e678d07b0cd20995325_md5/libwebviewbytedance.so+0x028e867d
E/TT_WEBVIEW_chromium(13845): #17 0xda1523e7 /data/data/com.bytedance.shell/files/webview_bytedance/ba9f63243d721e678d07b0cd20995325_md5/libwebviewbytedance.so+0x029063e7
E/TT_WEBVIEW_chromium(13845): #18 0xda150e1b /data/data/com.bytedance.shell/files/webview_bytedance/ba9f63243d721e678d07b0cd20995325_md5/libwebviewbytedance.so+0x02904e1b
E/TT_WEBVIEW_chromium(13845): #19 0xda139cf7 /data/data/com.bytedance.shell/files/webview_bytedance/ba9f63243d721e678d07b0cd20995325_md5/libwebviewbytedance.so+0x028edcf7
E/TT_WEBVIEW_chromium(13845): #20 0xda139989 /data/data/com.bytedance.shell/files/webview_bytedance/ba9f63243d721e678d07b0cd20995325_md5/libwebviewbytedance.so+0x028ed989
E/TT_WEBVIEW_chromium(13845): #21 0xda138daf /data/data/com.bytedance.shell/files/webview_bytedance/ba9f63243d721e678d07b0cd20995325_md5/libwebviewbytedance.so+0x028ecdaf
E/TT_WEBVIEW_chromium(13845): #22 0xda138bdf /data/data/com.bytedance.shell/files/webview_bytedance/ba9f63243d721e678d07b0cd20995325_md5/libwebviewbytedance.so+0x028ecbdf
E/TT_WEBVIEW_chromium(13845): #23 0xd93d8ecb /data/data/com.bytedance.shell/files/webview_bytedance/ba9f63243d721e678d07b0cd20995325_md5/libwebviewbytedance.so+0x01b8cecb
E/TT_WEBVIEW_chromium(13845): #24 0xd93d8d4b /data/data/com.bytedance.shell/files/webview_bytedance/ba9f63243d721e678d07b0cd20995325_md5/libwebviewbytedance.so+0x01b8cd4b
E/TT_WEBVIEW_chromium(13845): #25 0xd7b54b59 /data/data/com.bytedance.shell/files/webview_bytedance/ba9f63243d721e678d07b0cd20995325_md5/libwebviewbytedance.so+0x00308b59
E/TT_WEBVIEW_chromium(13845): #26 0xd7b85e6d /data/data/com.bytedance.shell/files/webview_bytedance/ba9f63243d721e678d07b0cd20995325_md5/libwebviewbytedance.so+0x00339e6d
E/TT_WEBVIEW_chromium(13845): #27 0xd956a2cb /data/data/com.bytedance.shell/files/webview_bytedance/ba9f63243d721e678d07b0cd20995325_md5/libwebviewbytedance.so+0x01d1e2cb
E/TT_WEBVIEW_chromium(13845): #28 0xd95691b9 /data/data/com.bytedance.shell/files/webview_bytedance/ba9f63243d721e678d07b0cd20995325_md5
E/TT_WEBVIEW_CHROMIUM(13845): [ERROR:web_url_loader_impl.cc(1246)] keiling LoadAsynchronously
E/TT_WEBVIEW_chromium(13802): #00 0xd5bd9d4f /data/data/com.bytedance.shell/files/webview_bytedance/ba9f63243d721e678d07b0cd20995325_md5/libwebviewbytedance.so+0x00991d4f
E/TT_WEBVIEW_chromium(13802): #01 0xd6443817 /data/data/com.bytedance.shell/files/webview_bytedance/ba9f63243d721e678d07b0cd20995325_md5/libwebviewbytedance.so+0x011fb817
E/TT_WEBVIEW_chromium(13802): #02 0xd6443531 /data/data/com.bytedance.shell/files/webview_bytedance/ba9f63243d721e678d07b0cd20995325_md5/libwebviewbytedance.so+0x011fb531
E/TT_WEBVIEW_chromium(13802): #03 0xd6441d39 /data/data/com.bytedance.shell/files/webview_bytedance/ba9f63243d721e678d07b0cd20995325_md5/libwebviewbytedance.so+0x011f9d39
