I/LYNX_TT_WEBVIEW( 9629): Event filtered: [420]=TraceInitTime = 6 
D/LYNX_TT_WEBVIEW( 9629): Process processName = com.bytedance.shell 
I/LYNX_TT_WEBVIEW( 9629): Event filtered: [421]=TraceHookTime = 14 
I/LYNX_TT_WEBVIEW( 9629): Event filtered: [431]=HookEarly = null 
I/LYNX_TT_WEBVIEW( 9629): sProviderInstance has set. 
I/LYNX_TT_WEBVIEW( 9629): start time is 36 
I/LYNX_TT_WEBVIEW( 9629): getJsonObjectFromSharedPreferences: Create JsonObject from SharedPrefernces successfully. 
I/LYNX_TT_WEBVIEW( 9629): getJsonObjectFromSharedPreferences: Create JsonObject from SharedPrefernces successfully. 
I/LYNX_TT_WEBVIEW( 9629): getJsonObjectFromSharedPreferences: Create JsonObject from SharedPrefernces successfully. 
I/LYNX_TT_WEBVIEW( 9629): getJsonObjectFromSharedPreferences: Create JsonObject from SharedPrefernces successfully. 
I/LYNX_TT_WEBVIEW( 9629): Event filtered: [425]=TraceCreateProviderTime = 3 
I/LYNX_TT_WEBVIEW( 9629): LibraryLoader Set webview type to shm: TTWebView-0621110003002-ba9f63243d721e678d07b0cd20995325 
I/LYNX_TT_WEBVIEW( 9629): Event filtered: [424]=TraceSyncProcessTime = 3 
E/LYNX_TT_WEBVIEW( 9629): CheckWithRsa ret is = true 
E/LYNX_TT_WEBVIEW( 9629): getAddAssetPathMethod m = public final int android.content.res.AssetManager.addAssetPath(java.lang.String) 
E/LYNX_TT_WEBVIEW( 9629): invoke ret = 4 
I/LYNX_TT_WEBVIEW( 9629): SDKBRIDGE.getProviderInstance[ttwebview_timing]=13 
I/LYNX_TT_WEBVIEW( 9629): mProvider construct complete. 
I/LYNX_TT_WEBVIEW( 9629): getJsonObjectFromSharedPreferences: Create JsonObject from SharedPrefernces successfully. 
I/LYNX_TT_WEBVIEW( 9629): preInitFinish 
I/LYNX_TT_WEBVIEW( 9629): sendImportEvent [1]= WebViewType -> TTWebView 
I/LYNX_TT_WEBVIEW( 9629): sendImportEvent [1100]= LoadSo -> 0621110003002 
I/LYNX_TT_WEBVIEW( 9629): read json string:  {"8639":{"name":"com.bytedance.shell","webview_type":"SystemWebView","version":"0620010001","native_init":true,"provider":true}} 
I/LYNX_TT_WEBVIEW( 9629): write json string:  {"9629":{"name":"com.bytedance.shell","webview_type":"TTWebView","version":"0621110003002","native_init":true,"provider":true}} 
I/LYNX_TT_WEBVIEW( 9629): TTWebConsistencyManager check time :7 
I/LYNX_TT_WEBVIEW( 9629): Event filtered: [426]=TraceSyncCBTime = 33 
I/LYNX_TT_WEBVIEW( 9629): Event filtered: [423]=TraceStartImplTime = 44 
E/LYNX_TT_WEBVIEW( 9629): enableDumpLog 1 
E/LYNX_TT_WEBVIEW( 9629): enableDumpLog 2 
I/LYNX_TT_WEBVIEW( 9629): onPreloaded 
E/LYNX_TT_WEBVIEW( 9629): TT_WEBVIEW init null 
I/LYNX_TT_WEBVIEW( 9629): Event filtered: [422]=TraceEnsureTime = 0 
I/LYNX_TT_WEBVIEW( 9629): sendCommonEvent [433]=InvokeEnsure = null{"pid":9629,"processname":"com.bytedance.shell","loadso":"0621110003002","logindex":"9629-1"} 
I/LYNX_TT_WEBVIEW( 9629): read json string:  {"9629":{"name":"com.bytedance.shell","webview_type":"TTWebView","version":"0621110003002","native_init":true,"provider":true}} 
I/LYNX_TT_WEBVIEW( 9629): write json string:  {"9629":{"name":"com.bytedance.shell","webview_type":"TTWebView","version":"0621110003002","native_init":false,"provider":true}} 
I/LYNX_TT_WEBVIEW( 9629): TTWebConsistencyManager check time :6 
E/TT_WEBVIEW( 9629): ttwebview_timing[WebViewChromiumFactoryProvider.loadLibrary]36
I/LYNX_TT_WEBVIEW( 9629): getJsonObjectFromSharedPreferences: Create JsonObject from SharedPrefernces successfully. 
I/LYNX_TT_WEBVIEW( 9629): getJsonObjectFromSharedPreferences: Create JsonObject from SharedPrefernces successfully. 
E/TT_WEBVIEW( 9629): bOpenGpu = false
I/LYNX_TT_WEBVIEW( 9629): getJsonObjectFromSharedPreferences: Create JsonObject from SharedPrefernces successfully. 
I/LYNX_TT_WEBVIEW( 9629): Event filtered: [407]=LoadEnsure = null 
I/LYNX_TT_WEBVIEW( 9629): sendCommonEvent [441]=time_Webview_CreateWebView = 119{"pid":9629,"processname":"com.bytedance.shell","loadso":"0621110003002","logindex":"9629-2"} 
W/TT_WEBVIEW_CHROMIUM( 9629): [0624/215436.270206:WARNING:trace_config_file.cc(80)] The trace config file does not exist.
I/LYNX_TT_WEBVIEW( 9629): sendCommonEvent [5201]=Init native = {"pid":9629,"processname":"com.bytedance.shell","loadso":"0621110003002","logindex":"9629-3"} 
I/LYNX_TT_WEBVIEW( 9629): read json string:  {"9629":{"name":"com.bytedance.shell","webview_type":"TTWebView","version":"0621110003002","native_init":false,"provider":true}} 
I/LYNX_TT_WEBVIEW( 9629): write json string:  {"9629":{"name":"com.bytedance.shell","webview_type":"TTWebView","version":"0621110003002","native_init":true,"provider":true}} 
I/LYNX_TT_WEBVIEW( 9629): TTWebConsistencyManager check time :16 
I/TT_WEBVIEW( 9629): open filename is /data/user/0/com.bytedance.shell/files/webview_bytedance/ba9f63243d721e678d07b0cd20995325_md5/natives_blob.bin
I/TT_WEBVIEW( 9629): open filename is /data/user/0/com.bytedance.shell/files/webview_bytedance/ba9f63243d721e678d07b0cd20995325_md5/snapshot_blob_32.bin
I/TT_WEBVIEW( 9629): open filename is /data/user/0/com.bytedance.shell/files/webview_bytedance/ba9f63243d721e678d07b0cd20995325_md5/snapshot_blob_64.bin
E/TT_WEBVIEW( 9629): openAsset /data/user/0/com.bytedance.shell/files/webview_bytedance/ba9f63243d721e678d07b0cd20995325_md5/assets/snapshot_blob_64.bin java.io.FileNotFoundException: /data/user/0/com.bytedance.shell/files/webview_bytedance/ba9f63243d721e678d07b0cd20995325_md5/snapshot_blob_64.bin
I/TT_WEBVIEW( 9629): open filename is /data/user/0/com.bytedance.shell/files/webview_bytedance/ba9f63243d721e678d07b0cd20995325_md5/icudtl.dat
I/TT_WEBVIEW( 9629): open filename is /data/user/0/com.bytedance.shell/files/webview_bytedance/ba9f63243d721e678d07b0cd20995325_md5/v8_context_snapshot.bin
E/TT_WEBVIEW( 9629): openAsset /data/user/0/com.bytedance.shell/files/webview_bytedance/ba9f63243d721e678d07b0cd20995325_md5/assets/v8_context_snapshot.bin java.io.FileNotFoundException: /data/user/0/com.bytedance.shell/files/webview_bytedance/ba9f63243d721e678d07b0cd20995325_md5/v8_context_snapshot.bin
I/TT_WEBVIEW( 9629): open filename is /data/user/0/com.bytedance.shell/files/webview_bytedance/ba9f63243d721e678d07b0cd20995325_md5/chrome_100_percent.pak
I/TT_WEBVIEW( 9629): open filename is /data/user/0/com.bytedance.shell/files/webview_bytedance/ba9f63243d721e678d07b0cd20995325_md5/zh-CN.pak
I/TT_WEBVIEW( 9629): open filename is /data/user/0/com.bytedance.shell/files/webview_bytedance/ba9f63243d721e678d07b0cd20995325_md5/resources.pak
W/TT_WEBVIEW_CHROMIUM( 9629): [WARNING:tt_region_server_config.cc(90)] ParseJsonResult:== content =  Parse error = 
W/TT_WEBVIEW_CHROMIUM( 9629): [WARNING:tt_route_selection_server_config.cc(110)] ParseJsonResult content =  Parse error = 
I/LYNX_TT_WEBVIEW( 9680): Event filtered: [420]=TraceInitTime = 8 
D/LYNX_TT_WEBVIEW( 9680): Process processName = com.bytedance.shell:sandboxed_process1 
W/TT_WEBVIEW_CHROMIUM( 9629): [WARNING:tt_app_info_manager.cc(55)] UpdateAppInfoValue:== GetAppInfo failed, return value is 0 AppName = 
W/TT_WEBVIEW_CHROMIUM( 9629): [WARNING:tt_server_config.cc(167)] ReadConfigFileInternal:== Read file /data/user/0/com.bytedance.shell/files/webview_bytedance/data/ttwebview_server.json error!
I/LYNX_TT_WEBVIEW( 9680): LibraryLoader Read type from shm: TTWebView-0621110003002-ba9f63243d721e678d07b0cd20995325 
I/LYNX_TT_WEBVIEW( 9629): getJsonObjectFromSharedPreferences: Create JsonObject from SharedPrefernces successfully. 
I/LYNX_TT_WEBVIEW( 9629): getJsonObjectFromSharedPreferences: Create JsonObject from SharedPrefernces successfully. 
E/LYNX_TT_WEBVIEW( 9680): getAddAssetPathMethod m = public final int android.content.res.AssetManager.addAssetPath(java.lang.String) 
E/LYNX_TT_WEBVIEW( 9680): invoke ret = 4 
E/TT_WEBVIEW_CHROMIUM( 9629): [ERROR:render_frame_host_impl.cc(511)] keiling RenderFrameHostImpl
E/LYNX_TT_WEBVIEW( 9629): CError = [[ERROR][501748439699][Browser] render_frame_host_impl.cc:511]: keiling RenderFrameHostImpl
E/LYNX_TT_WEBVIEW( 9629):  
I/LYNX_TT_WEBVIEW( 9680): sendCommonEvent [427]=TraceStartRendererProcess = 65{"pid":9680,"processname":"com.bytedance.shell:sandboxed_process1","loadso":"0620010001","logindex":"9680-1"} 
I/LYNX_TT_WEBVIEW( 9680): start time is 90 
E/LYNX_TT_WEBVIEW( 9680): CheckWithRsa ret is = true 
E/TT_WEBVIEW_chromium( 9629): #00 0xd63bffcd /data/data/com.bytedance.shell/files/webview_bytedance/ba9f63243d721e678d07b0cd20995325_md5/libwebviewbytedance.so+0x01176fcd
E/TT_WEBVIEW_chromium( 9629): #01 0xd63bf987 /data/data/com.bytedance.shell/files/webview_bytedance/ba9f63243d721e678d07b0cd20995325_md5/libwebviewbytedance.so+0x01176987
E/TT_WEBVIEW_chromium( 9629): #02 0xd63d4545 /data/data/com.bytedance.shell/files/webview_bytedance/ba9f63243d721e678d07b0cd20995325_md5/libwebviewbytedance.so+0x0118b545
E/TT_WEBVIEW_chromium( 9629): #03 0xd63d442b /data/data/com.bytedance.shell/files/webview_bytedance/ba9f63243d721e678d07b0cd20995325_md5/libwebviewbytedance.so+0x0118b42b
E/TT_WEBVIEW_chromium( 9629): #04 0xd6569caf /data/data/com.bytedance.shell/files/webview_bytedance/ba9f63243d721e678d07b0cd20995325_md5/libwebviewbytedance.so+0x01320caf
E/TT_WEBVIEW_chromium( 9629): #05 0xd6564931 /data/data/com.bytedance.shell/files/webview_bytedance/ba9f63243d721e678d07b0cd20995325_md5/libwebviewbytedance.so+0x0131b931
E/TT_WEBVIEW_chromium( 9629): #06 0xd65648af /data/data/com.bytedance.shell/files/webview_bytedance/ba9f63243d721e678d07b0cd20995325_md5/libwebviewbytedance.so+0x0131b8af
E/TT_WEBVIEW_chromium( 9629): #07 0xd5528059 /data/data/com.bytedance.shell/files/webview_bytedance/ba9f63243d721e678d07b0cd20995325_md5/libwebviewbytedance.so+0x002df059
E/TT_WEBVIEW_chromium( 9629): #08 0xdbd571c9 /data/data/com.bytedance.shell/app_dex/ba9f63243d721e678d07b0cd20995325_md5/classes.dex+0x005361c9
E/LYNX_TT_WEBVIEW( 9680): enableDumpLog 1 
E/LYNX_TT_WEBVIEW( 9680): enableDumpLog 2 
E/LYNX_TT_WEBVIEW( 9629): getLoadSoVersionCode ： 0621110003002 
I/LYNX_TT_WEBVIEW( 9629): getJsonObjectFromSharedPreferences: Create JsonObject from SharedPrefernces successfully. 
I/LYNX_TT_WEBVIEW( 9629): getJsonObjectFromSharedPreferences: Create JsonObject from SharedPrefernces successfully. 
I/WebViewChromium( 9629): TT_WEBVIEW addUa= TTWebView/0621110003002 bEnableAddUa=true
I/LYNX_TT_WEBVIEW( 9629): sendCommonEvent [440]=time_Webview_init = 318{"pid":9629,"processname":"com.bytedance.shell","loadso":"0621110003002","logindex":"9629-4"} 
I/LYNX_TT_WEBVIEW( 9629): new webview time is 440 
I/WebViewExtensionImpl( 9629): TT_WEBVIEW bNeedAddTTwebview=true
I/cr_AwContents( 9629): TT_WEBVIEW mbHasSetHeadXRequestWith=false mshouldRemoveHeadXRequestWith=false mstrNeedSetHeadXRequestWith=
E/TT_WEBVIEW_CHROMIUM( 9629): [ERROR:render_frame_host_manager.cc(1932)] keiling InitRenderView
E/LYNX_TT_WEBVIEW( 9629): CError = [[ERROR][501748559984][Browser] render_frame_host_manager.cc:1932]: keiling InitRenderView
E/LYNX_TT_WEBVIEW( 9629):  
E/TT_WEBVIEW_chromium( 9629): #00 0xd63d7543 /data/data/com.bytedance.shell/files/webview_bytedance/ba9f63243d721e678d07b0cd20995325_md5/libwebviewbytedance.so+0x0118e543
E/TT_WEBVIEW_chromium( 9629): #01 0xd63d4e13 /data/data/com.bytedance.shell/files/webview_bytedance/ba9f63243d721e678d07b0cd20995325_md5/libwebviewbytedance.so+0x0118be13
E/TT_WEBVIEW_chromium( 9629): #02 0xd63d5ec5 /data/data/com.bytedance.shell/files/webview_bytedance/ba9f63243d721e678d07b0cd20995325_md5/libwebviewbytedance.so+0x0118cec5
E/TT_WEBVIEW_chromium( 9629): #03 0xd63d5c63 /data/data/com.bytedance.shell/files/webview_bytedance/ba9f63243d721e678d07b0cd20995325_md5/libwebviewbytedance.so+0x0118cc63
E/TT_WEBVIEW_chromium( 9629): #04 0xd63aaff7 /data/data/com.bytedance.shell/files/webview_bytedance/ba9f63243d721e678d07b0cd20995325_md5/libwebviewbytedance.so+0x01161ff7
E/TT_WEBVIEW_chromium( 9629): #05 0xd63be39f /data/data/com.bytedance.shell/files/webview_bytedance/ba9f63243d721e678d07b0cd20995325_md5/libwebviewbytedance.so+0x0117539f
E/TT_WEBVIEW_chromium( 9629): #06 0xd63bdd89 /data/data/com.bytedance.shell/files/webview_bytedance/ba9f63243d721e678d07b0cd20995325_md5/libwebviewbytedance.so+0x01174d89
E/TT_WEBVIEW_chromium( 9629): #07 0xd63be4fb /data/data/com.bytedance.shell/files/webview_bytedance/ba9f63243d721e678d07b0cd20995325_md5/libwebviewbytedance.so+0x011754fb
E/TT_WEBVIEW_chromium( 9629): #08 0xd63b40c9 /data/data/com.bytedance.shell/files/webview_bytedance/ba9f63243d721e678d07b0cd20995325_md5/libwebviewbytedance.so+0x0116b0c9
E/TT_WEBVIEW_chromium( 9629): #09 0xd63b0e69 /data/data/com.bytedance.shell/files/webview_bytedance/ba9f63243d721e678d07b0cd20995325_md5/libwebviewbytedance.so+0x01167e69
E/TT_WEBVIEW_chromium( 9629): #10 0xd63b1157 /data/data/com.bytedance.shell/files/webview_bytedance/ba9f63243d721e678d07b0cd20995325_md5/libwebviewbytedance.so+0x01168157
E/TT_WEBVIEW_chromium( 9629): #11 0xd63b1ba5 /data/data/com.bytedance.shell/files/webview_bytedance/ba9f63243d721e678d07b0cd20995325_md5/libwebviewbytedance.so+0x01168ba5
E/TT_WEBVIEW_chromium( 9629): #12 0xd63af6c1 /data/data/com.bytedance.shell/files/webview_bytedance/ba9f63243d721e678d07b0cd20995325_md5/libwebviewbytedance.so+0x011666c1
E/TT_WEBVIEW_chromium( 9629): #13 0xd63af311 /data/data/com.bytedance.shell/files/webview_bytedance/ba9f63243d721e678d07b0cd20995325_md5/libwebviewbytedance.so+0x01166311
E/TT_WEBVIEW_chromium( 9629): #14 0xdbdb1f19 /data/data/com.bytedance.shell/app_dex/ba9f63243d721e678d07b0cd20995325_md5/classes.dex+0x00590f19
E/TT_WEBVIEW_chromium( 9629): #00 0xd633919d /data/data/com.bytedance.shell/files/webview_bytedance/ba9f63243d721e678d07b0cd20995325_md5/libwebviewbytedance.so+0x010f019d
E/TT_WEBVIEW_chromium( 9629): #01 0xd64cc4b9 /data/data/com.bytedance.shell/files/webview_bytedance/ba9f63243d721e678d07b0cd20995325_md5/libwebviewbytedance.so+0x012834b9
E/TT_WEBVIEW_chromium( 9629): #02 0xd63d7555 /data/data/com.bytedance.shell/files/webview_bytedance/ba9f63243d721e678d07b0cd20995325_md5/libwebviewbytedance.so+0x0118e555
E/TT_WEBVIEW_chromium( 9629): #03 0xd63d4e13 /data/data/com.bytedance.shell/files/webview_bytedance/ba9f63243d721e678d07b0cd20995325_md5/libwebviewbytedance.so+0x0118be13
E/TT_WEBVIEW_chromium( 9629): #04 0xd63d5ec5 /data/data/com.bytedance.shell/files/webview_bytedance/ba9f63243d721e678d07b0cd20995325_md5/libwebviewbytedance.so+0x0118cec5
E/TT_WEBVIEW_chromium( 9629): #05 0xd63d5c63 /data/data/com.bytedance.shell/files/webview_bytedance/ba9f63243d721e678d07b0cd20995325_md5/libwebviewbytedance.so+0x0118cc63
E/TT_WEBVIEW_chromium( 9629): #06 0xd63aaff7 /data/data/com.bytedance.shell/files/webview_bytedance/ba9f63243d721e678d07b0cd20995325_md5/libwebviewbytedance.so+0x01161ff7
E/TT_WEBVIEW_chromium( 9629): #07 0xd63be39f /data/data/com.bytedance.shell/files/webview_bytedance/ba9f63243d721e678d07b0cd20995325_md5/libwebviewbytedance.so+0x0117539f
E/TT_WEBVIEW_chromium( 9629): #08 0xd63bdd89 /data/data/com.bytedance.shell/files/webview_bytedance/ba9f63243d721e678d07b0cd20995325_md5/libwebviewbytedance.so+0x01174d89
E/TT_WEBVIEW_chromium( 9629): #09 0xd63be4fb /data/data/com.bytedance.shell/files/webview_bytedance/ba9f63243d721e678d07b0cd20995325_md5/libwebviewbytedance.so+0x011754fb
E/TT_WEBVIEW_chromium( 9629): #10 0xd63b40c9 /data/data/com.bytedance.shell/files/webview_bytedance/ba9f63243d721e678d07b0cd20995325_md5/libwebviewbytedance.so+0x0116b0c9
E/TT_WEBVIEW_chromium( 9629): #11 0xd63b0e69 /data/data/com.bytedance.shell/files/webview_bytedance/ba9f63243d721e678d07b0cd20995325_md5/libwebviewbytedance.so+0x01167e69
E/TT_WEBVIEW_chromium( 9629): #12 0xd63b1157 /data/data/com.bytedance.shell/files/webview_bytedance/ba9f63243d721e678d07b0cd20995325_md5/libwebviewbytedance.so+0x01168157
E/TT_WEBVIEW_chromium( 9629): #13 0xd63b1ba5 /data/data/com.bytedance.shell/files/webview_bytedance/ba9f63243d721e678d07b0cd20995325_md5/libwebviewbytedance.so+0x01168ba5
E/TT_WEBVIEW_chromium( 9629): #14 0xd63af6c1 /data/data/com.bytedance.shell/files/webview_bytedance/ba9f63243d721e678d07b0cd20995325_md5/libwebviewbytedance.so+0x011666c1
E/TT_WEBVIEW_chromium( 9629): #15 0xd63af311 /data/data/com.bytedance.shell/files/webview_bytedance/ba9f63243d721e678d07b0cd20995325_md5/libwebviewbytedance.so+0x01166311
E/TT_WEBVIEW_chromium( 9629): #16 0xdbdb1f19 /data/data/com.bytedance.shell/app_dex/ba9f63243d721e678d07b0cd20995325_md5/classes.dex+0x00590f19
I/TT_WEBVIEW( 9629): open filename is /data/user/0/com.bytedance.shell/files/webview_bytedance/ba9f63243d721e678d07b0cd20995325_md5/natives_blob.bin
I/TT_WEBVIEW( 9629): open filename is /data/user/0/com.bytedance.shell/files/webview_bytedance/ba9f63243d721e678d07b0cd20995325_md5/snapshot_blob_32.bin
I/TT_WEBVIEW( 9629): open filename is /data/user/0/com.bytedance.shell/files/webview_bytedance/ba9f63243d721e678d07b0cd20995325_md5/snapshot_blob_64.bin
E/TT_WEBVIEW_CHROMIUM( 9629): [ERROR:render_view_host_impl.cc(272)] keiling CreateRenderView
E/TT_WEBVIEW( 9629): openAsset /data/user/0/com.bytedance.shell/files/webview_bytedance/ba9f63243d721e678d07b0cd20995325_md5/assets/snapshot_blob_64.bin java.io.FileNotFoundException: /data/user/0/com.bytedance.shell/files/webview_bytedance/ba9f63243d721e678d07b0cd20995325_md5/snapshot_blob_64.bin
E/LYNX_TT_WEBVIEW( 9629): CError = [[ERROR][501748636166][Browser] render_view_host_impl.cc:272]: keiling CreateRenderView
E/LYNX_TT_WEBVIEW( 9629):  
W/TT_WEBVIEW_CHROMIUM( 9629): [WARNING:child_process_launcher_helper_posix.cc(118)] Ignoring invalid file assets/snapshot_blob_64.bin
E/TT_WEBVIEW_chromium( 9629): #00 0xd64d91cf /data/data/com.bytedance.shell/files/webview_bytedance/ba9f63243d721e678d07b0cd20995325_md5/libwebviewbytedance.so+0x012901cf
E/TT_WEBVIEW_chromium( 9629): #01 0xd656fcd5 /data/data/com.bytedance.shell/files/webview_bytedance/ba9f63243d721e678d07b0cd20995325_md5/libwebviewbytedance.so+0x01326cd5
E/TT_WEBVIEW_chromium( 9629): #02 0xd63d7597 /data/data/com.bytedance.shell/files/webview_bytedance/ba9f63243d721e678d07b0cd20995325_md5/libwebviewbytedance.so+0x0118e597
E/TT_WEBVIEW_chromium( 9629): #03 0xd63d4e13 /data/data/com.bytedance.shell/files/webview_bytedance/ba9f63243d721e678d07b0cd20995325_md5/libwebviewbytedance.so+0x0118be13
E/TT_WEBVIEW_chromium( 9629): #04 0xd63d5ec5 /data/data/com.bytedance.shell/files/webview_bytedance/ba9f63243d721e678d07b0cd20995325_md5/libwebviewbytedance.so+0x0118cec5
E/TT_WEBVIEW_chromium( 9629): #05 0xd63d5c63 /data/data/com.bytedance.shell/files/webview_bytedance/ba9f63243d721e678d07b0cd20995325_md5/libwebviewbytedance.so+0x0118cc63
E/TT_WEBVIEW_chromium( 9629): #06 0xd63aaff7 /data/data/com.bytedance.shell/files/webview_bytedance/ba9f63243d721e678d07b0cd20995325_md5/libwebviewbytedance.so+0x01161ff7
E/TT_WEBVIEW_chromium( 9629): #07 0xd63be39f /data/data/com.bytedance.shell/files/webview_bytedance/ba9f63243d721e678d07b0cd20995325_md5/libwebviewbytedance.so+0x0117539f
E/TT_WEBVIEW_chromium( 9629): #08 0xd63bdd89 /data/data/com.bytedance.shell/files/webview_bytedance/ba9f63243d721e678d07b0cd20995325_md5/libwebviewbytedance.so+0x01174d89
E/TT_WEBVIEW_chromium( 9629): #09 0xd63be4fb /data/data/com.bytedance.shell/files/webview_bytedance/ba9f63243d721e678d07b0cd20995325_md5/libwebviewbytedance.so+0x011754fb
E/TT_WEBVIEW_chromium( 9629): #10 0xd63b40c9 /data/data/com.bytedance.shell/files/webview_bytedance/ba9f63243d721e678d07b0cd20995325_md5/libwebviewbytedance.so+0x0116b0c9
E/TT_WEBVIEW_chromium( 9629): #11 0xd63b0e69 /data/data/com.bytedance.shell/files/webview_bytedance/ba9f63243d721e678d07b0cd20995325_md5/libwebviewbytedance.so+0x01167e69
E/TT_WEBVIEW_chromium( 9629): #12 0xd63b1157 /data/data/com.bytedance.shell/files/webview_bytedance/ba9f63243d721e678d07b0cd20995325_md5/libwebviewbytedance.so+0x01168157
E/TT_WEBVIEW_chromium( 9629): #13 0xd63b1ba5 /data/data/com.bytedance.shell/files/webview_bytedance/ba9f63243d721e678d07b0cd20995325_md5/libwebviewbytedance.so+0x01168ba5
E/TT_WEBVIEW_chromium( 9629): #14 0xd63af6c1 /data/data/com.bytedance.shell/files/webview_bytedance/ba9f63243d721e678d07b0cd20995325_md5/libwebviewbytedance.so+0x011666c1
E/TT_WEBVIEW_chromium( 9629): #15 0xd63af311 /data/data/com.bytedance.shell/files/webview_bytedance/ba9f63243d721e678d07b0cd20995325_md5/libwebviewbytedance.so+0x01166311
E/TT_WEBVIEW_chromium( 9629): #16 0xdbdb1f19 /data/data/com.bytedance.shell/app_dex/ba9f63243d721e678d07b0cd20995325_md5/classes.dex+0x00590f19
E/TT_WEBVIEW_CHROMIUM( 9629): [ERROR:navigation_url_loader_impl.cc(40)] keiling NavigationURLLoaderImpl
E/LYNX_TT_WEBVIEW( 9629): CError = [[ERROR][501748684058][Browser] navigation_url_loader_impl.cc:40]: keiling NavigationURLLoaderImpl
E/LYNX_TT_WEBVIEW( 9629):  
E/TT_WEBVIEW_chromium( 9629): #00 0xd64363fb /data/data/com.bytedance.shell/files/webview_bytedance/ba9f63243d721e678d07b0cd20995325_md5/libwebviewbytedance.so+0x011ed3fb
E/TT_WEBVIEW_chromium( 9629): #01 0xd64362df /data/data/com.bytedance.shell/files/webview_bytedance/ba9f63243d721e678d07b0cd20995325_md5/libwebviewbytedance.so+0x011ed2df
E/TT_WEBVIEW_chromium( 9629): #02 0xd643621d /data/data/com.bytedance.shell/files/webview_bytedance/ba9f63243d721e678d07b0cd20995325_md5/libwebviewbytedance.so+0x011ed21d
E/TT_WEBVIEW_chromium( 9629): #03 0xd63bbfc9 /data/data/com.bytedance.shell/files/webview_bytedance/ba9f63243d721e678d07b0cd20995325_md5/libwebviewbytedance.so+0x01172fc9
E/TT_WEBVIEW_chromium( 9629): #04 0xd63bd027 /data/data/com.bytedance.shell/files/webview_bytedance/ba9f63243d721e678d07b0cd20995325_md5/libwebviewbytedance.so+0x01174027
E/TT_WEBVIEW_chromium( 9629): #05 0xd5525f83 /data/data/com.bytedance.shell/files/webview_bytedance/ba9f63243d721e678d07b0cd20995325_md5/libwebviewbytedance.so+0x002dcf83
E/TT_WEBVIEW_chromium( 9629): #06 0xd63b7e5b /data/data/com.bytedance.shell/files/webview_bytedance/ba9f63243d721e678d07b0cd20995325_md5/libwebviewbytedance.so+0x0116ee5b
E/TT_WEBVIEW_chromium( 9629): #07 0xd63b8a41 /data/data/com.bytedance.shell/files/webview_bytedance/ba9f63243d721e678d07b0cd20995325_md5/libwebviewbytedance.so+0x0116fa41
E/TT_WEBVIEW_chromium( 9629): #08 0xd63bb5d1 /data/data/com.bytedance.shell/files/webview_bytedance/ba9f63243d721e678d07b0cd20995325_md5/libwebviewbytedance.so+0x011725d1
E/TT_WEBVIEW_chromium( 9629): #09 0xd63be3c3 /data/data/com.bytedance.shell/files/webview_bytedance/ba9f63243d721e678d07b0cd20995325_md5/libwebviewbytedance.so+0x011753c3
E/TT_WEBVIEW_chromium( 9629): #10 0xd63bdd89 /data/data/com.bytedance.shell/files/webview_bytedance/ba9f63243d721e678d07b0cd20995325_md5/libwebviewbytedance.so+0x01174d89
E/TT_WEBVIEW_chromium( 9629): #11 0xd63be4fb /data/data/com.bytedance.shell/files/webview_bytedance/ba9f63243d721e678d07b0cd20995325_md5/libwebviewbytedance.so+0x011754fb
E/TT_WEBVIEW_chromium( 9629): #12 0xd63b40c9 /data/data/com.bytedance.shell/files/webview_bytedance/ba9f63243d721e678d07b0cd20995325_md5/libwebviewbytedance.so+0x0116b0c9
E/TT_WEBVIEW_chromium( 9629): #13 0xd63b0e69 /data/data/com.bytedance.shell/files/webview_bytedance/ba9f63243d721e678d07b0cd20995325_md5/libwebviewbytedance.so+0x01167e69
E/TT_WEBVIEW_chromium( 9629): #14 0xd63b1157 /data/data/com.bytedance.shell/files/webview_bytedance/ba9f63243d721e678d07b0cd20995325_md5/libwebviewbytedance.so+0x01168157
E/TT_WEBVIEW_chromium( 9629): #15 0xd63b1ba5 /data/data/com.bytedance.shell/files/webview_bytedance/ba9f63243d721e678d07b0cd20995325_md5/libwebviewbytedance.so+0x01168ba5
E/TT_WEBVIEW_chromium( 9629): #16 0xd63af6c1 /data/data/com.bytedance.shell/files/webview_bytedance/ba9f63243d721e678d07b0cd20995325_md5/libwebviewbytedance.so+0x011666c1
E/TT_WEBVIEW_chromium( 9629): #17 0xd63af311 /data/data/com.bytedance.shell/files/webview_bytedance/ba9f63243d721e678d07b0cd20995325_md5/libwebviewbytedance.so+0x01166311
E/TT_WEBVIEW_chromium( 9629): #18 0xdbdb1f19 /data/data/com.bytedance.shell/app_dex/ba9f63243d721e678d07b0cd20995325_md5/classes.dex+0x00590f19
I/LYNX_TT_WEBVIEW( 9629): getJsonObjectFromSharedPreferences: Create JsonObject from SharedPrefernces successfully. 
E/TT_WEBVIEW_CHROMIUM( 9629): [ERROR:resource_dispatcher_host_impl.cc(2318)] keiling BeginRequestInternal
E/LYNX_TT_WEBVIEW( 9629): CError = [[ERROR][501748732745][Browser] resource_dispatcher_host_impl.cc:2318]: keiling BeginRequestInternal
E/LYNX_TT_WEBVIEW( 9629):  
E/TT_WEBVIEW_CHROMIUM( 9629): [ERROR:devtools_http_handler.cc(249)] Cannot start http server for devtools. Stop devtools.
E/LYNX_TT_WEBVIEW( 9629): CError = [[ERROR][501748736611][Browser] devtools_http_handler.cc:249]: Cannot start http server for devtools. Stop devtools.
E/LYNX_TT_WEBVIEW( 9629):  
E/TT_WEBVIEW_chromium( 9629): #00 0xd643ef1f /data/data/com.bytedance.shell/files/webview_bytedance/ba9f63243d721e678d07b0cd20995325_md5/libwebviewbytedance.so+0x011f5f1f
E/TT_WEBVIEW_chromium( 9629): #01 0xd6440225 /data/data/com.bytedance.shell/files/webview_bytedance/ba9f63243d721e678d07b0cd20995325_md5/libwebviewbytedance.so+0x011f7225
E/TT_WEBVIEW_chromium( 9629): #02 0xd6436f93 /data/data/com.bytedance.shell/files/webview_bytedance/ba9f63243d721e678d07b0cd20995325_md5/libwebviewbytedance.so+0x011edf93
E/TT_WEBVIEW_chromium( 9629): #03 0xd6436beb /data/data/com.bytedance.shell/files/webview_bytedance/ba9f63243d721e678d07b0cd20995325_md5/libwebviewbytedance.so+0x011edbeb
E/TT_WEBVIEW_chromium( 9629): #04 0xd6436b85 /data/data/com.bytedance.shell/files/webview_bytedance/ba9f63243d721e678d07b0cd20995325_md5/libwebviewbytedance.so+0x011edb85
E/TT_WEBVIEW_chromium( 9629): #05 0xd6436b39 /data/data/com.bytedance.shell/files/webview_bytedance/ba9f63243d721e678d07b0cd20995325_md5/libwebviewbytedance.so+0x011edb39
E/TT_WEBVIEW_chromium( 9629): #06 0xd5551b59 /data/data/com.bytedance.shell/files/webview_bytedance/ba9f63243d721e678d07b0cd20995325_md5/libwebviewbytedance.so+0x00308b59
E/TT_WEBVIEW_chromium( 9629): #07 0xd5582e6d /data/data/com.bytedance.shell/files/webview_bytedance/ba9f63243d721e678d07b0cd20995325_md5/libwebviewbytedance.so+0x00339e6d
E/TT_WEBVIEW_chromium( 9629): #08 0xd559b385 /data/data/com.bytedance.shell/files/webview_bytedance/ba9f63243d721e678d07b0cd20995325_md5/libwebviewbytedance.so+0x00352385
E/TT_WEBVIEW_chromium( 9629): #09 0xd559b575 /data/data/com.bytedance.shell/files/webview_bytedance/ba9f63243d721e678d07b0cd20995325_md5/libwebviewbytedance.so+0x00352575
E/TT_WEBVIEW_chromium( 9629): #10 0xd559b6fb /data/data/com.bytedance.shell/files/webview_bytedance/ba9f63243d721e678d07b0cd20995325_md5/libwebviewbytedance.so+0x003526fb
E/TT_WEBVIEW_chromium( 9629): #11 0xd559d559 /data/data/com.bytedance.shell/files/webview_bytedance/ba9f63243d721e678d07b0cd20995325_md5/libwebviewbytedance.so+0x00354559
E/TT_WEBVIEW_chromium( 9629): #12 0xd559b193 /data/data/com.bytedance.shell/files/webview_bytedance/ba9f63243d721e678d07b0cd20995325_md5/libwebviewbytedance.so+0x00352193
E/TT_WEBVIEW_chromium( 9629): #13 0xd55b3513 /data/data/com.bytedance.shell/files/webview_bytedance/ba9f63243d721e678d07b0cd20995325_md5/libwebviewbytedance.so+0x0036a513
E/TT_WEBVIEW_chromium( 9629): #14 0xd55d373b /data/data/com.bytedance.shell/files/webview_bytedance/ba9f63243d721e678d07b0cd20995325_md5/libwebviewbytedance.so+0x0038a73b
E/TT_WEBVIEW_chromium( 9629): #15 0xd6318b95 /data/data/com.bytedance.shell/files/webview_bytedance/ba9f63243d721e678d07b0cd20995325_md5/libwebviewbytedance.so+0x010cfb95
E/TT_WEBVIEW_chromium( 9629): #16 0xd6318c7d /data/data/com.bytedance.shell/files/webview_bytedance/ba9f63243d721e678d07b0cd20995325_md5/libwebviewbytedance.so+0x010cfc7d
E/TT_WEBVIEW_chromium( 9629): #17 0xd55d39df /data/data/com.bytedance.shell/files/webview_bytedance/ba9f63243d721e678d07b0cd20995325_md5/libwebviewbytedance.so+0x0038a9df
E/TT_WEBVIEW_chromium( 9629): #18 0xd55cecab /data/data/com.bytedance.shell/files/webview_bytedance/ba9f63243d721e678d07b0cd20995325_md5/libwebviewbytedance.so+0x00385cab
E/TT_WEBVIEW_chromium( 9629): #19 0xf6e237bb /system/lib/libc.so+0x000417bb
E/TT_WEBVIEW_chromium( 9629): #20 0xf6dfb2d5 /system/lib/libc.so+0x000192d5
E/TT_WEBVIEW_chromium( 9629): #21 0xffffffff <unknown>
E/TT_WEBVIEW_CHROMIUM( 9629): [ERROR:resource_dispatcher_host_impl.cc(2320)] keiling https://dev.to/stuxdev/building-an-instagram-stories-component-using-web-components-2gia
E/TT_WEBVIEW_CHROMIUM( 9629): [ERROR:url_request.cc(520)] keiling Start
E/LYNX_TT_WEBVIEW( 9629): CError = [[ERROR][501748782513][Browser] resource_dispatcher_host_impl.cc:2320]: keiling https://dev.to/stuxdev/building-an-instagram-stories-component-using-web-components-2gia
E/LYNX_TT_WEBVIEW( 9629):  
E/LYNX_TT_WEBVIEW( 9629): CError = [[ERROR][501748783254][Browser] url_request.cc:520]: keiling Start
E/LYNX_TT_WEBVIEW( 9629):  
E/TT_WEBVIEW_chromium( 9629): #00 0xd5bdad4f /data/data/com.bytedance.shell/files/webview_bytedance/ba9f63243d721e678d07b0cd20995325_md5/libwebviewbytedance.so+0x00991d4f
E/TT_WEBVIEW_chromium( 9629): #01 0xd644457f /data/data/com.bytedance.shell/files/webview_bytedance/ba9f63243d721e678d07b0cd20995325_md5/libwebviewbytedance.so+0x011fb57f
E/TT_WEBVIEW_chromium( 9629): #02 0xd6444299 /data/data/com.bytedance.shell/files/webview_bytedance/ba9f63243d721e678d07b0cd20995325_md5/libwebviewbytedance.so+0x011fb299
E/TT_WEBVIEW_chromium( 9629): #03 0xd6442aa1 /data/data/com.bytedance.shell/files/webview_bytedance/ba9f63243d721e678d07b0cd20995325_md5/libwebviewbytedance.so+0x011f9aa1
E/TT_WEBVIEW_chromium( 9629): #04 0xd6442941 /data/data/com.bytedance.shell/files/webview_bytedance/ba9f63243d721e678d07b0cd20995325_md5/libwebviewbytedance.so+0x011f9941
E/TT_WEBVIEW_chromium( 9629): #05 0xd6440447 /data/data/com.bytedance.shell/files/webview_bytedance/ba9f63243d721e678d07b0cd20995325_md5/libwebviewbytedance.so+0x011f7447
E/TT_WEBVIEW_chromium( 9629): #06 0xd643f199 /data/data/com.bytedance.shell/files/webview_bytedance/ba9f63243d721e678d07b0cd20995325_md5/libwebviewbytedance.so+0x011f6199
E/TT_WEBVIEW_chromium( 9629): #07 0xd6440225 /data/data/com.bytedance.shell/files/webview_bytedance/ba9f63243d721e678d07b0cd20995325_md5/libwebviewbytedance.so+0x011f7225
E/TT_WEBVIEW_chromium( 9629): #08 0xd6436f93 /data/data/com.bytedance.shell/files/webview_bytedance/ba9f63243d721e678d07b0cd20995325_md5/libwebviewbytedance.so+0x011edf93
E/TT_WEBVIEW_chromium( 9629): #09 0xd6436beb /data/data/com.bytedance.shell/files/webview_bytedance/ba9f63243d721e678d07b0cd20995325_md5/libwebviewbytedance.so+0x011edbeb
E/TT_WEBVIEW_chromium( 9629): #10 0xd6436b85 /data/data/com.bytedance.shell/files/webview_bytedance/ba9f63243d721e678d07b0cd20995325_md5/libwebviewbytedance.so+0x011edb85
E/TT_WEBVIEW_chromium( 9629): #11 0xd6436b39 /data/data/com.bytedance.shell/files/webview_bytedance/ba9f63243d721e678d07b0cd20995325_md5/libwebviewbytedance.so+0x011edb39
E/TT_WEBVIEW_chromium( 9629): #12 0xd5551b59 /data/data/com.bytedance.shell/files/webview_bytedance/ba9f63243d721e678d07b0cd20995325_md5/libwebviewbytedance.so+0x00308b59
E/TT_WEBVIEW_chromium( 9629): #13 0xd5582e6d /data/data/com.bytedance.shell/files/webview_bytedance/ba9f63243d721e678d07b0cd20995325_md5/libwebviewbytedance.so+0x00339e6d
E/TT_WEBVIEW_chromium( 9629): #14 0xd559b385 /data/data/com.bytedance.shell/files/webview_bytedance/ba9f63243d721e678d07b0cd20995325_md5/libwebviewbytedance.so+0x00352385
E/TT_WEBVIEW_chromium( 9629): #15 0xd559b575 /data/data/com.bytedance.shell/files/webview_bytedance/ba9f63243d721e678d07b0cd20995325_md5/libwebviewbytedance.so+0x00352575
E/TT_WEBVIEW_chromium( 9629): #16 0xd559b6fb /data/data/com.bytedance.shell/files/webview_bytedance/ba9f63243d721e678d07b0cd20995325_md5/libwebviewbytedance.so+0x003526fb
E/TT_WEBVIEW_chromium( 9629): #17 0xd559d559 /data/data/com.bytedance.shell/files/webview_bytedance/ba9f63243d721e678d07b0cd20995325_md5/libwebviewbytedance.so+0x00354559
E/TT_WEBVIEW_chromium( 9629): #18 0xd559b193 /data/data/com.bytedance.shell/files/webview_bytedance/ba9f63243d721e678d07b0cd20995325_md5/libwebviewbytedance.so+0x00352193
E/TT_WEBVIEW_chromium( 9629): #19 0xd55b3513 /data/data/com.bytedance.shell/files/webview_bytedance/ba9f63243d721e678d07b0cd20995325_md5/libwebviewbytedance.so+0x0036a513
E/TT_WEBVIEW_chromium( 9629): #20 0xd55d373b /data/data/com.bytedance.shell/files/webview_bytedance/ba9f63243d721e678d07b0cd20995325_md5/libwebviewbytedance.so+0x0038a73b
E/TT_WEBVIEW_chromium( 9629): #21 0xd6318b95 /data/data/com.bytedance.shell/files/webview_bytedance/ba9f63243d721e678d07b0cd20995325_md5/libwebviewbytedance.so+0x010cfb95
E/TT_WEBVIEW_chromium( 9629): #22 0xd6318c7d /data/data/com.bytedance.shell/files/webview_bytedance/ba9f63243d721e678d07b0cd20995325_md5/libwebviewbytedance.so+0x010cfc7d
E/TT_WEBVIEW_chromium( 9629): #23 0xd55d39df /data/data/com.bytedance.shell/files/webview_bytedance/ba9f63243d721e678d07b0cd20995325_md5/libwebviewbytedance.so+0x0038a9df
E/TT_WEBVIEW_chromium( 9629): #24 0xd55cecab /data/data/com.bytedance.shell/files/webview_bytedance/ba9f63243d721e678d07b0cd20995325_md5/libwebviewbytedance.so+0x00385cab
E/TT_WEBVIEW_chromium( 9629): #25 0xf6e237bb /system/lib/libc.so+0x000417bb
E/TT_WEBVIEW_chromium( 9629): #26 0xf6dfb2d5 /system/lib/libc.so+0x000192d5
E/TT_WEBVIEW_chromium( 9629): #27 0xffffffff <unknown>
I/TT_WEBVIEW( 9629): notifyAppInfoGetterAvailable() after loadLibrary
W/TT_WEBVIEW_CHROMIUM( 9629): [WARNING:tt_app_info_manager.cc(55)] UpdateAppInfoValue:== GetAppInfo failed, return value is 1 AppName = demo
W/TT_WEBVIEW_CHROMIUM( 9629): [WARNING:connection.cc(262)] sqlite set timeout: 10
I/LYNX_TT_WEBVIEW( 9629): sendCommonEvent [1305]=CookieVersion:  = 10{"pid":9629,"processname":"com.bytedance.shell","loadso":"0621110003002","logindex":"9629-5"} 
W/TT_WEBVIEW_CHROMIUM( 9629): [WARNING:connection.cc(262)] sqlite set timeout: 10
W/TT_WEBVIEW_CHROMIUM( 9629): [WARNING:connection.cc(262)] sqlite set timeout: 10
E/TT_WEBVIEW_CHROMIUM( 9629): [ERROR:http_cache.cc(512)] keiling CreateBackend
E/LYNX_TT_WEBVIEW( 9629): CError = [[ERROR][501748838688][Browser] http_cache.cc:512]: keiling CreateBackend
E/LYNX_TT_WEBVIEW( 9629):  
W/TT_WEBVIEW_CHROMIUM( 9680): [0624/215436.917234:WARNING:trace_config_file.cc(80)] The trace config file does not exist.
E/TT_WEBVIEW_chromium( 9629): #00 0xd5ad17b3 /data/data/com.bytedance.shell/files/webview_bytedance/ba9f63243d721e678d07b0cd20995325_md5/libwebviewbytedance.so+0x008887b3
E/TT_WEBVIEW_chromium( 9629): #01 0xd5ad1ac9 /data/data/com.bytedance.shell/files/webview_bytedance/ba9f63243d721e678d07b0cd20995325_md5/libwebviewbytedance.so+0x00888ac9
E/TT_WEBVIEW_chromium( 9629): #02 0xd5be1501 /data/data/com.bytedance.shell/files/webview_bytedance/ba9f63243d721e678d07b0cd20995325_md5/libwebviewbytedance.so+0x00998501
E/TT_WEBVIEW_chromium( 9629): #03 0xd5be13a9 /data/data/com.bytedance.shell/files/webview_bytedance/ba9f63243d721e678d07b0cd20995325_md5/libwebviewbytedance.so+0x009983a9
E/TT_WEBVIEW_chromium( 9629): #04 0xd5be1211 /data/data/com.bytedance.shell/files/webview_bytedance/ba9f63243d721e678d07b0cd20995325_md5/libwebviewbytedance.so+0x00998211
E/TT_WEBVIEW_chromium( 9629): #05 0xd5be1d0f /data/data/com.bytedance.shell/files/webview_bytedance/ba9f63243d721e678d07b0cd20995325_md5/libwebviewbytedance.so+0x00998d0f
E/TT_WEBVIEW_chromium( 9629): #06 0xd55338e1 /data/data/com.bytedance.shell/files/webview_bytedance/ba9f63243d721e678d07b0cd20995325_md5/libwebviewbytedance.so+0x002ea8e1
E/TT_WEBVIEW_chromium( 9629): #07 0xd5552c2b /data/data/com.bytedance.shell/files/webview_bytedance/ba9f63243d721e678d07b0cd20995325_md5/libwebviewbytedance.so+0x00309c2b
E/TT_WEBVIEW_chromium( 9629): #08 0xd5551b59 /data/data/com.bytedance.shell/files/webview_bytedance/ba9f63243d721e678d07b0cd20995325_md5/libwebviewbytedance.so+0x00308b59
E/TT_WEBVIEW_chromium( 9629): #09 0xd5551ae3 /data/data/com.bytedance.shell/files/webview_bytedance/ba9f63243d721e678d07b0cd20995325_md5/libwebviewbytedance.so+0x00308ae3
E/TT_WEBVIEW_chromium( 9629): #10 0xd55523fd /data/data/com.bytedance.shell/files/webview_bytedance/ba9f63243d721e678d07b0cd20995325_md5/libwebviewbytedance.so+0x003093fd
E/TT_WEBVIEW_chromium( 9629): #11 0xd5551b59 /data/data/com.bytedance.shell/files/webview_bytedance/ba9f63243d721e678d07b0cd20995325_md5/libwebviewbytedance.so+0x00308b59
E/TT_WEBVIEW_chromium( 9629): #12 0xd5582e6d /data/data/com.bytedance.shell/files/webview_bytedance/ba9f63243d721e678d07b0cd20995325_md5/libwebviewbytedance.so+0x00339e6d
E/TT_WEBVIEW_chromium( 9629): #13 0xd559b385 /data/data/com.bytedance.shell/files/webview_bytedance/ba9f63243d721e678d07b0cd20995325_md5/libwebviewbytedance.so+0x00352385
E/TT_WEBVIEW_chromium( 9629): #14 0xd559b575 /data/data/com.bytedance.shell/files/webview_bytedance/ba9f63243d721e678d07b0cd20995325_md5/libwebviewbytedance.so+0x00352575
E/TT_WEBVIEW_chromium( 9629): #15 0xd559b6fb /data/data/com.bytedance.shell/files/webview_bytedance/ba9f63243d721e678d07b0cd20995325_md5/libwebviewbytedance.so+0x003526fb
E/TT_WEBVIEW_chromium( 9629): #16 0xd559d559 /data/data/com.bytedance.shell/files/webview_bytedance/ba9f63243d721e678d07b0cd20995325_md5/libwebviewbytedance.so+0x00354559
E/TT_WEBVIEW_chromium( 9629): #17 0xd559b193 /data/data/com.bytedance.shell/files/webview_bytedance/ba9f63243d721e678d07b0cd20995325_md5/libwebviewbytedance.so+0x00352193
E/TT_WEBVIEW_chromium( 9629): #18 0xd55b3513 /data/data/com.bytedance.shell/files/webview_bytedance/ba9f63243d721e678d07b0cd20995325_md5/libwebviewbytedance.so+0x0036a513
E/TT_WEBVIEW_chromium( 9629): #19 0xd55d373b /data/data/com.bytedance.shell/files/webview_bytedance/ba9f63243d721e678d07b0cd20995325_md5/libwebviewbytedance.so+0x0038a73b
E/TT_WEBVIEW_chromium( 9629): #20 0xd6318b95 /data/data/com.bytedance.shell/files/webview_bytedance/ba9f63243d721e678d07b0cd20995325_md5/libwebviewbytedance.so+0x010cfb95
E/TT_WEBVIEW_chromium( 9629): #21 0xd6318c7d /data/data/com.bytedance.shell/files/webview_bytedance/ba9f63243d721e678d07b0cd20995325_md5/libwebviewbytedance.so+0x010cfc7d
E/TT_WEBVIEW_chromium( 9629): #22 0xd55d39df /data/data/com.bytedance.shell/files/webview_bytedance/ba9f63243d721e678d07b0cd20995325_md5/libwebviewbytedance.so+0x0038a9df
E/TT_WEBVIEW_chromium( 9629): #23 0xd55cecab /data/data/com.bytedance.shell/files/webview_bytedance/ba9f63243d721e678d07b0cd20995325_md5/libwebviewbytedance.so+0x00385cab
E/TT_WEBVIEW_chromium( 9629): #24 0xf6e237bb /system/lib/libc.so+0x000417bb
E/TT_WEBVIEW_chromium( 9629): #25 0xf6dfb2d5 /system/lib/libc.so+0x000192d5
E/TT_WEBVIEW_chromium( 9629): #26 0xffffffff <unknown>
I/TT_WEBVIEW( 9680): open filename is v8_context_snapshot.bin
E/TT_WEBVIEW( 9680): openAsset assets/v8_context_snapshot.bin java.io.FileNotFoundException: v8_context_snapshot.bin
W/TT_WEBVIEW_CHROMIUM( 9629): [WARNING:simple_synchronous_entry.cc(1105)] Could not open platform files for entry.
E/TT_WEBVIEW_CHROMIUM( 9680): [ERROR:DocumentLoader.cpp(1059)] keiling InstallNewDocument
E/LYNX_TT_WEBVIEW( 9629): CError = [[ERROR][501749004583][Render] DocumentLoader.cpp:1059]: keiling InstallNewDocument
E/LYNX_TT_WEBVIEW( 9629):  
E/TT_WEBVIEW_chromium( 9680): #00 0xda2b4bff /data/data/com.bytedance.shell/files/webview_bytedance/ba9f63243d721e678d07b0cd20995325_md5/libwebviewbytedance.so+0x02a67bff
E/TT_WEBVIEW_chromium( 9680): #01 0xda2b4b0b /data/data/com.bytedance.shell/files/webview_bytedance/ba9f63243d721e678d07b0cd20995325_md5/libwebviewbytedance.so+0x02a67b0b
E/TT_WEBVIEW_chromium( 9680): #02 0xda2b429b /data/data/com.bytedance.shell/files/webview_bytedance/ba9f63243d721e678d07b0cd20995325_md5/libwebviewbytedance.so+0x02a6729b
E/TT_WEBVIEW_chromium( 9680): #03 0xda2b4079 /data/data/com.bytedance.shell/files/webview_bytedance/ba9f63243d721e678d07b0cd20995325_md5/libwebviewbytedance.so+0x02a67079
E/TT_WEBVIEW_chromium( 9680): #04 0xda2b50f3 /data/data/com.bytedance.shell/files/webview_bytedance/ba9f63243d721e678d07b0cd20995325_md5/libwebviewbytedance.so+0x02a680f3
E/TT_WEBVIEW_chromium( 9680): #05 0xda2b5185 /data/data/com.bytedance.shell/files/webview_bytedance/ba9f63243d721e678d07b0cd20995325_md5/libwebviewbytedance.so+0x02a68185
E/TT_WEBVIEW_chromium( 9680): #06 0xda2be925 /data/data/com.bytedance.shell/files/webview_bytedance/ba9f63243d721e678d07b0cd20995325_md5/libwebviewbytedance.so+0x02a71925
E/TT_WEBVIEW_chromium( 9680): #07 0xda07bc5d /data/data/com.bytedance.shell/files/webview_bytedance/ba9f63243d721e678d07b0cd20995325_md5/libwebviewbytedance.so+0x0282ec5d
E/TT_WEBVIEW_chromium( 9680): #08 0xda07bac1 /data/data/com.bytedance.shell/files/webview_bytedance/ba9f63243d721e678d07b0cd20995325_md5/libwebviewbytedance.so+0x0282eac1
E/TT_WEBVIEW_chromium( 9680): #09 0xda75e6b3 /data/data/com.bytedance.shell/files/webview_bytedance/ba9f63243d721e678d07b0cd20995325_md5/libwebviewbytedance.so+0x02f116b3
E/TT_WEBVIEW_chromium( 9680): #10 0xda781b33 /data/data/com.bytedance.shell/files/webview_bytedance/ba9f63243d721e678d07b0cd20995325_md5/libwebviewbytedance.so+0x02f34b33
E/TT_WEBVIEW_chromium( 9680): #11 0xda782db5 /data/data/com.bytedance.shell/files/webview_bytedance/ba9f63243d721e678d07b0cd20995325_md5/libwebviewbytedance.so+0x02f35db5
E/TT_WEBVIEW_chromium( 9680): #12 0xda77d9b3 /data/data/com.bytedance.shell/files/webview_bytedance/ba9f63243d721e678d07b0cd20995325_md5/libwebviewbytedance.so+0x02f309b3
E/TT_WEBVIEW_chromium( 9680): #13 0xd85e82eb /data/data/com.bytedance.shell/files/webview_bytedance/ba9f63243d721e678d07b0cd20995325_md5/libwebviewbytedance.so+0x00d9b2eb
E/TT_WEBVIEW_chromium( 9680): #14 0xd827996b /data/data/com.bytedance.shell/files/webview_bytedance/ba9f63243d721e678d07b0cd20995325_md5/libwebviewbytedance.so+0x00a2c96b
E/TT_WEBVIEW_chromium( 9680): #15 0xd8279707 /data/data/com.bytedance.shell/files/webview_bytedance/ba9f63243d721e678d07b0cd20995325_md5/libwebviewbytedance.so+0x00a2c707
E/TT_WEBVIEW_chromium( 9680): #16 0xd827a2dd /data/data/com.bytedance.shell/files/webview_bytedance/ba9f63243d721e678d07b0cd20995325_md5/libwebviewbytedance.so+0x00a2d2dd
E/TT_WEBVIEW_chromium( 9680): #17 0xd8290f81 /data/data/com.bytedance.shell/files/webview_bytedance/ba9f63243d721e678d07b0cd20995325_md5/libwebviewbytedance.so+0x00a43f81
E/TT_WEBVIEW_chromium( 9680): #18 0xd82900cd /data/data/com.bytedance.shell/files/webview_bytedance/ba9f63243d721e678d07b0cd20995325_md5/libwebviewbytedance.so+0x00a430cd
E/TT_WEBVIEW_chromium( 9680): #19 0xd7b55b59 /data/data/com.bytedance.shell/files/webview_bytedance/ba9f63243d721e678d07b0cd20995325_md5/libwebviewbytedance.so+0x00308b59
E/TT_WEBVIEW_chromium( 9680): #20 0xd7b86e6d /data/data/com.bytedance.shell/files/webview_bytedance/ba9f63243d721e678d07b0cd20995325_md5/libwebviewbytedance.so+0x00339e6d
E/TT_WEBVIEW_chromium( 9680): #21 0xd956af9b /data/data/com.bytedance.shell/files/webview_bytedance/ba9f63243d721e678d07b0cd20995325_md5/libwebviewbytedance.so+0x01d1df9b
E/TT_WEBVIEW_chromium( 9680): #22 0xd9569e89 /data/data/com.bytedance.shell/files/webview_bytedance/ba9f63243d721e678d07b0cd20995325_md5/libwebviewbytedance.so+0x01d1ce89
E/TT_WEBVIEW_chromium( 9680): #23 0xd7b55b59 /data/data/com.bytedance.shell/files/webview_bytedance/ba9f63243d721e678d07b0cd20995325_md5/libwebviewbytedance.so+0x00308b59
E/TT_WEBVIEW_chromium( 9680): #24 0xd7b86e6d /data/data/com.bytedance.shell/files/webview_bytedance/ba9f63243d721e678d07b0cd20995325_md5/libwebviewbytedance.so+0x00339e6d
E/TT_WEBVIEW_chromium( 9680): #25 0xd7b9f385 /data/data/com.bytedance.shell/files/webview_bytedance/ba9f63243d721e678d07b0cd20995325_md5/libwebviewbytedance.so+0x00352385
E/TT_WEBVIEW_chromium( 9680): #26 0xd7b9f575 /data/data/com.bytedance.shell/files/webview_bytedance/ba9f63243d721e678d07b0cd20995325_md5/libwebviewbytedance.so+0x00352575
E/TT_WEBVIEW_chromium( 9680): #27 0xd7b9f6fb /data/data/com.bytedance.shell/files/webview_bytedance/ba9f63243d721e678d07b0cd20995325_md5/libwebviewbytedance.so+0x003526fb
E/TT_WEBVIEW_chromium( 9680): #28 0xd7ba0d7f /data/data/com.bytedance.shell/files/webview_bytedance/ba9f63243d721e678d07b0cd20995325_md5
E/TT_WEBVIEW_CHROMIUM( 9680): [ERROR:HTMLDocumentParser.cpp(160)] keiling HTMLDocumentParser
E/TT_WEBVIEW_CHROMIUM( 9680): [ERROR:HTMLDocumentParser.cpp(98)] keiling HTMLDocumentParser
E/LYNX_TT_WEBVIEW( 9629): CError = [[ERROR][501749045761][Render] HTMLDocumentParser.cpp:160]: keiling HTMLDocumentParser
E/LYNX_TT_WEBVIEW( 9629):  
E/LYNX_TT_WEBVIEW( 9629): CError = [[ERROR][501749045986][Render] HTMLDocumentParser.cpp:98]: keiling HTMLDocumentParser
E/LYNX_TT_WEBVIEW( 9629):  
E/LYNX_TT_WEBVIEW( 9629): onDOMContentLoaded successful. 
I/LYNX_TT_WEBVIEW( 9629): getJsonObjectFromSharedPreferences: Create JsonObject from SharedPrefernces successfully. 
I/LYNX_TT_WEBVIEW( 9629): no need to delete files 
I/LYNX_TT_WEBVIEW( 9629): get Cookie is ttwebview=testcompat 
E/TT_WEBVIEW_CHROMIUM( 9629): [ERROR:http_network_transaction.cc(1441)] keiling DoSendRequest
E/LYNX_TT_WEBVIEW( 9629): CError = [[ERROR][501749515868][Browser] http_network_transaction.cc:1441]: keiling DoSendRequest
E/LYNX_TT_WEBVIEW( 9629):  
E/TT_WEBVIEW_CHROMIUM( 9629): [ERROR:url_request.cc(520)] keiling Start
E/LYNX_TT_WEBVIEW( 9629): CError = [[ERROR][501749975449][Browser] url_request.cc:520]: keiling Start
E/LYNX_TT_WEBVIEW( 9629):  
E/TT_WEBVIEW_chromium( 9629): #00 0xd5bdad4f /data/data/com.bytedance.shell/files/webview_bytedance/ba9f63243d721e678d07b0cd20995325_md5/libwebviewbytedance.so+0x00991d4f
E/TT_WEBVIEW_chromium( 9629): #01 0xd5bdc0fb /data/data/com.bytedance.shell/files/webview_bytedance/ba9f63243d721e678d07b0cd20995325_md5/libwebviewbytedance.so+0x009930fb
E/TT_WEBVIEW_chromium( 9629): #02 0xd5be454f /data/data/com.bytedance.shell/files/webview_bytedance/ba9f63243d721e678d07b0cd20995325_md5/libwebviewbytedance.so+0x0099b54f
E/TT_WEBVIEW_chromium( 9629): #03 0xd5bdbd51 /data/data/com.bytedance.shell/files/webview_bytedance/ba9f63243d721e678d07b0cd20995325_md5/libwebviewbytedance.so+0x00992d51
E/TT_WEBVIEW_chromium( 9629): #04 0xd64446c3 /data/data/com.bytedance.shell/files/webview_bytedance/ba9f63243d721e678d07b0cd20995325_md5/libwebviewbytedance.so+0x011fb6c3
E/TT_WEBVIEW_chromium( 9629): #05 0xd64442a1 /data/data/com.bytedance.shell/files/webview_bytedance/ba9f63243d721e678d07b0cd20995325_md5/libwebviewbytedance.so+0x011fb2a1
E/TT_WEBVIEW_chromium( 9629): #06 0xd64311df /data/data/com.bytedance.shell/files/webview_bytedance/ba9f63243d721e678d07b0cd20995325_md5/libwebviewbytedance.so+0x011e81df
E/TT_WEBVIEW_chromium( 9629): #07 0xd644a3a5 /data/data/com.bytedance.shell/files/webview_bytedance/ba9f63243d721e678d07b0cd20995325_md5/libwebviewbytedance.so+0x012013a5
E/TT_WEBVIEW_chromium( 9629): #08 0xd6434233 /data/data/com.bytedance.shell/files/webview_bytedance/ba9f63243d721e678d07b0cd20995325_md5/libwebviewbytedance.so+0x011eb233
E/TT_WEBVIEW_chromium( 9629): #09 0xd643703f /data/data/com.bytedance.shell/files/webview_bytedance/ba9f63243d721e678d07b0cd20995325_md5/libwebviewbytedance.so+0x011ee03f
E/TT_WEBVIEW_chromium( 9629): #10 0xd5551b59 /data/data/com.bytedance.shell/files/webview_bytedance/ba9f63243d721e678d07b0cd20995325_md5/libwebviewbytedance.so+0x00308b59
E/TT_WEBVIEW_chromium( 9629): #11 0xd5582e6d /data/data/com.bytedance.shell/files/webview_bytedance/ba9f63243d721e678d07b0cd20995325_md5/libwebviewbytedance.so+0x00339e6d
E/TT_WEBVIEW_chromium( 9629): #12 0xd559b385 /data/data/com.bytedance.shell/files/webview_bytedance/ba9f63243d721e678d07b0cd20995325_md5/libwebviewbytedance.so+0x00352385
E/TT_WEBVIEW_chromium( 9629): #13 0xd559b575 /data/data/com.bytedance.shell/files/webview_bytedance/ba9f63243d721e678d07b0cd20995325_md5/libwebviewbytedance.so+0x00352575
E/TT_WEBVIEW_chromium( 9629): #14 0xd559b6fb /data/data/com.bytedance.shell/files/webview_bytedance/ba9f63243d721e678d07b0cd20995325_md5/libwebviewbytedance.so+0x003526fb
E/TT_WEBVIEW_chromium( 9629): #15 0xd559d559 /data/data/com.bytedance.shell/files/webview_bytedance/ba9f63243d721e678d07b0cd20995325_md5/libwebviewbytedance.so+0x00354559
E/TT_WEBVIEW_chromium( 9629): #16 0xd559b193 /data/data/com.bytedance.shell/files/webview_bytedance/ba9f63243d721e678d07b0cd20995325_md5/libwebviewbytedance.so+0x00352193
E/TT_WEBVIEW_chromium( 9629): #17 0xd55b3513 /data/data/com.bytedance.shell/files/webview_bytedance/ba9f63243d721e678d07b0cd20995325_md5/libwebviewbytedance.so+0x0036a513
E/TT_WEBVIEW_chromium( 9629): #18 0xd55d373b /data/data/com.bytedance.shell/files/webview_bytedance/ba9f63243d721e678d07b0cd20995325_md5/libwebviewbytedance.so+0x0038a73b
E/TT_WEBVIEW_chromium( 9629): #19 0xd6318b95 /data/data/com.bytedance.shell/files/webview_bytedance/ba9f63243d721e678d07b0cd20995325_md5/libwebviewbytedance.so+0x010cfb95
E/TT_WEBVIEW_chromium( 9629): #20 0xd6318c7d /data/data/com.bytedance.shell/files/webview_bytedance/ba9f63243d721e678d07b0cd20995325_md5/libwebviewbytedance.so+0x010cfc7d
E/TT_WEBVIEW_chromium( 9629): #21 0xd55d39df /data/data/com.bytedance.shell/files/webview_bytedance/ba9f63243d721e678d07b0cd20995325_md5/libwebviewbytedance.so+0x0038a9df
E/TT_WEBVIEW_chromium( 9629): #22 0xd55cecab /data/data/com.bytedance.shell/files/webview_bytedance/ba9f63243d721e678d07b0cd20995325_md5/libwebviewbytedance.so+0x00385cab
E/TT_WEBVIEW_chromium( 9629): #23 0xf6e237bb /system/lib/libc.so+0x000417bb
E/TT_WEBVIEW_chromium( 9629): #24 0xf6dfb2d5 /system/lib/libc.so+0x000192d5
E/TT_WEBVIEW_chromium( 9629): #25 0xffffffff <unknown>
E/TT_WEBVIEW_CHROMIUM( 9629): [ERROR:http_network_transaction.cc(1441)] keiling DoSendRequest
E/LYNX_TT_WEBVIEW( 9629): CError = [[ERROR][501750044525][Browser] http_network_transaction.cc:1441]: keiling DoSendRequest
E/LYNX_TT_WEBVIEW( 9629):  
E/TT_WEBVIEW_CHROMIUM( 9629): [ERROR:url_request.cc(520)] keiling Start
E/LYNX_TT_WEBVIEW( 9629): CError = [[ERROR][501750327383][Browser] url_request.cc:520]: keiling Start
E/LYNX_TT_WEBVIEW( 9629):  
E/TT_WEBVIEW_chromium( 9629): #00 0xd5bdad4f /data/data/com.bytedance.shell/files/webview_bytedance/ba9f63243d721e678d07b0cd20995325_md5/libwebviewbytedance.so+0x00991d4f
E/TT_WEBVIEW_chromium( 9629): #01 0xd5bdc0fb /data/data/com.bytedance.shell/files/webview_bytedance/ba9f63243d721e678d07b0cd20995325_md5/libwebviewbytedance.so+0x009930fb
