E/TT_WEBVIEW_chromium( 9680): #10 0xda1499ef /data/data/com.bytedance.shell/files/webview_bytedance/ba9f63243d721e678d07b0cd20995325_md5/libwebviewbytedance.so+0x028fc9ef
E/TT_WEBVIEW_chromium( 9680): #11 0xda15b34f /data/data/com.bytedance.shell/files/webview_bytedance/ba9f63243d721e678d07b0cd20995325_md5/libwebviewbytedance.so+0x0290e34f
E/TT_WEBVIEW_chromium( 9680): #12 0xda13c061 /data/data/com.bytedance.shell/files/webview_bytedance/ba9f63243d721e678d07b0cd20995325_md5/libwebviewbytedance.so+0x028ef061
E/TT_WEBVIEW_chromium( 9680): #13 0xda0b2a27 /data/data/com.bytedance.shell/files/webview_bytedance/ba9f63243d721e678d07b0cd20995325_md5/libwebviewbytedance.so+0x02865a27
E/TT_WEBVIEW_chromium( 9680): #14 0xda13537d /data/data/com.bytedance.shell/files/webview_bytedance/ba9f63243d721e678d07b0cd20995325_md5/libwebviewbytedance.so+0x028e837d
E/TT_WEBVIEW_chromium( 9680): #15 0xda1530e7 /data/data/com.bytedance.shell/files/webview_bytedance/ba9f63243d721e678d07b0cd20995325_md5/libwebviewbytedance.so+0x029060e7
E/TT_WEBVIEW_chromium( 9680): #16 0xda151b1b /data/data/com.bytedance.shell/files/webview_bytedance/ba9f63243d721e678d07b0cd20995325_md5/libwebviewbytedance.so+0x02904b1b
E/TT_WEBVIEW_chromium( 9680): #17 0xda13a9f7 /data/data/com.bytedance.shell/files/webview_bytedance/ba9f63243d721e678d07b0cd20995325_md5/libwebviewbytedance.so+0x028ed9f7
E/TT_WEBVIEW_chromium( 9680): #18 0xda13a689 /data/data/com.bytedance.shell/files/webview_bytedance/ba9f63243d721e678d07b0cd20995325_md5/libwebviewbytedance.so+0x028ed689
E/TT_WEBVIEW_chromium( 9680): #19 0xda139aaf /data/data/com.bytedance.shell/files/webview_bytedance/ba9f63243d721e678d07b0cd20995325_md5/libwebviewbytedance.so+0x028ecaaf
E/TT_WEBVIEW_chromium( 9680): #20 0xda1398df /data/data/com.bytedance.shell/files/webview_bytedance/ba9f63243d721e678d07b0cd20995325_md5/libwebviewbytedance.so+0x028ec8df
E/TT_WEBVIEW_chromium( 9680): #21 0xd93d9b9b /data/data/com.bytedance.shell/files/webview_bytedance/ba9f63243d721e678d07b0cd20995325_md5/libwebviewbytedance.so+0x01b8cb9b
E/TT_WEBVIEW_chromium( 9680): #22 0xd93d9a1b /data/data/com.bytedance.shell/files/webview_bytedance/ba9f63243d721e678d07b0cd20995325_md5/libwebviewbytedance.so+0x01b8ca1b
E/TT_WEBVIEW_chromium( 9680): #23 0xd7b55b59 /data/data/com.bytedance.shell/files/webview_bytedance/ba9f63243d721e678d07b0cd20995325_md5/libwebviewbytedance.so+0x00308b59
E/TT_WEBVIEW_chromium( 9680): #24 0xd7b86e6d /data/data/com.bytedance.shell/files/webview_bytedance/ba9f63243d721e678d07b0cd20995325_md5/libwebviewbytedance.so+0x00339e6d
E/TT_WEBVIEW_chromium( 9680): #25 0xd956af9b /data/data/com.bytedance.shell/files/webview_bytedance/ba9f63243d721e678d07b0cd20995325_md5/libwebviewbytedance.so+0x01d1df9b
E/TT_WEBVIEW_chromium( 9680): #26 0xd9569e89 /data/data/com.bytedance.shell/files/webview_bytedance/ba9f63243d721e678d07b0cd20995325_md5/libwebviewbytedance.so+0x01d1ce89
E/TT_WEBVIEW_chromium( 9680): #27 0xd7b55b59 /data/data/com.bytedance.shell/files/webview_bytedance/ba9f63243d721e678d07b0cd20995325_md5/libwebviewbytedance.so+0x00308b59
E/TT_WEBVIEW_chromium( 9680): #28 0xd7b86e6d /data/data/com.bytedance.shell/files/webview_bytedance/ba9f63243d721e678d07b0cd20995325_md5
E/TT_WEBVIEW_CHROMIUM( 9680): [ERROR:resource_dispatcher.cc(727)] keiling StartAsync
E/TT_WEBVIEW_chromium( 9629): #00 0xd643ef1f /data/data/com.bytedance.shell/files/webview_bytedance/ba9f63243d721e678d07b0cd20995325_md5/libwebviewbytedance.so+0x011f5f1f
E/TT_WEBVIEW_chromium( 9629): #01 0xd643e9ad /data/data/com.bytedance.shell/files/webview_bytedance/ba9f63243d721e678d07b0cd20995325_md5/libwebviewbytedance.so+0x011f59ad
E/TT_WEBVIEW_chromium( 9629): #02 0xd643d8e7 /data/data/com.bytedance.shell/files/webview_bytedance/ba9f63243d721e678d07b0cd20995325_md5/libwebviewbytedance.so+0x011f48e7
E/TT_WEBVIEW_chromium( 9629): #03 0xd643d467 /data/data/com.bytedance.shell/files/webview_bytedance/ba9f63243d721e678d07b0cd20995325_md5/libwebviewbytedance.so+0x011f4467
E/TT_WEBVIEW_chromium( 9629): #04 0xd643cef9 /data/data/com.bytedance.shell/files/webview_bytedance/ba9f63243d721e678d07b0cd20995325_md5/libwebviewbytedance.so+0x011f3ef9
E/TT_WEBVIEW_chromium( 9629): #05 0xd64414ed /data/data/com.bytedance.shell/files/webview_bytedance/ba9f63243d721e678d07b0cd20995325_md5/libwebviewbytedance.so+0x011f84ed
E/TT_WEBVIEW_chromium( 9629): #06 0xd643ce55 /data/data/com.bytedance.shell/files/webview_bytedance/ba9f63243d721e678d07b0cd20995325_md5/libwebviewbytedance.so+0x011f3e55
E/TT_WEBVIEW_chromium( 9629): #07 0xd643cba5 /data/data/com.bytedance.shell/files/webview_bytedance/ba9f63243d721e678d07b0cd20995325_md5/libwebviewbytedance.so+0x011f3ba5
E/TT_WEBVIEW_chromium( 9629): #08 0xd6445943 /data/data/com.bytedance.shell/files/webview_bytedance/ba9f63243d721e678d07b0cd20995325_md5/libwebviewbytedance.so+0x011fc943
E/TT_WEBVIEW_chromium( 9629): #09 0xd5d44c63 /data/data/com.bytedance.shell/files/webview_bytedance/ba9f63243d721e678d07b0cd20995325_md5/libwebviewbytedance.so+0x00afbc63
E/TT_WEBVIEW_chromium( 9629): #10 0xd5d44b6d /data/data/com.bytedance.shell/files/webview_bytedance/ba9f63243d721e678d07b0cd20995325_md5/libwebviewbytedance.so+0x00afbb6d
E/TT_WEBVIEW_chromium( 9629): #11 0xd5c90b7d /data/data/com.bytedance.shell/files/webview_bytedance/ba9f63243d721e678d07b0cd20995325_md5/libwebviewbytedance.so+0x00a47b7d
E/TT_WEBVIEW_chromium( 9629): #12 0xd5c8507f /data/data/com.bytedance.shell/files/webview_bytedance/ba9f63243d721e678d07b0cd20995325_md5/libwebviewbytedance.so+0x00a3c07f
E/TT_WEBVIEW_chromium( 9629): #13 0xd5c8e6b1 /data/data/com.bytedance.shell/files/webview_bytedance/ba9f63243d721e678d07b0cd20995325_md5/libwebviewbytedance.so+0x00a456b1
E/TT_WEBVIEW_chromium( 9629): #14 0xd5c83187 /data/data/com.bytedance.shell/files/webview_bytedance/ba9f63243d721e678d07b0cd20995325_md5/libwebviewbytedance.so+0x00a3a187
E/TT_WEBVIEW_chromium( 9629): #15 0xd5c88e67 /data/data/com.bytedance.shell/files/webview_bytedance/ba9f63243d721e678d07b0cd20995325_md5/libwebviewbytedance.so+0x00a3fe67
E/TT_WEBVIEW_chromium( 9629): #16 0xd5c917d1 /data/data/com.bytedance.shell/files/webview_bytedance/ba9f63243d721e678d07b0cd20995325_md5/libwebviewbytedance.so+0x00a487d1
E/TT_WEBVIEW_chromium( 9629): #17 0xd5c7596b /data/data/com.bytedance.shell/files/webview_bytedance/ba9f63243d721e678d07b0cd20995325_md5/libwebviewbytedance.so+0x00a2c96b
E/TT_WEBVIEW_chromium( 9629): #18 0xd5c75707 /data/data/com.bytedance.shell/files/webview_bytedance/ba9f63243d721e678d07b0cd20995325_md5/libwebviewbytedance.so+0x00a2c707
E/TT_WEBVIEW_chromium( 9629): #19 0xd5c762dd /data/data/com.bytedance.shell/files/webview_bytedance/ba9f63243d721e678d07b0cd20995325_md5/libwebviewbytedance.so+0x00a2d2dd
E/TT_WEBVIEW_chromium( 9629): #20 0xd5c8b563 /data/data/com.bytedance.shell/files/webview_bytedance/ba9f63243d721e678d07b0cd20995325_md5/libwebviewbytedance.so+0x00a42563
E/TT_WEBVIEW_chromium( 9629): #21 0xd5c75707 /data/data/com.bytedance.shell/files/webview_bytedance/ba9f63243d721e678d07b0cd20995325_md5/libwebviewbytedance.so+0x00a2c707
E/TT_WEBVIEW_chromium( 9629): #22 0xd5c72e4b /data/data/com.bytedance.shell/files/webview_bytedance/ba9f63243d721e678d07b0cd20995325_md5/libwebviewbytedance.so+0x00a29e4b
E/TT_WEBVIEW_chromium( 9629): #23 0xd5c7334b /data/data/com.bytedance.shell/files/webview_bytedance/ba9f63243d721e678d07b0cd20995325_md5/libwebviewbytedance.so+0x00a2a34b
E/TT_WEBVIEW_chromium( 9629): #24 0xd5c73299 /data/data/com.bytedance.shell/files/webview_bytedance/ba9f63243d721e678d07b0cd20995325_md5/libwebviewbytedance.so+0x00a2a299
E/TT_WEBVIEW_chromium( 9629): #25 0xd5c73a4b /data/data/com.bytedance.shell/files/webview_bytedance/ba9f63243d721e678d07b0cd20995325_md5/libwebviewbytedance.so+0x00a2aa4b
E/TT_WEBVIEW_chromium( 9629): #26 0xd5525f83 /data/data/com.bytedance.shell/files/webview_bytedance/ba9f63243d721e678d07b0cd20995325_md5/libwebviewbytedance.so+0x002dcf83
E/TT_WEBVIEW_chromium( 9629): #27 0xd558a127 /data/data/com.bytedance.shell/files/webview_bytedance/ba9f63243d721e678d07b0cd20995325_md5/libwebviewbytedance.so+0x00341127
E/TT_WEBVIEW_chromium( 9629): #28 0xd5c800bf /data/data/com.bytedance.shell/files/webview_bytedance/ba9f63243d721e678d07b0cd20995325_md5
E/TT_WEBVIEW_CHROMIUM( 9629): [ERROR:resource_dispatcher_host_impl.cc(2320)] keiling https://camo.githubusercontent.com/ff8f46f1e5cf07b974b21e6aa525b8eb640d126e/68747470733a2f2f692e696d6775722e636f6d2f7674744d5649442e706e673f31
E/LYNX_TT_WEBVIEW( 9629): CError = [[ERROR][501753402497][Browser] resource_dispatcher_host_impl.cc:2320]: keiling https://camo.githubusercontent.com/ff8f46f1e5cf07b974b21e6aa525b8eb640d126e/68747470733a2f2f692e696d6775722e636f6d2f7674744d5649442e706e673f31
E/LYNX_TT_WEBVIEW( 9629):  
W/TT_WEBVIEW_CHROMIUM( 9629): [WARNING:tt_app_info_manager.cc(55)] UpdateAppInfoValue:== GetAppInfo failed, return value is 1 AppName = demo
W/TT_WEBVIEW_CHROMIUM( 9629): [WARNING:tt_server_config.cc(198)] UpdateServerConfig:== get app info is wrong!
E/LYNX_TT_WEBVIEW( 9629): CError = [[ERROR][501753360455][Render] web_url_loader_impl.cc:1246]: keiling LoadAsynchronously
E/LYNX_TT_WEBVIEW( 9629):  
E/LYNX_TT_WEBVIEW( 9629): CError = [[ERROR][501753389116][Render] resource_dispatcher.cc:727]: keiling StartAsync
E/LYNX_TT_WEBVIEW( 9629):  
E/TT_WEBVIEW_chromium( 9680): #00 0xd9be3c39 /data/data/com.bytedance.shell/files/webview_bytedance/ba9f63243d721e678d07b0cd20995325_md5/libwebviewbytedance.so+0x02396c39
E/TT_WEBVIEW_chromium( 9680): #01 0xd9bf6cef /data/data/com.bytedance.shell/files/webview_bytedance/ba9f63243d721e678d07b0cd20995325_md5/libwebviewbytedance.so+0x023a9cef
E/TT_WEBVIEW_chromium( 9680): #02 0xd9bf8b6b /data/data/com.bytedance.shell/files/webview_bytedance/ba9f63243d721e678d07b0cd20995325_md5/libwebviewbytedance.so+0x023abb6b
E/TT_WEBVIEW_chromium( 9680): #03 0xd9560329 /data/data/com.bytedance.shell/files/webview_bytedance/ba9f63243d721e678d07b0cd20995325_md5/libwebviewbytedance.so+0x01d13329
E/TT_WEBVIEW_chromium( 9680): #04 0xd955dee9 /data/data/com.bytedance.shell/files/webview_bytedance/ba9f63243d721e678d07b0cd20995325_md5/libwebviewbytedance.so+0x01d10ee9
E/TT_WEBVIEW_chromium( 9680): #05 0xd955de33 /data/data/com.bytedance.shell/files/webview_bytedance/ba9f63243d721e678d07b0cd20995325_md5/libwebviewbytedance.so+0x01d10e33
E/TT_WEBVIEW_chromium( 9680): #06 0xd95601b5 /data/data/com.bytedance.shell/files/webview_bytedance/ba9f63243d721e678d07b0cd20995325_md5/libwebviewbytedance.so+0x01d131b5
E/TT_WEBVIEW_chromium( 9680): #07 0xd9556ef1 /data/data/com.bytedance.shell/files/webview_bytedance/ba9f63243d721e678d07b0cd20995325_md5/libwebviewbytedance.so+0x01d09ef1
E/TT_WEBVIEW_chromium( 9680): #08 0xd95565a7 /data/data/com.bytedance.shell/files/webview_bytedance/ba9f63243d721e678d07b0cd20995325_md5/libwebviewbytedance.so+0x01d095a7
E/TT_WEBVIEW_chromium( 9680): #09 0xda2d93a1 /data/data/com.bytedance.shell/files/webview_bytedance/ba9f63243d721e678d07b0cd20995325_md5/libwebviewbytedance.so+0x02a8c3a1
E/TT_WEBVIEW_chromium( 9680): #10 0xda2b398f /data/data/com.bytedance.shell/files/webview_bytedance/ba9f63243d721e678d07b0cd20995325_md5/libwebviewbytedance.so+0x02a6698f
E/TT_WEBVIEW_chromium( 9680): #11 0xda15b281 /data/data/com.bytedance.shell/files/webview_bytedance/ba9f63243d721e678d07b0cd20995325_md5/libwebviewbytedance.so+0x0290e281
E/TT_WEBVIEW_chromium( 9680): #12 0xda1499ef /data/data/com.bytedance.shell/files/webview_bytedance/ba9f63243d721e678d07b0cd20995325_md5/libwebviewbytedance.so+0x028fc9ef
E/TT_WEBVIEW_chromium( 9680): #13 0xda15b34f /data/data/com.bytedance.shell/files/webview_bytedance/ba9f63243d721e678d07b0cd20995325_md5/libwebviewbytedance.so+0x0290e34f
E/TT_WEBVIEW_chromium( 9680): #14 0xda13c061 /data/data/com.bytedance.shell/files/webview_bytedance/ba9f63243d721e678d07b0cd20995325_md5/libwebviewbytedance.so+0x028ef061
E/TT_WEBVIEW_chromium( 9680): #15 0xda0b2a27 /data/data/com.bytedance.shell/files/webview_bytedance/ba9f63243d721e678d07b0cd20995325_md5/libwebviewbytedance.so+0x02865a27
E/TT_WEBVIEW_chromium( 9680): #16 0xda13537d /data/data/com.bytedance.shell/files/webview_bytedance/ba9f63243d721e678d07b0cd20995325_md5/libwebviewbytedance.so+0x028e837d
E/TT_WEBVIEW_chromium( 9680): #17 0xda1530e7 /data/data/com.bytedance.shell/files/webview_bytedance/ba9f63243d721e678d07b0cd20995325_md5/libwebviewbytedance.so+0x029060e7
E/TT_WEBVIEW_chromium( 9680): #18 0xda151b1b /data/data/com.bytedance.shell/files/webview_bytedance/ba9f63243d721e678d07b0cd20995325_md5/libwebviewbytedance.so+0x02904b1b
E/TT_WEBVIEW_chromium( 9680): #19 0xda13a9f7 /data/data/com.bytedance.shell/files/webview_bytedance/ba9f63243d721e678d07b0cd20995325_md5/libwebviewbytedance.so+0x028ed9f7
E/TT_WEBVIEW_chromium( 9680): #20 0xda13a689 /data/data/com.bytedance.shell/files/webview_bytedance/ba9f63243d721e678d07b0cd20995325_md5/libwebviewbytedance.so+0x028ed689
E/TT_WEBVIEW_chromium( 9680): #21 0xda139aaf /data/data/com.bytedance.shell/files/webview_bytedance/ba9f63243d721e678d07b0cd20995325_md5/libwebviewbytedance.so+0x028ecaaf
E/TT_WEBVIEW_chromium( 9680): #22 0xda1398df /data/data/com.bytedance.shell/files/webview_bytedance/ba9f63243d721e678d07b0cd20995325_md5/libwebviewbytedance.so+0x028ec8df
E/TT_WEBVIEW_chromium( 9680): #23 0xd93d9b9b /data/data/com.bytedance.shell/files/webview_bytedance/ba9f63243d721e678d07b0cd20995325_md5/libwebviewbytedance.so+0x01b8cb9b
E/TT_WEBVIEW_chromium( 9680): #24 0xd93d9a1b /data/data/com.bytedance.shell/files/webview_bytedance/ba9f63243d721e678d07b0cd20995325_md5/libwebviewbytedance.so+0x01b8ca1b
E/TT_WEBVIEW_chromium( 9680): #25 0xd7b55b59 /data/data/com.bytedance.shell/files/webview_bytedance/ba9f63243d721e678d07b0cd20995325_md5/libwebviewbytedance.so+0x00308b59
E/TT_WEBVIEW_chromium( 9680): #26 0xd7b86e6d /data/data/com.bytedance.shell/files/webview_bytedance/ba9f63243d721e678d07b0cd20995325_md5/libwebviewbytedance.so+0x00339e6d
E/TT_WEBVIEW_chromium( 9680): #27 0xd956af9b /data/data/com.bytedance.shell/files/webview_bytedance/ba9f63243d721e678d07b0cd20995325_md5/libwebviewbytedance.so+0x01d1df9b
E/TT_WEBVIEW_chromium( 9680): #28 0xd9569e89 /data/data/com.bytedance.shell/files/webview_bytedance/ba9f63243d721e678d07b0cd20995325_md5
E/TT_WEBVIEW_CHROMIUM( 9680): [ERROR:web_url_loader_impl.cc(1246)] keiling LoadAsynchronously
E/TT_WEBVIEW_CHROMIUM( 9629): [ERROR:resource_dispatcher_host_impl.cc(2318)] keiling BeginRequestInternal
E/LYNX_TT_WEBVIEW( 9629): CError = [[ERROR][501753420391][Browser] resource_dispatcher_host_impl.cc:2318]: keiling BeginRequestInternal
E/LYNX_TT_WEBVIEW( 9629):  
E/TT_WEBVIEW_chromium( 9680): #00 0xd9bf8b51 /data/data/com.bytedance.shell/files/webview_bytedance/ba9f63243d721e678d07b0cd20995325_md5/libwebviewbytedance.so+0x023abb51
E/TT_WEBVIEW_chromium( 9680): #01 0xd9560329 /data/data/com.bytedance.shell/files/webview_bytedance/ba9f63243d721e678d07b0cd20995325_md5/libwebviewbytedance.so+0x01d13329
E/TT_WEBVIEW_chromium( 9680): #02 0xd955dee9 /data/data/com.bytedance.shell/files/webview_bytedance/ba9f63243d721e678d07b0cd20995325_md5/libwebviewbytedance.so+0x01d10ee9
E/TT_WEBVIEW_chromium( 9680): #03 0xd955de33 /data/data/com.bytedance.shell/files/webview_bytedance/ba9f63243d721e678d07b0cd20995325_md5/libwebviewbytedance.so+0x01d10e33
E/TT_WEBVIEW_chromium( 9680): #04 0xd95601b5 /data/data/com.bytedance.shell/files/webview_bytedance/ba9f63243d721e678d07b0cd20995325_md5/libwebviewbytedance.so+0x01d131b5
E/TT_WEBVIEW_chromium( 9680): #05 0xd9556ef1 /data/data/com.bytedance.shell/files/webview_bytedance/ba9f63243d721e678d07b0cd20995325_md5/libwebviewbytedance.so+0x01d09ef1
E/TT_WEBVIEW_chromium( 9680): #06 0xd95565a7 /data/data/com.bytedance.shell/files/webview_bytedance/ba9f63243d721e678d07b0cd20995325_md5/libwebviewbytedance.so+0x01d095a7
E/TT_WEBVIEW_chromium( 9680): #07 0xda2d93a1 /data/data/com.bytedance.shell/files/webview_bytedance/ba9f63243d721e678d07b0cd20995325_md5/libwebviewbytedance.so+0x02a8c3a1
E/TT_WEBVIEW_chromium( 9680): #08 0xda2b398f /data/data/com.bytedance.shell/files/webview_bytedance/ba9f63243d721e678d07b0cd20995325_md5/libwebviewbytedance.so+0x02a6698f
E/TT_WEBVIEW_chromium( 9680): #09 0xda15b281 /data/data/com.bytedance.shell/files/webview_bytedance/ba9f63243d721e678d07b0cd20995325_md5/libwebviewbytedance.so+0x0290e281
E/TT_WEBVIEW_chromium( 9680): #10 0xda1499ef /data/data/com.bytedance.shell/files/webview_bytedance/ba9f63243d721e678d07b0cd20995325_md5/libwebviewbytedance.so+0x028fc9ef
E/TT_WEBVIEW_chromium( 9680): #11 0xda15b34f /data/data/com.bytedance.shell/files/webview_bytedance/ba9f63243d721e678d07b0cd20995325_md5/libwebviewbytedance.so+0x0290e34f
E/TT_WEBVIEW_chromium( 9680): #12 0xda13c061 /data/data/com.bytedance.shell/files/webview_bytedance/ba9f63243d721e678d07b0cd20995325_md5/libwebviewbytedance.so+0x028ef061
E/TT_WEBVIEW_chromium( 9680): #13 0xda0b2a27 /data/data/com.bytedance.shell/files/webview_bytedance/ba9f63243d721e678d07b0cd20995325_md5/libwebviewbytedance.so+0x02865a27
E/TT_WEBVIEW_chromium( 9680): #14 0xda13537d /data/data/com.bytedance.shell/files/webview_bytedance/ba9f63243d721e678d07b0cd20995325_md5/libwebviewbytedance.so+0x028e837d
E/TT_WEBVIEW_chromium( 9680): #15 0xda1530e7 /data/data/com.bytedance.shell/files/webview_bytedance/ba9f63243d721e678d07b0cd20995325_md5/libwebviewbytedance.so+0x029060e7
E/TT_WEBVIEW_chromium( 9680): #16 0xda151b1b /data/data/com.bytedance.shell/files/webview_bytedance/ba9f63243d721e678d07b0cd20995325_md5/libwebviewbytedance.so+0x02904b1b
E/TT_WEBVIEW_chromium( 9680): #17 0xda13a9f7 /data/data/com.bytedance.shell/files/webview_bytedance/ba9f63243d721e678d07b0cd20995325_md5/libwebviewbytedance.so+0x028ed9f7
E/TT_WEBVIEW_chromium( 9680): #18 0xda13a689 /data/data/com.bytedance.shell/files/webview_bytedance/ba9f63243d721e678d07b0cd20995325_md5/libwebviewbytedance.so+0x028ed689
E/TT_WEBVIEW_chromium( 9680): #19 0xda139aaf /data/data/com.bytedance.shell/files/webview_bytedance/ba9f63243d721e678d07b0cd20995325_md5/libwebviewbytedance.so+0x028ecaaf
E/TT_WEBVIEW_chromium( 9680): #20 0xda1398df /data/data/com.bytedance.shell/files/webview_bytedance/ba9f63243d721e678d07b0cd20995325_md5/libwebviewbytedance.so+0x028ec8df
E/TT_WEBVIEW_chromium( 9680): #21 0xd93d9b9b /data/data/com.bytedance.shell/files/webview_bytedance/ba9f63243d721e678d07b0cd20995325_md5/libwebviewbytedance.so+0x01b8cb9b
E/TT_WEBVIEW_chromium( 9680): #22 0xd93d9a1b /data/data/com.bytedance.shell/files/webview_bytedance/ba9f63243d721e678d07b0cd20995325_md5/libwebviewbytedance.so+0x01b8ca1b
E/TT_WEBVIEW_chromium( 9680): #23 0xd7b55b59 /data/data/com.bytedance.shell/files/webview_bytedance/ba9f63243d721e678d07b0cd20995325_md5/libwebviewbytedance.so+0x00308b59
E/TT_WEBVIEW_chromium( 9680): #24 0xd7b86e6d /data/data/com.bytedance.shell/files/webview_bytedance/ba9f63243d721e678d07b0cd20995325_md5/libwebviewbytedance.so+0x00339e6d
E/TT_WEBVIEW_chromium( 9680): #25 0xd956af9b /data/data/com.bytedance.shell/files/webview_bytedance/ba9f63243d721e678d07b0cd20995325_md5/libwebviewbytedance.so+0x01d1df9b
E/TT_WEBVIEW_chromium( 9680): #26 0xd9569e89 /data/data/com.bytedance.shell/files/webview_bytedance/ba9f63243d721e678d07b0cd20995325_md5/libwebviewbytedance.so+0x01d1ce89
E/TT_WEBVIEW_chromium( 9680): #27 0xd7b55b59 /data/data/com.bytedance.shell/files/webview_bytedance/ba9f63243d721e678d07b0cd20995325_md5/libwebviewbytedance.so+0x00308b59
E/TT_WEBVIEW_chromium( 9680): #28 0xd7b86e6d /data/data/com.bytedance.shell/files/webview_bytedance/ba9f63243d721e678d07b0cd20995325_md5
E/TT_WEBVIEW_CHROMIUM( 9680): [ERROR:resource_dispatcher.cc(727)] keiling StartAsync
E/TT_WEBVIEW_chromium( 9629): #00 0xd643ef1f /data/data/com.bytedance.shell/files/webview_bytedance/ba9f63243d721e678d07b0cd20995325_md5/libwebviewbytedance.so+0x011f5f1f
E/TT_WEBVIEW_chromium( 9629): #01 0xd643e9ad /data/data/com.bytedance.shell/files/webview_bytedance/ba9f63243d721e678d07b0cd20995325_md5/libwebviewbytedance.so+0x011f59ad
E/TT_WEBVIEW_chromium( 9629): #02 0xd643d8e7 /data/data/com.bytedance.shell/files/webview_bytedance/ba9f63243d721e678d07b0cd20995325_md5/libwebviewbytedance.so+0x011f48e7
E/TT_WEBVIEW_chromium( 9629): #03 0xd643d467 /data/data/com.bytedance.shell/files/webview_bytedance/ba9f63243d721e678d07b0cd20995325_md5/libwebviewbytedance.so+0x011f4467
E/TT_WEBVIEW_chromium( 9629): #04 0xd643cef9 /data/data/com.bytedance.shell/files/webview_bytedance/ba9f63243d721e678d07b0cd20995325_md5/libwebviewbytedance.so+0x011f3ef9
E/TT_WEBVIEW_chromium( 9629): #05 0xd64414ed /data/data/com.bytedance.shell/files/webview_bytedance/ba9f63243d721e678d07b0cd20995325_md5/libwebviewbytedance.so+0x011f84ed
E/TT_WEBVIEW_chromium( 9629): #06 0xd643ce55 /data/data/com.bytedance.shell/files/webview_bytedance/ba9f63243d721e678d07b0cd20995325_md5/libwebviewbytedance.so+0x011f3e55
E/TT_WEBVIEW_chromium( 9629): #07 0xd643cba5 /data/data/com.bytedance.shell/files/webview_bytedance/ba9f63243d721e678d07b0cd20995325_md5/libwebviewbytedance.so+0x011f3ba5
E/TT_WEBVIEW_chromium( 9629): #08 0xd6445943 /data/data/com.bytedance.shell/files/webview_bytedance/ba9f63243d721e678d07b0cd20995325_md5/libwebviewbytedance.so+0x011fc943
E/TT_WEBVIEW_chromium( 9629): #09 0xd5d44c63 /data/data/com.bytedance.shell/files/webview_bytedance/ba9f63243d721e678d07b0cd20995325_md5/libwebviewbytedance.so+0x00afbc63
E/TT_WEBVIEW_chromium( 9629): #10 0xd5d44b6d /data/data/com.bytedance.shell/files/webview_bytedance/ba9f63243d721e678d07b0cd20995325_md5/libwebviewbytedance.so+0x00afbb6d
E/TT_WEBVIEW_chromium( 9629): #11 0xd5c90b7d /data/data/com.bytedance.shell/files/webview_bytedance/ba9f63243d721e678d07b0cd20995325_md5/libwebviewbytedance.so+0x00a47b7d
E/TT_WEBVIEW_chromium( 9629): #12 0xd5c8507f /data/data/com.bytedance.shell/files/webview_bytedance/ba9f63243d721e678d07b0cd20995325_md5/libwebviewbytedance.so+0x00a3c07f
E/TT_WEBVIEW_chromium( 9629): #13 0xd5c8e6b1 /data/data/com.bytedance.shell/files/webview_bytedance/ba9f63243d721e678d07b0cd20995325_md5/libwebviewbytedance.so+0x00a456b1
E/TT_WEBVIEW_chromium( 9629): #14 0xd5c83187 /data/data/com.bytedance.shell/files/webview_bytedance/ba9f63243d721e678d07b0cd20995325_md5/libwebviewbytedance.so+0x00a3a187
E/TT_WEBVIEW_chromium( 9629): #15 0xd5c88e67 /data/data/com.bytedance.shell/files/webview_bytedance/ba9f63243d721e678d07b0cd20995325_md5/libwebviewbytedance.so+0x00a3fe67
E/TT_WEBVIEW_chromium( 9629): #16 0xd5c917d1 /data/data/com.bytedance.shell/files/webview_bytedance/ba9f63243d721e678d07b0cd20995325_md5/libwebviewbytedance.so+0x00a487d1
E/TT_WEBVIEW_chromium( 9629): #17 0xd5c7596b /data/data/com.bytedance.shell/files/webview_bytedance/ba9f63243d721e678d07b0cd20995325_md5/libwebviewbytedance.so+0x00a2c96b
E/TT_WEBVIEW_chromium( 9629): #18 0xd5c75707 /data/data/com.bytedance.shell/files/webview_bytedance/ba9f63243d721e678d07b0cd20995325_md5/libwebviewbytedance.so+0x00a2c707
E/TT_WEBVIEW_chromium( 9629): #19 0xd5c762dd /data/data/com.bytedance.shell/files/webview_bytedance/ba9f63243d721e678d07b0cd20995325_md5/libwebviewbytedance.so+0x00a2d2dd
E/TT_WEBVIEW_chromium( 9629): #20 0xd5c8b563 /data/data/com.bytedance.shell/files/webview_bytedance/ba9f63243d721e678d07b0cd20995325_md5/libwebviewbytedance.so+0x00a42563
E/TT_WEBVIEW_chromium( 9629): #21 0xd5c75707 /data/data/com.bytedance.shell/files/webview_bytedance/ba9f63243d721e678d07b0cd20995325_md5/libwebviewbytedance.so+0x00a2c707
E/TT_WEBVIEW_chromium( 9629): #22 0xd5c72e4b /data/data/com.bytedance.shell/files/webview_bytedance/ba9f63243d721e678d07b0cd20995325_md5/libwebviewbytedance.so+0x00a29e4b
E/TT_WEBVIEW_chromium( 9629): #23 0xd5c7334b /data/data/com.bytedance.shell/files/webview_bytedance/ba9f63243d721e678d07b0cd20995325_md5/libwebviewbytedance.so+0x00a2a34b
E/TT_WEBVIEW_chromium( 9629): #24 0xd5c73299 /data/data/com.bytedance.shell/files/webview_bytedance/ba9f63243d721e678d07b0cd20995325_md5/libwebviewbytedance.so+0x00a2a299
E/TT_WEBVIEW_chromium( 9629): #25 0xd5c73a4b /data/data/com.bytedance.shell/files/webview_bytedance/ba9f63243d721e678d07b0cd20995325_md5/libwebviewbytedance.so+0x00a2aa4b
E/TT_WEBVIEW_chromium( 9629): #26 0xd5525f83 /data/data/com.bytedance.shell/files/webview_bytedance/ba9f63243d721e678d07b0cd20995325_md5/libwebviewbytedance.so+0x002dcf83
E/TT_WEBVIEW_chromium( 9629): #27 0xd558a127 /data/data/com.bytedance.shell/files/webview_bytedance/ba9f63243d721e678d07b0cd20995325_md5/libwebviewbytedance.so+0x00341127
E/TT_WEBVIEW_chromium( 9629): #28 0xd5c800bf /data/data/com.bytedance.shell/files/webview_bytedance/ba9f63243d721e678d07b0cd20995325_md5
E/TT_WEBVIEW_CHROMIUM( 9629): [ERROR:resource_dispatcher_host_impl.cc(2320)] keiling https://camo.githubusercontent.com/1d7b474b22d19e460d032c333c6f4097dbd2b538/68747470733a2f2f692e696d6775722e636f6d2f58666d37654b6a2e706e673f31
E/LYNX_TT_WEBVIEW( 9629): CError = [[ERROR][501753460300][Browser] resource_dispatcher_host_impl.cc:2320]: keiling https://camo.githubusercontent.com/1d7b474b22d19e460d032c333c6f4097dbd2b538/68747470733a2f2f692e696d6775722e636f6d2f58666d37654b6a2e706e673f31
E/LYNX_TT_WEBVIEW( 9629):  
E/LYNX_TT_WEBVIEW( 9629): CError = [[ERROR][501753419065][Render] web_url_loader_impl.cc:1246]: keiling LoadAsynchronously
E/LYNX_TT_WEBVIEW( 9629):  
E/LYNX_TT_WEBVIEW( 9629): CError = [[ERROR][501753447828][Render] resource_dispatcher.cc:727]: keiling StartAsync
E/LYNX_TT_WEBVIEW( 9629):  
E/TT_WEBVIEW_chromium( 9680): #00 0xd9be3c39 /data/data/com.bytedance.shell/files/webview_bytedance/ba9f63243d721e678d07b0cd20995325_md5/libwebviewbytedance.so+0x02396c39
E/TT_WEBVIEW_chromium( 9680): #01 0xd9bf6cef /data/data/com.bytedance.shell/files/webview_bytedance/ba9f63243d721e678d07b0cd20995325_md5/libwebviewbytedance.so+0x023a9cef
E/TT_WEBVIEW_chromium( 9680): #02 0xd9bf8b6b /data/data/com.bytedance.shell/files/webview_bytedance/ba9f63243d721e678d07b0cd20995325_md5/libwebviewbytedance.so+0x023abb6b
E/TT_WEBVIEW_chromium( 9680): #03 0xd9560329 /data/data/com.bytedance.shell/files/webview_bytedance/ba9f63243d721e678d07b0cd20995325_md5/libwebviewbytedance.so+0x01d13329
E/TT_WEBVIEW_chromium( 9680): #04 0xd955dee9 /data/data/com.bytedance.shell/files/webview_bytedance/ba9f63243d721e678d07b0cd20995325_md5/libwebviewbytedance.so+0x01d10ee9
E/TT_WEBVIEW_chromium( 9680): #05 0xd955de33 /data/data/com.bytedance.shell/files/webview_bytedance/ba9f63243d721e678d07b0cd20995325_md5/libwebviewbytedance.so+0x01d10e33
E/TT_WEBVIEW_chromium( 9680): #06 0xd95601b5 /data/data/com.bytedance.shell/files/webview_bytedance/ba9f63243d721e678d07b0cd20995325_md5/libwebviewbytedance.so+0x01d131b5
E/TT_WEBVIEW_chromium( 9680): #07 0xd9556ef1 /data/data/com.bytedance.shell/files/webview_bytedance/ba9f63243d721e678d07b0cd20995325_md5/libwebviewbytedance.so+0x01d09ef1
E/TT_WEBVIEW_chromium( 9680): #08 0xd95565a7 /data/data/com.bytedance.shell/files/webview_bytedance/ba9f63243d721e678d07b0cd20995325_md5/libwebviewbytedance.so+0x01d095a7
E/TT_WEBVIEW_chromium( 9680): #09 0xda2d93a1 /data/data/com.bytedance.shell/files/webview_bytedance/ba9f63243d721e678d07b0cd20995325_md5/libwebviewbytedance.so+0x02a8c3a1
E/TT_WEBVIEW_chromium( 9680): #10 0xda2b398f /data/data/com.bytedance.shell/files/webview_bytedance/ba9f63243d721e678d07b0cd20995325_md5/libwebviewbytedance.so+0x02a6698f
E/TT_WEBVIEW_chromium( 9680): #11 0xda15b281 /data/data/com.bytedance.shell/files/webview_bytedance/ba9f63243d721e678d07b0cd20995325_md5/libwebviewbytedance.so+0x0290e281
E/TT_WEBVIEW_chromium( 9680): #12 0xda1499ef /data/data/com.bytedance.shell/files/webview_bytedance/ba9f63243d721e678d07b0cd20995325_md5/libwebviewbytedance.so+0x028fc9ef
E/TT_WEBVIEW_chromium( 9680): #13 0xda15b34f /data/data/com.bytedance.shell/files/webview_bytedance/ba9f63243d721e678d07b0cd20995325_md5/libwebviewbytedance.so+0x0290e34f
E/TT_WEBVIEW_chromium( 9680): #14 0xda13c061 /data/data/com.bytedance.shell/files/webview_bytedance/ba9f63243d721e678d07b0cd20995325_md5/libwebviewbytedance.so+0x028ef061
E/TT_WEBVIEW_chromium( 9680): #15 0xda0b2a27 /data/data/com.bytedance.shell/files/webview_bytedance/ba9f63243d721e678d07b0cd20995325_md5/libwebviewbytedance.so+0x02865a27
E/TT_WEBVIEW_chromium( 9680): #16 0xda13537d /data/data/com.bytedance.shell/files/webview_bytedance/ba9f63243d721e678d07b0cd20995325_md5/libwebviewbytedance.so+0x028e837d
E/TT_WEBVIEW_chromium( 9680): #17 0xda1530e7 /data/data/com.bytedance.shell/files/webview_bytedance/ba9f63243d721e678d07b0cd20995325_md5/libwebviewbytedance.so+0x029060e7
E/TT_WEBVIEW_chromium( 9680): #18 0xda151b1b /data/data/com.bytedance.shell/files/webview_bytedance/ba9f63243d721e678d07b0cd20995325_md5/libwebviewbytedance.so+0x02904b1b
E/TT_WEBVIEW_chromium( 9680): #19 0xda13a9f7 /data/data/com.bytedance.shell/files/webview_bytedance/ba9f63243d721e678d07b0cd20995325_md5/libwebviewbytedance.so+0x028ed9f7
E/TT_WEBVIEW_chromium( 9680): #20 0xda13a689 /data/data/com.bytedance.shell/files/webview_bytedance/ba9f63243d721e678d07b0cd20995325_md5/libwebviewbytedance.so+0x028ed689
E/TT_WEBVIEW_chromium( 9680): #21 0xda139aaf /data/data/com.bytedance.shell/files/webview_bytedance/ba9f63243d721e678d07b0cd20995325_md5/libwebviewbytedance.so+0x028ecaaf
E/TT_WEBVIEW_chromium( 9680): #22 0xda1398df /data/data/com.bytedance.shell/files/webview_bytedance/ba9f63243d721e678d07b0cd20995325_md5/libwebviewbytedance.so+0x028ec8df
E/TT_WEBVIEW_chromium( 9680): #23 0xd93d9b9b /data/data/com.bytedance.shell/files/webview_bytedance/ba9f63243d721e678d07b0cd20995325_md5/libwebviewbytedance.so+0x01b8cb9b
E/TT_WEBVIEW_chromium( 9680): #24 0xd93d9a1b /data/data/com.bytedance.shell/files/webview_bytedance/ba9f63243d721e678d07b0cd20995325_md5/libwebviewbytedance.so+0x01b8ca1b
E/TT_WEBVIEW_chromium( 9680): #25 0xd7b55b59 /data/data/com.bytedance.shell/files/webview_bytedance/ba9f63243d721e678d07b0cd20995325_md5/libwebviewbytedance.so+0x00308b59
E/TT_WEBVIEW_chromium( 9680): #26 0xd7b86e6d /data/data/com.bytedance.shell/files/webview_bytedance/ba9f63243d721e678d07b0cd20995325_md5/libwebviewbytedance.so+0x00339e6d
E/TT_WEBVIEW_chromium( 9680): #27 0xd956af9b /data/data/com.bytedance.shell/files/webview_bytedance/ba9f63243d721e678d07b0cd20995325_md5/libwebviewbytedance.so+0x01d1df9b
E/TT_WEBVIEW_chromium( 9680): #28 0xd9569e89 /data/data/com.bytedance.shell/files/webview_bytedance/ba9f63243d721e678d07b0cd20995325_md5
E/TT_WEBVIEW_CHROMIUM( 9680): [ERROR:web_url_loader_impl.cc(1246)] keiling LoadAsynchronously
E/TT_WEBVIEW_CHROMIUM( 9629): [ERROR:resource_dispatcher_host_impl.cc(2318)] keiling BeginRequestInternal
E/LYNX_TT_WEBVIEW( 9629): CError = [[ERROR][501753478192][Browser] resource_dispatcher_host_impl.cc:2318]: keiling BeginRequestInternal
E/LYNX_TT_WEBVIEW( 9629):  
E/TT_WEBVIEW_chromium( 9680): #00 0xd9bf8b51 /data/data/com.bytedance.shell/files/webview_bytedance/ba9f63243d721e678d07b0cd20995325_md5/libwebviewbytedance.so+0x023abb51
E/TT_WEBVIEW_chromium( 9680): #01 0xd9560329 /data/data/com.bytedance.shell/files/webview_bytedance/ba9f63243d721e678d07b0cd20995325_md5/libwebviewbytedance.so+0x01d13329
E/TT_WEBVIEW_chromium( 9680): #02 0xd955dee9 /data/data/com.bytedance.shell/files/webview_bytedance/ba9f63243d721e678d07b0cd20995325_md5/libwebviewbytedance.so+0x01d10ee9
E/TT_WEBVIEW_chromium( 9680): #03 0xd955de33 /data/data/com.bytedance.shell/files/webview_bytedance/ba9f63243d721e678d07b0cd20995325_md5/libwebviewbytedance.so+0x01d10e33
E/TT_WEBVIEW_chromium( 9680): #04 0xd95601b5 /data/data/com.bytedance.shell/files/webview_bytedance/ba9f63243d721e678d07b0cd20995325_md5/libwebviewbytedance.so+0x01d131b5
E/TT_WEBVIEW_chromium( 9680): #05 0xd9556ef1 /data/data/com.bytedance.shell/files/webview_bytedance/ba9f63243d721e678d07b0cd20995325_md5/libwebviewbytedance.so+0x01d09ef1
E/TT_WEBVIEW_chromium( 9680): #06 0xd95565a7 /data/data/com.bytedance.shell/files/webview_bytedance/ba9f63243d721e678d07b0cd20995325_md5/libwebviewbytedance.so+0x01d095a7
E/TT_WEBVIEW_chromium( 9680): #07 0xda2d93a1 /data/data/com.bytedance.shell/files/webview_bytedance/ba9f63243d721e678d07b0cd20995325_md5/libwebviewbytedance.so+0x02a8c3a1
E/TT_WEBVIEW_chromium( 9680): #08 0xda2b398f /data/data/com.bytedance.shell/files/webview_bytedance/ba9f63243d721e678d07b0cd20995325_md5/libwebviewbytedance.so+0x02a6698f
E/TT_WEBVIEW_chromium( 9680): #09 0xda15b281 /data/data/com.bytedance.shell/files/webview_bytedance/ba9f63243d721e678d07b0cd20995325_md5/libwebviewbytedance.so+0x0290e281
E/TT_WEBVIEW_chromium( 9680): #10 0xda1499ef /data/data/com.bytedance.shell/files/webview_bytedance/ba9f63243d721e678d07b0cd20995325_md5/libwebviewbytedance.so+0x028fc9ef
E/TT_WEBVIEW_chromium( 9680): #11 0xda15b34f /data/data/com.bytedance.shell/files/webview_bytedance/ba9f63243d721e678d07b0cd20995325_md5/libwebviewbytedance.so+0x0290e34f
E/TT_WEBVIEW_chromium( 9680): #12 0xda13c061 /data/data/com.bytedance.shell/files/webview_bytedance/ba9f63243d721e678d07b0cd20995325_md5/libwebviewbytedance.so+0x028ef061
E/TT_WEBVIEW_chromium( 9680): #13 0xda0b2a27 /data/data/com.bytedance.shell/files/webview_bytedance/ba9f63243d721e678d07b0cd20995325_md5/libwebviewbytedance.so+0x02865a27
E/TT_WEBVIEW_chromium( 9680): #14 0xda13537d /data/data/com.bytedance.shell/files/webview_bytedance/ba9f63243d721e678d07b0cd20995325_md5/libwebviewbytedance.so+0x028e837d
E/TT_WEBVIEW_chromium( 9680): #15 0xda1530e7 /data/data/com.bytedance.shell/files/webview_bytedance/ba9f63243d721e678d07b0cd20995325_md5/libwebviewbytedance.so+0x029060e7
E/TT_WEBVIEW_chromium( 9680): #16 0xda151b1b /data/data/com.bytedance.shell/files/webview_bytedance/ba9f63243d721e678d07b0cd20995325_md5/libwebviewbytedance.so+0x02904b1b
E/TT_WEBVIEW_chromium( 9680): #17 0xda13a9f7 /data/data/com.bytedance.shell/files/webview_bytedance/ba9f63243d721e678d07b0cd20995325_md5/libwebviewbytedance.so+0x028ed9f7
E/TT_WEBVIEW_chromium( 9680): #18 0xda13a689 /data/data/com.bytedance.shell/files/webview_bytedance/ba9f63243d721e678d07b0cd20995325_md5/libwebviewbytedance.so+0x028ed689
E/TT_WEBVIEW_chromium( 9680): #19 0xda139aaf /data/data/com.bytedance.shell/files/webview_bytedance/ba9f63243d721e678d07b0cd20995325_md5/libwebviewbytedance.so+0x028ecaaf
E/TT_WEBVIEW_chromium( 9680): #20 0xda1398df /data/data/com.bytedance.shell/files/webview_bytedance/ba9f63243d721e678d07b0cd20995325_md5/libwebviewbytedance.so+0x028ec8df
E/TT_WEBVIEW_chromium( 9680): #21 0xd93d9b9b /data/data/com.bytedance.shell/files/webview_bytedance/ba9f63243d721e678d07b0cd20995325_md5/libwebviewbytedance.so+0x01b8cb9b
E/TT_WEBVIEW_chromium( 9680): #22 0xd93d9a1b /data/data/com.bytedance.shell/files/webview_bytedance/ba9f63243d721e678d07b0cd20995325_md5/libwebviewbytedance.so+0x01b8ca1b
E/TT_WEBVIEW_chromium( 9680): #23 0xd7b55b59 /data/data/com.bytedance.shell/files/webview_bytedance/ba9f63243d721e678d07b0cd20995325_md5/libwebviewbytedance.so+0x00308b59
E/TT_WEBVIEW_chromium( 9680): #24 0xd7b86e6d /data/data/com.bytedance.shell/files/webview_bytedance/ba9f63243d721e678d07b0cd20995325_md5/libwebviewbytedance.so+0x00339e6d
E/TT_WEBVIEW_chromium( 9680): #25 0xd956af9b /data/data/com.bytedance.shell/files/webview_bytedance/ba9f63243d721e678d07b0cd20995325_md5/libwebviewbytedance.so+0x01d1df9b
E/TT_WEBVIEW_chromium( 9680): #26 0xd9569e89 /data/data/com.bytedance.shell/files/webview_bytedance/ba9f63243d721e678d07b0cd20995325_md5/libwebviewbytedance.so+0x01d1ce89
E/TT_WEBVIEW_chromium( 9680): #27 0xd7b55b59 /data/data/com.bytedance.shell/files/webview_bytedance/ba9f63243d721e678d07b0cd20995325_md5/libwebviewbytedance.so+0x00308b59
E/TT_WEBVIEW_chromium( 9680): #28 0xd7b86e6d /data/data/com.bytedance.shell/files/webview_bytedance/ba9f63243d721e678d07b0cd20995325_md5
E/TT_WEBVIEW_CHROMIUM( 9680): [ERROR:resource_dispatcher.cc(727)] keiling StartAsync
E/TT_WEBVIEW_chromium( 9629): #00 0xd643ef1f /data/data/com.bytedance.shell/files/webview_bytedance/ba9f63243d721e678d07b0cd20995325_md5/libwebviewbytedance.so+0x011f5f1f
E/TT_WEBVIEW_chromium( 9629): #01 0xd643e9ad /data/data/com.bytedance.shell/files/webview_bytedance/ba9f63243d721e678d07b0cd20995325_md5/libwebviewbytedance.so+0x011f59ad
E/TT_WEBVIEW_chromium( 9629): #02 0xd643d8e7 /data/data/com.bytedance.shell/files/webview_bytedance/ba9f63243d721e678d07b0cd20995325_md5/libwebviewbytedance.so+0x011f48e7
E/TT_WEBVIEW_chromium( 9629): #03 0xd643d467 /data/data/com.bytedance.shell/files/webview_bytedance/ba9f63243d721e678d07b0cd20995325_md5/libwebviewbytedance.so+0x011f4467
E/TT_WEBVIEW_chromium( 9629): #04 0xd643cef9 /data/data/com.bytedance.shell/files/webview_bytedance/ba9f63243d721e678d07b0cd20995325_md5/libwebviewbytedance.so+0x011f3ef9
E/TT_WEBVIEW_chromium( 9629): #05 0xd64414ed /data/data/com.bytedance.shell/files/webview_bytedance/ba9f63243d721e678d07b0cd20995325_md5/libwebviewbytedance.so+0x011f84ed
E/TT_WEBVIEW_chromium( 9629): #06 0xd643ce55 /data/data/com.bytedance.shell/files/webview_bytedance/ba9f63243d721e678d07b0cd20995325_md5/libwebviewbytedance.so+0x011f3e55
E/TT_WEBVIEW_chromium( 9629): #07 0xd643cba5 /data/data/com.bytedance.shell/files/webview_bytedance/ba9f63243d721e678d07b0cd20995325_md5/libwebviewbytedance.so+0x011f3ba5
E/TT_WEBVIEW_chromium( 9629): #08 0xd6445943 /data/data/com.bytedance.shell/files/webview_bytedance/ba9f63243d721e678d07b0cd20995325_md5/libwebviewbytedance.so+0x011fc943
E/TT_WEBVIEW_chromium( 9629): #09 0xd5d44c63 /data/data/com.bytedance.shell/files/webview_bytedance/ba9f63243d721e678d07b0cd20995325_md5/libwebviewbytedance.so+0x00afbc63
E/TT_WEBVIEW_chromium( 9629): #10 0xd5d44b6d /data/data/com.bytedance.shell/files/webview_bytedance/ba9f63243d721e678d07b0cd20995325_md5/libwebviewbytedance.so+0x00afbb6d
E/TT_WEBVIEW_chromium( 9629): #11 0xd5c90b7d /data/data/com.bytedance.shell/files/webview_bytedance/ba9f63243d721e678d07b0cd20995325_md5/libwebviewbytedance.so+0x00a47b7d
E/TT_WEBVIEW_chromium( 9629): #12 0xd5c8507f /data/data/com.bytedance.shell/files/webview_bytedance/ba9f63243d721e678d07b0cd20995325_md5/libwebviewbytedance.so+0x00a3c07f
E/TT_WEBVIEW_chromium( 9629): #13 0xd5c8e6b1 /data/data/com.bytedance.shell/files/webview_bytedance/ba9f63243d721e678d07b0cd20995325_md5/libwebviewbytedance.so+0x00a456b1
E/TT_WEBVIEW_chromium( 9629): #14 0xd5c83187 /data/data/com.bytedance.shell/files/webview_bytedance/ba9f63243d721e678d07b0cd20995325_md5/libwebviewbytedance.so+0x00a3a187
E/TT_WEBVIEW_chromium( 9629): #15 0xd5c88e67 /data/data/com.bytedance.shell/files/webview_bytedance/ba9f63243d721e678d07b0cd20995325_md5/libwebviewbytedance.so+0x00a3fe67
E/TT_WEBVIEW_chromium( 9629): #16 0xd5c917d1 /data/data/com.bytedance.shell/files/webview_bytedance/ba9f63243d721e678d07b0cd20995325_md5/libwebviewbytedance.so+0x00a487d1
E/TT_WEBVIEW_chromium( 9629): #17 0xd5c7596b /data/data/com.bytedance.shell/files/webview_bytedance/ba9f63243d721e678d07b0cd20995325_md5/libwebviewbytedance.so+0x00a2c96b
E/TT_WEBVIEW_chromium( 9629): #18 0xd5c75707 /data/data/com.bytedance.shell/files/webview_bytedance/ba9f63243d721e678d07b0cd20995325_md5/libwebviewbytedance.so+0x00a2c707
E/TT_WEBVIEW_chromium( 9629): #19 0xd5c762dd /data/data/com.bytedance.shell/files/webview_bytedance/ba9f63243d721e678d07b0cd20995325_md5/libwebviewbytedance.so+0x00a2d2dd
E/TT_WEBVIEW_chromium( 9629): #20 0xd5c8b563 /data/data/com.bytedance.shell/files/webview_bytedance/ba9f63243d721e678d07b0cd20995325_md5/libwebviewbytedance.so+0x00a42563
E/TT_WEBVIEW_chromium( 9629): #21 0xd5c75707 /data/data/com.bytedance.shell/files/webview_bytedance/ba9f63243d721e678d07b0cd20995325_md5/libwebviewbytedance.so+0x00a2c707
E/TT_WEBVIEW_chromium( 9629): #22 0xd5c72e4b /data/data/com.bytedance.shell/files/webview_bytedance/ba9f63243d721e678d07b0cd20995325_md5/libwebviewbytedance.so+0x00a29e4b
E/TT_WEBVIEW_chromium( 9629): #23 0xd5c7334b /data/data/com.bytedance.shell/files/webview_bytedance/ba9f63243d721e678d07b0cd20995325_md5/libwebviewbytedance.so+0x00a2a34b
E/TT_WEBVIEW_chromium( 9629): #24 0xd5c73299 /data/data/com.bytedance.shell/files/webview_bytedance/ba9f63243d721e678d07b0cd20995325_md5/libwebviewbytedance.so+0x00a2a299
E/TT_WEBVIEW_chromium( 9629): #25 0xd5c73a4b /data/data/com.bytedance.shell/files/webview_bytedance/ba9f63243d721e678d07b0cd20995325_md5/libwebviewbytedance.so+0x00a2aa4b
E/TT_WEBVIEW_chromium( 9629): #26 0xd5525f83 /data/data/com.bytedance.shell/files/webview_bytedance/ba9f63243d721e678d07b0cd20995325_md5/libwebviewbytedance.so+0x002dcf83
E/TT_WEBVIEW_chromium( 9629): #27 0xd558a127 /data/data/com.bytedance.shell/files/webview_bytedance/ba9f63243d721e678d07b0cd20995325_md5/libwebviewbytedance.so+0x00341127
E/TT_WEBVIEW_chromium( 9629): #28 0xd5c800bf /data/data/com.bytedance.shell/files/webview_bytedance/ba9f63243d721e678d07b0cd20995325_md5
E/TT_WEBVIEW_CHROMIUM( 9629): [ERROR:resource_dispatcher_host_impl.cc(2320)] keiling https://res.cloudinary.com/practicaldev/image/fetch/s--QX1Mi1hE--/c_limit%2Cf_auto%2Cfl_progressive%2Cq_auto%2Cw_880/https://raw.githubusercontent.com/alrra/browser-logos/master/src/edge/edge_48x48.png
E/LYNX_TT_WEBVIEW( 9629): CError = [[ERROR][501753518497][Browser] resource_dispatcher_host_impl.cc:2320]: keiling https://res.cloudinary.com/practicaldev/image/fetch/s--QX1Mi1hE--/c_limit%2Cf_auto%2Cfl_progressive%2Cq_auto%2Cw_880/https://raw.githubusercontent.com/alrra/browser-logos/master/src/edge/edge_48x48.png
E/LYNX_TT_WEBVIEW( 9629):  
E/LYNX_TT_WEBVIEW( 9629): CError = [[ERROR][501753477094][Render] web_url_loader_impl.cc:1246]: keiling LoadAsynchronously
E/LYNX_TT_WEBVIEW( 9629):  
E/LYNX_TT_WEBVIEW( 9629): CError = [[ERROR][501753505808][Render] resource_dispatcher.cc:727]: keiling StartAsync
E/LYNX_TT_WEBVIEW( 9629):  
E/TT_WEBVIEW_chromium( 9680): #00 0xd9be3c39 /data/data/com.bytedance.shell/files/webview_bytedance/ba9f63243d721e678d07b0cd20995325_md5/libwebviewbytedance.so+0x02396c39
E/TT_WEBVIEW_chromium( 9680): #01 0xd9bf6cef /data/data/com.bytedance.shell/files/webview_bytedance/ba9f63243d721e678d07b0cd20995325_md5/libwebviewbytedance.so+0x023a9cef
E/TT_WEBVIEW_chromium( 9680): #02 0xd9bf8b6b /data/data/com.bytedance.shell/files/webview_bytedance/ba9f63243d721e678d07b0cd20995325_md5/libwebviewbytedance.so+0x023abb6b
E/TT_WEBVIEW_chromium( 9680): #03 0xd9560329 /data/data/com.bytedance.shell/files/webview_bytedance/ba9f63243d721e678d07b0cd20995325_md5/libwebviewbytedance.so+0x01d13329
E/TT_WEBVIEW_chromium( 9680): #04 0xd955dee9 /data/data/com.bytedance.shell/files/webview_bytedance/ba9f63243d721e678d07b0cd20995325_md5/libwebviewbytedance.so+0x01d10ee9
E/TT_WEBVIEW_chromium( 9680): #05 0xd955de33 /data/data/com.bytedance.shell/files/webview_bytedance/ba9f63243d721e678d07b0cd20995325_md5/libwebviewbytedance.so+0x01d10e33
E/TT_WEBVIEW_chromium( 9680): #06 0xd95601b5 /data/data/com.bytedance.shell/files/webview_bytedance/ba9f63243d721e678d07b0cd20995325_md5/libwebviewbytedance.so+0x01d131b5
E/TT_WEBVIEW_chromium( 9680): #07 0xd9556ef1 /data/data/com.bytedance.shell/files/webview_bytedance/ba9f63243d721e678d07b0cd20995325_md5/libwebviewbytedance.so+0x01d09ef1
E/TT_WEBVIEW_chromium( 9680): #08 0xd95565a7 /data/data/com.bytedance.shell/files/webview_bytedance/ba9f63243d721e678d07b0cd20995325_md5/libwebviewbytedance.so+0x01d095a7
E/TT_WEBVIEW_chromium( 9680): #09 0xda2d93a1 /data/data/com.bytedance.shell/files/webview_bytedance/ba9f63243d721e678d07b0cd20995325_md5/libwebviewbytedance.so+0x02a8c3a1
E/TT_WEBVIEW_chromium( 9680): #10 0xda2b398f /data/data/com.bytedance.shell/files/webview_bytedance/ba9f63243d721e678d07b0cd20995325_md5/libwebviewbytedance.so+0x02a6698f
E/TT_WEBVIEW_chromium( 9680): #11 0xda15b281 /data/data/com.bytedance.shell/files/webview_bytedance/ba9f63243d721e678d07b0cd20995325_md5/libwebviewbytedance.so+0x0290e281
E/TT_WEBVIEW_chromium( 9680): #12 0xda1499ef /data/data/com.bytedance.shell/files/webview_bytedance/ba9f63243d721e678d07b0cd20995325_md5/libwebviewbytedance.so+0x028fc9ef
E/TT_WEBVIEW_chromium( 9680): #13 0xda15b34f /data/data/com.bytedance.shell/files/webview_bytedance/ba9f63243d721e678d07b0cd20995325_md5/libwebviewbytedance.so+0x0290e34f
E/TT_WEBVIEW_chromium( 9680): #14 0xda13c061 /data/data/com.bytedance.shell/files/webview_bytedance/ba9f63243d721e678d07b0cd20995325_md5/libwebviewbytedance.so+0x028ef061
E/TT_WEBVIEW_chromium( 9680): #15 0xda0b2a27 /data/data/com.bytedance.shell/files/webview_bytedance/ba9f63243d721e678d07b0cd20995325_md5/libwebviewbytedance.so+0x02865a27
E/TT_WEBVIEW_chromium( 9680): #16 0xda13537d /data/data/com.bytedance.shell/files/webview_bytedance/ba9f63243d721e678d07b0cd20995325_md5/libwebviewbytedance.so+0x028e837d
E/TT_WEBVIEW_chromium( 9680): #17 0xda1530e7 /data/data/com.bytedance.shell/files/webview_bytedance/ba9f63243d721e678d07b0cd20995325_md5/libwebviewbytedance.so+0x029060e7
E/TT_WEBVIEW_chromium( 9680): #18 0xda151b1b /data/data/com.bytedance.shell/files/webview_bytedance/ba9f63243d721e678d07b0cd20995325_md5/libwebviewbytedance.so+0x02904b1b
E/TT_WEBVIEW_chromium( 9680): #19 0xda13a9f7 /data/data/com.bytedance.shell/files/webview_bytedance/ba9f63243d721e678d07b0cd20995325_md5/libwebviewbytedance.so+0x028ed9f7
E/TT_WEBVIEW_chromium( 9680): #20 0xda13a689 /data/data/com.bytedance.shell/files/webview_bytedance/ba9f63243d721e678d07b0cd20995325_md5/libwebviewbytedance.so+0x028ed689
E/TT_WEBVIEW_chromium( 9680): #21 0xda139aaf /data/data/com.bytedance.shell/files/webview_bytedance/ba9f63243d721e678d07b0cd20995325_md5/libwebviewbytedance.so+0x028ecaaf
E/TT_WEBVIEW_chromium( 9680): #22 0xda1398df /data/data/com.bytedance.shell/files/webview_bytedance/ba9f63243d721e678d07b0cd20995325_md5/libwebviewbytedance.so+0x028ec8df
E/TT_WEBVIEW_chromium( 9680): #23 0xd93d9b9b /data/data/com.bytedance.shell/files/webview_bytedance/ba9f63243d721e678d07b0cd20995325_md5/libwebviewbytedance.so+0x01b8cb9b
E/TT_WEBVIEW_chromium( 9680): #24 0xd93d9a1b /data/data/com.bytedance.shell/files/webview_bytedance/ba9f63243d721e678d07b0cd20995325_md5/libwebviewbytedance.so+0x01b8ca1b
E/TT_WEBVIEW_chromium( 9680): #25 0xd7b55b59 /data/data/com.bytedance.shell/files/webview_bytedance/ba9f63243d721e678d07b0cd20995325_md5/libwebviewbytedance.so+0x00308b59
E/TT_WEBVIEW_chromium( 9680): #26 0xd7b86e6d /data/data/com.bytedance.shell/files/webview_bytedance/ba9f63243d721e678d07b0cd20995325_md5/libwebviewbytedance.so+0x00339e6d
E/TT_WEBVIEW_chromium( 9680): #27 0xd956af9b /data/data/com.bytedance.shell/files/webview_bytedance/ba9f63243d721e678d07b0cd20995325_md5/libwebviewbytedance.so+0x01d1df9b
E/TT_WEBVIEW_chromium( 9680): #28 0xd9569e89 /data/data/com.bytedance.shell/files/webview_bytedance/ba9f63243d721e678d07b0cd20995325_md5
E/TT_WEBVIEW_CHROMIUM( 9680): [ERROR:web_url_loader_impl.cc(1246)] keiling LoadAsynchronously
E/TT_WEBVIEW_CHROMIUM( 9629): [ERROR:resource_dispatcher_host_impl.cc(2318)] keiling BeginRequestInternal
E/LYNX_TT_WEBVIEW( 9629): CError = [[ERROR][501753535818][Browser] resource_dispatcher_host_impl.cc:2318]: keiling BeginRequestInternal
E/LYNX_TT_WEBVIEW( 9629):  
E/TT_WEBVIEW_chromium( 9680): #00 0xd9bf8b51 /data/data/com.bytedance.shell/files/webview_bytedance/ba9f63243d721e678d07b0cd20995325_md5/libwebviewbytedance.so+0x023abb51
E/TT_WEBVIEW_chromium( 9680): #01 0xd9560329 /data/data/com.bytedance.shell/files/webview_bytedance/ba9f63243d721e678d07b0cd20995325_md5/libwebviewbytedance.so+0x01d13329
E/TT_WEBVIEW_chromium( 9680): #02 0xd955dee9 /data/data/com.bytedance.shell/files/webview_bytedance/ba9f63243d721e678d07b0cd20995325_md5/libwebviewbytedance.so+0x01d10ee9
E/TT_WEBVIEW_chromium( 9680): #03 0xd955de33 /data/data/com.bytedance.shell/files/webview_bytedance/ba9f63243d721e678d07b0cd20995325_md5/libwebviewbytedance.so+0x01d10e33
E/TT_WEBVIEW_chromium( 9680): #04 0xd95601b5 /data/data/com.bytedance.shell/files/webview_bytedance/ba9f63243d721e678d07b0cd20995325_md5/libwebviewbytedance.so+0x01d131b5
E/TT_WEBVIEW_chromium( 9680): #05 0xd9556ef1 /data/data/com.bytedance.shell/files/webview_bytedance/ba9f632