E/TT_WEBVIEW_chromium(13845): #12 0xda766be3 /data/data/com.bytedance.shell/files/webview_bytedance/ba9f63243d721e678d07b0cd20995325_md5/libwebviewbytedance.so+0x02f1abe3
E/TT_WEBVIEW_chromium(13845): #13 0xda763ee7 /data/data/com.bytedance.shell/files/webview_bytedance/ba9f63243d721e678d07b0cd20995325_md5/libwebviewbytedance.so+0x02f17ee7
E/TT_WEBVIEW_chromium(13845): #14 0xda771b45 /data/data/com.bytedance.shell/files/webview_bytedance/ba9f63243d721e678d07b0cd20995325_md5/libwebviewbytedance.so+0x02f25b45
E/TT_WEBVIEW_chromium(13845): #15 0xda771b13 /data/data/com.bytedance.shell/files/webview_bytedance/ba9f63243d721e678d07b0cd20995325_md5/libwebviewbytedance.so+0x02f25b13
E/TT_WEBVIEW_chromium(13845): #16 0xda763c8f /data/data/com.bytedance.shell/files/webview_bytedance/ba9f63243d721e678d07b0cd20995325_md5/libwebviewbytedance.so+0x02f17c8f
E/TT_WEBVIEW_chromium(13845): #17 0xda75f9f1 /data/data/com.bytedance.shell/files/webview_bytedance/ba9f63243d721e678d07b0cd20995325_md5/libwebviewbytedance.so+0x02f139f1
E/TT_WEBVIEW_chromium(13845): #18 0xd9bc4a7d /data/data/com.bytedance.shell/files/webview_bytedance/ba9f63243d721e678d07b0cd20995325_md5/libwebviewbytedance.so+0x02378a7d
E/TT_WEBVIEW_chromium(13845): #19 0xd8288395 /data/data/com.bytedance.shell/files/webview_bytedance/ba9f63243d721e678d07b0cd20995325_md5/libwebviewbytedance.so+0x00a3c395
E/TT_WEBVIEW_chromium(13845): #20 0xd7b54b59 /data/data/com.bytedance.shell/files/webview_bytedance/ba9f63243d721e678d07b0cd20995325_md5/libwebviewbytedance.so+0x00308b59
E/TT_WEBVIEW_chromium(13845): #21 0xd7b85e6d /data/data/com.bytedance.shell/files/webview_bytedance/ba9f63243d721e678d07b0cd20995325_md5/libwebviewbytedance.so+0x00339e6d
E/TT_WEBVIEW_chromium(13845): #22 0xd956a2cb /data/data/com.bytedance.shell/files/webview_bytedance/ba9f63243d721e678d07b0cd20995325_md5/libwebviewbytedance.so+0x01d1e2cb
E/TT_WEBVIEW_chromium(13845): #23 0xd95691b9 /data/data/com.bytedance.shell/files/webview_bytedance/ba9f63243d721e678d07b0cd20995325_md5/libwebviewbytedance.so+0x01d1d1b9
E/TT_WEBVIEW_chromium(13845): #24 0xd7b54b59 /data/data/com.bytedance.shell/files/webview_bytedance/ba9f63243d721e678d07b0cd20995325_md5/libwebviewbytedance.so+0x00308b59
E/TT_WEBVIEW_chromium(13845): #25 0xd7b85e6d /data/data/com.bytedance.shell/files/webview_bytedance/ba9f63243d721e678d07b0cd20995325_md5/libwebviewbytedance.so+0x00339e6d
E/TT_WEBVIEW_chromium(13845): #26 0xd7b9e385 /data/data/com.bytedance.shell/files/webview_bytedance/ba9f63243d721e678d07b0cd20995325_md5/libwebviewbytedance.so+0x00352385
E/TT_WEBVIEW_chromium(13845): #27 0xd7b9e575 /data/data/com.bytedance.shell/files/webview_bytedance/ba9f63243d721e678d07b0cd20995325_md5/libwebviewbytedance.so+0x00352575
E/TT_WEBVIEW_chromium(13845): #28 0xd7b9e6fb /data/data/com.bytedance.shell/files/webview_bytedance/ba9f63243d721e678d07b0cd20995325_md5
E/TT_WEBVIEW_CHROMIUM(13845): [ERROR:resource_dispatcher.cc(727)] keiling StartAsync
E/LYNX_TT_WEBVIEW(13802): CError = [[ERROR][589151600074][Render] resource_dispatcher.cc:727]: keiling StartAsync
E/LYNX_TT_WEBVIEW(13802):  
E/TT_WEBVIEW_chromium(13845): #00 0xd9be2f39 /data/data/com.bytedance.shell/files/webview_bytedance/ba9f63243d721e678d07b0cd20995325_md5/libwebviewbytedance.so+0x02396f39
E/TT_WEBVIEW_chromium(13845): #01 0xd9bf5fef /data/data/com.bytedance.shell/files/webview_bytedance/ba9f63243d721e678d07b0cd20995325_md5/libwebviewbytedance.so+0x023a9fef
E/TT_WEBVIEW_chromium(13845): #02 0xd9bf7e6b /data/data/com.bytedance.shell/files/webview_bytedance/ba9f63243d721e678d07b0cd20995325_md5/libwebviewbytedance.so+0x023abe6b
E/TT_WEBVIEW_chromium(13845): #03 0xd955f659 /data/data/com.bytedance.shell/files/webview_bytedance/ba9f63243d721e678d07b0cd20995325_md5/libwebviewbytedance.so+0x01d13659
E/TT_WEBVIEW_chromium(13845): #04 0xd955d219 /data/data/com.bytedance.shell/files/webview_bytedance/ba9f63243d721e678d07b0cd20995325_md5/libwebviewbytedance.so+0x01d11219
E/TT_WEBVIEW_chromium(13845): #05 0xd955d163 /data/data/com.bytedance.shell/files/webview_bytedance/ba9f63243d721e678d07b0cd20995325_md5/libwebviewbytedance.so+0x01d11163
E/TT_WEBVIEW_chromium(13845): #06 0xd955f4e5 /data/data/com.bytedance.shell/files/webview_bytedance/ba9f63243d721e678d07b0cd20995325_md5/libwebviewbytedance.so+0x01d134e5
E/TT_WEBVIEW_chromium(13845): #07 0xd9556221 /data/data/com.bytedance.shell/files/webview_bytedance/ba9f63243d721e678d07b0cd20995325_md5/libwebviewbytedance.so+0x01d0a221
E/TT_WEBVIEW_chromium(13845): #08 0xd95558d7 /data/data/com.bytedance.shell/files/webview_bytedance/ba9f63243d721e678d07b0cd20995325_md5/libwebviewbytedance.so+0x01d098d7
E/TT_WEBVIEW_chromium(13845): #09 0xd954b231 /data/data/com.bytedance.shell/files/webview_bytedance/ba9f63243d721e678d07b0cd20995325_md5/libwebviewbytedance.so+0x01cff231
E/TT_WEBVIEW_chromium(13845): #10 0xda2b457b /data/data/com.bytedance.shell/files/webview_bytedance/ba9f63243d721e678d07b0cd20995325_md5/libwebviewbytedance.so+0x02a6857b
E/TT_WEBVIEW_chromium(13845): #11 0xda2bf263 /data/data/com.bytedance.shell/files/webview_bytedance/ba9f63243d721e678d07b0cd20995325_md5/libwebviewbytedance.so+0x02a73263
E/TT_WEBVIEW_chromium(13845): #12 0xda2bee1f /data/data/com.bytedance.shell/files/webview_bytedance/ba9f63243d721e678d07b0cd20995325_md5/libwebviewbytedance.so+0x02a72e1f
E/TT_WEBVIEW_chromium(13845): #13 0xda0791ef /data/data/com.bytedance.shell/files/webview_bytedance/ba9f63243d721e678d07b0cd20995325_md5/libwebviewbytedance.so+0x0282d1ef
E/TT_WEBVIEW_chromium(13845): #14 0xda766be3 /data/data/com.bytedance.shell/files/webview_bytedance/ba9f63243d721e678d07b0cd20995325_md5/libwebviewbytedance.so+0x02f1abe3
E/TT_WEBVIEW_chromium(13845): #15 0xda763ee7 /data/data/com.bytedance.shell/files/webview_bytedance/ba9f63243d721e678d07b0cd20995325_md5/libwebviewbytedance.so+0x02f17ee7
E/TT_WEBVIEW_chromium(13845): #16 0xda771b45 /data/data/com.bytedance.shell/files/webview_bytedance/ba9f63243d721e678d07b0cd20995325_md5/libwebviewbytedance.so+0x02f25b45
E/TT_WEBVIEW_chromium(13845): #17 0xda771b13 /data/data/com.bytedance.shell/files/webview_bytedance/ba9f63243d721e678d07b0cd20995325_md5/libwebviewbytedance.so+0x02f25b13
E/TT_WEBVIEW_chromium(13845): #18 0xda763c8f /data/data/com.bytedance.shell/files/webview_bytedance/ba9f63243d721e678d07b0cd20995325_md5/libwebviewbytedance.so+0x02f17c8f
E/TT_WEBVIEW_chromium(13845): #19 0xda75f9f1 /data/data/com.bytedance.shell/files/webview_bytedance/ba9f63243d721e678d07b0cd20995325_md5/libwebviewbytedance.so+0x02f139f1
E/TT_WEBVIEW_chromium(13845): #20 0xd9bc4a7d /data/data/com.bytedance.shell/files/webview_bytedance/ba9f63243d721e678d07b0cd20995325_md5/libwebviewbytedance.so+0x02378a7d
E/TT_WEBVIEW_chromium(13845): #21 0xd8288395 /data/data/com.bytedance.shell/files/webview_bytedance/ba9f63243d721e678d07b0cd20995325_md5/libwebviewbytedance.so+0x00a3c395
E/TT_WEBVIEW_chromium(13845): #22 0xd7b54b59 /data/data/com.bytedance.shell/files/webview_bytedance/ba9f63243d721e678d07b0cd20995325_md5/libwebviewbytedance.so+0x00308b59
E/TT_WEBVIEW_chromium(13845): #23 0xd7b85e6d /data/data/com.bytedance.shell/files/webview_bytedance/ba9f63243d721e678d07b0cd20995325_md5/libwebviewbytedance.so+0x00339e6d
E/TT_WEBVIEW_chromium(13845): #24 0xd956a2cb /data/data/com.bytedance.shell/files/webview_bytedance/ba9f63243d721e678d07b0cd20995325_md5/libwebviewbytedance.so+0x01d1e2cb
E/TT_WEBVIEW_chromium(13845): #25 0xd95691b9 /data/data/com.bytedance.shell/files/webview_bytedance/ba9f63243d721e678d07b0cd20995325_md5/libwebviewbytedance.so+0x01d1d1b9
E/TT_WEBVIEW_chromium(13845): #26 0xd7b54b59 /data/data/com.bytedance.shell/files/webview_bytedance/ba9f63243d721e678d07b0cd20995325_md5/libwebviewbytedance.so+0x00308b59
E/TT_WEBVIEW_chromium(13845): #27 0xd7b85e6d /data/data/com.bytedance.shell/files/webview_bytedance/ba9f63243d721e678d07b0cd20995325_md5/libwebviewbytedance.so+0x00339e6d
E/TT_WEBVIEW_chromium(13845): #28 0xd7b9e385 /data/data/com.bytedance.shell/files/webview_bytedance/ba9f63243d721e678d07b0cd20995325_md5
E/TT_WEBVIEW_CHROMIUM(13802): [ERROR:resource_dispatcher_host_impl.cc(2318)] keiling BeginRequestInternal
E/LYNX_TT_WEBVIEW(13802): CError = [[ERROR][589151635515][Browser] resource_dispatcher_host_impl.cc:2318]: keiling BeginRequestInternal
E/LYNX_TT_WEBVIEW(13802):  
E/TT_WEBVIEW_chromium(13802): #00 0xd643e1b7 /data/data/com.bytedance.shell/files/webview_bytedance/ba9f63243d721e678d07b0cd20995325_md5/libwebviewbytedance.so+0x011f61b7
E/TT_WEBVIEW_chromium(13802): #01 0xd643dc45 /data/data/com.bytedance.shell/files/webview_bytedance/ba9f63243d721e678d07b0cd20995325_md5/libwebviewbytedance.so+0x011f5c45
E/TT_WEBVIEW_chromium(13802): #02 0xd643cb7f /data/data/com.bytedance.shell/files/webview_bytedance/ba9f63243d721e678d07b0cd20995325_md5/libwebviewbytedance.so+0x011f4b7f
E/TT_WEBVIEW_chromium(13802): #03 0xd643c6ff /data/data/com.bytedance.shell/files/webview_bytedance/ba9f63243d721e678d07b0cd20995325_md5/libwebviewbytedance.so+0x011f46ff
E/TT_WEBVIEW_chromium(13802): #04 0xd643c191 /data/data/com.bytedance.shell/files/webview_bytedance/ba9f63243d721e678d07b0cd20995325_md5/libwebviewbytedance.so+0x011f4191
E/TT_WEBVIEW_chromium(13802): #05 0xd6440785 /data/data/com.bytedance.shell/files/webview_bytedance/ba9f63243d721e678d07b0cd20995325_md5/libwebviewbytedance.so+0x011f8785
E/TT_WEBVIEW_chromium(13802): #06 0xd643c0ed /data/data/com.bytedance.shell/files/webview_bytedance/ba9f63243d721e678d07b0cd20995325_md5/libwebviewbytedance.so+0x011f40ed
E/TT_WEBVIEW_chromium(13802): #07 0xd643be3d /data/data/com.bytedance.shell/files/webview_bytedance/ba9f63243d721e678d07b0cd20995325_md5/libwebviewbytedance.so+0x011f3e3d
E/TT_WEBVIEW_chromium(13802): #08 0xd6444bdb /data/data/com.bytedance.shell/files/webview_bytedance/ba9f63243d721e678d07b0cd20995325_md5/libwebviewbytedance.so+0x011fcbdb
E/TT_WEBVIEW_chromium(13802): #09 0xd5d43d3b /data/data/com.bytedance.shell/files/webview_bytedance/ba9f63243d721e678d07b0cd20995325_md5/libwebviewbytedance.so+0x00afbd3b
E/TT_WEBVIEW_chromium(13802): #10 0xd5d43c45 /data/data/com.bytedance.shell/files/webview_bytedance/ba9f63243d721e678d07b0cd20995325_md5/libwebviewbytedance.so+0x00afbc45
E/TT_WEBVIEW_chromium(13802): #11 0xd5c8fc5d /data/data/com.bytedance.shell/files/webview_bytedance/ba9f63243d721e678d07b0cd20995325_md5/libwebviewbytedance.so+0x00a47c5d
E/TT_WEBVIEW_chromium(13802): #12 0xd5c8415f /data/data/com.bytedance.shell/files/webview_bytedance/ba9f63243d721e678d07b0cd20995325_md5/libwebviewbytedance.so+0x00a3c15f
E/TT_WEBVIEW_chromium(13802): #13 0xd5c8d791 /data/data/com.bytedance.shell/files/webview_bytedance/ba9f63243d721e678d07b0cd20995325_md5/libwebviewbytedance.so+0x00a45791
E/TT_WEBVIEW_chromium(13802): #14 0xd5c82267 /data/data/com.bytedance.shell/files/webview_bytedance/ba9f63243d721e678d07b0cd20995325_md5/libwebviewbytedance.so+0x00a3a267
E/TT_WEBVIEW_chromium(13802): #15 0xd5c87f47 /data/data/com.bytedance.shell/files/webview_bytedance/ba9f63243d721e678d07b0cd20995325_md5/libwebviewbytedance.so+0x00a3ff47
E/TT_WEBVIEW_chromium(13802): #16 0xd5c908b1 /data/data/com.bytedance.shell/files/webview_bytedance/ba9f63243d721e678d07b0cd20995325_md5/libwebviewbytedance.so+0x00a488b1
E/TT_WEBVIEW_chromium(13802): #17 0xd5c74a4b /data/data/com.bytedance.shell/files/webview_bytedance/ba9f63243d721e678d07b0cd20995325_md5/libwebviewbytedance.so+0x00a2ca4b
E/TT_WEBVIEW_chromium(13802): #18 0xd5c747e7 /data/data/com.bytedance.shell/files/webview_bytedance/ba9f63243d721e678d07b0cd20995325_md5/libwebviewbytedance.so+0x00a2c7e7
E/TT_WEBVIEW_chromium(13802): #19 0xd5c753bd /data/data/com.bytedance.shell/files/webview_bytedance/ba9f63243d721e678d07b0cd20995325_md5/libwebviewbytedance.so+0x00a2d3bd
E/TT_WEBVIEW_chromium(13802): #20 0xd5c8a643 /data/data/com.bytedance.shell/files/webview_bytedance/ba9f63243d721e678d07b0cd20995325_md5/libwebviewbytedance.so+0x00a42643
E/TT_WEBVIEW_chromium(13802): #21 0xd5c747e7 /data/data/com.bytedance.shell/files/webview_bytedance/ba9f63243d721e678d07b0cd20995325_md5/libwebviewbytedance.so+0x00a2c7e7
E/TT_WEBVIEW_chromium(13802): #22 0xd5c71f2b /data/data/com.bytedance.shell/files/webview_bytedance/ba9f63243d721e678d07b0cd20995325_md5/libwebviewbytedance.so+0x00a29f2b
E/TT_WEBVIEW_chromium(13802): #23 0xd5c7242b /data/data/com.bytedance.shell/files/webview_bytedance/ba9f63243d721e678d07b0cd20995325_md5/libwebviewbytedance.so+0x00a2a42b
E/TT_WEBVIEW_chromium(13802): #24 0xd5c72379 /data/data/com.bytedance.shell/files/webview_bytedance/ba9f63243d721e678d07b0cd20995325_md5/libwebviewbytedance.so+0x00a2a379
E/TT_WEBVIEW_chromium(13802): #25 0xd5c72b2b /data/data/com.bytedance.shell/files/webview_bytedance/ba9f63243d721e678d07b0cd20995325_md5/libwebviewbytedance.so+0x00a2ab2b
E/TT_WEBVIEW_chromium(13802): #26 0xd5524f83 /data/data/com.bytedance.shell/files/webview_bytedance/ba9f63243d721e678d07b0cd20995325_md5/libwebviewbytedance.so+0x002dcf83
E/TT_WEBVIEW_chromium(13802): #27 0xd5589127 /data/data/com.bytedance.shell/files/webview_bytedance/ba9f63243d721e678d07b0cd20995325_md5/libwebviewbytedance.so+0x00341127
E/TT_WEBVIEW_chromium(13802): #28 0xd5c7f19f /data/data/com.bytedance.shell/files/webview_bytedance/ba9f63243d721e678d07b0cd20995325_md5
E/TT_WEBVIEW_CHROMIUM(13802): [ERROR:resource_dispatcher_host_impl.cc(2320)] keiling blob:https://github.com/af5597ad-094c-4cf7-b23a-3312d4dd66b3
E/TT_WEBVIEW_CHROMIUM(13802): [ERROR:url_request.cc(520)] keiling Start
E/LYNX_TT_WEBVIEW(13802): CError = [[ERROR][589151681569][Browser] resource_dispatcher_host_impl.cc:2320]: keiling blob:https://github.com/af5597ad-094c-4cf7-b23a-3312d4dd66b3
E/LYNX_TT_WEBVIEW(13802):  
E/LYNX_TT_WEBVIEW(13802): CError = [[ERROR][589151682143][Browser] url_request.cc:520]: keiling Start
E/LYNX_TT_WEBVIEW(13802):  
E/TT_WEBVIEW_chromium(13802): #00 0xd5bd9d4f /data/data/com.bytedance.shell/files/webview_bytedance/ba9f63243d721e678d07b0cd20995325_md5/libwebviewbytedance.so+0x00991d4f
E/TT_WEBVIEW_chromium(13802): #01 0xd6443817 /data/data/com.bytedance.shell/files/webview_bytedance/ba9f63243d721e678d07b0cd20995325_md5/libwebviewbytedance.so+0x011fb817
E/TT_WEBVIEW_chromium(13802): #02 0xd6443531 /data/data/com.bytedance.shell/files/webview_bytedance/ba9f63243d721e678d07b0cd20995325_md5/libwebviewbytedance.so+0x011fb531
E/TT_WEBVIEW_chromium(13802): #03 0xd6441d39 /data/data/com.bytedance.shell/files/webview_bytedance/ba9f63243d721e678d07b0cd20995325_md5/libwebviewbytedance.so+0x011f9d39
E/TT_WEBVIEW_chromium(13802): #04 0xd6441bd9 /data/data/com.bytedance.shell/files/webview_bytedance/ba9f63243d721e678d07b0cd20995325_md5/libwebviewbytedance.so+0x011f9bd9
E/TT_WEBVIEW_chromium(13802): #05 0xd643f6df /data/data/com.bytedance.shell/files/webview_bytedance/ba9f63243d721e678d07b0cd20995325_md5/libwebviewbytedance.so+0x011f76df
E/TT_WEBVIEW_chromium(13802): #06 0xd643e431 /data/data/com.bytedance.shell/files/webview_bytedance/ba9f63243d721e678d07b0cd20995325_md5/libwebviewbytedance.so+0x011f6431
E/TT_WEBVIEW_chromium(13802): #07 0xd643dc45 /data/data/com.bytedance.shell/files/webview_bytedance/ba9f63243d721e678d07b0cd20995325_md5/libwebviewbytedance.so+0x011f5c45
E/TT_WEBVIEW_chromium(13802): #08 0xd643cb7f /data/data/com.bytedance.shell/files/webview_bytedance/ba9f63243d721e678d07b0cd20995325_md5/libwebviewbytedance.so+0x011f4b7f
E/TT_WEBVIEW_chromium(13802): #09 0xd643c6ff /data/data/com.bytedance.shell/files/webview_bytedance/ba9f63243d721e678d07b0cd20995325_md5/libwebviewbytedance.so+0x011f46ff
E/TT_WEBVIEW_chromium(13802): #10 0xd643c191 /data/data/com.bytedance.shell/files/webview_bytedance/ba9f63243d721e678d07b0cd20995325_md5/libwebviewbytedance.so+0x011f4191
E/TT_WEBVIEW_chromium(13802): #11 0xd6440785 /data/data/com.bytedance.shell/files/webview_bytedance/ba9f63243d721e678d07b0cd20995325_md5/libwebviewbytedance.so+0x011f8785
E/TT_WEBVIEW_chromium(13802): #12 0xd643c0ed /data/data/com.bytedance.shell/files/webview_bytedance/ba9f63243d721e678d07b0cd20995325_md5/libwebviewbytedance.so+0x011f40ed
E/TT_WEBVIEW_chromium(13802): #13 0xd643be3d /data/data/com.bytedance.shell/files/webview_bytedance/ba9f63243d721e678d07b0cd20995325_md5/libwebviewbytedance.so+0x011f3e3d
E/TT_WEBVIEW_chromium(13802): #14 0xd6444bdb /data/data/com.bytedance.shell/files/webview_bytedance/ba9f63243d721e678d07b0cd20995325_md5/libwebviewbytedance.so+0x011fcbdb
E/TT_WEBVIEW_chromium(13802): #15 0xd5d43d3b /data/data/com.bytedance.shell/files/webview_bytedance/ba9f63243d721e678d07b0cd20995325_md5/libwebviewbytedance.so+0x00afbd3b
E/TT_WEBVIEW_chromium(13802): #16 0xd5d43c45 /data/data/com.bytedance.shell/files/webview_bytedance/ba9f63243d721e678d07b0cd20995325_md5/libwebviewbytedance.so+0x00afbc45
E/TT_WEBVIEW_chromium(13802): #17 0xd5c8fc5d /data/data/com.bytedance.shell/files/webview_bytedance/ba9f63243d721e678d07b0cd20995325_md5/libwebviewbytedance.so+0x00a47c5d
E/TT_WEBVIEW_chromium(13802): #18 0xd5c8415f /data/data/com.bytedance.shell/files/webview_bytedance/ba9f63243d721e678d07b0cd20995325_md5/libwebviewbytedance.so+0x00a3c15f
E/TT_WEBVIEW_chromium(13802): #19 0xd5c8d791 /data/data/com.bytedance.shell/files/webview_bytedance/ba9f63243d721e678d07b0cd20995325_md5/libwebviewbytedance.so+0x00a45791
E/TT_WEBVIEW_chromium(13802): #20 0xd5c82267 /data/data/com.bytedance.shell/files/webview_bytedance/ba9f63243d721e678d07b0cd20995325_md5/libwebviewbytedance.so+0x00a3a267
E/TT_WEBVIEW_chromium(13802): #21 0xd5c87f47 /data/data/com.bytedance.shell/files/webview_bytedance/ba9f63243d721e678d07b0cd20995325_md5/libwebviewbytedance.so+0x00a3ff47
E/TT_WEBVIEW_chromium(13802): #22 0xd5c908b1 /data/data/com.bytedance.shell/files/webview_bytedance/ba9f63243d721e678d07b0cd20995325_md5/libwebviewbytedance.so+0x00a488b1
E/TT_WEBVIEW_chromium(13802): #23 0xd5c74a4b /data/data/com.bytedance.shell/files/webview_bytedance/ba9f63243d721e678d07b0cd20995325_md5/libwebviewbytedance.so+0x00a2ca4b
E/TT_WEBVIEW_chromium(13802): #24 0xd5c747e7 /data/data/com.bytedance.shell/files/webview_bytedance/ba9f63243d721e678d07b0cd20995325_md5/libwebviewbytedance.so+0x00a2c7e7
E/TT_WEBVIEW_chromium(13802): #25 0xd5c753bd /data/data/com.bytedance.shell/files/webview_bytedance/ba9f63243d721e678d07b0cd20995325_md5/libwebviewbytedance.so+0x00a2d3bd
E/TT_WEBVIEW_chromium(13802): #26 0xd5c8a643 /data/data/com.bytedance.shell/files/webview_bytedance/ba9f63243d721e678d07b0cd20995325_md5/libwebviewbytedance.so+0x00a42643
E/TT_WEBVIEW_chromium(13802): #27 0xd5c747e7 /data/data/com.bytedance.shell/files/webview_bytedance/ba9f63243d721e678d07b0cd20995325_md5/libwebviewbytedance.so+0x00a2c7e7
E/TT_WEBVIEW_chromium(13802): #28 0xd5c71f2b /data/data/com.bytedance.shell/files/webview_bytedance/ba9f63243d721e678d07b0cd20995325_md5
E/TT_WEBVIEW_CHROMIUM(13802): [ERROR:url_request_job.cc(555)] keiling NotifyHeadersComplete
E/LYNX_TT_WEBVIEW(13802): CError = [[ERROR][589151728213][Browser] url_request_job.cc:555]: keiling NotifyHeadersComplete
E/LYNX_TT_WEBVIEW(13802):  
E/TT_WEBVIEW_CHROMIUM(13802): [ERROR:async_resource_handler.cc(180)] keiling OnResponseStarted
E/LYNX_TT_WEBVIEW(13802): CError = [[ERROR][589151728861][Browser] async_resource_handler.cc:180]: keiling OnResponseStarted
E/LYNX_TT_WEBVIEW(13802):  
E/TT_WEBVIEW_chromium(13802): #00 0xd642d6d3 /data/data/com.bytedance.shell/files/webview_bytedance/ba9f63243d721e678d07b0cd20995325_md5/libwebviewbytedance.so+0x011e56d3
E/TT_WEBVIEW_chromium(13802): #01 0xd6442ecd /data/data/com.bytedance.shell/files/webview_bytedance/ba9f63243d721e678d07b0cd20995325_md5/libwebviewbytedance.so+0x011faecd
E/TT_WEBVIEW_chromium(13802): #02 0xd6442bb7 /data/data/com.bytedance.shell/files/webview_bytedance/ba9f63243d721e678d07b0cd20995325_md5/libwebviewbytedance.so+0x011fabb7
E/TT_WEBVIEW_chromium(13802): #03 0xd5be39e9 /data/data/com.bytedance.shell/files/webview_bytedance/ba9f63243d721e678d07b0cd20995325_md5/libwebviewbytedance.so+0x0099b9e9
E/TT_WEBVIEW_chromium(13802): #04 0xd655a109 /data/data/com.bytedance.shell/files/webview_bytedance/ba9f63243d721e678d07b0cd20995325_md5/libwebviewbytedance.so+0x01312109
E/TT_WEBVIEW_chromium(13802): #05 0xd5550b59 /data/data/com.bytedance.shell/files/webview_bytedance/ba9f63243d721e678d07b0cd20995325_md5/libwebviewbytedance.so+0x00308b59
E/TT_WEBVIEW_chromium(13802): #06 0xd5581e6d /data/data/com.bytedance.shell/files/webview_bytedance/ba9f63243d721e678d07b0cd20995325_md5/libwebviewbytedance.so+0x00339e6d
E/TT_WEBVIEW_chromium(13802): #07 0xd559a385 /data/data/com.bytedance.shell/files/webview_bytedance/ba9f63243d721e678d07b0cd20995325_md5/libwebviewbytedance.so+0x00352385
E/TT_WEBVIEW_chromium(13802): #08 0xd559a575 /data/data/com.bytedance.shell/files/webview_bytedance/ba9f63243d721e678d07b0cd20995325_md5/libwebviewbytedance.so+0x00352575
E/TT_WEBVIEW_chromium(13802): #09 0xd559a6fb /data/data/com.bytedance.shell/files/webview_bytedance/ba9f63243d721e678d07b0cd20995325_md5/libwebviewbytedance.so+0x003526fb
E/TT_WEBVIEW_chromium(13802): #10 0xd559c559 /data/data/com.bytedance.shell/files/webview_bytedance/ba9f63243d721e678d07b0cd20995325_md5/libwebviewbytedance.so+0x00354559
E/TT_WEBVIEW_chromium(13802): #11 0xd559a193 /data/data/com.bytedance.shell/files/webview_bytedance/ba9f63243d721e678d07b0cd20995325_md5/libwebviewbytedance.so+0x00352193
E/TT_WEBVIEW_chromium(13802): #12 0xd55b2513 /data/data/com.bytedance.shell/files/webview_bytedance/ba9f63243d721e678d07b0cd20995325_md5/libwebviewbytedance.so+0x0036a513
E/TT_WEBVIEW_chromium(13802): #13 0xd55d273b /data/data/com.bytedance.shell/files/webview_bytedance/ba9f63243d721e678d07b0cd20995325_md5/libwebviewbytedance.so+0x0038a73b
E/TT_WEBVIEW_chromium(13802): #14 0xd6317c6d /data/data/com.bytedance.shell/files/webview_bytedance/ba9f63243d721e678d07b0cd20995325_md5/libwebviewbytedance.so+0x010cfc6d
E/TT_WEBVIEW_chromium(13802): #15 0xd6317d55 /data/data/com.bytedance.shell/files/webview_bytedance/ba9f63243d721e678d07b0cd20995325_md5/libwebviewbytedance.so+0x010cfd55
E/TT_WEBVIEW_chromium(13802): #16 0xd55d29df /data/data/com.bytedance.shell/files/webview_bytedance/ba9f63243d721e678d07b0cd20995325_md5/libwebviewbytedance.so+0x0038a9df
E/TT_WEBVIEW_chromium(13802): #17 0xd55cdcab /data/data/com.bytedance.shell/files/webview_bytedance/ba9f63243d721e678d07b0cd20995325_md5/libwebviewbytedance.so+0x00385cab
E/TT_WEBVIEW_chromium(13802): #18 0xf6e237bb /system/lib/libc.so+0x000417bb
E/TT_WEBVIEW_chromium(13802): #19 0xf6dfb2d5 /system/lib/libc.so+0x000192d5
E/TT_WEBVIEW_chromium(13802): #20 0xffffffff <unknown>
E/TT_WEBVIEW_CHROMIUM(13802): [ERROR:async_resource_handler.cc(276)] keiling OnReadCompleted
E/TT_WEBVIEW_CHROMIUM(13802): [ERROR:async_resource_handler.cc(276)] keiling OnReadCompleted
E/TT_WEBVIEW_CHROMIUM(13802): [ERROR:async_resource_handler.cc(276)] keiling OnReadCompleted
E/TT_WEBVIEW_CHROMIUM(13802): [ERROR:async_resource_handler.cc(276)] keiling OnReadCompleted
E/TT_WEBVIEW_CHROMIUM(13802): [ERROR:async_resource_handler.cc(276)] keiling OnReadCompleted
E/TT_WEBVIEW_CHROMIUM(13802): [ERROR:async_resource_handler.cc(338)] keiling OnResponseCompleted
E/LYNX_TT_WEBVIEW(13802): CError = [[ERROR][589151766987][Browser] async_resource_handler.cc:276]: keiling OnReadCompleted
E/LYNX_TT_WEBVIEW(13802):  
E/LYNX_TT_WEBVIEW(13802): CError = [[ERROR][589151767722][Browser] async_resource_handler.cc:276]: keiling OnReadCompleted
E/LYNX_TT_WEBVIEW(13802):  
E/LYNX_TT_WEBVIEW(13802): CError = [[ERROR][589151767900][Browser] async_resource_handler.cc:276]: keiling OnReadCompleted
E/LYNX_TT_WEBVIEW(13802):  
E/LYNX_TT_WEBVIEW(13802): CError = [[ERROR][589151768047][Browser] async_resource_handler.cc:276]: keiling OnReadCompleted
E/LYNX_TT_WEBVIEW(13802):  
E/LYNX_TT_WEBVIEW(13802): CError = [[ERROR][589151768285][Browser] async_resource_handler.cc:276]: keiling OnReadCompleted
E/LYNX_TT_WEBVIEW(13802):  
E/LYNX_TT_WEBVIEW(13802): CError = [[ERROR][589151768339][Browser] async_resource_handler.cc:338]: keiling OnResponseCompleted
E/LYNX_TT_WEBVIEW(13802):  
E/TT_WEBVIEW_CHROMIUM(13845): [ERROR:DocumentLoader.cpp(1059)] keiling InstallNewDocument
I/LYNX_TT_WEBVIEW(13802): getJsonObjectFromSharedPreferences: Create JsonObject from SharedPrefernces successfully. 
E/LYNX_TT_WEBVIEW(13802): CError = [[ERROR][589151783091][Render] DocumentLoader.cpp:1059]: keiling InstallNewDocument
E/LYNX_TT_WEBVIEW(13802):  
I/LYNX_TT_WEBVIEW(13802): getJsonObjectFromSharedPreferences: Create JsonObject from SharedPrefernces successfully. 
I/LYNX_TT_WEBVIEW(13802): getJsonObjectFromSharedPreferences: Create JsonObject from SharedPrefernces successfully. 
I/LYNX_TT_WEBVIEW(13802): getJsonObjectFromSharedPreferences: Create JsonObject from SharedPrefernces successfully. 
I/LYNX_TT_WEBVIEW(13802): getJsonObjectFromSharedPreferences: Create JsonObject from SharedPrefernces successfully. 
I/LYNX_TT_WEBVIEW(13802): getJsonObjectFromSharedPreferences: Create JsonObject from SharedPrefernces successfully. 
I/LYNX_TT_WEBVIEW(13802): getJsonObjectFromSharedPreferences: Create JsonObject from SharedPrefernces successfully. 
I/LYNX_TT_WEBVIEW(13802): getJsonObjectFromSharedPreferences: Create JsonObject from SharedPrefernces successfully. 
I/LYNX_TT_WEBVIEW(13802): getJsonObjectFromSharedPreferences: Create JsonObject from SharedPrefernces successfully. 
I/LYNX_TT_WEBVIEW(13802): getJsonObjectFromSharedPreferences: Create JsonObject from SharedPrefernces successfully. 
I/LYNX_TT_WEBVIEW(13802): getJsonObjectFromSharedPreferences: Create JsonObject from SharedPrefernces successfully. 
I/LYNX_TT_WEBVIEW(13802): getJsonObjectFromSharedPreferences: Create JsonObject from SharedPrefernces successfully. 
I/LYNX_TT_WEBVIEW(13802): getJsonObjectFromSharedPreferences: Create JsonObject from SharedPrefernces successfully. 
I/LYNX_TT_WEBVIEW(13802): getJsonObjectFromSharedPreferences: Create JsonObject from SharedPrefernces successfully. 
I/LYNX_TT_WEBVIEW(13802): getJsonObjectFromSharedPreferences: Create JsonObject from SharedPrefernces successfully. 
I/LYNX_TT_WEBVIEW(13802): getJsonObjectFromSharedPreferences: Create JsonObject from SharedPrefernces successfully. 
I/LYNX_TT_WEBVIEW(13802): 
I/LYNX_TT_WEBVIEW(13802): 
I/LYNX_TT_WEBVIEW(13802): url is  blob:https://github.com/af5597ad-094c-4cf7-b23a-3312d4dd66b3 
E/TT_WEBVIEW_chromium(13845): #00 0xda2b3eff /data/data/com.bytedance.shell/files/webview_bytedance/ba9f63243d721e678d07b0cd20995325_md5/libwebviewbytedance.so+0x02a67eff
E/TT_WEBVIEW_chromium(13845): #01 0xda2b3e0b /data/data/com.bytedance.shell/files/webview_bytedance/ba9f63243d721e678d07b0cd20995325_md5/libwebviewbytedance.so+0x02a67e0b
E/TT_WEBVIEW_chromium(13845): #02 0xda2b359b /data/data/com.bytedance.shell/files/webview_bytedance/ba9f63243d721e678d07b0cd20995325_md5/libwebviewbytedance.so+0x02a6759b
E/TT_WEBVIEW_chromium(13845): #03 0xda2b423b /data/data/com.bytedance.shell/files/webview_bytedance/ba9f63243d721e678d07b0cd20995325_md5/libwebviewbytedance.so+0x02a6823b
E/TT_WEBVIEW_chromium(13845): #04 0xda2b41a7 /data/data/com.bytedance.shell/files/webview_bytedance/ba9f63243d721e678d07b0cd20995325_md5/libwebviewbytedance.so+0x02a681a7
E/TT_WEBVIEW_chromium(13845): #05 0xd954b4df /data/data/com.bytedance.shell/files/webview_bytedance/ba9f63243d721e678d07b0cd20995325_md5/libwebviewbytedance.so+0x01cff4df
E/TT_WEBVIEW_chromium(13845): #06 0xd95607c9 /data/data/com.bytedance.shell/files/webview_bytedance/ba9f63243d721e678d07b0cd20995325_md5/libwebviewbytedance.so+0x01d147c9
E/TT_WEBVIEW_chromium(13845): #07 0xd9bf7701 /data/data/com.bytedance.shell/files/webview_bytedance/ba9f63243d721e678d07b0cd20995325_md5/libwebviewbytedance.so+0x023ab701
E/TT_WEBVIEW_chromium(13845): #08 0xd9bf7b4f /data/data/com.bytedance.shell/files/webview_bytedance/ba9f63243d721e678d07b0cd20995325_md5/libwebviewbytedance.so+0x023abb4f
E/TT_WEBVIEW_chromium(13845): #09 0xd9be185b /data/data/com.bytedance.shell/files/webview_bytedance/ba9f63243d721e678d07b0cd20995325_md5/libwebviewbytedance.so+0x0239585b
E/TT_WEBVIEW_chromium(13845): #10 0xd9be3577 /data/data/com.bytedance.shell/files/webview_bytedance/ba9f63243d721e678d07b0cd20995325_md5/libwebviewbytedance.so+0x02397577
E/TT_WEBVIEW_chromium(13845): #11 0xd9be3553 /data/data/com.bytedance.shell/files/webview_bytedance/ba9f63243d721e678d07b0cd20995325_md5/libwebviewbytedance.so+0x02397553
E/TT_WEBVIEW_chromium(13845): #12 0xd9be2793 /data/data/com.bytedance.shell/files/webview_bytedance/ba9f63243d721e678d07b0cd20995325_md5/libwebviewbytedance.so+0x02396793
E/TT_WEBVIEW_chromium(13845): #13 0xd9be1089 /data/data/com.bytedance.shell/files/webview_bytedance/ba9f63243d721e678d07b0cd20995325_md5/libwebviewbytedance.so+0x02395089
E/TT_WEBVIEW_chromium(13845): #14 0xd9be0c73 /data/data/com.bytedance.shell/files/webview_bytedance/ba9f63243d721e678d07b0cd20995325_md5/libwebviewbytedance.so+0x02394c73
E/TT_WEBVIEW_chromium(13845): #15 0xd9be3a65 /data/data/com.bytedance.shell/files/webview_bytedance/ba9f63243d721e678d07b0cd20995325_md5/libwebviewbytedance.so+0x02397a65
E/TT_WEBVIEW_chromium(13845): #16 0xd7b54b59 /data/data/com.bytedance.shell/files/webview_bytedance/ba9f63243d721e678d07b0cd20995325_md5/libwebviewbytedance.so+0x00308b59
E/TT_WEBVIEW_chromium(13845): #17 0xd7b85e6d /data/data/com.bytedance.shell/files/webview_bytedance/ba9f63243d721e678d07b0cd20995325_md5/libwebviewbytedance.so+0x00339e6d
E/TT_WEBVIEW_chromium(13845): #18 0xd956a2cb /data/data/com.bytedance.shell/files/webview_bytedance/ba9f63243d721e678d07b0cd20995325_md5/libwebviewbytedance.so+0x01d1e2cb
E/TT_WEBVIEW_chromium(13845): #19 0xd95691b9 /data/data/com.bytedance.shell/files/webview_bytedance/ba9f63243d721e678d07b0cd20995325_md5/libwebviewbytedance.so+0x01d1d1b9
E/TT_WEBVIEW_chromium(13845): #20 0xd7b54b59 /data/data/com.bytedance.shell/files/webview_bytedance/ba9f63243d721e678d07b0cd20995325_md5/libwebviewbytedance.so+0x00308b59
E/TT_WEBVIEW_chromium(13845): #21 0xd7b85e6d /data/data/com.bytedance.shell/files/webview_bytedance/ba9f63243d721e678d07b0cd20995325_md5/libwebviewbytedance.so+0x00339e6d
E/TT_WEBVIEW_chromium(13845): #22 0xd7b9e385 /data/data/com.bytedance.shell/files/webview_bytedance/ba9f63243d721e678d07b0cd20995325_md5/libwebviewbytedance.so+0x00352385
E/TT_WEBVIEW_chromium(13845): #23 0xd7b9e575 /data/data/com.bytedance.shell/files/webview_bytedance/ba9f63243d721e678d07b0cd20995325_md5/libwebviewbytedance.so+0x00352575
E/TT_WEBVIEW_chromium(13845): #24 0xd7b9e6fb /data/data/com.bytedance.shell/files/webview_bytedance/ba9f63243d721e678d07b0cd20995325_md5/libwebviewbytedance.so+0x003526fb
E/TT_WEBVIEW_chromium(13845): #25 0xd7b9fd7f /data/data/com.bytedance.shell/files/webview_bytedance/ba9f63243d721e678d07b0cd20995325_md5/libwebviewbytedance.so+0x00353d7f
E/TT_WEBVIEW_chromium(13845): #26 0xd7b9e193 /data/data/com.bytedance.shell/files/webview_bytedance/ba9f63243d721e678d07b0cd20995325_md5/libwebviewbytedance.so+0x00352193
E/TT_WEBVIEW_chromium(13845): #27 0xd7bb6513 /data/data/com.bytedance.shell/files/webview_bytedance/ba9f63243d721e678d07b0cd20995325_md5/libwebviewbytedance.so+0x0036a513
E/TT_WEBVIEW_chromium(13845): #28 0xda791e61 /data/data/com.bytedance.shell/files/webview_bytedance/ba9f63243d721e678d07b0cd20995325_md5
E/TT_WEBVIEW_CHROMIUM(13845): [ERROR:HTMLDocumentParser.cpp(160)] keiling HTMLDocumentParser
E/TT_WEBVIEW_CHROMIUM(13845): [ERROR:HTMLDocumentParser.cpp(98)] keiling HTMLDocumentParser
E/LYNX_TT_WEBVIEW(13802): CError = [[ERROR][589151841035][Render] HTMLDocumentParser.cpp:160]: keiling HTMLDocumentParser
E/LYNX_TT_WEBVIEW(13802):  
E/LYNX_TT_WEBVIEW(13802): CError = [[ERROR][589151841700][Render] HTMLDocumentParser.cpp:98]: keiling HTMLDocumentParser
E/LYNX_TT_WEBVIEW(13802):  
E/TT_WEBVIEW_CHROMIUM(13802): [ERROR:render_frame_host_impl.cc(4305)] keiling OnStreamHandleConsumed
E/LYNX_TT_WEBVIEW(13802): CError = [[ERROR][589151893566][Browser] render_frame_host_impl.cc:4305]: keiling OnStreamHandleConsumed
E/LYNX_TT_WEBVIEW(13802):  
E/TT_WEBVIEW_CHROMIUM(13845): [ERROR:web_url_loader_impl.cc(1246)] keiling LoadAsynchronously
E/LYNX_TT_WEBVIEW(13802): CError = [[ERROR][589151894852][Render] web_url_loader_impl.cc:1246]: keiling LoadAsynchronously
E/LYNX_TT_WEBVIEW(13802):  
E/TT_WEBVIEW_chromium(13845): #00 0xd9bf7e51 /data/data/com.bytedance.shell/files/webview_bytedance/ba9f63243d721e678d07b0cd20995325_md5/libwebviewbytedance.so+0x023abe51
E/TT_WEBVIEW_chromium(13845): #01 0xd955f659 /data/data/com.bytedance.shell/files/webview_bytedance/ba9f63243d721e678d07b0cd20995325_md5/libwebviewbytedance.so+0x01d13659
E/TT_WEBVIEW_chromium(13845): #02 0xd955d219 /data/data/com.bytedance.shell/files/webview_bytedance/ba9f63243d721e678d07b0cd20995325_md5/libwebviewbytedance.so+0x01d11219
E/TT_WEBVIEW_chromium(13845): #03 0xd955d163 /data/data/com.bytedance.shell/files/webview_bytedance/ba9f63243d721e678d07b0cd20995325_md5/libwebviewbytedance.so+0x01d11163
E/TT_WEBVIEW_chromium(13845): #04 0xd955f4e5 /data/data/com.bytedance.shell/files/webview_bytedance/ba9f63243d721e678d07b0cd20995325_md5/libwebviewbytedance.so+0x01d134e5
E/TT_WEBVIEW_chromium(13845): #05 0xd9556221 /data/data/com.bytedance.shell/files/webview_bytedance/ba9f63243d721e678d07b0cd20995325_md5/libwebviewbytedance.so+0x01d0a221
E/TT_WEBVIEW_chromium(13845): #06 0xd95558d7 /data/data/com.bytedance.shell/files/webview_bytedance/ba9f63243d721e678d07b0cd20995325_md5/libwebviewbytedance.so+0x01d098d7
E/TT_WEBVIEW_chromium(13845): #07 0xda2d6ecd /data/data/com.bytedance.shell/files/webview_bytedance/ba9f63243d721e678d07b0cd20995325_md5/libwebviewbytedance.so+0x02a8aecd
E/TT_WEBVIEW_chromium(13845): #08 0xda2b2c99 /data/data/com.bytedance.shell/files/webview_bytedance/ba9f63243d721e678d07b0cd20995325_md5/libwebviewbytedance.so+0x02a66c99
E/TT_WEBVIEW_chromium(13845): #09 0xda15a581 /data/data/com.bytedance.shell/files/webview_bytedance/ba9f63243d721e678d07b0cd20995325_md5/libwebviewbytedance.so+0x0290e581
E/TT_WEBVIEW_chromium(13845): #10 0xda148cef /data/data/com.bytedance.shell/files/webview_bytedance/ba9f63243d721e678d07b0cd20995325_md5/libwebviewbytedance.so+0x028fccef
E/TT_WEBVIEW_chromium(13845): #11 0xda15a64f /data/data/com.bytedance.shell/files/webview_bytedance/ba9f63243d721e678d07b0cd20995325_md5/libwebviewbytedance.so+0x0290e64f
E/TT_WEBVIEW_chromium(13845): #12 0xda13b361 /data/data/com.bytedance.shell/files/webview_bytedance/ba9f63243d721e678d07b0cd20995325_md5/libwebviewbytedance.so+0x028ef361
E/TT_WEBVIEW_chromium(13845): #13 0xda0b1d27 /data/data/com.bytedance.shell/files/webview_bytedance/ba9f63243d721e678d07b0cd20995325_md5/libwebviewbytedance.so+0x02865d27
E/TT_WEBVIEW_chromium(13845): #14 0xda13467d /data/data/com.bytedance.shell/files/webview_bytedance/ba9f63243d721e678d07b0cd20995325_md5/libwebviewbytedance.so+0x028e867d
E/TT_WEBVIEW_chromium(13845): #15 0xda1523e7 /data/data/com.bytedance.shell/files/webview_bytedance/ba9f63243d721e678d07b0cd20995325_md5/libwebviewbytedance.so+0x029063e7
E/TT_WEBVIEW_chromium(13845): #16 0xda150e1b /data/data/com.bytedance.shell/files/webview_bytedance/ba9f63243d721e678d07b0cd20995325_md5/libwebviewbytedance.so+0x02904e1b
E/TT_WEBVIEW_chromium(13845): #17 0xda139cf7 /data/data/com.bytedance.shell/files/webview_bytedance/ba9f63243d721e678d07b0cd20995325_md5/libwebviewbytedance.so+0x028edcf7
E/TT_WEBVIEW_chromium(13845): #18 0xda139989 /data/data/com.bytedance.shell/files/webview_bytedance/ba9f63243d721e678d07b0cd20995325_md5/libwebviewbytedance.so+0x028ed989
E/TT_WEBVIEW_chromium(13845): #19 0xda138daf /data/data/com.bytedance.shell/files/webview_bytedance/ba9f63243d721e678d07b0cd20995325_md5/libwebviewbytedance.so+0x028ecdaf
E/TT_WEBVIEW_chromium(13845): #20 0xda138bdf /data/data/com.bytedance.shell/files/webview_bytedance/ba9f63243d721e678d07b0cd20995325_md5/libwebviewbytedance.so+0x028ecbdf
E/TT_WEBVIEW_chromium(13845): #21 0xd93d8ecb /data/data/com.bytedance.shell/files/webview_bytedance/ba9f63243d721e678d07b0cd20995325_md5/libwebviewbytedance.so+0x01b8cecb
E/TT_WEBVIEW_chromium(13845): #22 0xd93d8d4b /data/data/com.bytedance.shell/files/webview_bytedance/ba9f63243d721e678d07b0cd20995325_md5/libwebviewbytedance.so+0x01b8cd4b
E/TT_WEBVIEW_chromium(13845): #23 0xd7b54b59 /data/data/com.bytedance.shell/files/webview_bytedance/ba9f63243d721e678d07b0cd20995325_md5/libwebviewbytedance.so+0x00308b59
E/TT_WEBVIEW_chromium(13845): #24 0xd7b85e6d /data/data/com.bytedance.shell/files/webview_bytedance/ba9f63243d721e678d07b0cd20995325_md5/libwebviewbytedance.so+0x00339e6d
E/TT_WEBVIEW_chromium(13845): #25 0xd956a2cb /data/data/com.bytedance.shell/files/webview_bytedance/ba9f63243d721e678d07b0cd20995325_md5/libwebviewbytedance.so+0x01d1e2cb
E/TT_WEBVIEW_chromium(13845): #26 0xd95691b9 /data/data/com.bytedance.shell/files/webview_bytedance/ba9f63243d721e678d07b0cd20995325_md5/libwebviewbytedance.so+0x01d1d1b9
E/TT_WEBVIEW_chromium(13845): #27 0xd7b54b59 /data/data/com.bytedance.shell/files/webview_bytedance/ba9f63243d721e678d07b0cd20995325_md5/libwebviewbytedance.so+0x00308b59
E/TT_WEBVIEW_chromium(13845): #28 0xd7b85e6d /data/data/com.bytedance.shell/files/webview_bytedance/ba9f63243d721e678d07b0cd20995325_md5
E/TT_WEBVIEW_CHROMIUM(13845): [ERROR:resource_dispatcher.cc(727)] keiling StartAsync
E/LYNX_TT_WEBVIEW(13802): CError = [[ERROR][589151922931][Render] resource_dispatcher.cc:727]: keiling StartAsync
E/LYNX_TT_WEBVIEW(13802):  
E/TT_WEBVIEW_chromium(13802): #00 0xd63c6ed1 /data/data/com.bytedance.shell/files/webview_bytedance/ba9f63243d721e678d07b0cd20995325_md5/libwebviewbytedance.so+0x0117eed1
E/TT_WEBVIEW_chromium(13802): #01 0xd5e426b7 /data/data/com.bytedance.shell/files/webview_bytedance/ba9f63243d721e678d07b0cd20995325_md5/libwebviewbytedance.so+0x00bfa6b7
E/TT_WEBVIEW_chromium(13802): #02 0xd63c6e21 /data/data/com.bytedance.shell/files/webview_bytedance/ba9f63243d721e678d07b0cd20995325_md5/libwebviewbytedance.so+0x0117ee21
E/TT_WEBVIEW_chromium(13802): #03 0xd63c1541 /data/data/com.bytedance.shell/files/webview_bytedance/ba9f63243d721e678d07b0cd20995325_md5/libwebviewbytedance.so+0x01179541
E/TT_WEBVIEW_chromium(13802): #04 0xd5c84395 /data/data/com.bytedance.shell/files/webview_bytedance/ba9f63243d721e678d07b0cd20995325_md5/libwebviewbytedance.so+0x00a3c395
E/TT_WEBVIEW_chromium(13802): #05 0xd5550b59 /data/data/com.bytedance.shell/files/webview_bytedance/ba9f63243d721e678d07b0cd20995325_md5/libwebviewbytedance.so+0x00308b59
E/TT_WEBVIEW_chromium(13802): #06 0xd5581e6d /data/data/com.bytedance.shell/files/webview_bytedance/ba9f63243d721e678d07b0cd20995325_md5/libwebviewbytedance.so+0x00339e6d
E/TT_WEBVIEW_chromium(13802): #07 0xd559a385 /data/data/com.bytedance.shell/files/webview_bytedance/ba9f63243d721e678d07b0cd20995325_md5/libwebviewbytedance.so+0x00352385
E/TT_WEBVIEW_chromium(13802): #08 0xd559a575 /data/data/com.bytedance.shell/files/webview_bytedance/ba9f63243d721e678d07b0cd20995325_md5/libwebviewbytedance.so+0x00352575
E/TT_WEBVIEW_chromium(13802): #09 0xd559a6fb /data/data/com.bytedance.shell/files/webview_bytedance/ba9f63243d721e678d07b0cd20995325_md5/libwebviewbytedance.so+0x003526fb
E/TT_WEBVIEW_chromium(13802): #10 0xd559b6c7 /data/data/com.bytedance.shell/files/webview_bytedance/ba9f63243d721e678d07b0cd20995325_md5/libwebviewbytedance.so+0x003536c7
E/TT_WEBVIEW_chromium(13802): #11 0xdbbe174d /data/data/com.bytedance.shell/app_dex/ba9f63243d721e678d07b0cd20995325_md5/classes.dex+0x003c174d
E/TT_WEBVIEW_chromium(13845): #00 0xd9be2f39 /data/data/com.bytedance.shell/files/webview_bytedance/ba9f63243d721e678d07b0cd20995325_md5/libwebviewbytedance.so+0x02396f39
E/TT_WEBVIEW_chromium(13845): #01 0xd9bf5fef /data/data/com.bytedance.shell/files/webview_bytedance/ba9f63243d721e678d07b0cd20995325_md5/libwebviewbytedance.so+0x023a9fef
E/TT_WEBVIEW_chromium(13845): #02 0xd9bf7e6b /data/data/com.bytedance.shell/files/webview_bytedance/ba9f63243d721e678d07b0cd20995325_md5/libwebviewbytedance.so+0x023abe6b
E/TT_WEBVIEW_chromium(13845): #03 0xd955f659 /data/data/com.bytedance.shell/files/webview_bytedance/ba9f63243d721e678d07b0cd20995325_md5/libwebviewbytedance.so+0x01d13659
E/TT_WEBVIEW_chromium(13845): #04 0xd955d219 /data/data/com.bytedance.shell/files/webview_bytedance/ba9f63243d721e678d07b0cd20995325_md5/libwebviewbytedance.so+0x01d11219
E/TT_WEBVIEW_chromium(13845): #05 0xd955d163 /data/data/com.bytedance.shell/files/webview_bytedance/ba9f63243d721e678d07b0cd20995325_md5/libwebviewbytedance.so+0x01d11163
E/TT_WEBVIEW_chromium(13845): #06 0xd955f4e5 /data/data/com.bytedance.shell/files/webview_bytedance/ba9f63243d721e678d07b0cd20995325_md5/libwebviewbytedance.so+0x01d134e5
E/TT_WEBVIEW_chromium(13845): #07 0xd9556221 /data/data/com.bytedance.shell/files/webview_bytedance/ba9f63243d721e678d07b0cd20995325_md5/libwebviewbytedance.so+0x01d0a221
E/TT_WEBVIEW_chromium(13845): #08 0xd95558d7 /data/data/com.bytedance.shell/files/webview_bytedance/ba9f63243d721e678d07b0cd20995325_md5/libwebviewbytedance.so+0x01d098d7
E/TT_WEBVIEW_chromium(13845): #09 0xda2d6ecd /data/data/com.bytedance.shell/files/webview_bytedance/ba9f63243d721e678d07b0cd20995325_md5/libwebviewbytedance.so+0x02a8aecd
E/TT_WEBVIEW_chromium(13845): #10 0xda2b2c99 /data/data/com.bytedance.shell/files/webview_bytedance/ba9f63243d721e678d07b0cd20995325_md5/libwebviewbytedance.so+0x02a66c99
E/TT_WEBVIEW_chromium(13845): #11 0xda15a581 /data/data/com.bytedance.shell/files/webview_bytedance/ba9f63243d721e678d07b0cd20995325_md5/libwebviewbytedance.so+0x0290e581
E/TT_WEBVIEW_chromium(13845): #12 0xda148cef /data/data/com.bytedance.shell/files/webview_bytedance/ba9f63243d721e678d07b0cd20995325_md5/libwebviewbytedance.so+0x028fccef
E/TT_WEBVIEW_chromium(13845): #13 0xda15a64f /data/data/com.bytedance.shell/files/webview_bytedance/ba9f63243d721e678d07b0cd20995325_md5/libwebviewbytedance.so+0x0290e64f
E/TT_WEBVIEW_chromium(13845): #14 0xda13b361 /data/data/com.bytedance.shell/files/webview_bytedance/ba9f63243d721e678d07b0cd20995325_md5/libwebviewbytedance.so+0x028ef361
E/TT_WEBVIEW_chromium(13845): #15 0xda0b1d27 /data/data/com.bytedance.shell/files/webview_bytedance/ba9f63243d721e678d07b0cd20995325_md5/libwebviewbytedance.so+0x02865d27
E/TT_WEBVIEW_chromium(13845): #16 0xda13467d /data/data/com.bytedance.shell/files/webview_bytedance/ba9f63243d721e678d07b0cd20995325_md5/libwebviewbytedance.so+0x028e867d
E/TT_WEBVIEW_chromium(13845): #17 0xda1523e7 /data/data/com.bytedance.shell/files/webview_bytedance/ba9f63243d721e678d07b0cd20995325_md5/libwebviewbytedance.so+0x029063e7
E/TT_WEBVIEW_chromium(13845): #18 0xda150e1b /data/data/com.bytedance.shell/files/webview_bytedance/ba9f63243d721e678d07b0cd20995325_md5/libwebviewbytedance.so+0x02904e1b
E/TT_WEBVIEW_chromium(13845): #19 0xda139cf7 /data/data/com.bytedance.shell/files/webview_bytedance/ba9f63243d721e678d07b0cd20995325_md5/libwebviewbytedance.so+0x028edcf7
E/TT_WEBVIEW_chromium(13845): #20 0xda139989 /data/data/com.bytedance.shell/files/webview_bytedance/ba9f63243d721e678d07b0cd20995325_md5/libwebviewbytedance.so+0x028ed989
E/TT_WEBVIEW_chromium(13845): #21 0xda138daf /data/data/com.bytedance.shell/files/webview_bytedance/ba9f63243d721e678d07b0cd20995325_md5/libwebviewbytedance.so+0x028ecdaf
E/TT_WEBVIEW_chromium(13845): #22 0xda138bdf /data/data/com.bytedance.shell/files/webview_bytedance/ba9f63243d721e678d07b0cd20995325_md5/libwebviewbytedance.so+0x028ecbdf
E/TT_WEBVIEW_chromium(13845): #23 0xd93d8ecb /data/data/com.bytedance.shell/files/webview_bytedance/ba9f63243d721e678d07b0cd20995325_md5/libwebviewbytedance.so+0x01b8cecb
E/TT_WEBVIEW_chromium(13845): #24 0xd93d8d4b /data/data/com.bytedance.shell/files/webview_bytedance/ba9f63243d721e678d07b0cd20995325_md5/libwebviewbytedance.so+0x01b8cd4b
E/TT_WEBVIEW_chromium(13845): #25 0xd7b54b59 /data/data/com.bytedance.shell/files/webview_bytedance/ba9f63243d721e678d07b0cd20995325_md5/libwebviewbytedance.so+0x00308b59
E/TT_WEBVIEW_chromium(13845): #26 0xd7b85e6d /data/data/com.bytedance.shell/files/webview_bytedance/ba9f63243d721e678d07b0cd20995325_md5/libwebviewbytedance.so+0x00339e6d
E/TT_WEBVIEW_chromium(13845): #27 0xd956a2cb /data/data/com.bytedance.shell/files/webview_bytedance/ba9f63243d721e678d07b0cd20995325_md5/libwebviewbytedance.so+0x01d1e2cb
E/TT_WEBVIEW_chromium(13845): #28 0xd95691b9 /data/data/com.bytedance.shell/files/webview_bytedance/ba9f63243d721e678d07b0cd20995325_md5
E/TT_WEBVIEW_CHROMIUM(13845): [ERROR:web_url_loader_impl.cc(1246)] keiling LoadAsynchronously
E/TT_WEBVIEW_CHROMIUM(13802): [ERROR:resource_dispatcher_host_impl.cc(2318)] keiling BeginRequestInternal
E/LYNX_TT_WEBVIEW(13802): CError = [[ERROR][589151954150][Browser] resource_dispatcher_host_impl.cc:2318]: keiling BeginRequestInternal
E/LYNX_TT_WEBVIEW(13802):  
E/TT_WEBVIEW_chromium(13845): #00 0xd9bf7e51 /data/data/com.bytedance.shell/files/webview_bytedance/ba9f63243d721e678d07b0cd20995325_md5/libwebviewbytedance.so+0x023abe51
E/TT_WEBVIEW_chromium(13845): #01 0xd955f659 /data/data/com.bytedance.shell/files/webview_bytedance/ba9f63243d721e678d07b0cd20995325_md5/libwebviewbytedance.so+0x01d13659
E/TT_WEBVIEW_chromium(13845): #02 0xd955d219 /data/data/com.bytedance.shell/files/webview_bytedance/ba9f63243d721e678d07b0cd20995325_md5/libwebviewbytedance.so+0x01d11219
E/TT_WEBVIEW_chromium(13845): #03 0xd955d163 /data/data/com.bytedance.shell/files/webview_bytedance/ba9f63243d721e678d07b0cd20995325_md5/libwebviewbytedance.so+0x01d11163
E/TT_WEBVIEW_chromium(13845): #04 0xd955f4e5 /data/data/com.bytedance.shell/files/webview_bytedance/ba9f63243d721e678d07b0cd20995325_md5/libwebviewbytedance.so+0x01d134e5
E/TT_WEBVIEW_chromium(13845): #05 0xd9556221 /data/data/com.bytedance.shell/files/webview_bytedance/ba9f63243d721e678d07b0cd20995325_md5/libwebviewbytedance.so+0x01d0a221
E/TT_WEBVIEW_chromium(13845): #06 0xd95558d7 /data/data/com.bytedance.shell/files/webview_bytedance/ba9f63243d721e678d07b0cd20995325_md5/libwebviewbytedance.so+0x01d098d7
E/TT_WEBVIEW_chromium(13845): #07 0xda2d6ecd /data/data/com.bytedance.shell/files/webview_bytedance/ba9f63243d721e678d07b0cd20995325_md5/libwebviewbytedance.so+0x02a8aecd
E/TT_WEBVIEW_chromium(13845): #08 0xda2b2c99 /data/data/com.bytedance.shell/files/webview_bytedance/ba9f63243d721e678d07b0cd20995325_md5/libwebviewbytedance.so+0x02a66c99
E/TT_WEBVIEW_chromium(13845): #09 0xda15a581 /data/data/com.bytedance.shell/files/webview_bytedance/ba9f63243d721e678d07b0cd20995325_md5/libwebviewbytedance.so+0x0290e581
E/TT_WEBVIEW_chromium(13845): #10 0xda148cef /data/data/com.bytedance.shell/files/webview_bytedance/ba9f63243d721e678d07b0cd20995325_md5/libwebviewbytedance.so+0x028fccef
E/TT_WEBVIEW_chromium(13845): #11 0xda15a64f /data/data/com.bytedance.shell/files/webview_bytedance/ba9f63243d721e678d07b0cd20995325_md5/libwebviewbytedance.so+0x0290e64f
E/TT_WEBVIEW_chromium(13845): #12 0xda13b361 /data/data/com.bytedance.shell/files/webview_bytedance/ba9f63243d721e678d07b0cd20995325_md5/libwebviewbytedance.so+0x028ef361
E/TT_WEBVIEW_chromium(13845): #13 0xda0b1d27 /data/data/com.bytedance.shell/files/webview_bytedance/ba9f63243d721e678d07b0cd20995325_md5/libwebviewbytedance.so+0x02865d27
E/TT_WEBVIEW_chromium(13845): #14 0xda13467d /data/data/com.bytedance.shell/files/webview_bytedance/ba9f63243d721e678d07b0cd20995325_md5/libwebviewbytedance.so+0x028e867d
E/TT_WEBVIEW_chromium(13845): #15 0xda1523e7 /data/data/com.bytedance.shell/files/webview_bytedance/ba9f63243d721e678d07b0cd20995325_md5/libwebviewbytedance.so+0x029063e7
E/TT_WEBVIEW_chromium(13845): #16 0xda150e1b /data/data/com.bytedance.shell/files/webview_bytedance/ba9f63243d721e678d07b0cd20995325_md5/libwebviewbytedance.so+0x02904e1b
E/TT_WEBVIEW_chromium(13845): #17 0xda139cf7 /data/data/com.bytedance.shell/files/webview_bytedance/ba9f63243d721e678d07b0cd20995325_md5/libwebviewbytedance.so+0x028edcf7
E/TT_WEBVIEW_chromium(13845): #18 0xda139989 /data/data/com.bytedance.shell/files/webview_bytedance/ba9f63243d721e678d07b0cd20995325_md5/libwebviewbytedance.so+0x028ed989
E/TT_WEBVIEW_chromium(13845): #19 0xda138daf /data/data/com.bytedance.shell/files/webview_bytedance/ba9f63243d721e678d07b0cd20995325_md5/libwebviewbytedance.so+0x028ecdaf
E/TT_WEBVIEW_chromium(13845): #20 0xda138bdf /data/data/com.bytedance.shell/files/webview_bytedance/ba9f63243d721e678d07b0cd20995325_md5/libwebviewbytedance.so+0x028ecbdf
E/TT_WEBVIEW_chromium(13845): #21 0xd93d8ecb /data/data/com.bytedance.shell/files/webview_bytedance/ba9f63243d721e678d07b0cd20995325_md5/libwebviewbytedance.so+0x01b8cecb
E/TT_WEBVIEW_chromium(13845): #22 0xd93d8d4b /data/data/com.bytedance.shell/files/webview_bytedance/ba9f63243d721e678d07b0cd20995325_md5/libwebviewbytedance.so+0x01b8cd4b
E/TT_WEBVIEW_chromium(13845): #23 0xd7b54b59 /data/data/com.bytedance.shell/files/webview_bytedance/ba9f63243d721e678d07b0cd20995325_md5/libwebviewbytedance.so+0x00308b59
E/TT_WEBVIEW_chromium(13845): #24 0xd7b85e6d /data/data/com.bytedance.shell/files/webview_bytedance/ba9f63243d721e678d07b0cd20995325_md5/libwebviewbytedance.so+0x00339e6d
E/TT_WEBVIEW_chromium(13845): #25 0xd956a2cb /data/data/com.bytedance.shell/files/webview_bytedance/ba9f63243d721e678d07b0cd20995325_md5/libwebviewbytedance.so+0x01d1e2cb
E/TT_WEBVIEW_chromium(13845): #26 0xd95691b9 /data/data/com.bytedance.shell/files/webview_bytedance/ba9f63243d721e678d07b0cd20995325_md5/libwebviewbytedance.so+0x01d1d1b9
E/TT_WEBVIEW_chromium(13845): #27 0xd7b54b59 /data/data/com.bytedance.shell/files/webview_bytedance/ba9f63243d721e678d07b0cd20995325_md5/libwebviewbytedance.so+0x00308b59
E/TT_WEBVIEW_chromium(13845): #28 0xd7b85e6d /data/data/com.bytedance.shell/files/webview_bytedance/ba9f63243d721e678d07b0cd20995325_md5
E/TT_WEBVIEW_CHROMIUM(13845): [ERROR:resource_dispatcher.cc(727)] keiling StartAsync
E/TT_WEBVIEW_chromium(13802): #00 0xd643e1b7 /data/data/com.bytedance.shell/files/webview_bytedance/ba9f63243d721e678d07b0cd20995325_md5/libwebviewbytedance.so+0x011f61b7
E/TT_WEBVIEW_chromium(13802): #01 0xd643dc45 /data/data/com.bytedance.shell/files/webview_bytedance/ba9f63243d721e678d07b0cd20995325_md5/libwebviewbytedance.so+0x011f5c45
