
E/TT_WEBVIEW_chromium( 5364): #00 0xd64365fb /data/data/com.bytedance.shell/files/webview_bytedance/ba9f63243d721e678d07b0cd20995325_md5/libwebviewbytedance.so+0x011ee5fb
E/TT_WEBVIEW_chromium( 5364): #01 0xd6433679 /data/data/com.bytedance.shell/files/webview_bytedance/ba9f63243d721e678d07b0cd20995325_md5/libwebviewbytedance.so+0x011eb679
E/TT_WEBVIEW_chromium( 5364): #02 0xd64312ad /data/data/com.bytedance.shell/files/webview_bytedance/ba9f63243d721e678d07b0cd20995325_md5/libwebviewbytedance.so+0x011e92ad
E/TT_WEBVIEW_chromium( 5364): #03 0xd6430adb /data/data/com.bytedance.shell/files/webview_bytedance/ba9f63243d721e678d07b0cd20995325_md5/libwebviewbytedance.so+0x011e8adb
E/TT_WEBVIEW_chromium( 5364): #04 0xd64309d5 /data/data/com.bytedance.shell/files/webview_bytedance/ba9f63243d721e678d07b0cd20995325_md5/libwebviewbytedance.so+0x011e89d5
E/TT_WEBVIEW_chromium( 5364): #05 0xd6449869 /data/data/com.bytedance.shell/files/webview_bytedance/ba9f63243d721e678d07b0cd20995325_md5/libwebviewbytedance.so+0x01201869
E/TT_WEBVIEW_chromium( 5364): #06 0xd6442ecd /data/data/com.bytedance.shell/files/webview_bytedance/ba9f63243d721e678d07b0cd20995325_md5/libwebviewbytedance.so+0x011faecd
E/TT_WEBVIEW_chromium( 5364): #07 0xd6442bb7 /data/data/com.bytedance.shell/files/webview_bytedance/ba9f63243d721e678d07b0cd20995325_md5/libwebviewbytedance.so+0x011fabb7
E/TT_WEBVIEW_chromium( 5364): #08 0xd5be39e9 /data/data/com.bytedance.shell/files/webview_bytedance/ba9f63243d721e678d07b0cd20995325_md5/libwebviewbytedance.so+0x0099b9e9
E/TT_WEBVIEW_chromium( 5364): #09 0xd5bdfce5 /data/data/com.bytedance.shell/files/webview_bytedance/ba9f63243d721e678d07b0cd20995325_md5/libwebviewbytedance.so+0x00997ce5
E/TT_WEBVIEW_chromium( 5364): #10 0xd5be0f4b /data/data/com.bytedance.shell/files/webview_bytedance/ba9f63243d721e678d07b0cd20995325_md5/libwebviewbytedance.so+0x00998f4b
E/TT_WEBVIEW_chromium( 5364): #11 0xd5be0a9d /data/data/com.bytedance.shell/files/webview_bytedance/ba9f63243d721e678d07b0cd20995325_md5/libwebviewbytedance.so+0x00998a9d
E/TT_WEBVIEW_chromium( 5364): #12 0xd5be2937 /data/data/com.bytedance.shell/files/webview_bytedance/ba9f63243d721e678d07b0cd20995325_md5/libwebviewbytedance.so+0x0099a937
E/TT_WEBVIEW_chromium( 5364): #13 0xd554e12f /data/data/com.bytedance.shell/files/webview_bytedance/ba9f63243d721e678d07b0cd20995325_md5/libwebviewbytedance.so+0x0030612f
E/TT_WEBVIEW_chromium( 5364): #14 0xd5ad472b /data/data/com.bytedance.shell/files/webview_bytedance/ba9f63243d721e678d07b0cd20995325_md5/libwebviewbytedance.so+0x0088c72b
E/TT_WEBVIEW_chromium( 5364): #15 0xd5524f83 /data/data/com.bytedance.shell/files/webview_bytedance/ba9f63243d721e678d07b0cd20995325_md5/libwebviewbytedance.so+0x002dcf83
E/TT_WEBVIEW_chromium( 5364): #16 0xd5ae1a61 /data/data/com.bytedance.shell/files/webview_bytedance/ba9f63243d721e678d07b0cd20995325_md5/libwebviewbytedance.so+0x00899a61
E/TT_WEBVIEW_chromium( 5364): #17 0xd5ae4a6b /data/data/com.bytedance.shell/files/webview_bytedance/ba9f63243d721e678d07b0cd20995325_md5/libwebviewbytedance.so+0x0089ca6b
E/TT_WEBVIEW_chromium( 5364): #18 0xd554e12f /data/data/com.bytedance.shell/files/webview_bytedance/ba9f63243d721e678d07b0cd20995325_md5/libwebviewbytedance.so+0x0030612f
E/TT_WEBVIEW_chromium( 5364): #19 0xd5ba4525 /data/data/com.bytedance.shell/files/webview_bytedance/ba9f63243d721e678d07b0cd20995325_md5/libwebviewbytedance.so+0x0095c525
E/TT_WEBVIEW_chromium( 5364): #20 0xd5ba44a7 /data/data/com.bytedance.shell/files/webview_bytedance/ba9f63243d721e678d07b0cd20995325_md5/libwebviewbytedance.so+0x0095c4a7
E/TT_WEBVIEW_chromium( 5364): #21 0xd5bb468d /data/data/com.bytedance.shell/files/webview_bytedance/ba9f63243d721e678d07b0cd20995325_md5/libwebviewbytedance.so+0x0096c68d
E/TT_WEBVIEW_chromium( 5364): #22 0xd5bb4505 /data/data/com.bytedance.shell/files/webview_bytedance/ba9f63243d721e678d07b0cd20995325_md5/libwebviewbytedance.so+0x0096c505
E/TT_WEBVIEW_chromium( 5364): #23 0xd5baeacf /data/data/com.bytedance.shell/files/webview_bytedance/ba9f63243d721e678d07b0cd20995325_md5/libwebviewbytedance.so+0x00966acf
E/TT_WEBVIEW_chromium( 5364): #24 0xd5ba2061 /data/data/com.bytedance.shell/files/webview_bytedance/ba9f63243d721e678d07b0cd20995325_md5/libwebviewbytedance.so+0x0095a061
E/TT_WEBVIEW_chromium( 5364): #25 0xd5bbd623 /data/data/com.bytedance.shell/files/webview_bytedance/ba9f63243d721e678d07b0cd20995325_md5/libwebviewbytedance.so+0x00975623
E/TT_WEBVIEW_chromium( 5364): #26 0xd5bbd4bf /data/data/com.bytedance.shell/files/webview_bytedance/ba9f63243d721e678d07b0cd20995325_md5/libwebviewbytedance.so+0x009754bf
E/TT_WEBVIEW_chromium( 5364): #27 0xd5b035db /data/data/com.bytedance.shell/files/webview_bytedance/ba9f63243d721e678d07b0cd20995325_md5/libwebviewbytedance.so+0x008bb5db
E/TT_WEBVIEW_chromium( 5364): #28 0xd5b003cd /data/data/com.bytedance.shell/files/webview_bytedance/ba9f63243d721e678d07b0cd20995325_md5
I/LYNX_TT_WEBVIEW(13542): getJsonObjectFromSharedPreferences: There is no json in SharedPrefernces. 
I/LYNX_TT_WEBVIEW(13542): no need to delete files 
I/LYNX_TT_WEBVIEW(13542): hasSaveSetCookies 
E/LYNX_TT_WEBVIEW(13542): getLocalSoVersionCode ： 0620010001 
I/LYNX_TT_WEBVIEW(13542): config url is https://lf.snssdk.com/service/settings/v2/?app=1&caller_name=tt_webview&sdk_version_code=0621110003&sdk_upto_so_versioncode=0620010001&os_type=android&os_api=23&device_platform=HUAWEI%20RIO-AL00&device_manufacturer=HUAWEI&deviceid=59673835423&device_id=59673835423&channel=local_test&aid=13&app_version_code=6648&os_version=6.0.1&package_name=com.bytedance.shell&network_type=wifi 
I/LYNX_TT_WEBVIEW(13542): Hook handler: null Real handler: com.android.webview.chromium.WebViewChromiumFactoryProvider@b2f40ee 
I/LYNX_TT_WEBVIEW(13542): applyToEngineByJsonString: create JsonObject from config file successfully. 
I/LYNX_TT_WEBVIEW(13542): onConfigLoaded json_string:{"sdk_ua_enable":true,"sdk_cookie_init_timeout":10,"sdk_webview_type_consistency_check_interval":5,"sdk_enable_ttwebview":true,"sdk_enable_engineering_mode":true,"sdk_download_url":"https:\/\/lf6-ttcdn-tos.pstatp.com\/obj\/rocketpackagebackup\/bugfix_online\/1560227787libbytedanceweb.so","memory_image_downscale":false,"sdk_upto_so_versioncode":"0621110003002","enable_renderer_process":true,"sdk_is_stable":false,"sdk_signdata":"JTqM78zfU4bYKrRgEGY+seol6Gl7UOxkLaBPESu2QdznDXwBNLH1V4A+JXubzMsaNI3CoumK6MP7xm+XElI1Xw==","sdk_upto_so_md5":"ba9f63243d721e678d07b0cd20995325","sdk_cookie_timeout":10,"debug":"from debug with local_test","render_process_gone_max_num":10,"sdk_webview_type_consistency_first_check_delay":2,"net_http_dns_ali_domains":"is.snssdk.com##lf.snssdk.com##v3.365yg.com##v3.ixigua.com##v3.xiguavideo.com##p3.pstatp.com##v7.pstatp.com##s3.pstatp.com##ichannel.snssdk.com##isub.snssdk.com##log.snssdk.com##s0z.pstatp.com##a3.pstatp.com##p3.pstatp.com","net_flow_count":false,"net_tt_http_dns_transaction_enabled":true,"net_http_dns_perfer":false,"net_dns_prefetch_list":"is.snssdk.com##pos.baidu.com##temai.snssdk.com##ic.snssdk.com##ad.toutiao.com##haohuo.jinritemai.com##m.ce.cn##www.tj-cmys.com##m.gmw.cn##3w.huanqiu.com##is-h2.snssdk.com##iu.snssdk.com##i.snssdk.com##is-hl.snssdk.com##lf.snssdk.com##tp-pay.snssdk.com##diamond.snssdk.com##ic-hl.snssdk.com##m2.people.cn##learning.snssdk.com","net_main_frame_read_headers_retry_enabled":false,"net_tcp_socket_connect_retry_enabled":true,"net_http_dns_google":false,"net_http_dns_bypass_domains":"dns.google.com##dig.bdurl.net","net_prefetch_enabled":false,"net_features_port_from_ttnet_enabled":true,"net_http_dns_tt_domains":"snssdk.com##pstatp.com##toutiao.com##bytedance.com##ixigua.com##huoshan.com##bytedance.net##bytecdn.cn##bytedance.org##amemv.com##douyin.com##faceu.mobi##huoshanzhibo.com##iesdouyin.com##ixiguavideo.com##tuchong.com##zjurl.cn##anotecdn.com##byteoversea.com#xincao.net##ribaoapi.com##feishu.cn##tuchong.com##jinritemai.com","net_dns_ttl":7200,"net_connectjob_retry_enabled":true,"net_dns_dualsocket":true,"net_http_dns_enabled":true,"net_main_frame_4xx5xx_retry_enabled":true,"video_ttmp_switch":true} 
E/LYNX_TT_WEBVIEW(13542): IsAppFirstInstall ：true 
I/LYNX_TT_WEBVIEW(13542): sendCommonEvent [1101]=NetSettingsSo = 0621110003002-true{"pid":13542,"processname":"com.bytedance.shell","loadso":"0620010001","logindex":"13542-2"} 
E/LYNX_TT_WEBVIEW(13542): add  md5:ba9f63243d721e678d07b0cd20995325 url = https://lf6-ttcdn-tos.pstatp.com/obj/rocketpackagebackup/bugfix_online/1560227787libbytedanceweb.so
E/LYNX_TT_WEBVIEW(13542): soVersion = 0621110003002
E/LYNX_TT_WEBVIEW(13542): SignDate = JTqM78zfU4bYKrRgEGY+seol6Gl7UOxkLaBPESu2QdznDXwBNLH1V4A+JXubzMsaNI3CoumK6MP7xm+XElI1Xw==
E/LYNX_TT_WEBVIEW(13542):  
I/LYNX_TT_WEBVIEW(13542): onConfigLoaded tryStart to download , url :https://lf6-ttcdn-tos.pstatp.com/obj/rocketpackagebackup/bugfix_online/1560227787libbytedanceweb.so  delayMillis=30000 
I/LYNX_TT_WEBVIEW(13542): debug json file not exists. so file should be downloaded online 
I/LYNX_TT_WEBVIEW(13542): so 文件复制完毕 
I/LYNX_TT_WEBVIEW(13542): tryLoadTTWebView libbytedance.so from assets time_cost=4998 
I/LYNX_TT_WEBVIEW(13542): LibraryLoader onPreloadFinish ba9f63243d721e678d07b0cd20995325 
I/LYNX_TT_WEBVIEW(13542): SDKBRIDGE.getProviderInstance[preload_ttwebview_timing]=27 
I/LYNX_TT_WEBVIEW(13542): LibraryLoader preload success! 
I/LYNX_TT_WEBVIEW(13542): sendCommonEvent [406]=UseStatus = null{"pid":13542,"processname":"com.bytedance.shell","loadso":"0620010001","logindex":"13542-3"} 
I/LYNX_TT_WEBVIEW(13802): Event filtered: [420]=TraceInitTime = 8 
D/LYNX_TT_WEBVIEW(13802): Process processName = com.bytedance.shell 
I/LYNX_TT_WEBVIEW(13802): Event filtered: [421]=TraceHookTime = 8 
I/LYNX_TT_WEBVIEW(13802): Event filtered: [431]=HookEarly = null 
I/LYNX_TT_WEBVIEW(13802): sProviderInstance has set. 
I/LYNX_TT_WEBVIEW(13802): start time is 28 
I/LYNX_TT_WEBVIEW(13802): getJsonObjectFromSharedPreferences: Create JsonObject from SharedPrefernces successfully. 
I/LYNX_TT_WEBVIEW(13802): getJsonObjectFromSharedPreferences: Create JsonObject from SharedPrefernces successfully. 
I/LYNX_TT_WEBVIEW(13802): getJsonObjectFromSharedPreferences: Create JsonObject from SharedPrefernces successfully. 
I/LYNX_TT_WEBVIEW(13802): getJsonObjectFromSharedPreferences: Create JsonObject from SharedPrefernces successfully. 
I/LYNX_TT_WEBVIEW(13802): Event filtered: [425]=TraceCreateProviderTime = 3 
I/LYNX_TT_WEBVIEW(13802): LibraryLoader Set webview type to shm: TTWebView-0621110003002-ba9f63243d721e678d07b0cd20995325 
I/LYNX_TT_WEBVIEW(13802): Event filtered: [424]=TraceSyncProcessTime = 3 
E/LYNX_TT_WEBVIEW(13802): CheckWithRsa ret is = true 
E/LYNX_TT_WEBVIEW(13802): getAddAssetPathMethod m = public final int android.content.res.AssetManager.addAssetPath(java.lang.String) 
E/LYNX_TT_WEBVIEW(13802): invoke ret = 4 
I/LYNX_TT_WEBVIEW(13802): SDKBRIDGE.getProviderInstance[ttwebview_timing]=11 
I/LYNX_TT_WEBVIEW(13802): mProvider construct complete. 
I/LYNX_TT_WEBVIEW(13802): getJsonObjectFromSharedPreferences: Create JsonObject from SharedPrefernces successfully. 
I/LYNX_TT_WEBVIEW(13802): preInitFinish 
I/LYNX_TT_WEBVIEW(13802): sendImportEvent [1]= WebViewType -> TTWebView 
I/LYNX_TT_WEBVIEW(13802): sendImportEvent [1100]= LoadSo -> 0621110003002 
I/LYNX_TT_WEBVIEW(13802): read json string:  {"13542":{"name":"com.bytedance.shell","webview_type":"SystemWebView","version":"0620010001","native_init":true,"provider":true}} 
I/LYNX_TT_WEBVIEW(13802): write json string:  {"13802":{"name":"com.bytedance.shell","webview_type":"TTWebView","version":"0621110003002","native_init":true,"provider":true}} 
I/LYNX_TT_WEBVIEW(13802): TTWebConsistencyManager check time :5 
I/LYNX_TT_WEBVIEW(13802): Event filtered: [426]=TraceSyncCBTime = 27 
I/LYNX_TT_WEBVIEW(13802): Event filtered: [423]=TraceStartImplTime = 35 
E/LYNX_TT_WEBVIEW(13802): enableDumpLog 1 
E/LYNX_TT_WEBVIEW(13802): enableDumpLog 2 
I/LYNX_TT_WEBVIEW(13802): onPreloaded 
E/LYNX_TT_WEBVIEW(13802): TT_WEBVIEW init null 
I/LYNX_TT_WEBVIEW(13802): Event filtered: [422]=TraceEnsureTime = 0 
I/LYNX_TT_WEBVIEW(13802): sendCommonEvent [433]=InvokeEnsure = null{"pid":13802,"processname":"com.bytedance.shell","loadso":"0621110003002","logindex":"13802-1"} 
I/LYNX_TT_WEBVIEW(13802): read json string:  {"13802":{"name":"com.bytedance.shell","webview_type":"TTWebView","version":"0621110003002","native_init":true,"provider":true}} 
I/LYNX_TT_WEBVIEW(13802): write json string:  {"13802":{"name":"com.bytedance.shell","webview_type":"TTWebView","version":"0621110003002","native_init":false,"provider":true}} 
I/LYNX_TT_WEBVIEW(13802): TTWebConsistencyManager check time :27 
E/TT_WEBVIEW(13802): ttwebview_timing[WebViewChromiumFactoryProvider.loadLibrary]43
I/LYNX_TT_WEBVIEW(13802): getJsonObjectFromSharedPreferences: Create JsonObject from SharedPrefernces successfully. 
I/LYNX_TT_WEBVIEW(13802): getJsonObjectFromSharedPreferences: Create JsonObject from SharedPrefernces successfully. 
E/TT_WEBVIEW(13802): bOpenGpu = false
I/LYNX_TT_WEBVIEW(13802): getJsonObjectFromSharedPreferences: Create JsonObject from SharedPrefernces successfully. 
I/LYNX_TT_WEBVIEW(13802): Event filtered: [407]=LoadEnsure = null 
I/LYNX_TT_WEBVIEW(13802): sendCommonEvent [441]=time_Webview_CreateWebView = 183{"pid":13802,"processname":"com.bytedance.shell","loadso":"0621110003002","logindex":"13802-2"} 
W/TT_WEBVIEW_CHROMIUM(13802): [0625/221116.547121:WARNING:trace_config_file.cc(80)] The trace config file does not exist.
I/LYNX_TT_WEBVIEW(13802): sendCommonEvent [5201]=Init native = {"pid":13802,"processname":"com.bytedance.shell","loadso":"0621110003002","logindex":"13802-3"} 
I/LYNX_TT_WEBVIEW(13802): read json string:  {"13802":{"name":"com.bytedance.shell","webview_type":"TTWebView","version":"0621110003002","native_init":false,"provider":true}} 
I/LYNX_TT_WEBVIEW(13802): write json string:  {"13802":{"name":"com.bytedance.shell","webview_type":"TTWebView","version":"0621110003002","native_init":true,"provider":true}} 
I/LYNX_TT_WEBVIEW(13802): TTWebConsistencyManager check time :8 
I/TT_WEBVIEW(13802): open filename is /data/user/0/com.bytedance.shell/files/webview_bytedance/ba9f63243d721e678d07b0cd20995325_md5/natives_blob.bin
I/TT_WEBVIEW(13802): open filename is /data/user/0/com.bytedance.shell/files/webview_bytedance/ba9f63243d721e678d07b0cd20995325_md5/snapshot_blob_32.bin
I/TT_WEBVIEW(13802): open filename is /data/user/0/com.bytedance.shell/files/webview_bytedance/ba9f63243d721e678d07b0cd20995325_md5/snapshot_blob_64.bin
E/TT_WEBVIEW(13802): openAsset /data/user/0/com.bytedance.shell/files/webview_bytedance/ba9f63243d721e678d07b0cd20995325_md5/assets/snapshot_blob_64.bin java.io.FileNotFoundException: /data/user/0/com.bytedance.shell/files/webview_bytedance/ba9f63243d721e678d07b0cd20995325_md5/snapshot_blob_64.bin
I/TT_WEBVIEW(13802): open filename is /data/user/0/com.bytedance.shell/files/webview_bytedance/ba9f63243d721e678d07b0cd20995325_md5/icudtl.dat
I/TT_WEBVIEW(13802): open filename is /data/user/0/com.bytedance.shell/files/webview_bytedance/ba9f63243d721e678d07b0cd20995325_md5/v8_context_snapshot.bin
E/TT_WEBVIEW(13802): openAsset /data/user/0/com.bytedance.shell/files/webview_bytedance/ba9f63243d721e678d07b0cd20995325_md5/assets/v8_context_snapshot.bin java.io.FileNotFoundException: /data/user/0/com.bytedance.shell/files/webview_bytedance/ba9f63243d721e678d07b0cd20995325_md5/v8_context_snapshot.bin
I/TT_WEBVIEW(13802): open filename is /data/user/0/com.bytedance.shell/files/webview_bytedance/ba9f63243d721e678d07b0cd20995325_md5/chrome_100_percent.pak
I/TT_WEBVIEW(13802): open filename is /data/user/0/com.bytedance.shell/files/webview_bytedance/ba9f63243d721e678d07b0cd20995325_md5/zh-CN.pak
I/TT_WEBVIEW(13802): open filename is /data/user/0/com.bytedance.shell/files/webview_bytedance/ba9f63243d721e678d07b0cd20995325_md5/resources.pak
I/LYNX_TT_WEBVIEW(13845): Event filtered: [420]=TraceInitTime = 6 
D/LYNX_TT_WEBVIEW(13845): Process processName = com.bytedance.shell:sandboxed_process1 
W/TT_WEBVIEW_CHROMIUM(13802): [WARNING:tt_region_server_config.cc(90)] ParseJsonResult:== content =  Parse error = 
W/TT_WEBVIEW_CHROMIUM(13802): [WARNING:tt_route_selection_server_config.cc(110)] ParseJsonResult content =  Parse error = 
I/LYNX_TT_WEBVIEW(13845): LibraryLoader Read type from shm: TTWebView-0621110003002-ba9f63243d721e678d07b0cd20995325 
W/TT_WEBVIEW_CHROMIUM(13802): [WARNING:tt_app_info_manager.cc(55)] UpdateAppInfoValue:== GetAppInfo failed, return value is 0 AppName = 
W/TT_WEBVIEW_CHROMIUM(13802): [WARNING:tt_server_config.cc(167)] ReadConfigFileInternal:== Read file /data/user/0/com.bytedance.shell/files/webview_bytedance/data/ttwebview_server.json error!
E/LYNX_TT_WEBVIEW(13845): getAddAssetPathMethod m = public final int android.content.res.AssetManager.addAssetPath(java.lang.String) 
E/LYNX_TT_WEBVIEW(13845): invoke ret = 4 
I/LYNX_TT_WEBVIEW(13802): getJsonObjectFromSharedPreferences: Create JsonObject from SharedPrefernces successfully. 
I/LYNX_TT_WEBVIEW(13802): getJsonObjectFromSharedPreferences: Create JsonObject from SharedPrefernces successfully. 
I/LYNX_TT_WEBVIEW(13845): sendCommonEvent [427]=TraceStartRendererProcess = 67{"pid":13845,"processname":"com.bytedance.shell:sandboxed_process1","loadso":"0620010001","logindex":"13845-1"} 
I/LYNX_TT_WEBVIEW(13845): start time is 90 
E/TT_WEBVIEW_CHROMIUM(13802): [ERROR:render_frame_host_impl.cc(511)] keiling RenderFrameHostImpl
E/LYNX_TT_WEBVIEW(13802): CError = [[ERROR][589148735435][Browser] render_frame_host_impl.cc:511]: keiling RenderFrameHostImpl
E/LYNX_TT_WEBVIEW(13802):  
E/LYNX_TT_WEBVIEW(13845): CheckWithRsa ret is = true 
E/TT_WEBVIEW_chromium(13802): #00 0xd63bf0e5 /data/data/com.bytedance.shell/files/webview_bytedance/ba9f63243d721e678d07b0cd20995325_md5/libwebviewbytedance.so+0x011770e5
E/TT_WEBVIEW_chromium(13802): #01 0xd63bea9f /data/data/com.bytedance.shell/files/webview_bytedance/ba9f63243d721e678d07b0cd20995325_md5/libwebviewbytedance.so+0x01176a9f
E/TT_WEBVIEW_chromium(13802): #02 0xd63d36fd /data/data/com.bytedance.shell/files/webview_bytedance/ba9f63243d721e678d07b0cd20995325_md5/libwebviewbytedance.so+0x0118b6fd
E/TT_WEBVIEW_chromium(13802): #03 0xd63d35e3 /data/data/com.bytedance.shell/files/webview_bytedance/ba9f63243d721e678d07b0cd20995325_md5/libwebviewbytedance.so+0x0118b5e3
E/TT_WEBVIEW_chromium(13802): #04 0xd6568f8f /data/data/com.bytedance.shell/files/webview_bytedance/ba9f63243d721e678d07b0cd20995325_md5/libwebviewbytedance.so+0x01320f8f
E/TT_WEBVIEW_chromium(13802): #05 0xd6563c0d /data/data/com.bytedance.shell/files/webview_bytedance/ba9f63243d721e678d07b0cd20995325_md5/libwebviewbytedance.so+0x0131bc0d
E/TT_WEBVIEW_chromium(13802): #06 0xd6563b8b /data/data/com.bytedance.shell/files/webview_bytedance/ba9f63243d721e678d07b0cd20995325_md5/libwebviewbytedance.so+0x0131bb8b
E/TT_WEBVIEW_chromium(13802): #07 0xd5527059 /data/data/com.bytedance.shell/files/webview_bytedance/ba9f63243d721e678d07b0cd20995325_md5/libwebviewbytedance.so+0x002df059
E/TT_WEBVIEW_chromium(13802): #08 0xdbd561c9 /data/data/com.bytedance.shell/app_dex/ba9f63243d721e678d07b0cd20995325_md5/classes.dex+0x005361c9
E/LYNX_TT_WEBVIEW(13802): getLoadSoVersionCode ： 0621110003002 
I/LYNX_TT_WEBVIEW(13802): getJsonObjectFromSharedPreferences: Create JsonObject from SharedPrefernces successfully. 
I/LYNX_TT_WEBVIEW(13802): getJsonObjectFromSharedPreferences: Create JsonObject from SharedPrefernces successfully. 
I/WebViewChromium(13802): TT_WEBVIEW addUa= TTWebView/0621110003002 bEnableAddUa=true
I/LYNX_TT_WEBVIEW(13802): sendCommonEvent [440]=time_Webview_init = 341{"pid":13802,"processname":"com.bytedance.shell","loadso":"0621110003002","logindex":"13802-4"} 
I/LYNX_TT_WEBVIEW(13802): new webview time is 526 
I/WebViewExtensionImpl(13802): TT_WEBVIEW bNeedAddTTwebview=true
I/cr_AwContents(13802): TT_WEBVIEW mbHasSetHeadXRequestWith=false mshouldRemoveHeadXRequestWith=false mstrNeedSetHeadXRequestWith=
E/TT_WEBVIEW_CHROMIUM(13802): [ERROR:render_frame_host_manager.cc(1932)] keiling InitRenderView
E/LYNX_TT_WEBVIEW(13802): CError = [[ERROR][589148857881][Browser] render_frame_host_manager.cc:1932]: keiling InitRenderView
E/LYNX_TT_WEBVIEW(13802):  
E/LYNX_TT_WEBVIEW(13845): enableDumpLog 1 
E/LYNX_TT_WEBVIEW(13845): enableDumpLog 2 
E/TT_WEBVIEW_chromium(13802): #00 0xd63d66fb /data/data/com.bytedance.shell/files/webview_bytedance/ba9f63243d721e678d07b0cd20995325_md5/libwebviewbytedance.so+0x0118e6fb
E/TT_WEBVIEW_chromium(13802): #01 0xd63d3fcb /data/data/com.bytedance.shell/files/webview_bytedance/ba9f63243d721e678d07b0cd20995325_md5/libwebviewbytedance.so+0x0118bfcb
E/TT_WEBVIEW_chromium(13802): #02 0xd63d507d /data/data/com.bytedance.shell/files/webview_bytedance/ba9f63243d721e678d07b0cd20995325_md5/libwebviewbytedance.so+0x0118d07d
E/TT_WEBVIEW_chromium(13802): #03 0xd63d4e1b /data/data/com.bytedance.shell/files/webview_bytedance/ba9f63243d721e678d07b0cd20995325_md5/libwebviewbytedance.so+0x0118ce1b
E/TT_WEBVIEW_chromium(13802): #04 0xd63aa0cf /data/data/com.bytedance.shell/files/webview_bytedance/ba9f63243d721e678d07b0cd20995325_md5/libwebviewbytedance.so+0x011620cf
E/TT_WEBVIEW_chromium(13802): #05 0xd63bd4b7 /data/data/com.bytedance.shell/files/webview_bytedance/ba9f63243d721e678d07b0cd20995325_md5/libwebviewbytedance.so+0x011754b7
E/TT_WEBVIEW_chromium(13802): #06 0xd63bcea1 /data/data/com.bytedance.shell/files/webview_bytedance/ba9f63243d721e678d07b0cd20995325_md5/libwebviewbytedance.so+0x01174ea1
E/TT_WEBVIEW_chromium(13802): #07 0xd63bd613 /data/data/com.bytedance.shell/files/webview_bytedance/ba9f63243d721e678d07b0cd20995325_md5/libwebviewbytedance.so+0x01175613
E/TT_WEBVIEW_chromium(13802): #08 0xd63b31e1 /data/data/com.bytedance.shell/files/webview_bytedance/ba9f63243d721e678d07b0cd20995325_md5/libwebviewbytedance.so+0x0116b1e1
E/TT_WEBVIEW_chromium(13802): #09 0xd63aff41 /data/data/com.bytedance.shell/files/webview_bytedance/ba9f63243d721e678d07b0cd20995325_md5/libwebviewbytedance.so+0x01167f41
E/TT_WEBVIEW_chromium(13802): #10 0xd63b026f /data/data/com.bytedance.shell/files/webview_bytedance/ba9f63243d721e678d07b0cd20995325_md5/libwebviewbytedance.so+0x0116826f
E/TT_WEBVIEW_chromium(13802): #11 0xd63b0cbd /data/data/com.bytedance.shell/files/webview_bytedance/ba9f63243d721e678d07b0cd20995325_md5/libwebviewbytedance.so+0x01168cbd
E/TT_WEBVIEW_chromium(13802): #12 0xd63ae799 /data/data/com.bytedance.shell/files/webview_bytedance/ba9f63243d721e678d07b0cd20995325_md5/libwebviewbytedance.so+0x01166799
E/TT_WEBVIEW_chromium(13802): #13 0xd63ae3e9 /data/data/com.bytedance.shell/files/webview_bytedance/ba9f63243d721e678d07b0cd20995325_md5/libwebviewbytedance.so+0x011663e9
E/TT_WEBVIEW_chromium(13802): #14 0xdbdb0f19 /data/data/com.bytedance.shell/app_dex/ba9f63243d721e678d07b0cd20995325_md5/classes.dex+0x00590f19
E/TT_WEBVIEW_chromium(13802): #00 0xd6338275 /data/data/com.bytedance.shell/files/webview_bytedance/ba9f63243d721e678d07b0cd20995325_md5/libwebviewbytedance.so+0x010f0275
E/TT_WEBVIEW_chromium(13802): #01 0xd64cb751 /data/data/com.bytedance.shell/files/webview_bytedance/ba9f63243d721e678d07b0cd20995325_md5/libwebviewbytedance.so+0x01283751
E/TT_WEBVIEW_chromium(13802): #02 0xd63d670d /data/data/com.bytedance.shell/files/webview_bytedance/ba9f63243d721e678d07b0cd20995325_md5/libwebviewbytedance.so+0x0118e70d
E/TT_WEBVIEW_chromium(13802): #03 0xd63d3fcb /data/data/com.bytedance.shell/files/webview_bytedance/ba9f63243d721e678d07b0cd20995325_md5/libwebviewbytedance.so+0x0118bfcb
E/TT_WEBVIEW_chromium(13802): #04 0xd63d507d /data/data/com.bytedance.shell/files/webview_bytedance/ba9f63243d721e678d07b0cd20995325_md5/libwebviewbytedance.so+0x0118d07d
E/TT_WEBVIEW_chromium(13802): #05 0xd63d4e1b /data/data/com.bytedance.shell/files/webview_bytedance/ba9f63243d721e678d07b0cd20995325_md5/libwebviewbytedance.so+0x0118ce1b
E/TT_WEBVIEW_chromium(13802): #06 0xd63aa0cf /data/data/com.bytedance.shell/files/webview_bytedance/ba9f63243d721e678d07b0cd20995325_md5/libwebviewbytedance.so+0x011620cf
E/TT_WEBVIEW_chromium(13802): #07 0xd63bd4b7 /data/data/com.bytedance.shell/files/webview_bytedance/ba9f63243d721e678d07b0cd20995325_md5/libwebviewbytedance.so+0x011754b7
E/TT_WEBVIEW_chromium(13802): #08 0xd63bcea1 /data/data/com.bytedance.shell/files/webview_bytedance/ba9f63243d721e678d07b0cd20995325_md5/libwebviewbytedance.so+0x01174ea1
E/TT_WEBVIEW_chromium(13802): #09 0xd63bd613 /data/data/com.bytedance.shell/files/webview_bytedance/ba9f63243d721e678d07b0cd20995325_md5/libwebviewbytedance.so+0x01175613
E/TT_WEBVIEW_chromium(13802): #10 0xd63b31e1 /data/data/com.bytedance.shell/files/webview_bytedance/ba9f63243d721e678d07b0cd20995325_md5/libwebviewbytedance.so+0x0116b1e1
E/TT_WEBVIEW_chromium(13802): #11 0xd63aff41 /data/data/com.bytedance.shell/files/webview_bytedance/ba9f63243d721e678d07b0cd20995325_md5/libwebviewbytedance.so+0x01167f41
E/TT_WEBVIEW_chromium(13802): #12 0xd63b026f /data/data/com.bytedance.shell/files/webview_bytedance/ba9f63243d721e678d07b0cd20995325_md5/libwebviewbytedance.so+0x0116826f
E/TT_WEBVIEW_chromium(13802): #13 0xd63b0cbd /data/data/com.bytedance.shell/files/webview_bytedance/ba9f63243d721e678d07b0cd20995325_md5/libwebviewbytedance.so+0x01168cbd
E/TT_WEBVIEW_chromium(13802): #14 0xd63ae799 /data/data/com.bytedance.shell/files/webview_bytedance/ba9f63243d721e678d07b0cd20995325_md5/libwebviewbytedance.so+0x01166799
E/TT_WEBVIEW_chromium(13802): #15 0xd63ae3e9 /data/data/com.bytedance.shell/files/webview_bytedance/ba9f63243d721e678d07b0cd20995325_md5/libwebviewbytedance.so+0x011663e9
E/TT_WEBVIEW_chromium(13802): #16 0xdbdb0f19 /data/data/com.bytedance.shell/app_dex/ba9f63243d721e678d07b0cd20995325_md5/classes.dex+0x00590f19
I/TT_WEBVIEW(13802): open filename is /data/user/0/com.bytedance.shell/files/webview_bytedance/ba9f63243d721e678d07b0cd20995325_md5/natives_blob.bin
I/TT_WEBVIEW(13802): open filename is /data/user/0/com.bytedance.shell/files/webview_bytedance/ba9f63243d721e678d07b0cd20995325_md5/snapshot_blob_32.bin
E/TT_WEBVIEW_CHROMIUM(13802): [ERROR:render_view_host_impl.cc(272)] keiling CreateRenderView
I/TT_WEBVIEW(13802): open filename is /data/user/0/com.bytedance.shell/files/webview_bytedance/ba9f63243d721e678d07b0cd20995325_md5/snapshot_blob_64.bin
E/TT_WEBVIEW(13802): openAsset /data/user/0/com.bytedance.shell/files/webview_bytedance/ba9f63243d721e678d07b0cd20995325_md5/assets/snapshot_blob_64.bin java.io.FileNotFoundException: /data/user/0/com.bytedance.shell/files/webview_bytedance/ba9f63243d721e678d07b0cd20995325_md5/snapshot_blob_64.bin
E/LYNX_TT_WEBVIEW(13802): CError = [[ERROR][589148932751][Browser] render_view_host_impl.cc:272]: keiling CreateRenderView
E/LYNX_TT_WEBVIEW(13802):  
W/TT_WEBVIEW_CHROMIUM(13802): [WARNING:child_process_launcher_helper_posix.cc(118)] Ignoring invalid file assets/snapshot_blob_64.bin
E/TT_WEBVIEW_chromium(13802): #00 0xd64d8467 /data/data/com.bytedance.shell/files/webview_bytedance/ba9f63243d721e678d07b0cd20995325_md5/libwebviewbytedance.so+0x01290467
E/TT_WEBVIEW_chromium(13802): #01 0xd656efb5 /data/data/com.bytedance.shell/files/webview_bytedance/ba9f63243d721e678d07b0cd20995325_md5/libwebviewbytedance.so+0x01326fb5
E/TT_WEBVIEW_chromium(13802): #02 0xd63d674f /data/data/com.bytedance.shell/files/webview_bytedance/ba9f63243d721e678d07b0cd20995325_md5/libwebviewbytedance.so+0x0118e74f
E/TT_WEBVIEW_chromium(13802): #03 0xd63d3fcb /data/data/com.bytedance.shell/files/webview_bytedance/ba9f63243d721e678d07b0cd20995325_md5/libwebviewbytedance.so+0x0118bfcb
E/TT_WEBVIEW_chromium(13802): #04 0xd63d507d /data/data/com.bytedance.shell/files/webview_bytedance/ba9f63243d721e678d07b0cd20995325_md5/libwebviewbytedance.so+0x0118d07d
E/TT_WEBVIEW_chromium(13802): #05 0xd63d4e1b /data/data/com.bytedance.shell/files/webview_bytedance/ba9f63243d721e678d07b0cd20995325_md5/libwebviewbytedance.so+0x0118ce1b
E/TT_WEBVIEW_chromium(13802): #06 0xd63aa0cf /data/data/com.bytedance.shell/files/webview_bytedance/ba9f63243d721e678d07b0cd20995325_md5/libwebviewbytedance.so+0x011620cf
E/TT_WEBVIEW_chromium(13802): #07 0xd63bd4b7 /data/data/com.bytedance.shell/files/webview_bytedance/ba9f63243d721e678d07b0cd20995325_md5/libwebviewbytedance.so+0x011754b7
E/TT_WEBVIEW_chromium(13802): #08 0xd63bcea1 /data/data/com.bytedance.shell/files/webview_bytedance/ba9f63243d721e678d07b0cd20995325_md5/libwebviewbytedance.so+0x01174ea1
E/TT_WEBVIEW_chromium(13802): #09 0xd63bd613 /data/data/com.bytedance.shell/files/webview_bytedance/ba9f63243d721e678d07b0cd20995325_md5/libwebviewbytedance.so+0x01175613
E/TT_WEBVIEW_chromium(13802): #10 0xd63b31e1 /data/data/com.bytedance.shell/files/webview_bytedance/ba9f63243d721e678d07b0cd20995325_md5/libwebviewbytedance.so+0x0116b1e1
E/TT_WEBVIEW_chromium(13802): #11 0xd63aff41 /data/data/com.bytedance.shell/files/webview_bytedance/ba9f63243d721e678d07b0cd20995325_md5/libwebviewbytedance.so+0x01167f41
E/TT_WEBVIEW_chromium(13802): #12 0xd63b026f /data/data/com.bytedance.shell/files/webview_bytedance/ba9f63243d721e678d07b0cd20995325_md5/libwebviewbytedance.so+0x0116826f
E/TT_WEBVIEW_chromium(13802): #13 0xd63b0cbd /data/data/com.bytedance.shell/files/webview_bytedance/ba9f63243d721e678d07b0cd20995325_md5/libwebviewbytedance.so+0x01168cbd
E/TT_WEBVIEW_chromium(13802): #14 0xd63ae799 /data/data/com.bytedance.shell/files/webview_bytedance/ba9f63243d721e678d07b0cd20995325_md5/libwebviewbytedance.so+0x01166799
E/TT_WEBVIEW_chromium(13802): #15 0xd63ae3e9 /data/data/com.bytedance.shell/files/webview_bytedance/ba9f63243d721e678d07b0cd20995325_md5/libwebviewbytedance.so+0x011663e9
E/TT_WEBVIEW_chromium(13802): #16 0xdbdb0f19 /data/data/com.bytedance.shell/app_dex/ba9f63243d721e678d07b0cd20995325_md5/classes.dex+0x00590f19
E/TT_WEBVIEW_CHROMIUM(13802): [ERROR:navigation_url_loader_impl.cc(40)] keiling NavigationURLLoaderImpl
E/LYNX_TT_WEBVIEW(13802): CError = [[ERROR][589148976819][Browser] navigation_url_loader_impl.cc:40]: keiling NavigationURLLoaderImpl
E/LYNX_TT_WEBVIEW(13802):  
E/TT_WEBVIEW_chromium(13802): #00 0xd64355b3 /data/data/com.bytedance.shell/files/webview_bytedance/ba9f63243d721e678d07b0cd20995325_md5/libwebviewbytedance.so+0x011ed5b3
E/TT_WEBVIEW_chromium(13802): #01 0xd6435497 /data/data/com.bytedance.shell/files/webview_bytedance/ba9f63243d721e678d07b0cd20995325_md5/libwebviewbytedance.so+0x011ed497
E/TT_WEBVIEW_chromium(13802): #02 0xd64353d5 /data/data/com.bytedance.shell/files/webview_bytedance/ba9f63243d721e678d07b0cd20995325_md5/libwebviewbytedance.so+0x011ed3d5
E/TT_WEBVIEW_chromium(13802): #03 0xd63bb0e1 /data/data/com.bytedance.shell/files/webview_bytedance/ba9f63243d721e678d07b0cd20995325_md5/libwebviewbytedance.so+0x011730e1
E/TT_WEBVIEW_chromium(13802): #04 0xd63bc13f /data/data/com.bytedance.shell/files/webview_bytedance/ba9f63243d721e678d07b0cd20995325_md5/libwebviewbytedance.so+0x0117413f
E/TT_WEBVIEW_chromium(13802): #05 0xd5524f83 /data/data/com.bytedance.shell/files/webview_bytedance/ba9f63243d721e678d07b0cd20995325_md5/libwebviewbytedance.so+0x002dcf83
E/TT_WEBVIEW_chromium(13802): #06 0xd63b6f73 /data/data/com.bytedance.shell/files/webview_bytedance/ba9f63243d721e678d07b0cd20995325_md5/libwebviewbytedance.so+0x0116ef73
E/TT_WEBVIEW_chromium(13802): #07 0xd63b7b59 /data/data/com.bytedance.shell/files/webview_bytedance/ba9f63243d721e678d07b0cd20995325_md5/libwebviewbytedance.so+0x0116fb59
E/TT_WEBVIEW_chromium(13802): #08 0xd63ba6e9 /data/data/com.bytedance.shell/files/webview_bytedance/ba9f63243d721e678d07b0cd20995325_md5/libwebviewbytedance.so+0x011726e9
E/TT_WEBVIEW_chromium(13802): #09 0xd63bd4db /data/data/com.bytedance.shell/files/webview_bytedance/ba9f63243d721e678d07b0cd20995325_md5/libwebviewbytedance.so+0x011754db
E/TT_WEBVIEW_chromium(13802): #10 0xd63bcea1 /data/data/com.bytedance.shell/files/webview_bytedance/ba9f63243d721e678d07b0cd20995325_md5/libwebviewbytedance.so+0x01174ea1
E/TT_WEBVIEW_chromium(13802): #11 0xd63bd613 /data/data/com.bytedance.shell/files/webview_bytedance/ba9f63243d721e678d07b0cd20995325_md5/libwebviewbytedance.so+0x01175613
E/TT_WEBVIEW_chromium(13802): #12 0xd63b31e1 /data/data/com.bytedance.shell/files/webview_bytedance/ba9f63243d721e678d07b0cd20995325_md5/libwebviewbytedance.so+0x0116b1e1
E/TT_WEBVIEW_chromium(13802): #13 0xd63aff41 /data/data/com.bytedance.shell/files/webview_bytedance/ba9f63243d721e678d07b0cd20995325_md5/libwebviewbytedance.so+0x01167f41
E/TT_WEBVIEW_chromium(13802): #14 0xd63b026f /data/data/com.bytedance.shell/files/webview_bytedance/ba9f63243d721e678d07b0cd20995325_md5/libwebviewbytedance.so+0x0116826f
E/TT_WEBVIEW_chromium(13802): #15 0xd63b0cbd /data/data/com.bytedance.shell/files/webview_bytedance/ba9f63243d721e678d07b0cd20995325_md5/libwebviewbytedance.so+0x01168cbd
E/TT_WEBVIEW_chromium(13802): #16 0xd63ae799 /data/data/com.bytedance.shell/files/webview_bytedance/ba9f63243d721e678d07b0cd20995325_md5/libwebviewbytedance.so+0x01166799
E/TT_WEBVIEW_chromium(13802): #17 0xd63ae3e9 /data/data/com.bytedance.shell/files/webview_bytedance/ba9f63243d721e678d07b0cd20995325_md5/libwebviewbytedance.so+0x011663e9
E/TT_WEBVIEW_chromium(13802): #18 0xdbdb0f19 /data/data/com.bytedance.shell/app_dex/ba9f63243d721e678d07b0cd20995325_md5/classes.dex+0x00590f19
E/TT_WEBVIEW_CHROMIUM(13802): [ERROR:stream.cc(42)] keiling Stream
I/LYNX_TT_WEBVIEW(13802): getJsonObjectFromSharedPreferences: Create JsonObject from SharedPrefernces successfully. 
E/LYNX_TT_WEBVIEW(13802): CError = [[ERROR][589149012369][Browser] stream.cc:42]: keiling Stream
E/LYNX_TT_WEBVIEW(13802):  
E/TT_WEBVIEW_CHROMIUM(13802): [ERROR:resource_dispatcher_host_impl.cc(2318)] keiling BeginRequestInternal
E/LYNX_TT_WEBVIEW(13802): CError = [[ERROR][589149013435][Browser] resource_dispatcher_host_impl.cc:2318]: keiling BeginRequestInternal
E/LYNX_TT_WEBVIEW(13802):  
E/TT_WEBVIEW_CHROMIUM(13802): [ERROR:devtools_http_handler.cc(249)] Cannot start http server for devtools. Stop devtools.
E/LYNX_TT_WEBVIEW(13802): CError = [[ERROR][589149015828][Browser] devtools_http_handler.cc:249]: Cannot start http server for devtools. Stop devtools.
E/LYNX_TT_WEBVIEW(13802):  
E/TT_WEBVIEW_chromium(13802): #00 0xd643e1b7 /data/data/com.bytedance.shell/files/webview_bytedance/ba9f63243d721e678d07b0cd20995325_md5/libwebviewbytedance.so+0x011f61b7
E/TT_WEBVIEW_chromium(13802): #01 0xd643f4bd /data/data/com.bytedance.shell/files/webview_bytedance/ba9f63243d721e678d07b0cd20995325_md5/libwebviewbytedance.so+0x011f74bd
E/TT_WEBVIEW_chromium(13802): #02 0xd643618f /data/data/com.bytedance.shell/files/webview_bytedance/ba9f63243d721e678d07b0cd20995325_md5/libwebviewbytedance.so+0x011ee18f
E/TT_WEBVIEW_chromium(13802): #03 0xd6435de7 /data/data/com.bytedance.shell/files/webview_bytedance/ba9f63243d721e678d07b0cd20995325_md5/libwebviewbytedance.so+0x011edde7
E/TT_WEBVIEW_chromium(13802): #04 0xd6435d81 /data/data/com.bytedance.shell/files/webview_bytedance/ba9f63243d721e678d07b0cd20995325_md5/libwebviewbytedance.so+0x011edd81
E/TT_WEBVIEW_chromium(13802): #05 0xd6435d35 /data/data/com.bytedance.shell/files/webview_bytedance/ba9f63243d721e678d07b0cd20995325_md5/libwebviewbytedance.so+0x011edd35
E/TT_WEBVIEW_chromium(13802): #06 0xd5550b59 /data/data/com.bytedance.shell/files/webview_bytedance/ba9f63243d721e678d07b0cd20995325_md5/libwebviewbytedance.so+0x00308b59
E/TT_WEBVIEW_chromium(13802): #07 0xd5581e6d /data/data/com.bytedance.shell/files/webview_bytedance/ba9f63243d721e678d07b0cd20995325_md5/libwebviewbytedance.so+0x00339e6d
E/TT_WEBVIEW_chromium(13802): #08 0xd559a385 /data/data/com.bytedance.shell/files/webview_bytedance/ba9f63243d721e678d07b0cd20995325_md5/libwebviewbytedance.so+0x00352385
E/TT_WEBVIEW_chromium(13802): #09 0xd559a575 /data/data/com.bytedance.shell/files/webview_bytedance/ba9f63243d721e678d07b0cd20995325_md5/libwebviewbytedance.so+0x00352575
E/TT_WEBVIEW_chromium(13802): #10 0xd559a6fb /data/data/com.bytedance.shell/files/webview_bytedance/ba9f63243d721e678d07b0cd20995325_md5/libwebviewbytedance.so+0x003526fb
E/TT_WEBVIEW_chromium(13802): #11 0xd559c559 /data/data/com.bytedance.shell/files/webview_bytedance/ba9f63243d721e678d07b0cd20995325_md5/libwebviewbytedance.so+0x00354559
E/TT_WEBVIEW_chromium(13802): #12 0xd559a193 /data/data/com.bytedance.shell/files/webview_bytedance/ba9f63243d721e678d07b0cd20995325_md5/libwebviewbytedance.so+0x00352193
E/TT_WEBVIEW_chromium(13802): #13 0xd55b2513 /data/data/com.bytedance.shell/files/webview_bytedance/ba9f63243d721e678d07b0cd20995325_md5/libwebviewbytedance.so+0x0036a513
E/TT_WEBVIEW_chromium(13802): #14 0xd55d273b /data/data/com.bytedance.shell/files/webview_bytedance/ba9f63243d721e678d07b0cd20995325_md5/libwebviewbytedance.so+0x0038a73b
E/TT_WEBVIEW_chromium(13802): #15 0xd6317c6d /data/data/com.bytedance.shell/files/webview_bytedance/ba9f63243d721e678d07b0cd20995325_md5/libwebviewbytedance.so+0x010cfc6d
E/TT_WEBVIEW_chromium(13802): #16 0xd6317d55 /data/data/com.bytedance.shell/files/webview_bytedance/ba9f63243d721e678d07b0cd20995325_md5/libwebviewbytedance.so+0x010cfd55
E/TT_WEBVIEW_chromium(13802): #17 0xd55d29df /data/data/com.bytedance.shell/files/webview_bytedance/ba9f63243d721e678d07b0cd20995325_md5/libwebviewbytedance.so+0x0038a9df
E/TT_WEBVIEW_chromium(13802): #18 0xd55cdcab /data/data/com.bytedance.shell/files/webview_bytedance/ba9f63243d721e678d07b0cd20995325_md5/libwebviewbytedance.so+0x00385cab
E/TT_WEBVIEW_chromium(13802): #19 0xf6e237bb /system/lib/libc.so+0x000417bb
E/TT_WEBVIEW_chromium(13802): #20 0xf6dfb2d5 /system/lib/libc.so+0x000192d5
E/TT_WEBVIEW_chromium(13802): #21 0xffffffff <unknown>
E/TT_WEBVIEW_CHROMIUM(13802): [ERROR:resource_dispatcher_host_impl.cc(2320)] keiling http://www.baidu.com/
E/LYNX_TT_WEBVIEW(13802): CError = [[ERROR][589149060665][Browser] resource_dispatcher_host_impl.cc:2320]: keiling http://www.baidu.com/
E/LYNX_TT_WEBVIEW(13802):  
E/TT_WEBVIEW_CHROMIUM(13802): [ERROR:url_request.cc(520)] keiling Start
E/LYNX_TT_WEBVIEW(13802): CError = [[ERROR][589149061324][Browser] url_request.cc:520]: keiling Start
E/LYNX_TT_WEBVIEW(13802):  
I/TT_WEBVIEW(13802): notifyAppInfoGetterAvailable() after loadLibrary
E/TT_WEBVIEW_chromium(13802): #00 0xd5bd9d4f /data/data/com.bytedance.shell/files/webview_bytedance/ba9f63243d721e678d07b0cd20995325_md5/libwebviewbytedance.so+0x00991d4f
E/TT_WEBVIEW_chromium(13802): #01 0xd6443817 /data/data/com.bytedance.shell/files/webview_bytedance/ba9f63243d721e678d07b0cd20995325_md5/libwebviewbytedance.so+0x011fb817
E/TT_WEBVIEW_chromium(13802): #02 0xd6443531 /data/data/com.bytedance.shell/files/webview_bytedance/ba9f63243d721e678d07b0cd20995325_md5/libwebviewbytedance.so+0x011fb531
E/TT_WEBVIEW_chromium(13802): #03 0xd6441d39 /data/data/com.bytedance.shell/files/webview_bytedance/ba9f63243d721e678d07b0cd20995325_md5/libwebviewbytedance.so+0x011f9d39
E/TT_WEBVIEW_chromium(13802): #04 0xd6441bd9 /data/data/com.bytedance.shell/files/webview_bytedance/ba9f63243d721e678d07b0cd20995325_md5/libwebviewbytedance.so+0x011f9bd9
E/TT_WEBVIEW_chromium(13802): #05 0xd643f6df /data/data/com.bytedance.shell/files/webview_bytedance/ba9f63243d721e678d07b0cd20995325_md5/libwebviewbytedance.so+0x011f76df
E/TT_WEBVIEW_chromium(13802): #06 0xd643e431 /data/data/com.bytedance.shell/files/webview_bytedance/ba9f63243d721e678d07b0cd20995325_md5/libwebviewbytedance.so+0x011f6431
E/TT_WEBVIEW_chromium(13802): #07 0xd643f4bd /data/data/com.bytedance.shell/files/webview_bytedance/ba9f63243d721e678d07b0cd20995325_md5/libwebviewbytedance.so+0x011f74bd
E/TT_WEBVIEW_chromium(13802): #08 0xd643618f /data/data/com.bytedance.shell/files/webview_bytedance/ba9f63243d721e678d07b0cd20995325_md5/libwebviewbytedance.so+0x011ee18f
E/TT_WEBVIEW_chromium(13802): #09 0xd6435de7 /data/data/com.bytedance.shell/files/webview_bytedance/ba9f63243d721e678d07b0cd20995325_md5/libwebviewbytedance.so+0x011edde7
E/TT_WEBVIEW_chromium(13802): #10 0xd6435d81 /data/data/com.bytedance.shell/files/webview_bytedance/ba9f63243d721e678d07b0cd20995325_md5/libwebviewbytedance.so+0x011edd81
E/TT_WEBVIEW_chromium(13802): #11 0xd6435d35 /data/data/com.bytedance.shell/files/webview_bytedance/ba9f63243d721e678d07b0cd20995325_md5/libwebviewbytedance.so+0x011edd35
E/TT_WEBVIEW_chromium(13802): #12 0xd5550b59 /data/data/com.bytedance.shell/files/webview_bytedance/ba9f63243d721e678d07b0cd20995325_md5/libwebviewbytedance.so+0x00308b59
E/TT_WEBVIEW_chromium(13802): #13 0xd5581e6d /data/data/com.bytedance.shell/files/webview_bytedance/ba9f63243d721e678d07b0cd20995325_md5/libwebviewbytedance.so+0x00339e6d
E/TT_WEBVIEW_chromium(13802): #14 0xd559a385 /data/data/com.bytedance.shell/files/webview_bytedance/ba9f63243d721e678d07b0cd20995325_md5/libwebviewbytedance.so+0x00352385
E/TT_WEBVIEW_chromium(13802): #15 0xd559a575 /data/data/com.bytedance.shell/files/webview_bytedance/ba9f63243d721e678d07b0cd20995325_md5/libwebviewbytedance.so+0x00352575
E/TT_WEBVIEW_chromium(13802): #16 0xd559a6fb /data/data/com.bytedance.shell/files/webview_bytedance/ba9f63243d721e678d07b0cd20995325_md5/libwebviewbytedance.so+0x003526fb
E/TT_WEBVIEW_chromium(13802): #17 0xd559c559 /data/data/com.bytedance.shell/files/webview_bytedance/ba9f63243d721e678d07b0cd20995325_md5/libwebviewbytedance.so+0x00354559
E/TT_WEBVIEW_chromium(13802): #18 0xd559a193 /data/data/com.bytedance.shell/files/webview_bytedance/ba9f63243d721e678d07b0cd20995325_md5/libwebviewbytedance.so+0x00352193
E/TT_WEBVIEW_chromium(13802): #19 0xd55b2513 /data/data/com.bytedance.shell/files/webview_bytedance/ba9f63243d721e678d07b0cd20995325_md5/libwebviewbytedance.so+0x0036a513
E/TT_WEBVIEW_chromium(13802): #20 0xd55d273b /data/data/com.bytedance.shell/files/webview_bytedance/ba9f63243d721e678d07b0cd20995325_md5/libwebviewbytedance.so+0x0038a73b
E/TT_WEBVIEW_chromium(13802): #21 0xd6317c6d /data/data/com.bytedance.shell/files/webview_bytedance/ba9f63243d721e678d07b0cd20995325_md5/libwebviewbytedance.so+0x010cfc6d
E/TT_WEBVIEW_chromium(13802): #22 0xd6317d55 /data/data/com.bytedance.shell/files/webview_bytedance/ba9f63243d721e678d07b0cd20995325_md5/libwebviewbytedance.so+0x010cfd55
E/TT_WEBVIEW_chromium(13802): #23 0xd55d29df /data/data/com.bytedance.shell/files/webview_bytedance/ba9f63243d721e678d07b0cd20995325_md5/libwebviewbytedance.so+0x0038a9df
E/TT_WEBVIEW_chromium(13802): #24 0xd55cdcab /data/data/com.bytedance.shell/files/webview_bytedance/ba9f63243d721e678d07b0cd20995325_md5/libwebviewbytedance.so+0x00385cab
E/TT_WEBVIEW_chromium(13802): #25 0xf6e237bb /system/lib/libc.so+0x000417bb
E/TT_WEBVIEW_chromium(13802): #26 0xf6dfb2d5 /system/lib/libc.so+0x000192d5
E/TT_WEBVIEW_chromium(13802): #27 0xffffffff <unknown>
W/TT_WEBVIEW_CHROMIUM(13802): [WARNING:tt_app_info_manager.cc(55)] UpdateAppInfoValue:== GetAppInfo failed, return value is 1 AppName = demo
W/TT_WEBVIEW_CHROMIUM(13802): [WARNING:connection.cc(262)] sqlite set timeout: 10
I/LYNX_TT_WEBVIEW(13802): sendCommonEvent [1305]=CookieVersion:  = 10{"pid":13802,"processname":"com.bytedance.shell","loadso":"0621110003002","logindex":"13802-5"} 
W/TT_WEBVIEW_CHROMIUM(13802): [WARNING:connection.cc(262)] sqlite set timeout: 10
W/TT_WEBVIEW_CHROMIUM(13802): [WARNING:connection.cc(262)] sqlite set timeout: 10
E/TT_WEBVIEW_CHROMIUM(13802): [ERROR:http_cache.cc(512)] keiling CreateBackend
E/LYNX_TT_WEBVIEW(13802): CError = [[ERROR][589149114736][Browser] http_cache.cc:512]: keiling CreateBackend
E/LYNX_TT_WEBVIEW(13802):  
W/TT_WEBVIEW_CHROMIUM(13845): [0625/221117.180404:WARNING:trace_config_file.cc(80)] The trace config file does not exist.
I/TT_WEBVIEW(13845): open filename is v8_context_snapshot.bin
E/TT_WEBVIEW(13845): openAsset assets/v8_context_snapshot.bin java.io.FileNotFoundException: v8_context_snapshot.bin
E/TT_WEBVIEW_chromium(13802): #00 0xd5ad07b3 /data/data/com.bytedance.shell/files/webview_bytedance/ba9f63243d721e678d07b0cd20995325_md5/libwebviewbytedance.so+0x008887b3
E/TT_WEBVIEW_chromium(13802): #01 0xd5ad0ac9 /data/data/com.bytedance.shell/files/webview_bytedance/ba9f63243d721e678d07b0cd20995325_md5/libwebviewbytedance.so+0x00888ac9
E/TT_WEBVIEW_chromium(13802): #02 0xd5be0551 /data/data/com.bytedance.shell/files/webview_bytedance/ba9f63243d721e678d07b0cd20995325_md5/libwebviewbytedance.so+0x00998551
E/TT_WEBVIEW_chromium(13802): #03 0xd5be03f9 /data/data/com.bytedance.shell/files/webview_bytedance/ba9f63243d721e678d07b0cd20995325_md5/libwebviewbytedance.so+0x009983f9
E/TT_WEBVIEW_chromium(13802): #04 0xd5be0261 /data/data/com.bytedance.shell/files/webview_bytedance/ba9f63243d721e678d07b0cd20995325_md5/libwebviewbytedance.so+0x00998261
E/TT_WEBVIEW_chromium(13802): #05 0xd5be0d5f /data/data/com.bytedance.shell/files/webview_bytedance/ba9f63243d721e678d07b0cd20995325_md5/libwebviewbytedance.so+0x00998d5f
E/TT_WEBVIEW_chromium(13802): #06 0xd55328e1 /data/data/com.bytedance.shell/files/webview_bytedance/ba9f63243d721e678d07b0cd20995325_md5/libwebviewbytedance.so+0x002ea8e1
E/TT_WEBVIEW_chromium(13802): #07 0xd5551c2b /data/data/com.bytedance.shell/files/webview_bytedance/ba9f63243d721e678d07b0cd20995325_md5/libwebviewbytedance.so+0x00309c2b
E/TT_WEBVIEW_chromium(13802): #08 0xd5550b59 /data/data/com.bytedance.shell/files/webview_bytedance/ba9f63243d721e678d07b0cd20995325_md5/libwebviewbytedance.so+0x00308b59
E/TT_WEBVIEW_chromium(13802): #09 0xd5550ae3 /data/data/com.bytedance.shell/files/webview_bytedance/ba9f63243d721e678d07b0cd20995325_md5/libwebviewbytedance.so+0x00308ae3
E/TT_WEBVIEW_chromium(13802): #10 0xd55513fd /data/data/com.bytedance.shell/files/webview_bytedance/ba9f63243d721e678d07b0cd20995325_md5/libwebviewbytedance.so+0x003093fd
E/TT_WEBVIEW_chromium(13802): #11 0xd5550b59 /data/data/com.bytedance.shell/files/webview_bytedance/ba9f63243d721e678d07b0cd20995325_md5/libwebviewbytedance.so+0x00308b59
E/TT_WEBVIEW_chromium(13802): #12 0xd5581e6d /data/data/com.bytedance.shell/files/webview_bytedance/ba9f63243d721e678d07b0cd20995325_md5/libwebviewbytedance.so+0x00339e6d
E/TT_WEBVIEW_chromium(13802): #13 0xd559a385 /data/data/com.bytedance.shell/files/webview_bytedance/ba9f63243d721e678d07b0cd20995325_md5/libwebviewbytedance.so+0x00352385
E/TT_WEBVIEW_chromium(13802): #14 0xd559a575 /data/data/com.bytedance.shell/files/webview_bytedance/ba9f63243d721e678d07b0cd20995325_md5/libwebviewbytedance.so+0x00352575
E/TT_WEBVIEW_chromium(13802): #15 0xd559a6fb /data/data/com.bytedance.shell/files/webview_bytedance/ba9f63243d721e678d07b0cd20995325_md5/libwebviewbytedance.so+0x003526fb
E/TT_WEBVIEW_chromium(13802): #16 0xd559c559 /data/data/com.bytedance.shell/files/webview_bytedance/ba9f63243d721e678d07b0cd20995325_md5/libwebviewbytedance.so+0x00354559
E/TT_WEBVIEW_chromium(13802): #17 0xd559a193 /data/data/com.bytedance.shell/files/webview_bytedance/ba9f63243d721e678d07b0cd20995325_md5/libwebviewbytedance.so+0x00352193
E/TT_WEBVIEW_chromium(13802): #18 0xd55b2513 /data/data/com.bytedance.shell/files/webview_bytedance/ba9f63243d721e678d07b0cd20995325_md5/libwebviewbytedance.so+0x0036a513
E/TT_WEBVIEW_chromium(13802): #19 0xd55d273b /data/data/com.bytedance.shell/files/webview_bytedance/ba9f63243d721e678d07b0cd20995325_md5/libwebviewbytedance.so+0x0038a73b
E/TT_WEBVIEW_chromium(13802): #20 0xd6317c6d /data/data/com.bytedance.shell/files/webview_bytedance/ba9f63243d721e678d07b0cd20995325_md5/libwebviewbytedance.so+0x010cfc6d
E/TT_WEBVIEW_chromium(13802): #21 0xd6317d55 /data/data/com.bytedance.shell/files/webview_bytedance/ba9f63243d721e678d07b0cd20995325_md5/libwebviewbytedance.so+0x010cfd55
E/TT_WEBVIEW_chromium(13802): #22 0xd55d29df /data/data/com.bytedance.shell/files/webview_bytedance/ba9f63243d721e678d07b0cd20995325_md5/libwebviewbytedance.so+0x0038a9df
E/TT_WEBVIEW_chromium(13802): #23 0xd55cdcab /data/data/com.bytedance.shell/files/webview_bytedance/ba9f63243d721e678d07b0cd20995325_md5/libwebviewbytedance.so+0x00385cab
E/TT_WEBVIEW_chromium(13802): #24 0xf6e237bb /system/lib/libc.so+0x000417bb
E/TT_WEBVIEW_chromium(13802): #25 0xf6dfb2d5 /system/lib/libc.so+0x000192d5
E/TT_WEBVIEW_chromium(13802): #26 0xffffffff <unknown>
W/TT_WEBVIEW_CHROMIUM(13802): [WARNING:simple_synchronous_entry.cc(1105)] Could not open platform files for entry.
E/TT_WEBVIEW_CHROMIUM(13802): [ERROR:http_network_transaction.cc(1441)] keiling DoSendRequest
E/LYNX_TT_WEBVIEW(13802): CError = [[ERROR][589149193330][Browser] http_network_transaction.cc:1441]: keiling DoSendRequest
E/LYNX_TT_WEBVIEW(13802):  
I/LYNX_TT_WEBVIEW(13802): getJsonObjectFromSharedPreferences: Create JsonObject from SharedPrefernces successfully. 
I/LYNX_TT_WEBVIEW(13802): no need to delete files 
I/LYNX_TT_WEBVIEW(13802): get Cookie is null 
I/LYNX_TT_WEBVIEW(13802): sendCommonEvent [1301]=Cookie_ErrorMiss = null{"pid":13802,"processname":"com.bytedance.shell","loadso":"0621110003002","logindex":"13802-6"} 
I/LYNX_TT_WEBVIEW(13802): hasSaveSetCookies 
E/TT_WEBVIEW_CHROMIUM(13802): [ERROR:navigation_url_loader_impl_core.cc(91)] keiling NotifyRequestRedirected
E/LYNX_TT_WEBVIEW(13802): CError = [[ERROR][589149230879][Browser] navigation_url_loader_impl_core.cc:91]: keiling NotifyRequestRedirected
E/LYNX_TT_WEBVIEW(13802):  
E/TT_WEBVIEW_CHROMIUM(13845): [ERROR:DocumentLoader.cpp(1059)] keiling InstallNewDocument
E/TT_WEBVIEW_chromium(13802): #00 0xd6436397 /data/data/com.bytedance.shell/files/webview_bytedance/ba9f63243d721e678d07b0cd20995325_md5/libwebviewbytedance.so+0x011ee397
E/TT_WEBVIEW_chromium(13802): #01 0xd6433521 /data/data/com.bytedance.shell/files/webview_bytedance/ba9f63243d721e678d07b0cd20995325_md5/libwebviewbytedance.so+0x011eb521
E/TT_WEBVIEW_chromium(13802): #02 0xd6430397 /data/data/com.bytedance.shell/files/webview_bytedance/ba9f63243d721e678d07b0cd20995325_md5/libwebviewbytedance.so+0x011e8397
E/TT_WEBVIEW_chromium(13802): #03 0xd644963d /data/data/com.bytedance.shell/files/webview_bytedance/ba9f63243d721e678d07b0cd20995325_md5/libwebviewbytedance.so+0x0120163d
E/TT_WEBVIEW_chromium(13802): #04 0xd64423a1 /data/data/com.bytedance.shell/files/webview_bytedance/ba9f63243d721e678d07b0cd20995325_md5/libwebviewbytedance.so+0x011fa3a1
