07-22 20:58:32.240 27647 27647 E TT_WEBVIEW_CHROMIUM: [ERROR:message_pump_android.cc(165)] keiling loopOnNonDelayedLooperCallback
07-22 20:58:32.240 27647 27647 E TT_WEBVIEW_CHROMIUM: [ERROR:message_loop.cc(506)] keiling DoWork
07-22 20:58:32.240 27647 27647 E TT_WEBVIEW_CHROMIUM: [ERROR:message_loop.cc(490)] keiling ReloadWorkQueue
07-22 20:58:32.240 27647 27647 E TT_WEBVIEW_CHROMIUM: [ERROR:message_loop.cc(400)] keiling RunTask
07-22 20:58:32.240 27647 27647 E TT_WEBVIEW_CHROMIUM: [ERROR:message_loop_task_runner.cc(35)] keiling cnt1554 PostDelayedTask
07-22 20:58:32.255 27647 27713 E TT_WEBVIEW_chromium: #00 0xc851f849 /data/app/com.bytedance.org.chromium.android_webview.shell-nlev3aC7AO47-B_LTFtJDQ==/lib/arm/libstandalonelibwebviewchromium.so+0x00374849
07-22 20:58:32.255 27647 27713 E TT_WEBVIEW_chromium: #01 0xc8547493 /data/app/com.bytedance.org.chromium.android_webview.shell-nlev3aC7AO47-B_LTFtJDQ==/lib/arm/libstandalonelibwebviewchromium.so+0x0039c493
07-22 20:58:32.255 27647 27713 E TT_WEBVIEW_chromium: #02 0xc8c079d7 /data/app/com.bytedance.org.chromium.android_webview.shell-nlev3aC7AO47-B_LTFtJDQ==/lib/arm/libstandalonelibwebviewchromium.so+0x00a5c9d7
07-22 20:58:32.255 27647 27713 E TT_WEBVIEW_chromium: #03 0xc8c071f3 /data/app/com.bytedance.org.chromium.android_webview.shell-nlev3aC7AO47-B_LTFtJDQ==/lib/arm/libstandalonelibwebviewchromium.so+0x00a5c1f3
07-22 20:58:32.255 27647 27713 E TT_WEBVIEW_chromium: #04 0xc9144e19 /data/app/com.bytedance.org.chromium.android_webview.shell-nlev3aC7AO47-B_LTFtJDQ==/lib/arm/libstandalonelibwebviewchromium.so+0x00f99e19
07-22 20:58:32.255 27647 27713 E TT_WEBVIEW_chromium: #05 0xc9144b4b /data/app/com.bytedance.org.chromium.android_webview.shell-nlev3aC7AO47-B_LTFtJDQ==/lib/arm/libstandalonelibwebviewchromium.so+0x00f99b4b
07-22 20:58:32.255 27647 27713 E TT_WEBVIEW_chromium: #06 0xc9142baf /data/app/com.bytedance.org.chromium.android_webview.shell-nlev3aC7AO47-B_LTFtJDQ==/lib/arm/libstandalonelibwebviewchromium.so+0x00f97baf
07-22 20:58:32.255 27647 27713 E TT_WEBVIEW_chromium: #07 0xc9137203 /data/app/com.bytedance.org.chromium.android_webview.shell-nlev3aC7AO47-B_LTFtJDQ==/lib/arm/libstandalonelibwebviewchromium.so+0x00f8c203
07-22 20:58:32.255 27647 27713 E TT_WEBVIEW_chromium: #08 0xc8bfa8a1 /data/app/com.bytedance.org.chromium.android_webview.shell-nlev3aC7AO47-B_LTFtJDQ==/lib/arm/libstandalonelibwebviewchromium.so+0x00a4f8a1
07-22 20:58:32.255 27647 27713 E TT_WEBVIEW_chromium: #09 0xc8c021e7 /data/app/com.bytedance.org.chromium.android_webview.shell-nlev3aC7AO47-B_LTFtJDQ==/lib/arm/libstandalonelibwebviewchromium.so+0x00a571e7
07-22 20:58:32.255 27647 27713 E TT_WEBVIEW_chromium: #10 0xc8bfd75f /data/app/com.bytedance.org.chromium.android_webview.shell-nlev3aC7AO47-B_LTFtJDQ==/lib/arm/libstandalonelibwebviewchromium.so+0x00a5275f
07-22 20:58:32.255 27647 27713 E TT_WEBVIEW_chromium: #11 0xc915bf4f /data/app/com.bytedance.org.chromium.android_webview.shell-nlev3aC7AO47-B_LTFtJDQ==/lib/arm/libstandalonelibwebviewchromium.so+0x00fb0f4f
07-22 20:58:32.255 27647 27713 E TT_WEBVIEW_chromium: #12 0xc9eeed0b /data/app/com.bytedance.org.chromium.android_webview.shell-nlev3aC7AO47-B_LTFtJDQ==/lib/arm/libstandalonelibwebviewchromium.so+0x01d43d0b
07-22 20:58:32.255 27647 27713 E TT_WEBVIEW_chromium: #13 0xc9eeed8f /data/app/com.bytedance.org.chromium.android_webview.shell-nlev3aC7AO47-B_LTFtJDQ==/lib/arm/libstandalonelibwebviewchromium.so+0x01d43d8f
07-22 20:58:32.255 27647 27713 E TT_WEBVIEW_chromium: #14 0xc9ed9e7d /data/app/com.bytedance.org.chromium.android_webview.shell-nlev3aC7AO47-B_LTFtJDQ==/lib/arm/libstandalonelibwebviewchromium.so+0x01d2ee7d
07-22 20:58:32.255 27647 27713 E TT_WEBVIEW_chromium: #15 0xc9ed9c61 /data/app/com.bytedance.org.chromium.android_webview.shell-nlev3aC7AO47-B_LTFtJDQ==/lib/arm/libstandalonelibwebviewchromium.so+0x01d2ec61
07-22 20:58:32.255 27647 27713 E TT_WEBVIEW_chromium: #16 0xc9eeeb1f /data/app/com.bytedance.org.chromium.android_webview.shell-nlev3aC7AO47-B_LTFtJDQ==/lib/arm/libstandalonelibwebviewchromium.so+0x01d43b1f
07-22 20:58:32.255 27647 27713 E TT_WEBVIEW_chromium: #17 0xc9ee953b /data/app/com.bytedance.org.chromium.android_webview.shell-nlev3aC7AO47-B_LTFtJDQ==/lib/arm/libstandalonelibwebviewchromium.so+0x01d3e53b
07-22 20:58:32.255 27647 27713 E TT_WEBVIEW_chromium: #18 0xc9ee95e7 /data/app/com.bytedance.org.chromium.android_webview.shell-nlev3aC7AO47-B_LTFtJDQ==/lib/arm/libstandalonelibwebviewchromium.so+0x01d3e5e7
07-22 20:58:32.255 27647 27713 E TT_WEBVIEW_chromium: #19 0xc9ee95cf /data/app/com.bytedance.org.chromium.android_webview.shell-nlev3aC7AO47-B_LTFtJDQ==/lib/arm/libstandalonelibwebviewchromium.so+0x01d3e5cf
07-22 20:58:32.255 27647 27713 E TT_WEBVIEW_chromium: #20 0xc8e5abff /data/app/com.bytedance.org.chromium.android_webview.shell-nlev3aC7AO47-B_LTFtJDQ==/lib/arm/libstandalonelibwebviewchromium.so+0x00cafbff
07-22 20:58:32.255 27647 27713 E TT_WEBVIEW_chromium: #21 0xc9edf329 /data/app/com.bytedance.org.chromium.android_webview.shell-nlev3aC7AO47-B_LTFtJDQ==/lib/arm/libstandalonelibwebviewchromium.so+0x01d34329
07-22 20:58:32.255 27647 27713 E TT_WEBVIEW_chromium: #22 0xc9ede32f /data/app/com.bytedance.org.chromium.android_webview.shell-nlev3aC7AO47-B_LTFtJDQ==/lib/arm/libstandalonelibwebviewchromium.so+0x01d3332f
07-22 20:58:32.255 27647 27713 E TT_WEBVIEW_chromium: #23 0xc84d1b51 /data/app/com.bytedance.org.chromium.android_webview.shell-nlev3aC7AO47-B_LTFtJDQ==/lib/arm/libstandalonelibwebviewchromium.so+0x00326b51
07-22 20:58:32.255 27647 27713 E TT_WEBVIEW_chromium: #24 0xc8505af7 /data/app/com.bytedance.org.chromium.android_webview.shell-nlev3aC7AO47-B_LTFtJDQ==/lib/arm/libstandalonelibwebviewchromium.so+0x0035aaf7
07-22 20:58:32.255 27647 27713 E TT_WEBVIEW_chromium: #25 0xc851e549 /data/app/com.bytedance.org.chromium.android_webview.shell-nlev3aC7AO47-B_LTFtJDQ==/lib/arm/libstandalonelibwebviewchromium.so+0x00373549
07-22 20:58:32.255 27647 27713 E TT_WEBVIEW_chromium: #26 0xc851e721 /data/app/com.bytedance.org.chromium.android_webview.
07-22 20:58:32.255 27647 27713 E TT_WEBVIEW_CHROMIUM: [ERROR:message_loop.cc(501)] keiling ScheduleWork
07-22 20:58:32.255 27647 27702 E TT_WEBVIEW_CHROMIUM: [ERROR:message_loop.cc(506)] keiling DoWork
07-22 20:58:32.255 27647 27702 E TT_WEBVIEW_CHROMIUM: [ERROR:message_loop.cc(490)] keiling ReloadWorkQueue
07-22 20:58:32.256 27647 27702 E TT_WEBVIEW_CHROMIUM: [ERROR:message_loop.cc(400)] keiling RunTask
07-22 20:58:32.256 27647 27702 E TT_WEBVIEW_CHROMIUM: [ERROR:message_loop.cc(506)] keiling DoWork
07-22 20:58:32.256 27647 27702 E TT_WEBVIEW_CHROMIUM: [ERROR:message_loop.cc(490)] keiling ReloadWorkQueue
07-22 20:58:32.256 27647 27702 E TT_WEBVIEW_CHROMIUM: [ERROR:message_loop.cc(516)] keiling work queue empty DoWork
07-22 20:58:32.256 27647 27713 E TT_WEBVIEW_CHROMIUM: [ERROR:message_loop_task_runner.cc(35)] keiling cnt1555 PostDelayedTask
07-22 20:58:32.261 27647 27647 E TT_WEBVIEW_chromium: #00 0xc851f849 /data/app/com.bytedance.org.chromium.android_webview.shell-nlev3aC7AO47-B_LTFtJDQ==/lib/arm/libstandalonelibwebviewchromium.so+0x00374849
07-22 20:58:32.261 27647 27647 E TT_WEBVIEW_chromium: #01 0xc8547493 /data/app/com.bytedance.org.chromium.android_webview.shell-nlev3aC7AO47-B_LTFtJDQ==/lib/arm/libstandalonelibwebviewchromium.so+0x0039c493
07-22 20:58:32.261 27647 27647 E TT_WEBVIEW_chromium: #02 0xc8f266b3 /data/app/com.bytedance.org.chromium.android_webview.shell-nlev3aC7AO47-B_LTFtJDQ==/lib/arm/libstandalonelibwebviewchromium.so+0x00d7b6b3
07-22 20:58:32.261 27647 27647 E TT_WEBVIEW_chromium: #03 0xc8f267e7 /data/app/com.bytedance.org.chromium.android_webview.shell-nlev3aC7AO47-B_LTFtJDQ==/lib/arm/libstandalonelibwebviewchromium.so+0x00d7b7e7
07-22 20:58:32.261 27647 27647 E TT_WEBVIEW_chromium: #04 0xc84d1b51 /data/app/com.bytedance.org.chromium.android_webview.shell-nlev3aC7AO47-B_LTFtJDQ==/lib/arm/libstandalonelibwebviewchromium.so+0x00326b51
07-22 20:58:32.261 27647 27647 E TT_WEBVIEW_chromium: #05 0xc8505af7 /data/app/com.bytedance.org.chromium.android_webview.shell-nlev3aC7AO47-B_LTFtJDQ==/lib/arm/libstandalonelibwebviewchromium.so+0x0035aaf7
07-22 20:58:32.261 27647 27647 E TT_WEBVIEW_chromium: #06 0xc851e549 /data/app/com.bytedance.org.chromium.android_webview.shell-nlev3aC7AO47-B_LTFtJDQ==/lib/arm/libstandalonelibwebviewchromium.so+0x00373549
07-22 20:58:32.261 27647 27647 E TT_WEBVIEW_chromium: #07 0xc851e721 /data/app/com.bytedance.org.chromium.android_webview.shell-nlev3aC7AO47-B_LTFtJDQ==/lib/arm/libstandalonelibwebviewchromium.so+0x00373721
07-22 20:58:32.261 27647 27647 E TT_WEBVIEW_chromium: #08 0xc851e9b1 /data/app/com.bytedance.org.chromium.android_webview.shell-nlev3aC7AO47-B_LTFtJDQ==/lib/arm/libstandalonelibwebviewchromium.so+0x003739b1
07-22 20:58:32.261 27647 27647 E TT_WEBVIEW_chromium: #09 0xc851fddf /data/app/com.bytedance.org.chromium.android_webview.shell-nlev3aC7AO47-B_LTFtJDQ==/lib/arm/libstandalonelibwebviewchromium.so+0x00374ddf
07-22 20:58:32.261 27647 27647 E TT_WEBVIEW_chromium: #10 0xc851fb8d /data/app/com.bytedance.org.chromium.android_webview.shell-nlev3aC7AO47-B_LTFtJDQ==/lib/arm/libstandalonelibwebviewchromium.so+0x00374b8d
07-22 20:58:32.261 27647 27647 E TT_WEBVIEW_chromium: #11 0xe976b3bd /system/lib/libutils.so+0x000103bd
07-22 20:58:32.261 27647 27647 E TT_WEBVIEW_chromium: #12 0xe976b0e7 /system/lib/libutils.so+0x000100e7
07-22 20:58:32.261 27647 27647 E TT_WEBVIEW_chromium: #13 0xeb52abfb /system/lib/libandroid_runtime.so+0x000a5bfb
07-22 20:58:32.261 27647 27647 E TT_WEBVIEW_chromium: #14 0x71ec2ebd /system/framework/arm/boot-framework.oat+0x0075bebd
07-22 20:58:32.262 27647 27647 E TT_WEBVIEW_CHROMIUM: [ERROR:message_pump_android.cc(165)] keiling loopOnNonDelayedLooperCallback
07-22 20:58:32.262 27647 27647 E TT_WEBVIEW_CHROMIUM: [ERROR:message_loop.cc(506)] keiling DoWork
07-22 20:58:32.262 27647 27647 E TT_WEBVIEW_CHROMIUM: [ERROR:message_loop.cc(490)] keiling ReloadWorkQueue
07-22 20:58:32.262 27647 27647 E TT_WEBVIEW_CHROMIUM: [ERROR:message_loop.cc(400)] keiling RunTask
07-22 20:58:32.262 27647 27647 E TT_WEBVIEW_CHROMIUM: [ERROR:message_loop_task_runner.cc(35)] keiling cnt1556 PostDelayedTask
07-22 20:58:32.282 27647 27647 E TT_WEBVIEW_chromium: #00 0xc851f849 /data/app/com.bytedance.org.chromium.android_webview.shell-nlev3aC7AO47-B_LTFtJDQ==/lib/arm/libstandalonelibwebviewchromium.so+0x00374849
07-22 20:58:32.282 27647 27647 E TT_WEBVIEW_chromium: #01 0xc8547493 /data/app/com.bytedance.org.chromium.android_webview.shell-nlev3aC7AO47-B_LTFtJDQ==/lib/arm/libstandalonelibwebviewchromium.so+0x0039c493
07-22 20:58:32.282 27647 27647 E TT_WEBVIEW_chromium: #02 0xc8f266b3 /data/app/com.bytedance.org.chromium.android_webview.shell-nlev3aC7AO47-B_LTFtJDQ==/lib/arm/libstandalonelibwebviewchromium.so+0x00d7b6b3
07-22 20:58:32.282 27647 27647 E TT_WEBVIEW_chromium: #03 0xc8f267e7 /data/app/com.bytedance.org.chromium.android_webview.shell-nlev3aC7AO47-B_LTFtJDQ==/lib/arm/libstandalonelibwebviewchromium.so+0x00d7b7e7
07-22 20:58:32.282 27647 27647 E TT_WEBVIEW_chromium: #04 0xc84d1b51 /data/app/com.bytedance.org.chromium.android_webview.shell-nlev3aC7AO47-B_LTFtJDQ==/lib/arm/libstandalonelibwebviewchromium.so+0x00326b51
07-22 20:58:32.282 27647 27647 E TT_WEBVIEW_chromium: #05 0xc8505af7 /data/app/com.bytedance.org.chromium.android_webview.shell-nlev3aC7AO47-B_LTFtJDQ==/lib/arm/libstandalonelibwebviewchromium.so+0x0035aaf7
07-22 20:58:32.282 27647 27647 E TT_WEBVIEW_chromium: #06 0xc851e549 /data/app/com.bytedance.org.chromium.android_webview.shell-nlev3aC7AO47-B_LTFtJDQ==/lib/arm/libstandalonelibwebviewchromium.so+0x00373549
07-22 20:58:32.282 27647 27647 E TT_WEBVIEW_chromium: #07 0xc851e721 /data/app/com.bytedance.org.chromium.android_webview.shell-nlev3aC7AO47-B_LTFtJDQ==/lib/arm/libstandalonelibwebviewchromium.so+0x00373721
07-22 20:58:32.282 27647 27647 E TT_WEBVIEW_chromium: #08 0xc851e9b1 /data/app/com.bytedance.org.chromium.android_webview.shell-nlev3aC7AO47-B_LTFtJDQ==/lib/arm/libstandalonelibwebviewchromium.so+0x003739b1
07-22 20:58:32.282 27647 27647 E TT_WEBVIEW_chromium: #09 0xc851fddf /data/app/com.bytedance.org.chromium.android_webview.shell-nlev3aC7AO47-B_LTFtJDQ==/lib/arm/libstandalonelibwebviewchromium.so+0x00374ddf
07-22 20:58:32.282 27647 27647 E TT_WEBVIEW_chromium: #10 0xc851fb8d /data/app/com.bytedance.org.chromium.android_webview.shell-nlev3aC7AO47-B_LTFtJDQ==/lib/arm/libstandalonelibwebviewchromium.so+0x00374b8d
07-22 20:58:32.282 27647 27647 E TT_WEBVIEW_chromium: #11 0xe976b3bd /system/lib/libutils.so+0x000103bd
07-22 20:58:32.282 27647 27647 E TT_WEBVIEW_chromium: #12 0xe976b0e7 /system/lib/libutils.so+0x000100e7
07-22 20:58:32.282 27647 27647 E TT_WEBVIEW_chromium: #13 0xeb52abfb /system/lib/libandroid_runtime.so+0x000a5bfb
07-22 20:58:32.282 27647 27647 E TT_WEBVIEW_chromium: #14 0x71ec2ebd /system/framework/arm/boot-framework.oat+0x0075bebd
07-22 20:58:32.282 27647 27647 E TT_WEBVIEW_CHROMIUM: [ERROR:message_pump_android.cc(165)] keiling loopOnNonDelayedLooperCallback
07-22 20:58:32.282 27647 27647 E TT_WEBVIEW_CHROMIUM: [ERROR:message_loop.cc(506)] keiling DoWork
07-22 20:58:32.282 27647 27647 E TT_WEBVIEW_CHROMIUM: [ERROR:message_loop.cc(490)] keiling ReloadWorkQueue
07-22 20:58:32.282 27647 27647 E TT_WEBVIEW_CHROMIUM: [ERROR:message_loop.cc(400)] keiling RunTask
07-22 20:58:32.282 27647 27647 E TT_WEBVIEW_CHROMIUM: [ERROR:message_loop_task_runner.cc(35)] keiling cnt1557 PostDelayedTask
07-22 20:58:32.292 27647 27713 E TT_WEBVIEW_chromium: #00 0xc851f849 /data/app/com.bytedance.org.chromium.android_webview.shell-nlev3aC7AO47-B_LTFtJDQ==/lib/arm/libstandalonelibwebviewchromium.so+0x00374849
07-22 20:58:32.292 27647 27713 E TT_WEBVIEW_chromium: #01 0xc8547493 /data/app/com.bytedance.org.chromium.android_webview.shell-nlev3aC7AO47-B_LTFtJDQ==/lib/arm/libstandalonelibwebviewchromium.so+0x0039c493
07-22 20:58:32.292 27647 27713 E TT_WEBVIEW_chromium: #02 0xc8c079d7 /data/app/com.bytedance.org.chromium.android_webview.shell-nlev3aC7AO47-B_LTFtJDQ==/lib/arm/libstandalonelibwebviewchromium.so+0x00a5c9d7
07-22 20:58:32.292 27647 27713 E TT_WEBVIEW_chromium: #03 0xc8c071f3 /data/app/com.bytedance.org.chromium.android_webview.shell-nlev3aC7AO47-B_LTFtJDQ==/lib/arm/libstandalonelibwebviewchromium.so+0x00a5c1f3
07-22 20:58:32.292 27647 27713 E TT_WEBVIEW_chromium: #04 0xc9144e19 /data/app/com.bytedance.org.chromium.android_webview.shell-nlev3aC7AO47-B_LTFtJDQ==/lib/arm/libstandalonelibwebviewchromium.so+0x00f99e19
07-22 20:58:32.292 27647 27713 E TT_WEBVIEW_chromium: #05 0xc9144b4b /data/app/com.bytedance.org.chromium.android_webview.shell-nlev3aC7AO47-B_LTFtJDQ==/lib/arm/libstandalonelibwebviewchromium.so+0x00f99b4b
07-22 20:58:32.292 27647 27713 E TT_WEBVIEW_chromium: #06 0xc9142baf /data/app/com.bytedance.org.chromium.android_webview.shell-nlev3aC7AO47-B_LTFtJDQ==/lib/arm/libstandalonelibwebviewchromium.so+0x00f97baf
07-22 20:58:32.292 27647 27713 E TT_WEBVIEW_chromium: #07 0xc9137203 /data/app/com.bytedance.org.chromium.android_webview.shell-nlev3aC7AO47-B_LTFtJDQ==/lib/arm/libstandalonelibwebviewchromium.so+0x00f8c203
07-22 20:58:32.292 27647 27713 E TT_WEBVIEW_chromium: #08 0xc8bfa8a1 /data/app/com.bytedance.org.chromium.android_webview.shell-nlev3aC7AO47-B_LTFtJDQ==/lib/arm/libstandalonelibwebviewchromium.so+0x00a4f8a1
07-22 20:58:32.292 27647 27713 E TT_WEBVIEW_chromium: #09 0xc8c021e7 /data/app/com.bytedance.org.chromium.android_webview.shell-nlev3aC7AO47-B_LTFtJDQ==/lib/arm/libstandalonelibwebviewchromium.so+0x00a571e7
07-22 20:58:32.292 27647 27713 E TT_WEBVIEW_chromium: #10 0xc8bfd75f /data/app/com.bytedance.org.chromium.android_webview.shell-nlev3aC7AO47-B_LTFtJDQ==/lib/arm/libstandalonelibwebviewchromium.so+0x00a5275f
07-22 20:58:32.292 27647 27713 E TT_WEBVIEW_chromium: #11 0xc915bf4f /data/app/com.bytedance.org.chromium.android_webview.shell-nlev3aC7AO47-B_LTFtJDQ==/lib/arm/libstandalonelibwebviewchromium.so+0x00fb0f4f
07-22 20:58:32.292 27647 27713 E TT_WEBVIEW_chromium: #12 0xc9eeed0b /data/app/com.bytedance.org.chromium.android_webview.shell-nlev3aC7AO47-B_LTFtJDQ==/lib/arm/libstandalonelibwebviewchromium.so+0x01d43d0b
07-22 20:58:32.292 27647 27713 E TT_WEBVIEW_chromium: #13 0xc9eeed8f /data/app/com.bytedance.org.chromium.android_webview.shell-nlev3aC7AO47-B_LTFtJDQ==/lib/arm/libstandalonelibwebviewchromium.so+0x01d43d8f
07-22 20:58:32.292 27647 27713 E TT_WEBVIEW_chromium: #14 0xc9ed9e7d /data/app/com.bytedance.org.chromium.android_webview.shell-nlev3aC7AO47-B_LTFtJDQ==/lib/arm/libstandalonelibwebviewchromium.so+0x01d2ee7d
07-22 20:58:32.292 27647 27713 E TT_WEBVIEW_chromium: #15 0xc9ed9c61 /data/app/com.bytedance.org.chromium.android_webview.shell-nlev3aC7AO47-B_LTFtJDQ==/lib/arm/libstandalonelibwebviewchromium.so+0x01d2ec61
07-22 20:58:32.292 27647 27713 E TT_WEBVIEW_chromium: #16 0xc9eeeb1f /data/app/com.bytedance.org.chromium.android_webview.shell-nlev3aC7AO47-B_LTFtJDQ==/lib/arm/libstandalonelibwebviewchromium.so+0x01d43b1f
07-22 20:58:32.292 27647 27713 E TT_WEBVIEW_chromium: #17 0xc9ee953b /data/app/com.bytedance.org.chromium.android_webview.shell-nlev3aC7AO47-B_LTFtJDQ==/lib/arm/libstandalonelibwebviewchromium.so+0x01d3e53b
07-22 20:58:32.292 27647 27713 E TT_WEBVIEW_chromium: #18 0xc9ee95e7 /data/app/com.bytedance.org.chromium.android_webview.shell-nlev3aC7AO47-B_LTFtJDQ==/lib/arm/libstandalonelibwebviewchromium.so+0x01d3e5e7
07-22 20:58:32.292 27647 27713 E TT_WEBVIEW_chromium: #19 0xc9ee95cf /data/app/com.bytedance.org.chromium.android_webview.shell-nlev3aC7AO47-B_LTFtJDQ==/lib/arm/libstandalonelibwebviewchromium.so+0x01d3e5cf
07-22 20:58:32.292 27647 27713 E TT_WEBVIEW_chromium: #20 0xc8e5abff /data/app/com.bytedance.org.chromium.android_webview.shell-nlev3aC7AO47-B_LTFtJDQ==/lib/arm/libstandalonelibwebviewchromium.so+0x00cafbff
07-22 20:58:32.292 27647 27713 E TT_WEBVIEW_chromium: #21 0xc9edf329 /data/app/com.bytedance.org.chromium.android_webview.shell-nlev3aC7AO47-B_LTFtJDQ==/lib/arm/libstandalonelibwebviewchromium.so+0x01d34329
07-22 20:58:32.292 27647 27713 E TT_WEBVIEW_chromium: #22 0xc9ede32f /data/app/com.bytedance.org.chromium.android_webview.shell-nlev3aC7AO47-B_LTFtJDQ==/lib/arm/libstandalonelibwebviewchromium.so+0x01d3332f
07-22 20:58:32.292 27647 27713 E TT_WEBVIEW_chromium: #23 0xc84d1b51 /data/app/com.bytedance.org.chromium.android_webview.shell-nlev3aC7AO47-B_LTFtJDQ==/lib/arm/libstandalonelibwebviewchromium.so+0x00326b51
07-22 20:58:32.292 27647 27713 E TT_WEBVIEW_chromium: #24 0xc8505af7 /data/app/com.bytedance.org.chromium.android_webview.shell-nlev3aC7AO47-B_LTFtJDQ==/lib/arm/libstandalonelibwebviewchromium.so+0x0035aaf7
07-22 20:58:32.292 27647 27713 E TT_WEBVIEW_chromium: #25 0xc851e549 /data/app/com.bytedance.org.chromium.android_webview.shell-nlev3aC7AO47-B_LTFtJDQ==/lib/arm/libstandalonelibwebviewchromium.so+0x00373549
07-22 20:58:32.292 27647 27713 E TT_WEBVIEW_chromium: #26 0xc851e721 /data/app/com.bytedance.org.chromium.android_webview.
07-22 20:58:32.292 27647 27713 E TT_WEBVIEW_CHROMIUM: [ERROR:message_loop.cc(501)] keiling ScheduleWork
07-22 20:58:32.292 27647 27702 E TT_WEBVIEW_CHROMIUM: [ERROR:message_loop.cc(506)] keiling DoWork
07-22 20:58:32.292 27647 27702 E TT_WEBVIEW_CHROMIUM: [ERROR:message_loop.cc(490)] keiling ReloadWorkQueue
07-22 20:58:32.292 27647 27702 E TT_WEBVIEW_CHROMIUM: [ERROR:message_loop.cc(400)] keiling RunTask
07-22 20:58:32.292 27647 27702 E TT_WEBVIEW_CHROMIUM: [ERROR:message_loop.cc(506)] keiling DoWork
07-22 20:58:32.292 27647 27702 E TT_WEBVIEW_CHROMIUM: [ERROR:message_loop.cc(490)] keiling ReloadWorkQueue
07-22 20:58:32.292 27647 27702 E TT_WEBVIEW_CHROMIUM: [ERROR:message_loop.cc(516)] keiling work queue empty DoWork
07-22 20:58:32.293 27647 27713 E TT_WEBVIEW_CHROMIUM: [ERROR:message_loop_task_runner.cc(35)] keiling cnt1558 PostDelayedTask
07-22 20:58:32.303 27647 27647 E TT_WEBVIEW_chromium: #00 0xc851f849 /data/app/com.bytedance.org.chromium.android_webview.shell-nlev3aC7AO47-B_LTFtJDQ==/lib/arm/libstandalonelibwebviewchromium.so+0x00374849
07-22 20:58:32.303 27647 27647 E TT_WEBVIEW_chromium: #01 0xc8547493 /data/app/com.bytedance.org.chromium.android_webview.shell-nlev3aC7AO47-B_LTFtJDQ==/lib/arm/libstandalonelibwebviewchromium.so+0x0039c493
07-22 20:58:32.303 27647 27647 E TT_WEBVIEW_chromium: #02 0xc8f266b3 /data/app/com.bytedance.org.chromium.android_webview.shell-nlev3aC7AO47-B_LTFtJDQ==/lib/arm/libstandalonelibwebviewchromium.so+0x00d7b6b3
07-22 20:58:32.303 27647 27647 E TT_WEBVIEW_chromium: #03 0xc8f267e7 /data/app/com.bytedance.org.chromium.android_webview.shell-nlev3aC7AO47-B_LTFtJDQ==/lib/arm/libstandalonelibwebviewchromium.so+0x00d7b7e7
07-22 20:58:32.303 27647 27647 E TT_WEBVIEW_chromium: #04 0xc84d1b51 /data/app/com.bytedance.org.chromium.android_webview.shell-nlev3aC7AO47-B_LTFtJDQ==/lib/arm/libstandalonelibwebviewchromium.so+0x00326b51
07-22 20:58:32.303 27647 27647 E TT_WEBVIEW_chromium: #05 0xc8505af7 /data/app/com.bytedance.org.chromium.android_webview.shell-nlev3aC7AO47-B_LTFtJDQ==/lib/arm/libstandalonelibwebviewchromium.so+0x0035aaf7
07-22 20:58:32.303 27647 27647 E TT_WEBVIEW_chromium: #06 0xc851e549 /data/app/com.bytedance.org.chromium.android_webview.shell-nlev3aC7AO47-B_LTFtJDQ==/lib/arm/libstandalonelibwebviewchromium.so+0x00373549
07-22 20:58:32.303 27647 27647 E TT_WEBVIEW_chromium: #07 0xc851e721 /data/app/com.bytedance.org.chromium.android_webview.shell-nlev3aC7AO47-B_LTFtJDQ==/lib/arm/libstandalonelibwebviewchromium.so+0x00373721
07-22 20:58:32.303 27647 27647 E TT_WEBVIEW_chromium: #08 0xc851e9b1 /data/app/com.bytedance.org.chromium.android_webview.shell-nlev3aC7AO47-B_LTFtJDQ==/lib/arm/libstandalonelibwebviewchromium.so+0x003739b1
07-22 20:58:32.303 27647 27647 E TT_WEBVIEW_chromium: #09 0xc851fddf /data/app/com.bytedance.org.chromium.android_webview.shell-nlev3aC7AO47-B_LTFtJDQ==/lib/arm/libstandalonelibwebviewchromium.so+0x00374ddf
07-22 20:58:32.303 27647 27647 E TT_WEBVIEW_chromium: #10 0xc851fb8d /data/app/com.bytedance.org.chromium.android_webview.shell-nlev3aC7AO47-B_LTFtJDQ==/lib/arm/libstandalonelibwebviewchromium.so+0x00374b8d
07-22 20:58:32.303 27647 27647 E TT_WEBVIEW_chromium: #11 0xe976b3bd /system/lib/libutils.so+0x000103bd
07-22 20:58:32.303 27647 27647 E TT_WEBVIEW_chromium: #12 0xe976b0e7 /system/lib/libutils.so+0x000100e7
07-22 20:58:32.303 27647 27647 E TT_WEBVIEW_chromium: #13 0xeb52abfb /system/lib/libandroid_runtime.so+0x000a5bfb
07-22 20:58:32.303 27647 27647 E TT_WEBVIEW_chromium: #14 0x71ec2ebd /system/framework/arm/boot-framework.oat+0x0075bebd
07-22 20:58:32.303 27647 27647 E TT_WEBVIEW_CHROMIUM: [ERROR:message_pump_android.cc(165)] keiling loopOnNonDelayedLooperCallback
07-22 20:58:32.303 27647 27647 E TT_WEBVIEW_CHROMIUM: [ERROR:message_loop.cc(506)] keiling DoWork
07-22 20:58:32.304 27647 27647 E TT_WEBVIEW_CHROMIUM: [ERROR:message_loop.cc(490)] keiling ReloadWorkQueue
07-22 20:58:32.304 27647 27647 E TT_WEBVIEW_CHROMIUM: [ERROR:message_loop.cc(400)] keiling RunTask
07-22 20:58:32.304 27647 27647 E TT_WEBVIEW_CHROMIUM: [ERROR:message_loop_task_runner.cc(35)] keiling cnt1559 PostDelayedTask
07-22 20:58:32.325 27647 27647 E TT_WEBVIEW_chromium: #00 0xc851f849 /data/app/com.bytedance.org.chromium.android_webview.shell-nlev3aC7AO47-B_LTFtJDQ==/lib/arm/libstandalonelibwebviewchromium.so+0x00374849
07-22 20:58:32.325 27647 27647 E TT_WEBVIEW_chromium: #01 0xc8547493 /data/app/com.bytedance.org.chromium.android_webview.shell-nlev3aC7AO47-B_LTFtJDQ==/lib/arm/libstandalonelibwebviewchromium.so+0x0039c493
07-22 20:58:32.325 27647 27647 E TT_WEBVIEW_chromium: #02 0xc8f266b3 /data/app/com.bytedance.org.chromium.android_webview.shell-nlev3aC7AO47-B_LTFtJDQ==/lib/arm/libstandalonelibwebviewchromium.so+0x00d7b6b3
07-22 20:58:32.325 27647 27647 E TT_WEBVIEW_chromium: #03 0xc8f267e7 /data/app/com.bytedance.org.chromium.android_webview.shell-nlev3aC7AO47-B_LTFtJDQ==/lib/arm/libstandalonelibwebviewchromium.so+0x00d7b7e7
07-22 20:58:32.325 27647 27647 E TT_WEBVIEW_chromium: #04 0xc84d1b51 /data/app/com.bytedance.org.chromium.android_webview.shell-nlev3aC7AO47-B_LTFtJDQ==/lib/arm/libstandalonelibwebviewchromium.so+0x00326b51
07-22 20:58:32.325 27647 27647 E TT_WEBVIEW_chromium: #05 0xc8505af7 /data/app/com.bytedance.org.chromium.android_webview.shell-nlev3aC7AO47-B_LTFtJDQ==/lib/arm/libstandalonelibwebviewchromium.so+0x0035aaf7
07-22 20:58:32.325 27647 27647 E TT_WEBVIEW_chromium: #06 0xc851e549 /data/app/com.bytedance.org.chromium.android_webview.shell-nlev3aC7AO47-B_LTFtJDQ==/lib/arm/libstandalonelibwebviewchromium.so+0x00373549
07-22 20:58:32.325 27647 27647 E TT_WEBVIEW_chromium: #07 0xc851e721 /data/app/com.bytedance.org.chromium.android_webview.shell-nlev3aC7AO47-B_LTFtJDQ==/lib/arm/libstandalonelibwebviewchromium.so+0x00373721
07-22 20:58:32.325 27647 27647 E TT_WEBVIEW_chromium: #08 0xc851e9b1 /data/app/com.bytedance.org.chromium.android_webview.shell-nlev3aC7AO47-B_LTFtJDQ==/lib/arm/libstandalonelibwebviewchromium.so+0x003739b1
07-22 20:58:32.325 27647 27647 E TT_WEBVIEW_chromium: #09 0xc851fddf /data/app/com.bytedance.org.chromium.android_webview.shell-nlev3aC7AO47-B_LTFtJDQ==/lib/arm/libstandalonelibwebviewchromium.so+0x00374ddf
07-22 20:58:32.325 27647 27647 E TT_WEBVIEW_chromium: #10 0xc851fb8d /data/app/com.bytedance.org.chromium.android_webview.shell-nlev3aC7AO47-B_LTFtJDQ==/lib/arm/libstandalonelibwebviewchromium.so+0x00374b8d
07-22 20:58:32.325 27647 27647 E TT_WEBVIEW_chromium: #11 0xe976b3bd /system/lib/libutils.so+0x000103bd
07-22 20:58:32.325 27647 27647 E TT_WEBVIEW_chromium: #12 0xe976b0e7 /system/lib/libutils.so+0x000100e7
07-22 20:58:32.325 27647 27647 E TT_WEBVIEW_chromium: #13 0xeb52abfb /system/lib/libandroid_runtime.so+0x000a5bfb
07-22 20:58:32.325 27647 27647 E TT_WEBVIEW_chromium: #14 0x71ec2ebd /system/framework/arm/boot-framework.oat+0x0075bebd
07-22 20:58:32.325 27647 27647 E TT_WEBVIEW_CHROMIUM: [ERROR:message_pump_android.cc(165)] keiling loopOnNonDelayedLooperCallback
07-22 20:58:32.325 27647 27647 E TT_WEBVIEW_CHROMIUM: [ERROR:message_loop.cc(506)] keiling DoWork
07-22 20:58:32.325 27647 27647 E TT_WEBVIEW_CHROMIUM: [ERROR:message_loop.cc(490)] keiling ReloadWorkQueue
07-22 20:58:32.325 27647 27647 E TT_WEBVIEW_CHROMIUM: [ERROR:message_loop.cc(400)] keiling RunTask
07-22 20:58:32.325 27647 27647 E TT_WEBVIEW_CHROMIUM: [ERROR:message_loop_task_runner.cc(35)] keiling cnt1560 PostDelayedTask
07-22 20:58:32.328 27647 27713 E TT_WEBVIEW_chromium: #00 0xc851f849 /data/app/com.bytedance.org.chromium.android_webview.shell-nlev3aC7AO47-B_LTFtJDQ==/lib/arm/libstandalonelibwebviewchromium.so+0x00374849
07-22 20:58:32.328 27647 27713 E TT_WEBVIEW_chromium: #01 0xc8547493 /data/app/com.bytedance.org.chromium.android_webview.shell-nlev3aC7AO47-B_LTFtJDQ==/lib/arm/libstandalonelibwebviewchromium.so+0x0039c493
07-22 20:58:32.328 27647 27713 E TT_WEBVIEW_chromium: #02 0xc8c079d7 /data/app/com.bytedance.org.chromium.android_webview.shell-nlev3aC7AO47-B_LTFtJDQ==/lib/arm/libstandalonelibwebviewchromium.so+0x00a5c9d7
07-22 20:58:32.328 27647 27713 E TT_WEBVIEW_chromium: #03 0xc8c071f3 /data/app/com.bytedance.org.chromium.android_webview.shell-nlev3aC7AO47-B_LTFtJDQ==/lib/arm/libstandalonelibwebviewchromium.so+0x00a5c1f3
07-22 20:58:32.328 27647 27713 E TT_WEBVIEW_chromium: #04 0xc9144e19 /data/app/com.bytedance.org.chromium.android_webview.shell-nlev3aC7AO47-B_LTFtJDQ==/lib/arm/libstandalonelibwebviewchromium.so+0x00f99e19
07-22 20:58:32.328 27647 27713 E TT_WEBVIEW_chromium: #05 0xc9144b4b /data/app/com.bytedance.org.chromium.android_webview.shell-nlev3aC7AO47-B_LTFtJDQ==/lib/arm/libstandalonelibwebviewchromium.so+0x00f99b4b
07-22 20:58:32.328 27647 27713 E TT_WEBVIEW_chromium: #06 0xc9142baf /data/app/com.bytedance.org.chromium.android_webview.shell-nlev3aC7AO47-B_LTFtJDQ==/lib/arm/libstandalonelibwebviewchromium.so+0x00f97baf
07-22 20:58:32.328 27647 27713 E TT_WEBVIEW_chromium: #07 0xc9137203 /data/app/com.bytedance.org.chromium.android_webview.shell-nlev3aC7AO47-B_LTFtJDQ==/lib/arm/libstandalonelibwebviewchromium.so+0x00f8c203
07-22 20:58:32.328 27647 27713 E TT_WEBVIEW_chromium: #08 0xc8bfa8a1 /data/app/com.bytedance.org.chromium.android_webview.shell-nlev3aC7AO47-B_LTFtJDQ==/lib/arm/libstandalonelibwebviewchromium.so+0x00a4f8a1
07-22 20:58:32.328 27647 27713 E TT_WEBVIEW_chromium: #09 0xc8c021e7 /data/app/com.bytedance.org.chromium.android_webview.shell-nlev3aC7AO47-B_LTFtJDQ==/lib/arm/libstandalonelibwebviewchromium.so+0x00a571e7
07-22 20:58:32.328 27647 27713 E TT_WEBVIEW_chromium: #10 0xc8bfd75f /data/app/com.bytedance.org.chromium.android_webview.shell-nlev3aC7AO47-B_LTFtJDQ==/lib/arm/libstandalonelibwebviewchromium.so+0x00a5275f
07-22 20:58:32.328 27647 27713 E TT_WEBVIEW_chromium: #11 0xc915bf4f /data/app/com.bytedance.org.chromium.android_webview.shell-nlev3aC7AO47-B_LTFtJDQ==/lib/arm/libstandalonelibwebviewchromium.so+0x00fb0f4f
07-22 20:58:32.328 27647 27713 E TT_WEBVIEW_chromium: #12 0xc9eeed0b /data/app/com.bytedance.org.chromium.android_webview.shell-nlev3aC7AO47-B_LTFtJDQ==/lib/arm/libstandalonelibwebviewchromium.so+0x01d43d0b
07-22 20:58:32.328 27647 27713 E TT_WEBVIEW_chromium: #13 0xc9eeed8f /data/app/com.bytedance.org.chromium.android_webview.shell-nlev3aC7AO47-B_LTFtJDQ==/lib/arm/libstandalonelibwebviewchromium.so+0x01d43d8f
07-22 20:58:32.328 27647 27713 E TT_WEBVIEW_chromium: #14 0xc9ed9e7d /data/app/com.bytedance.org.chromium.android_webview.shell-nlev3aC7AO47-B_LTFtJDQ==/lib/arm/libstandalonelibwebviewchromium.so+0x01d2ee7d
07-22 20:58:32.328 27647 27713 E TT_WEBVIEW_chromium: #15 0xc9ed9c61 /data/app/com.bytedance.org.chromium.android_webview.shell-nlev3aC7AO47-B_LTFtJDQ==/lib/arm/libstandalonelibwebviewchromium.so+0x01d2ec61
07-22 20:58:32.328 27647 27713 E TT_WEBVIEW_chromium: #16 0xc9eeeb1f /data/app/com.bytedance.org.chromium.android_webview.shell-nlev3aC7AO47-B_LTFtJDQ==/lib/arm/libstandalonelibwebviewchromium.so+0x01d43b1f
07-22 20:58:32.328 27647 27713 E TT_WEBVIEW_chromium: #17 0xc9ee953b /data/app/com.bytedance.org.chromium.android_webview.shell-nlev3aC7AO47-B_LTFtJDQ==/lib/arm/libstandalonelibwebviewchromium.so+0x01d3e53b
07-22 20:58:32.328 27647 27713 E TT_WEBVIEW_chromium: #18 0xc9ee95e7 /data/app/com.bytedance.org.chromium.android_webview.shell-nlev3aC7AO47-B_LTFtJDQ==/lib/arm/libstandalonelibwebviewchromium.so+0x01d3e5e7
07-22 20:58:32.328 27647 27713 E TT_WEBVIEW_chromium: #19 0xc9ee95cf /data/app/com.bytedance.org.chromium.android_webview.shell-nlev3aC7AO47-B_LTFtJDQ==/lib/arm/libstandalonelibwebviewchromium.so+0x01d3e5cf
07-22 20:58:32.328 27647 27713 E TT_WEBVIEW_chromium: #20 0xc8e5abff /data/app/com.bytedance.org.chromium.android_webview.shell-nlev3aC7AO47-B_LTFtJDQ==/lib/arm/libstandalonelibwebviewchromium.so+0x00cafbff
07-22 20:58:32.328 27647 27713 E TT_WEBVIEW_chromium: #21 0xc9edf329 /data/app/com.bytedance.org.chromium.android_webview.shell-nlev3aC7AO47-B_LTFtJDQ==/lib/arm/libstandalonelibwebviewchromium.so+0x01d34329
07-22 20:58:32.328 27647 27713 E TT_WEBVIEW_chromium: #22 0xc9ede32f /data/app/com.bytedance.org.chromium.android_webview.shell-nlev3aC7AO47-B_LTFtJDQ==/lib/arm/libstandalonelibwebviewchromium.so+0x01d3332f
07-22 20:58:32.328 27647 27713 E TT_WEBVIEW_chromium: #23 0xc84d1b51 /data/app/com.bytedance.org.chromium.android_webview.shell-nlev3aC7AO47-B_LTFtJDQ==/lib/arm/libstandalonelibwebviewchromium.so+0x00326b51
07-22 20:58:32.328 27647 27713 E TT_WEBVIEW_chromium: #24 0xc8505af7 /data/app/com.bytedance.org.chromium.android_webview.shell-nlev3aC7AO47-B_LTFtJDQ==/lib/arm/libstandalonelibwebviewchromium.so+0x0035aaf7
07-22 20:58:32.328 27647 27713 E TT_WEBVIEW_chromium: #25 0xc851e549 /data/app/com.bytedance.org.chromium.android_webview.shell-nlev3aC7AO47-B_LTFtJDQ==/lib/arm/libstandalonelibwebviewchromium.so+0x00373549
07-22 20:58:32.328 27647 27713 E TT_WEBVIEW_chromium: #26 0xc851e721 /data/app/com.bytedance.org.chromium.android_webview.
07-22 20:58:32.329 27647 27713 E TT_WEBVIEW_CHROMIUM: [ERROR:message_loop.cc(501)] keiling ScheduleWork
07-22 20:58:32.329 27647 27702 E TT_WEBVIEW_CHROMIUM: [ERROR:message_loop.cc(506)] keiling DoWork
07-22 20:58:32.329 27647 27702 E TT_WEBVIEW_CHROMIUM: [ERROR:message_loop.cc(490)] keiling ReloadWorkQueue
07-22 20:58:32.329 27647 27702 E TT_WEBVIEW_CHROMIUM: [ERROR:message_loop.cc(400)] keiling RunTask
07-22 20:58:32.329 27647 27702 E TT_WEBVIEW_CHROMIUM: [ERROR:message_loop.cc(506)] keiling DoWork
07-22 20:58:32.329 27647 27702 E TT_WEBVIEW_CHROMIUM: [ERROR:message_loop.cc(490)] keiling ReloadWorkQueue
07-22 20:58:32.329 27647 27702 E TT_WEBVIEW_CHROMIUM: [ERROR:message_loop.cc(516)] keiling work queue empty DoWork
07-22 20:58:32.329 27647 27713 E TT_WEBVIEW_CHROMIUM: [ERROR:message_loop_task_runner.cc(35)] keiling cnt1561 PostDelayedTask
07-22 20:58:32.346 27647 27647 E TT_WEBVIEW_chromium: #00 0xc851f849 /data/app/com.bytedance.org.chromium.android_webview.shell-nlev3aC7AO47-B_LTFtJDQ==/lib/arm/libstandalonelibwebviewchromium.so+0x00374849
07-22 20:58:32.346 27647 27647 E TT_WEBVIEW_chromium: #01 0xc8547493 /data/app/com.bytedance.org.chromium.android_webview.shell-nlev3aC7AO47-B_LTFtJDQ==/lib/arm/libstandalonelibwebviewchromium.so+0x0039c493
07-22 20:58:32.346 27647 27647 E TT_WEBVIEW_chromium: #02 0xc8f266b3 /data/app/com.bytedance.org.chromium.android_webview.shell-nlev3aC7AO47-B_LTFtJDQ==/lib/arm/libstandalonelibwebviewchromium.so+0x00d7b6b3
07-22 20:58:32.346 27647 27647 E TT_WEBVIEW_chromium: #03 0xc8f267e7 /data/app/com.bytedance.org.chromium.android_webview.shell-nlev3aC7AO47-B_LTFtJDQ==/lib/arm/libstandalonelibwebviewchromium.so+0x00d7b7e7
07-22 20:58:32.346 27647 27647 E TT_WEBVIEW_chromium: #04 0xc84d1b51 /data/app/com.bytedance.org.chromium.android_webview.shell-nlev3aC7AO47-B_LTFtJDQ==/lib/arm/libstandalonelibwebviewchromium.so+0x00326b51
07-22 20:58:32.346 27647 27647 E TT_WEBVIEW_chromium: #05 0xc8505af7 /data/app/com.bytedance.org.chromium.android_webview.shell-nlev3aC7AO47-B_LTFtJDQ==/lib/arm/libstandalonelibwebviewchromium.so+0x0035aaf7
07-22 20:58:32.346 27647 27647 E TT_WEBVIEW_chromium: #06 0xc851e549 /data/app/com.bytedance.org.chromium.android_webview.shell-nlev3aC7AO47-B_LTFtJDQ==/lib/arm/libstandalonelibwebviewchromium.so+0x00373549
07-22 20:58:32.346 27647 27647 E TT_WEBVIEW_chromium: #07 0xc851e721 /data/app/com.bytedance.org.chromium.android_webview.shell-nlev3aC7AO47-B_LTFtJDQ==/lib/arm/libstandalonelibwebviewchromium.so+0x00373721
07-22 20:58:32.346 27647 27647 E TT_WEBVIEW_chromium: #08 0xc851e9b1 /data/app/com.bytedance.org.chromium.android_webview.shell-nlev3aC7AO47-B_LTFtJDQ==/lib/arm/libstandalonelibwebviewchromium.so+0x003739b1
07-22 20:58:32.346 27647 27647 E TT_WEBVIEW_chromium: #09 0xc851fddf /data/app/com.bytedance.org.chromium.android_webview.shell-nlev3aC7AO47-B_LTFtJDQ==/lib/arm/libstandalonelibwebviewchromium.so+0x00374ddf
07-22 20:58:32.346 27647 27647 E TT_WEBVIEW_chromium: #10 0xc851fb8d /data/app/com.bytedance.org.chromium.android_webview.shell-nlev3aC7AO47-B_LTFtJDQ==/lib/arm/libstandalonelibwebviewchromium.so+0x00374b8d
07-22 20:58:32.346 27647 27647 E TT_WEBVIEW_chromium: #11 0xe976b3bd /system/lib/libutils.so+0x000103bd
07-22 20:58:32.346 27647 27647 E TT_WEBVIEW_chromium: #12 0xe976b0e7 /system/lib/libutils.so+0x000100e7
07-22 20:58:32.346 27647 27647 E TT_WEBVIEW_chromium: #13 0xeb52abfb /system/lib/libandroid_runtime.so+0x000a5bfb
07-22 20:58:32.346 27647 27647 E TT_WEBVIEW_chromium: #14 0x71ec2ebd /system/framework/arm/boot-framework.oat+0x0075bebd
07-22 20:58:32.346 27647 27647 E TT_WEBVIEW_CHROMIUM: [ERROR:message_pump_android.cc(165)] keiling loopOnNonDelayedLooperCallback
07-22 20:58:32.346 27647 27647 E TT_WEBVIEW_CHROMIUM: [ERROR:message_loop.cc(506)] keiling DoWork
07-22 20:58:32.346 27647 27647 E TT_WEBVIEW_CHROMIUM: [ERROR:message_loop.cc(490)] keiling ReloadWorkQueue
07-22 20:58:32.346 27647 27647 E TT_WEBVIEW_CHROMIUM: [ERROR:message_loop.cc(400)] keiling RunTask
07-22 20:58:32.347 27647 27647 E TT_WEBVIEW_CHROMIUM: [ERROR:message_loop_task_runner.cc(35)] keiling cnt1562 PostDelayedTask
07-22 20:58:32.364 27647 27713 E TT_WEBVIEW_chromium: #00 0xc851f849 /data/app/com.bytedance.org.chromium.android_webview.shell-nlev3aC7AO47-B_LTFtJDQ==/lib/arm/libstandalonelibwebviewchromium.so+0x00374849
07-22 20:58:32.364 27647 27713 E TT_WEBVIEW_chromium: #01 0xc8547493 /data/app/com.bytedance.org.chromium.android_webview.shell-nlev3aC7AO47-B_LTFtJDQ==/lib/arm/libstandalonelibwebviewchromium.so+0x0039c493
07-22 20:58:32.364 27647 27713 E TT_WEBVIEW_chromium: #02 0xc8c079d7 /data/app/com.bytedance.org.chromium.android_webview.shell-nlev3aC7AO47-B_LTFtJDQ==/lib/arm/libstandalonelibwebviewchromium.so+0x00a5c9d7
07-22 20:58:32.364 27647 27713 E TT_WEBVIEW_chromium: #03 0xc8c071f3 /data/app/com.bytedance.org.chromium.android_webview.shell-nlev3aC7AO47-B_LTFtJDQ==/lib/arm/libstandalonelibwebviewchromium.so+0x00a5c1f3
07-22 20:58:32.364 27647 27713 E TT_WEBVIEW_chromium: #04 0xc9144e19 /data/app/com.bytedance.org.chromium.android_webview.shell-nlev3aC7AO47-B_LTFtJDQ==/lib/arm/libstandalonelibwebviewchromium.so+0x00f99e19
07-22 20:58:32.364 27647 27713 E TT_WEBVIEW_chromium: #05 0xc9144b4b /data/app/com.bytedance.org.chromium.android_webview.shell-nlev3aC7AO47-B_LTFtJDQ==/lib/arm/libstandalonelibwebviewchromium.so+0x00f99b4b
07-22 20:58:32.364 27647 27713 E TT_WEBVIEW_chromium: #06 0xc9142baf /data/app/com.bytedance.org.chromium.android_webview.shell-nlev3aC7AO47-B_LTFtJDQ==/lib/arm/libstandalonelibwebviewchromium.so+0x00f97baf
07-22 20:58:32.364 27647 27713 E TT_WEBVIEW_chromium: #07 0xc9137203 /data/app/com.bytedance.org.chromium.android_webview.shell-nlev3aC7AO47-B_LTFtJDQ==/lib/arm/libstandalonelibwebviewchromium.so+0x00f8c203
07-22 20:58:32.364 27647 27713 E TT_WEBVIEW_chromium: #08 0xc8bfa8a1 /data/app/com.bytedance.org.chromium.android_webview.shell-nlev3aC7AO47-B_LTFtJDQ==/lib/arm/libstandalonelibwebviewchromium.so+0x00a4f8a1
07-22 20:58:32.364 27647 27713 E TT_WEBVIEW_chromium: #09 0xc8c021e7 /data/app/com.bytedance.org.chromium.android_webview.shell-nlev3aC7AO47-B_LTFtJDQ==/lib/arm/libstandalonelibwebviewchromium.so+0x00a571e7
07-22 20:58:32.364 27647 27713 E TT_WEBVIEW_chromium: #10 0xc8bfd75f /data/app/com.bytedance.org.chromium.android_webview.shell-nlev3aC7AO47-B_LTFtJDQ==/lib/arm/libstandalonelibwebviewchromium.so+0x00a5275f
07-22 20:58:32.364 27647 27713 E TT_WEBVIEW_chromium: #11 0xc915bf4f /data/app/com.bytedance.org.chromium.android_webview.shell-nlev3aC7AO47-B_LTFtJDQ==/lib/arm/libstandalonelibwebviewchromium.so+0x00fb0f4f
07-22 20:58:32.364 27647 27713 E TT_WEBVIEW_chromium: #12 0xc9eeed0b /data/app/com.bytedance.org.chromium.android_webview.shell-nlev3aC7AO47-B_LTFtJDQ==/lib/arm/libstandalonelibwebviewchromium.so+0x01d43d0b
07-22 20:58:32.364 27647 27713 E TT_WEBVIEW_chromium: #13 0xc9eeed8f /data/app/com.bytedance.org.chromium.android_webview.shell-nlev3aC7AO47-B_LTFtJDQ==/lib/arm/libstandalonelibwebviewchromium.so+0x01d43d8f
07-22 20:58:32.364 27647 27713 E TT_WEBVIEW_chromium: #14 0xc9ed9e7d /data/app/com.bytedance.org.chromium.android_webview.shell-nlev3aC7AO47-B_LTFtJDQ==/lib/arm/libstandalonelibwebviewchromium.so+0x01d2ee7d
07-22 20:58:32.364 27647 27713 E TT_WEBVIEW_chromium: #15 0xc9ed9c61 /data/app/com.bytedance.org.chromium.android_webview.shell-nlev3aC7AO47-B_LTFtJDQ==/lib/arm/libstandalonelibwebviewchromium.so+0x01d2ec61
07-22 20:58:32.364 27647 27713 E TT_WEBVIEW_chromium: #16 0xc9eeeb1f /data/app/com.bytedance.org.chromium.android_webview.shell-nlev3aC7AO47-B_LTFtJDQ==/lib/arm/libstandalonelibwebviewchromium.so+0x01d43b1f
07-22 20:58:32.364 27647 27713 E TT_WEBVIEW_chromium: #17 0xc9ee953b /data/app/com.bytedance.org.chromium.android_webview.shell-nlev3aC7AO47-B_LTFtJDQ==/lib/arm/libstandalonelibwebviewchromium.so+0x01d3e53b
07-22 20:58:32.364 27647 27713 E TT_WEBVIEW_chromium: #18 0xc9ee95e7 /data/app/com.bytedance.org.chromium.android_webview.shell-nlev3aC7AO47-B_LTFtJDQ==/lib/arm/libstandalonelibwebviewchromium.so+0x01d3e5e7
07-22 20:58:32.364 27647 27713 E TT_WEBVIEW_chromium: #19 0xc9ee95cf /data/app/com.bytedance.org.chromium.android_webview.shell-nlev3aC7AO47-B_LTFtJDQ==/lib/arm/libstandalonelibwebviewchromium.so+0x01d3e5cf
07-22 20:58:32.364 27647 27713 E TT_WEBVIEW_chromium: #20 0xc8e5abff /data/app/com.bytedance.org.chromium.android_webview.shell-nlev3aC7AO47-B_LTFtJDQ==/lib/arm/libstandalonelibwebviewchromium.so+0x00cafbff
07-22 20:58:32.364 27647 27713 E TT_WEBVIEW_chromium: #21 0xc9edf329 /data/app/com.bytedance.org.chromium.android_webview.shell-nlev3aC7AO47-B_LTFtJDQ==/lib/arm/libstandalonelibwebviewchromium.so+0x01d34329
07-22 20:58:32.364 27647 27713 E TT_WEBVIEW_chromium: #22 0xc9ede32f /data/app/com.bytedance.org.chromium.android_webview.shell-nlev3aC7AO47-B_LTFtJDQ==/lib/arm/libstandalonelibwebviewchromium.so+0x01d3332f
07-22 20:58:32.364 27647 27713 E TT_WEBVIEW_chromium: #23 0xc84d1b51 /data/app/com.bytedance.org.chromium.android_webview.shell-nlev3aC7AO47-B_LTFtJDQ==/lib/arm/libstandalonelibwebviewchromium.so+0x00326b51
07-22 20:58:32.364 27647 27713 E TT_WEBVIEW_chromium: #24 0xc8505af7 /data/app/com.bytedance.org.chromium.android_webview.shell-nlev3aC7AO47-B_LTFtJDQ==/lib/arm/libstandalonelibwebviewchromium.so+0x0035aaf7
07-22 20:58:32.364 27647 27713 E TT_WEBVIEW_chromium: #25 0xc851e549 /data/app/com.bytedance.org.chromium.android_webview.shell-nlev3aC7AO47-B_LTFtJDQ==/lib/arm/libstandalonelibwebviewchromium.so+0x00373549
07-22 20:58:32.364 27647 27713 E TT_WEBVIEW_chromium: #26 0xc851e721 /data/app/com.bytedance.org.chromium.android_webview.
07-22 20:58:32.365 27647 27713 E TT_WEBVIEW_CHROMIUM: [ERROR:message_loop.cc(501)] keiling ScheduleWork
07-22 20:58:32.365 27647 27702 E TT_WEBVIEW_CHROMIUM: [ERROR:message_loop.cc(506)] keiling DoWork
07-22 20:58:32.365 27647 27702 E TT_WEBVIEW_CHROMIUM: [ERROR:message_loop.cc(490)] keiling ReloadWorkQueue
07-22 20:58:32.365 27647 27702 E TT_WEBVIEW_CHROMIUM: [ERROR:message_loop.cc(400)] keiling RunTask
07-22 20:58:32.365 27647 27702 E TT_WEBVIEW_CHROMIUM: [ERROR:message_loop.cc(506)] keiling DoWork
07-22 20:58:32.365 27647 27702 E TT_WEBVIEW_CHROMIUM: [ERROR:message_loop.cc(490)] keiling ReloadWorkQueue
07-22 20:58:32.365 27647 27702 E TT_WEBVIEW_CHROMIUM: [ERROR:message_loop.cc(516)] keiling work queue empty DoWork
07-22 20:58:32.366 27647 27713 E TT_WEBVIEW_CHROMIUM: [ERROR:message_loop_task_runner.cc(35)] keiling cnt1563 PostDelayedTask
07-22 20:58:32.367 27647 27647 E TT_WEBVIEW_chromium: #00 0xc851f849 /data/app/com.bytedance.org.chromium.android_webview.shell-nlev3aC7AO47-B_LTFtJDQ==/lib/arm/libstandalonelibwebviewchromium.so+0x00374849
07-22 20:58:32.367 27647 27647 E TT_WEBVIEW_chromium: #01 0xc8547493 /data/app/com.bytedance.org.chromium.android_webview.shell-nlev3aC7AO47-B_LTFtJDQ==/lib/arm/libstandalonelibwebviewchromium.so+0x0039c493
07-22 20:58:32.367 27647 27647 E TT_WEBVIEW_chromium: #02 0xc8f266b3 /data/app/com.bytedance.org.chromium.android_webview.shell-nlev3aC7AO47-B_LTFtJDQ==/lib/arm/libstandalonelibwebviewchromium.so+0x00d7b6b3
07-22 20:58:32.367 27647 27647 E TT_WEBVIEW_chromium: #03 0xc8f267e7 /data/app/com.bytedance.org.chromium.android_webview.shell-nlev3aC7AO47-B_LTFtJDQ==/lib/arm/libstandalonelibwebviewchromium.so+0x00d7b7e7
07-22 20:58:32.367 27647 27647 E TT_WEBVIEW_chromium: #04 0xc84d1b51 /data/app/com.bytedance.org.chromium.android_webview.shell-nlev3aC7AO47-B_LTFtJDQ==/lib/arm/libstandalonelibwebviewchromium.so+0x00326b51
07-22 20:58:32.367 27647 27647 E TT_WEBVIEW_chromium: #05 0xc8505af7 /data/app/com.bytedance.org.chromium.android_webview.shell-nlev3aC7AO47-B_LTFtJDQ==/lib/arm/libstandalonelibwebviewchromium.so+0x0035aaf7
07-22 20:58:32.367 27647 27647 E TT_WEBVIEW_chromium: #06 0xc851e549 /data/app/com.bytedance.org.chromium.android_webview.shell-nlev3aC7AO47-B_LTFtJDQ==/lib/arm/libstandalonelibwebviewchromium.so+0x00373549
07-22 20:58:32.367 27647 27647 E TT_WEBVIEW_chromium: #07 0xc851e721 /data/app/com.bytedance.org.chromium.android_webview.shell-nlev3aC7AO47-B_LTFtJDQ==/lib/arm/libstandalonelibwebviewchromium.so+0x00373721
07-22 20:58:32.367 27647 27647 E TT_WEBVIEW_chromium: #08 0xc851e9b1 /data/app/com.bytedance.org.chromium.android_webview.shell-nlev3aC7AO47-B_LTFtJDQ==/lib/arm/libstandalonelibwebviewchromium.so+0x003739b1
07-22 20:58:32.367 27647 27647 E TT_WEBVIEW_chromium: #09 0xc851fddf /data/app/com.bytedance.org.chromium.android_webview.shell-nlev3aC7AO47-B_LTFtJDQ==/lib/arm/libstandalonelibwebviewchromium.so+0x00374ddf
07-22 20:58:32.367 27647 27647 E TT_WEBVIEW_chromium: #10 0xc851fb8d /data/app/com.bytedance.org.chromium.android_webview.shell-nlev3aC7AO47-B_LTFtJDQ==/lib/arm/libstandalonelibwebviewchromium.so+0x00374b8d
07-22 20:58:32.367 27647 27647 E TT_WEBVIEW_chromium: #11 0xe976b3bd /system/lib/libutils.so+0x000103bd
07-22 20:58:32.367 27647 27647 E TT_WEBVIEW_chromium: #12 0xe976b0e7 /system/lib/libutils.so+0x000100e7
07-22 20:58:32.367 27647 27647 E TT_WEBVIEW_chromium: #13 0xeb52abfb /system/lib/libandroid_runtime.so+0x000a5bfb
07-22 20:58:32.367 27647 27647 E TT_WEBVIEW_chromium: #14 0x71ec2ebd /system/framework/arm/boot-framework.oat+0x0075bebd
07-22 20:58:32.367 27647 27647 E TT_WEBVIEW_CHROMIUM: [ERROR:message_pump_android.cc(165)] keiling loopOnNonDelayedLooperCallback
07-22 20:58:32.367 27647 27647 E TT_WEBVIEW_CHROMIUM: [ERROR:message_loop.cc(506)] keiling DoWork
07-22 20:58:32.367 27647 27647 E TT_WEBVIEW_CHROMIUM: [ERROR:message_loop.cc(490)] keiling ReloadWorkQueue
07-22 20:58:32.368 27647 27647 E TT_WEBVIEW_CHROMIUM: [ERROR:message_loop.cc(400)] keiling RunTask
07-22 20:58:32.368 27647 27647 E TT_WEBVIEW_CHROMIUM: [ERROR:message_loop_task_runner.cc(35)] keiling cnt1564 PostDelayedTask
07-22 20:58:32.388 27647 27647 E TT_WEBVIEW_chromium: #00 0xc851f849 /data/app/com.bytedance.org.chromium.android_webview.shell-nlev3aC7AO47-B_LTFtJDQ==/lib/arm/libstandalonelibwebviewchromium.so+0x00374849
07-22 20:58:32.388 27647 27647 E TT_WEBVIEW_chromium: #01 0xc8547493 /data/app/com.bytedance.org.chromium.android_webview.shell-nlev3aC7AO47-B_LTFtJDQ==/lib/arm/libstandalonelibwebviewchromium.so+0x0039c493
07-22 20:58:32.388 27647 27647 E TT_WEBVIEW_chromium: #02 0xc8f266b3 /data/app/com.bytedance.org.chromium.android_webview.shell-nlev3aC7AO47-B_LTFtJDQ==/lib/arm/libstandalonelibwebviewchromium.so+0x00d7b6b3
07-22 20:58:32.388 27647 27647 E TT_WEBVIEW_chromium: #03 0xc8f267e7 /data/app/com.bytedance.org.chromium.android_webview.shell-nlev3aC7AO47-B_LTFtJDQ==/lib/arm/libstandalonelibwebviewchromium.so+0x00d7b7e7
07-22 20:58:32.388 27647 27647 E TT_WEBVIEW_chromium: #04 0xc84d1b51 /data/app/com.bytedance.org.chromium.android_webview.shell-nlev3aC7AO47-B_LTFtJDQ==/lib/arm/libstandalonelibwebviewchromium.so+0x00326b51
07-22 20:58:32.388 27647 27647 E TT_WEBVIEW_chromium: #05 0xc8505af7 /data/app/com.bytedance.org.chromium.android_webview.shell-nlev3aC7AO47-B_LTFtJDQ==/lib/arm/libstandalonelibwebviewchromium.so+0x0035aaf7
07-22 20:58:32.388 27647 27647 E TT_WEBVIEW_chromium: #06 0xc851e549 /data/app/com.bytedance.org.chromium.android_webview.shell-nlev3aC7AO47-B_LTFtJDQ==/lib/arm/libstandalonelibwebviewchromium.so+0x00373549
07-22 20:58:32.388 27647 27647 E TT_WEBVIEW_chromium: #07 0xc851e721 /data/app/com.bytedance.org.chromium.android_webview.shell-nlev3aC7AO47-B_LTFtJDQ==/lib/arm/libstandalonelibwebviewchromium.so+0x00373721
07-22 20:58:32.388 27647 27647 E TT_WEBVIEW_chromium: #08 0xc851e9b1 /data/app/com.bytedance.org.chromium.android_webview.shell-nlev3aC7AO47-B_LTFtJDQ==/lib/arm/libstandalonelibwebviewchromium.so+0x003739b1
07-22 20:58:32.388 27647 27647 E TT_WEBVIEW_chromium: #09 0xc851fddf /data/app/com.bytedance.org.chromium.android_webview.shell-nlev3aC7AO47-B_LTFtJDQ==/lib/arm/libstandalonelibwebviewchromium.so+0x00374ddf
07-22 20:58:32.388 27647 27647 E TT_WEBVIEW_chromium: #10 0xc851fb8d /data/app/com.bytedance.org.chromium.android_webview.shell-nlev3aC7AO47-B_LTFtJDQ==/lib/arm/libstandalonelibwebviewchromium.so+0x00374b8d
07-22 20:58:32.388 27647 27647 E TT_WEBVIEW_chromium: #11 0xe976b3bd /system/lib/libutils.so+0x000103bd
07-22 20:58:32.388 27647 27647 E TT_WEBVIEW_chromium: #12 0xe976b0e7 /system/lib/libutils.so+0x000100e7
07-22 20:58:32.388 27647 27647 E TT_WEBVIEW_chromium: #13 0xeb52abfb /system/lib/libandroid_runtime.so+0x000a5bfb
07-22 20:58:32.388 27647 27647 E TT_WEBVIEW_chromium: #14 0x71ec2ebd /system/framework/arm/boot-framework.oat+0x0075bebd
07-22 20:58:32.388 27647 27647 E TT_WEBVIEW_CHROMIUM: [ERROR:message_pump_android.cc(165)] keiling loopOnNonDelayedLooperCallback
07-22 20:58:32.388 27647 27647 E TT_WEBVIEW_CHROMIUM: [ERROR:message_loop.cc(506)] keiling DoWork
07-22 20:58:32.388 27647 27647 E TT_WEBVIEW_CHROMIUM: [ERROR:message_loop.cc(490)] keiling ReloadWorkQueue
07-22 20:58:32.388 27647 27647 E TT_WEBVIEW_CHROMIUM: [ERROR:message_loop.cc(400)] keiling RunTask
07-22 20:58:32.389 27647 27647 E TT_WEBVIEW_CHROMIUM: [ERROR:message_loop_task_runner.cc(35)] keiling cnt1565 PostDelayedTask
07-22 20:58:32.402 27647 27713 E TT_WEBVIEW_chromium: #00 0xc851f849 /data/app/com.bytedance.org.chromium.android_webview.shell-nlev3aC7AO47-B_LTFtJDQ==/lib/arm/libstandalonelibwebviewchromium.so+0x00374849
07-22 20:58:32.402 27647 27713 E TT_WEBVIEW_chromium: #01 0xc8547493 /data/app/com.bytedance.org.chromium.android_webview.shell-nlev3aC7AO47-B_LTFtJDQ==/lib/arm/libstandalonelibwebviewchromium.so+0x0039c493
07-22 20:58:32.402 27647 27713 E TT_WEBVIEW_chromium: #02 0xc8c079d7 /data/app/com.bytedance.org.chromium.android_webview.shell-nlev3aC7AO47-B_LTFtJDQ==/lib/arm/libstandalonelibwebviewchromium.so+0x00a5c9d7
07-22 20:58:32.402 27647 27713 E TT_WEBVIEW_chromium: #03 0xc8c071f3 /data/app/com.bytedance.org.chromium.android_webview.shell-nlev3aC7AO47-B_LTFtJDQ==/lib/arm/libstandalonelibwebviewchromium.so+0x00a5c1f3
07-22 20:58:32.402 27647 27713 E TT_WEBVIEW_chromium: #04 0xc9144e19 /data/app/com.bytedance.org.chromium.android_webview.shell-nlev3aC7AO47-B_LTFtJDQ==/lib/arm/libstandalonelibwebviewchromium.so+0x00f99e19
