E/TT_WEBVIEW_CHROMIUM( 6643): [ERROR:aw_request_interceptor.cc(125)] keiling ObtainDelegate
E/TT_WEBVIEW_CHROMIUM( 6643): [ERROR:aw_contents_io_thread_client.cc(315)] keiling RunShouldInterceptRequest
E/LYNX_TT_WEBVIEW( 6643): CError = [(ERROR) aw_contents_io_thread_client.cc:349]: keilingShouldInterceptRequestAsync
E/LYNX_TT_WEBVIEW( 6643):  
E/LYNX_TT_WEBVIEW( 6643): should:  adblock: true 
E/LYNX_TT_WEBVIEW( 6643): CError = [(ERROR) url_request.cc:518]: keiling Start
E/LYNX_TT_WEBVIEW( 6643):  
E/LYNX_TT_WEBVIEW( 6643): CError = [(ERROR) android_stream_reader_url_request_job.cc:146]: keiling ObtainDelegate Start
E/LYNX_TT_WEBVIEW( 6643):  
E/LYNX_TT_WEBVIEW( 6643): CError = [(ERROR) aw_request_interceptor.cc:125]: keiling ObtainDelegate
E/LYNX_TT_WEBVIEW( 6643):  
E/LYNX_TT_WEBVIEW( 6643): CError = [(ERROR) aw_contents_io_thread_client.cc:315]: keiling RunShouldInterceptRequest
E/LYNX_TT_WEBVIEW( 6643):  
E/TT_WEBVIEW_CHROMIUM( 6727): [ERROR:HTMLDocumentParser.cpp(265)] keiling ResumeParsingAfterYield
E/TT_WEBVIEW_chromium( 6643): #00 0xd7b2d0c1 /data/data/com.bytedance.shell/files/webview_bytedance/e3f7f2c8a55841d3ea10e22cbaeea098_md5/libwebviewbytedance.so+0x0032d0c1
E/TT_WEBVIEW_chromium( 6643): #01 0xd7b22b87 /data/data/com.bytedance.shell/files/webview_bytedance/e3f7f2c8a55841d3ea10e22cbaeea098_md5/libwebviewbytedance.so+0x00322b87
E/TT_WEBVIEW_chromium( 6643): #02 0xd7d958bf /data/data/com.bytedance.shell/files/webview_bytedance/e3f7f2c8a55841d3ea10e22cbaeea098_md5/libwebviewbytedance.so+0x005958bf
E/TT_WEBVIEW_chromium( 6643): #03 0xd7d956af /data/data/com.bytedance.shell/files/webview_bytedance/e3f7f2c8a55841d3ea10e22cbaeea098_md5/libwebviewbytedance.so+0x005956af
E/TT_WEBVIEW_chromium( 6643): #04 0xd7d9541f /data/data/com.bytedance.shell/files/webview_bytedance/e3f7f2c8a55841d3ea10e22cbaeea098_md5/libwebviewbytedance.so+0x0059541f
E/TT_WEBVIEW_chromium( 6643): #05 0xd8a20d45 /data/data/com.bytedance.shell/files/webview_bytedance/e3f7f2c8a55841d3ea10e22cbaeea098_md5/libwebviewbytedance.so+0x01220d45
E/TT_WEBVIEW_chromium( 6643): #06 0xd8a20ab5 /data/data/com.bytedance.shell/files/webview_bytedance/e3f7f2c8a55841d3ea10e22cbaeea098_md5/libwebviewbytedance.so+0x01220ab5
E/TT_WEBVIEW_chromium( 6643): #07 0xd8a0b125 /data/data/com.bytedance.shell/files/webview_bytedance/e3f7f2c8a55841d3ea10e22cbaeea098_md5/libwebviewbytedance.so+0x0120b125
E/TT_WEBVIEW_chromium( 6643): #08 0xd8a0dc11 /data/data/com.bytedance.shell/files/webview_bytedance/e3f7f2c8a55841d3ea10e22cbaeea098_md5/libwebviewbytedance.so+0x0120dc11
E/TT_WEBVIEW_chromium( 6643): #09 0xd8a26a59 /data/data/com.bytedance.shell/files/webview_bytedance/e3f7f2c8a55841d3ea10e22cbaeea098_md5/libwebviewbytedance.so+0x01226a59
E/TT_WEBVIEW_chromium( 6643): #10 0xd8a26ce1 /data/data/com.bytedance.shell/files/webview_bytedance/e3f7f2c8a55841d3ea10e22cbaeea098_md5/libwebviewbytedance.so+0x01226ce1
E/TT_WEBVIEW_chromium( 6643): #11 0xd8a26c33 /data/data/com.bytedance.shell/files/webview_bytedance/e3f7f2c8a55841d3ea10e22cbaeea098_md5/libwebviewbytedance.so+0x01226c33
E/TT_WEBVIEW_chromium( 6643): #12 0xd8a23b71 /data/data/com.bytedance.shell/files/webview_bytedance/e3f7f2c8a55841d3ea10e22cbaeea098_md5/libwebviewbytedance.so+0x01223b71
E/TT_WEBVIEW_chromium( 6643): #13 0xd7b26e1d /data/data/com.bytedance.shell/files/webview_bytedance/e3f7f2c8a55841d3ea10e22cbaeea098_md5/libwebviewbytedance.so+0x00326e1d
E/TT_WEBVIEW_chromium( 6643): #14 0xd7b5b7bd /data/data/com.bytedance.shell/files/webview_bytedance/e3f7f2c8a55841d3ea10e22cbaeea098_md5/libwebviewbytedance.so+0x0035b7bd
E/TT_WEBVIEW_chromium( 6643): #15 0xd7b73bdd /data/data/com.bytedance.shell/files/webview_bytedance/e3f7f2c8a55841d3ea10e22cbaeea098_md5/libwebviewbytedance.so+0x00373bdd
E/TT_WEBVIEW_chromium( 6643): #16 0xd7b73dcd /data/data/com.bytedance.shell/files/webview_bytedance/e3f7f2c8a55841d3ea10e22cbaeea098_md5/libwebviewbytedance.so+0x00373dcd
E/TT_WEBVIEW_chromium( 6643): #17 0xd7b73f53 /data/data/com.bytedance.shell/files/webview_bytedance/e3f7f2c8a55841d3ea10e22cbaeea098_md5/libwebviewbytedance.so+0x00373f53
E/TT_WEBVIEW_chromium( 6643): #18 0xd7b75f9d /data/data/com.bytedance.shell/files/webview_bytedance/e3f7f2c8a55841d3ea10e22cbaeea098_md5/libwebviewbytedance.so+0x00375f9d
E/TT_WEBVIEW_chromium( 6643): #19 0xd7b739eb /data/data/com.bytedance.shell/files/webview_bytedance/e3f7f2c8a55841d3ea10e22cbaeea098_md5/libwebviewbytedance.so+0x003739eb
E/TT_WEBVIEW_chromium( 6643): #20 0xd7b8bf77 /data/data/com.bytedance.shell/files/webview_bytedance/e3f7f2c8a55841d3ea10e22cbaeea098_md5/libwebviewbytedance.so+0x0038bf77
E/TT_WEBVIEW_chromium( 6643): #21 0xd7bac19b /data/data/com.bytedance.shell/files/webview_bytedance/e3f7f2c8a55841d3ea10e22cbaeea098_md5/libwebviewbytedance.so+0x003ac19b
E/TT_WEBVIEW_chromium( 6643): #22 0xd88f54cd /data/data/com.bytedance.shell/files/webview_bytedance/e3f7f2c8a55841d3ea10e22cbaeea098_md5/libwebviewbytedance.so+0x010f54cd
E/TT_WEBVIEW_chromium( 6643): #23 0xd88f55b5 /data/data/com.bytedance.shell/files/webview_bytedance/e3f7f2c8a55841d3ea10e22cbaeea098_md5/libwebviewbytedance.so+0x010f55b5
E/TT_WEBVIEW_chromium( 6643): #24 0xd7bac43f /data/data/com.bytedance.shell/files/webview_bytedance/e3f7f2c8a55841d3ea10e22cbaeea098_md5/libwebviewbytedance.so+0x003ac43f
E/TT_WEBVIEW_chromium( 6643): #25 0xd7ba770b /data/data/com.bytedance.shell/files/webview_bytedance/e3f7f2c8a55841d3ea10e22cbaeea098_md5/libwebviewbytedance.so+0x003a770b
E/TT_WEBVIEW_chromium( 6643): #26 0xf6e237bb /system/lib/libc.so+0x000417bb
E/TT_WEBVIEW_chromium( 6643): #27 0xf6dfb2d5 /system/lib/libc.so+0x000192d5
E/TT_WEBVIEW_chromium( 6643): #28 0xffffffff <unknown>
E/TT_WEBVIEW_CHROMIUM( 6643): [ERROR:aw_contents_io_thread_client.cc(349)] keilingShouldInterceptRequestAsync
E/LYNX_TT_WEBVIEW( 6643): CError = [(ERROR) aw_contents_io_thread_client.cc:349]: keilingShouldInterceptRequestAsync
E/LYNX_TT_WEBVIEW( 6643):  
E/TT_WEBVIEW_CHROMIUM( 6643): [ERROR:url_request.cc(518)] keiling Start
E/TT_WEBVIEW_CHROMIUM( 6643): [ERROR:aw_contents_io_thread_client.cc(315)] keiling RunShouldInterceptRequest
E/TT_WEBVIEW_CHROMIUM( 6643): [ERROR:android_stream_reader_url_request_job.cc(146)] keiling ObtainDelegate Start
E/TT_WEBVIEW_CHROMIUM( 6643): [ERROR:aw_request_interceptor.cc(125)] keiling ObtainDelegate
E/LYNX_TT_WEBVIEW( 6643): should:  adblock: true 
E/LYNX_TT_WEBVIEW( 6643): CError = [(ERROR) url_request.cc:518]: keiling Start
E/LYNX_TT_WEBVIEW( 6643):  
E/LYNX_TT_WEBVIEW( 6643): CError = [(ERROR) aw_contents_io_thread_client.cc:315]: keiling RunShouldInterceptRequest
E/LYNX_TT_WEBVIEW( 6643):  
E/LYNX_TT_WEBVIEW( 6643): CError = [(ERROR) android_stream_reader_url_request_job.cc:146]: keiling ObtainDelegate Start
E/LYNX_TT_WEBVIEW( 6643):  
E/LYNX_TT_WEBVIEW( 6643): CError = [(ERROR) aw_request_interceptor.cc:125]: keiling ObtainDelegate
E/LYNX_TT_WEBVIEW( 6643):  
E/TT_WEBVIEW_chromium( 6727): #00 0xda11295d /data/data/com.bytedance.shell/files/webview_bytedance/e3f7f2c8a55841d3ea10e22cbaeea098_md5/libwebviewbytedance.so+0x0291295d
E/TT_WEBVIEW_chromium( 6727): #01 0xd93b2cbb /data/data/com.bytedance.shell/files/webview_bytedance/e3f7f2c8a55841d3ea10e22cbaeea098_md5/libwebviewbytedance.so+0x01bb2cbb
E/TT_WEBVIEW_chromium( 6727): #02 0xd93b2b3b /data/data/com.bytedance.shell/files/webview_bytedance/e3f7f2c8a55841d3ea10e22cbaeea098_md5/libwebviewbytedance.so+0x01bb2b3b
E/TT_WEBVIEW_chromium( 6727): #03 0xd7b26e1d /data/data/com.bytedance.shell/files/webview_bytedance/e3f7f2c8a55841d3ea10e22cbaeea098_md5/libwebviewbytedance.so+0x00326e1d
E/TT_WEBVIEW_chromium( 6727): #04 0xd7b5b7bd /data/data/com.bytedance.shell/files/webview_bytedance/e3f7f2c8a55841d3ea10e22cbaeea098_md5/libwebviewbytedance.so+0x0035b7bd
E/TT_WEBVIEW_chromium( 6727): #05 0xd9543e53 /data/data/com.bytedance.shell/files/webview_bytedance/e3f7f2c8a55841d3ea10e22cbaeea098_md5/libwebviewbytedance.so+0x01d43e53
E/TT_WEBVIEW_chromium( 6727): #06 0xd9542d41 /data/data/com.bytedance.shell/files/webview_bytedance/e3f7f2c8a55841d3ea10e22cbaeea098_md5/libwebviewbytedance.so+0x01d42d41
E/TT_WEBVIEW_chromium( 6727): #07 0xd7b26e1d /data/data/com.bytedance.shell/files/webview_bytedance/e3f7f2c8a55841d3ea10e22cbaeea098_md5/libwebviewbytedance.so+0x00326e1d
E/TT_WEBVIEW_chromium( 6727): #08 0xd7b5b7bd /data/data/com.bytedance.shell/files/webview_bytedance/e3f7f2c8a55841d3ea10e22cbaeea098_md5/libwebviewbytedance.so+0x0035b7bd
E/TT_WEBVIEW_chromium( 6727): #09 0xd7b73bdd /data/data/com.bytedance.shell/files/webview_bytedance/e3f7f2c8a55841d3ea10e22cbaeea098_md5/libwebviewbytedance.so+0x00373bdd
E/TT_WEBVIEW_chromium( 6727): #10 0xd7b73dcd /data/data/com.bytedance.shell/files/webview_bytedance/e3f7f2c8a55841d3ea10e22cbaeea098_md5/libwebviewbytedance.so+0x00373dcd
E/TT_WEBVIEW_chromium( 6727): #11 0xd7b73f53 /data/data/com.bytedance.shell/files/webview_bytedance/e3f7f2c8a55841d3ea10e22cbaeea098_md5/libwebviewbytedance.so+0x00373f53
E/TT_WEBVIEW_chromium( 6727): #12 0xd7b757c3 /data/data/com.bytedance.shell/files/webview_bytedance/e3f7f2c8a55841d3ea10e22cbaeea098_md5/libwebviewbytedance.so+0x003757c3
E/TT_WEBVIEW_chromium( 6727): #13 0xd7b739eb /data/data/com.bytedance.shell/files/webview_bytedance/e3f7f2c8a55841d3ea10e22cbaeea098_md5/libwebviewbytedance.so+0x003739eb
E/TT_WEBVIEW_chromium( 6727): #14 0xd7b8bf77 /data/data/com.bytedance.shell/files/webview_bytedance/e3f7f2c8a55841d3ea10e22cbaeea098_md5/libwebviewbytedance.so+0x0038bf77
E/TT_WEBVIEW_chromium( 6727): #15 0xda76ca8d /data/data/com.bytedance.shell/files/webview_bytedance/e3f7f2c8a55841d3ea10e22cbaeea098_md5/libwebviewbytedance.so+0x02f6ca8d
E/TT_WEBVIEW_chromium( 6727): #16 0xd95e0709 /data/data/com.bytedance.shell/files/webview_bytedance/e3f7f2c8a55841d3ea10e22cbaeea098_md5/libwebviewbytedance.so+0x01de0709
E/TT_WEBVIEW_chromium( 6727): #17 0xd87ffc83 /data/data/com.bytedance.shell/files/webview_bytedance/e3f7f2c8a55841d3ea10e22cbaeea098_md5/libwebviewbytedance.so+0x00fffc83
E/TT_WEBVIEW_chromium( 6727): #18 0xd95dfd09 /data/data/com.bytedance.shell/files/webview_bytedance/e3f7f2c8a55841d3ea10e22cbaeea098_md5/libwebviewbytedance.so+0x01ddfd09
E/TT_WEBVIEW_chromium( 6727): #19 0xdbc2a475 /data/data/com.bytedance.shell/app_dex/e3f7f2c8a55841d3ea10e22cbaeea098_md5/classes.dex+0x00405475
E/TT_WEBVIEW_chromium( 6643): #00 0xd7b2d0c1 /data/data/com.bytedance.shell/files/webview_bytedance/e3f7f2c8a55841d3ea10e22cbaeea098_md5/libwebviewbytedance.so+0x0032d0c1
E/TT_WEBVIEW_chromium( 6643): #01 0xd7b22b87 /data/data/com.bytedance.shell/files/webview_bytedance/e3f7f2c8a55841d3ea10e22cbaeea098_md5/libwebviewbytedance.so+0x00322b87
E/TT_WEBVIEW_chromium( 6643): #02 0xd7d958bf /data/data/com.bytedance.shell/files/webview_bytedance/e3f7f2c8a55841d3ea10e22cbaeea098_md5/libwebviewbytedance.so+0x005958bf
E/TT_WEBVIEW_chromium( 6643): #03 0xd7d956af /data/data/com.bytedance.shell/files/webview_bytedance/e3f7f2c8a55841d3ea10e22cbaeea098_md5/libwebviewbytedance.so+0x005956af
E/TT_WEBVIEW_chromium( 6643): #04 0xd7d9541f /data/data/com.bytedance.shell/files/webview_bytedance/e3f7f2c8a55841d3ea10e22cbaeea098_md5/libwebviewbytedance.so+0x0059541f
E/TT_WEBVIEW_chromium( 6643): #05 0xd8a20d45 /data/data/com.bytedance.shell/files/webview_bytedance/e3f7f2c8a55841d3ea10e22cbaeea098_md5/libwebviewbytedance.so+0x01220d45
E/TT_WEBVIEW_chromium( 6643): #06 0xd8a20ab5 /data/data/com.bytedance.shell/files/webview_bytedance/e3f7f2c8a55841d3ea10e22cbaeea098_md5/libwebviewbytedance.so+0x01220ab5
E/TT_WEBVIEW_chromium( 6643): #07 0xd8a0b125 /data/data/com.bytedance.shell/files/webview_bytedance/e3f7f2c8a55841d3ea10e22cbaeea098_md5/libwebviewbytedance.so+0x0120b125
E/TT_WEBVIEW_chromium( 6643): #08 0xd8a0dc11 /data/data/com.bytedance.shell/files/webview_bytedance/e3f7f2c8a55841d3ea10e22cbaeea098_md5/libwebviewbytedance.so+0x0120dc11
E/TT_WEBVIEW_chromium( 6643): #09 0xd8a26a59 /data/data/com.bytedance.shell/files/webview_bytedance/e3f7f2c8a55841d3ea10e22cbaeea098_md5/libwebviewbytedance.so+0x01226a59
E/TT_WEBVIEW_chromium( 6643): #10 0xd8a26ce1 /data/data/com.bytedance.shell/files/webview_bytedance/e3f7f2c8a55841d3ea10e22cbaeea098_md5/libwebviewbytedance.so+0x01226ce1
E/TT_WEBVIEW_chromium( 6643): #11 0xd8a26c33 /data/data/com.bytedance.shell/files/webview_bytedance/e3f7f2c8a55841d3ea10e22cbaeea098_md5/libwebviewbytedance.so+0x01226c33
E/TT_WEBVIEW_chromium( 6643): #12 0xd8a23b71 /data/data/com.bytedance.shell/files/webview_bytedance/e3f7f2c8a55841d3ea10e22cbaeea098_md5/libwebviewbytedance.so+0x01223b71
E/TT_WEBVIEW_chromium( 6643): #13 0xd7b26e1d /data/data/com.bytedance.shell/files/webview_bytedance/e3f7f2c8a55841d3ea10e22cbaeea098_md5/libwebviewbytedance.so+0x00326e1d
E/TT_WEBVIEW_chromium( 6643): #14 0xd7b5b7bd /data/data/com.bytedance.shell/files/webview_bytedance/e3f7f2c8a55841d3ea10e22cbaeea098_md5/libwebviewbytedance.so+0x0035b7bd
E/TT_WEBVIEW_chromium( 6643): #15 0xd7b73bdd /data/data/com.bytedance.shell/files/webview_bytedance/e3f7f2c8a55841d3ea10e22cbaeea098_md5/libwebviewbytedance.so+0x00373bdd
E/TT_WEBVIEW_chromium( 6643): #16 0xd7b73dcd /data/data/com.bytedance.shell/files/webview_bytedance/e3f7f2c8a55841d3ea10e22cbaeea098_md5/libwebviewbytedance.so+0x00373dcd
E/TT_WEBVIEW_chromium( 6643): #17 0xd7b73f53 /data/data/com.bytedance.shell/files/webview_bytedance/e3f7f2c8a55841d3ea10e22cbaeea098_md5/libwebviewbytedance.so+0x00373f53
E/TT_WEBVIEW_chromium( 6643): #18 0xd7b75f9d /data/data/com.bytedance.shell/files/webview_bytedance/e3f7f2c8a55841d3ea10e22cbaeea098_md5/libwebviewbytedance.so+0x00375f9d
E/TT_WEBVIEW_chromium( 6643): #19 0xd7b739eb /data/data/com.bytedance.shell/files/webview_bytedance/e3f7f2c8a55841d3ea10e22cbaeea098_md5/libwebviewbytedance.so+0x003739eb
E/TT_WEBVIEW_chromium( 6643): #20 0xd7b8bf77 /data/data/com.bytedance.shell/files/webview_bytedance/e3f7f2c8a55841d3ea10e22cbaeea098_md5/libwebviewbytedance.so+0x0038bf77
E/TT_WEBVIEW_chromium( 6643): #21 0xd7bac19b /data/data/com.bytedance.shell/files/webview_bytedance/e3f7f2c8a55841d3ea10e22cbaeea098_md5/libwebviewbytedance.so+0x003ac19b
E/TT_WEBVIEW_chromium( 6643): #22 0xd88f54cd /data/data/com.bytedance.shell/files/webview_bytedance/e3f7f2c8a55841d3ea10e22cbaeea098_md5/libwebviewbytedance.so+0x010f54cd
E/TT_WEBVIEW_chromium( 6643): #23 0xd88f55b5 /data/data/com.bytedance.shell/files/webview_bytedance/e3f7f2c8a55841d3ea10e22cbaeea098_md5/libwebviewbytedance.so+0x010f55b5
E/TT_WEBVIEW_chromium( 6643): #24 0xd7bac43f /data/data/com.bytedance.shell/files/webview_bytedance/e3f7f2c8a55841d3ea10e22cbaeea098_md5/libwebviewbytedance.so+0x003ac43f
E/TT_WEBVIEW_chromium( 6643): #25 0xd7ba770b /data/data/com.bytedance.shell/files/webview_bytedance/e3f7f2c8a55841d3ea10e22cbaeea098_md5/libwebviewbytedance.so+0x003a770b
E/TT_WEBVIEW_chromium( 6643): #26 0xf6e237bb /system/lib/libc.so+0x000417bb
E/TT_WEBVIEW_chromium( 6643): #27 0xf6dfb2d5 /system/lib/libc.so+0x000192d5
E/TT_WEBVIEW_chromium( 6643): #28 0xffffffff <unknown>
E/TT_WEBVIEW_CHROMIUM( 6643): [ERROR:aw_contents_io_thread_client.cc(349)] keilingShouldInterceptRequestAsync
E/TT_WEBVIEW_CHROMIUM( 6643): [ERROR:aw_contents_io_thread_client.cc(315)] keiling RunShouldInterceptRequest
E/LYNX_TT_WEBVIEW( 6643): should:  adblock: true 
E/TT_WEBVIEW_CHROMIUM( 6643): [ERROR:android_stream_reader_url_request_job.cc(290)] keiling DelegateObtained
E/LYNX_TT_WEBVIEW( 6643): CError = [(ERROR) aw_contents_io_thread_client.cc:349]: keilingShouldInterceptRequestAsync
E/LYNX_TT_WEBVIEW( 6643):  
E/TT_WEBVIEW_CHROMIUM( 6643): [ERROR:android_stream_reader_url_request_job.cc(290)] keiling DelegateObtained
E/TT_WEBVIEW_CHROMIUM( 6643): [ERROR:android_stream_reader_url_request_job.cc(290)] keiling DelegateObtained
E/LYNX_TT_WEBVIEW( 6643): CError = [(ERROR) aw_contents_io_thread_client.cc:315]: keiling RunShouldInterceptRequest
E/LYNX_TT_WEBVIEW( 6643):  
E/TT_WEBVIEW_CHROMIUM( 6643): [ERROR:android_stream_reader_url_request_job.cc(290)] keiling DelegateObtained
E/TT_WEBVIEW_CHROMIUM( 6643): [ERROR:android_stream_reader_url_request_job.cc(290)] keiling DelegateObtained
E/TT_WEBVIEW_CHROMIUM( 6643): [ERROR:android_stream_reader_url_request_job.cc(290)] keiling DelegateObtained
E/LYNX_TT_WEBVIEW( 6643): CError = [(ERROR) android_stream_reader_url_request_job.cc:290]: keiling DelegateObtained
E/LYNX_TT_WEBVIEW( 6643):  
E/TT_WEBVIEW_CHROMIUM( 6643): [ERROR:android_stream_reader_url_request_job.cc(290)] keiling DelegateObtained
E/TT_WEBVIEW_CHROMIUM( 6643): [ERROR:android_stream_reader_url_request_job.cc(290)] keiling DelegateObtained
E/TT_WEBVIEW_CHROMIUM( 6643): [ERROR:android_stream_reader_url_request_job.cc(290)] keiling DelegateObtained
I/LYNX_TT_WEBVIEW( 6643): sendCommonEvent [6002]=native_duration = 0{"pid":6643,"processname":"com.bytedance.shell","loadso":"0621101008005","logindex":"6643-8","webview-sandboxed-renderer":"true"} 
I/LYNX_TT_WEBVIEW( 6643): sendCommonEvent [6002]=native_duration = 0{"pid":6643,"processname":"com.bytedance.shell","loadso":"0621101008005","logindex":"6643-9","webview-sandboxed-renderer":"true"} 
E/LYNX_TT_WEBVIEW( 6643): CError = [(ERROR) android_stream_reader_url_request_job.cc:290]: keiling DelegateObtained
E/LYNX_TT_WEBVIEW( 6643):  
I/LYNX_TT_WEBVIEW( 6643): sendCommonEvent [6002]=native_duration = 0{"pid":6643,"processname":"com.bytedance.shell","loadso":"0621101008005","logindex":"6643-10","webview-sandboxed-renderer":"true"} 
E/LYNX_TT_WEBVIEW( 6643): CError = [(ERROR) android_stream_reader_url_request_job.cc:290]: keiling DelegateObtained
E/LYNX_TT_WEBVIEW( 6643):  
I/LYNX_TT_WEBVIEW( 6643): sendCommonEvent [6002]=native_duration = 0{"pid":6643,"processname":"com.bytedance.shell","loadso":"0621101008005","logindex":"6643-11","webview-sandboxed-renderer":"true"} 
E/LYNX_TT_WEBVIEW( 6643): CError = [(ERROR) android_stream_reader_url_request_job.cc:290]: keiling DelegateObtained
E/LYNX_TT_WEBVIEW( 6643):  
E/LYNX_TT_WEBVIEW( 6643): CError = [(ERROR) android_stream_reader_url_request_job.cc:290]: keiling DelegateObtained
E/LYNX_TT_WEBVIEW( 6643):  
I/LYNX_TT_WEBVIEW( 6643): sendCommonEvent [6002]=native_duration = 0{"pid":6643,"processname":"com.bytedance.shell","loadso":"0621101008005","logindex":"6643-12","webview-sandboxed-renderer":"true"} 
I/LYNX_TT_WEBVIEW( 6643): sendCommonEvent [6002]=native_duration = 0{"pid":6643,"processname":"com.bytedance.shell","loadso":"0621101008005","logindex":"6643-13","webview-sandboxed-renderer":"true"} 
E/LYNX_TT_WEBVIEW( 6643): CError = [(ERROR) android_stream_reader_url_request_job.cc:290]: keiling DelegateObtained
E/LYNX_TT_WEBVIEW( 6643):  
I/LYNX_TT_WEBVIEW( 6643): sendCommonEvent [6002]=native_duration = 0{"pid":6643,"processname":"com.bytedance.shell","loadso":"0621101008005","logindex":"6643-14","webview-sandboxed-renderer":"true"} 
E/LYNX_TT_WEBVIEW( 6643): CError = [(ERROR) android_stream_reader_url_request_job.cc:290]: keiling DelegateObtained
E/LYNX_TT_WEBVIEW( 6643):  
E/LYNX_TT_WEBVIEW( 6643): CError = [(ERROR) android_stream_reader_url_request_job.cc:290]: keiling DelegateObtained
E/LYNX_TT_WEBVIEW( 6643):  
I/LYNX_TT_WEBVIEW( 6643): sendCommonEvent [6002]=native_duration = 0{"pid":6643,"processname":"com.bytedance.shell","loadso":"0621101008005","logindex":"6643-15","webview-sandboxed-renderer":"true"} 
I/LYNX_TT_WEBVIEW( 6643): sendCommonEvent [6002]=native_duration = 0{"pid":6643,"processname":"com.bytedance.shell","loadso":"0621101008005","logindex":"6643-16","webview-sandboxed-renderer":"true"} 
E/LYNX_TT_WEBVIEW( 6643): CError = [(ERROR) android_stream_reader_url_request_job.cc:290]: keiling DelegateObtained
E/LYNX_TT_WEBVIEW( 6643):  
E/TT_WEBVIEW_CHROMIUM( 6727): [ERROR:DocumentLoader.cpp(449)] keiling FinishedLoading
E/TT_WEBVIEW_CHROMIUM( 6727): [ERROR:DocumentLoader.cpp(696)] keiling CommitData
E/TT_WEBVIEW_CHROMIUM( 6727): [ERROR:DocumentLoader.cpp(646)] keiling CommitNavigation
E/TT_WEBVIEW_CHROMIUM( 6727): [ERROR:DocumentLoader.cpp(1064)] keiling InstallNewDocument
E/TT_WEBVIEW_CHROMIUM( 6727): [ERROR:DocumentLoader.cpp(965)] keiling WillCommitNavigation
E/TT_WEBVIEW_CHROMIUM( 6727): [ERROR:LocalDOMWindow.cpp(318)] keiling InstallNewDocument
E/TT_WEBVIEW_CHROMIUM( 6727): [ERROR:LocalDOMWindow.cpp(292)] keiling CreateDocument
E/TT_WEBVIEW_CHROMIUM( 6727): [ERROR:DocumentLoader.cpp(901)] keiling DidInstallNewDocument
E/TT_WEBVIEW_CHROMIUM( 6727): [ERROR:DocumentLoader.cpp(704)] keiling CommitData document still open
E/TT_WEBVIEW_CHROMIUM( 6727): [ERROR:HTMLDocumentParser.cpp(1176)] keiling 0
E/TT_WEBVIEW_CHROMIUM( 6727): [ERROR:DocumentLoader.cpp(449)] keiling FinishedLoading
E/TT_WEBVIEW_CHROMIUM( 6727): [ERROR:DocumentLoader.cpp(696)] keiling CommitData
E/TT_WEBVIEW_CHROMIUM( 6727): [ERROR:DocumentLoader.cpp(646)] keiling CommitNavigation
E/TT_WEBVIEW_CHROMIUM( 6727): [ERROR:DocumentLoader.cpp(1064)] keiling InstallNewDocument
E/TT_WEBVIEW_CHROMIUM( 6727): [ERROR:DocumentLoader.cpp(965)] keiling WillCommitNavigation
E/TT_WEBVIEW_CHROMIUM( 6727): [ERROR:LocalDOMWindow.cpp(318)] keiling InstallNewDocument
E/TT_WEBVIEW_CHROMIUM( 6727): [ERROR:LocalDOMWindow.cpp(292)] keiling CreateDocument
E/TT_WEBVIEW_CHROMIUM( 6727): [ERROR:DocumentLoader.cpp(901)] keiling DidInstallNewDocument
E/TT_WEBVIEW_CHROMIUM( 6727): [ERROR:DocumentLoader.cpp(704)] keiling CommitData document still open
E/TT_WEBVIEW_CHROMIUM( 6727): [ERROR:HTMLDocumentParser.cpp(1176)] keiling 0
E/TT_WEBVIEW_CHROMIUM( 6727): [ERROR:DocumentLoader.cpp(449)] keiling FinishedLoading
E/TT_WEBVIEW_CHROMIUM( 6727): [ERROR:DocumentLoader.cpp(696)] keiling CommitData
E/TT_WEBVIEW_CHROMIUM( 6727): [ERROR:DocumentLoader.cpp(646)] keiling CommitNavigation
E/TT_WEBVIEW_CHROMIUM( 6727): [ERROR:DocumentLoader.cpp(1064)] keiling InstallNewDocument
E/TT_WEBVIEW_CHROMIUM( 6727): [ERROR:DocumentLoader.cpp(965)] keiling WillCommitNavigation
E/TT_WEBVIEW_CHROMIUM( 6643): [ERROR:url_request.cc(518)] keiling Start
E/TT_WEBVIEW_CHROMIUM( 6727): [ERROR:LocalDOMWindow.cpp(318)] keiling InstallNewDocument
E/TT_WEBVIEW_CHROMIUM( 6727): [ERROR:LocalDOMWindow.cpp(292)] keiling CreateDocument
E/LYNX_TT_WEBVIEW( 6643): CError = [(ERROR) url_request.cc:518]: keiling Start
E/LYNX_TT_WEBVIEW( 6643):  
E/TT_WEBVIEW_CHROMIUM( 6643): [ERROR:android_stream_reader_url_request_job.cc(146)] keiling ObtainDelegate Start
E/TT_WEBVIEW_CHROMIUM( 6643): [ERROR:aw_request_interceptor.cc(125)] keiling ObtainDelegate
E/LYNX_TT_WEBVIEW( 6643): CError = [(ERROR) android_stream_reader_url_request_job.cc:146]: keiling ObtainDelegate Start
E/LYNX_TT_WEBVIEW( 6643):  
E/TT_WEBVIEW_CHROMIUM( 6727): [ERROR:DocumentLoader.cpp(901)] keiling DidInstallNewDocument
E/LYNX_TT_WEBVIEW( 6643): CError = [(ERROR) aw_request_interceptor.cc:125]: keiling ObtainDelegate
E/LYNX_TT_WEBVIEW( 6643):  
E/TT_WEBVIEW_CHROMIUM( 6727): [ERROR:DocumentLoader.cpp(704)] keiling CommitData document still open
E/TT_WEBVIEW_CHROMIUM( 6727): [ERROR:HTMLDocumentParser.cpp(1176)] keiling 0
E/TT_WEBVIEW_chromium( 6643): #00 0xd7b2d0c1 /data/data/com.bytedance.shell/files/webview_bytedance/e3f7f2c8a55841d3ea10e22cbaeea098_md5/libwebviewbytedance.so+0x0032d0c1
E/TT_WEBVIEW_chromium( 6643): #01 0xd7b22b87 /data/data/com.bytedance.shell/files/webview_bytedance/e3f7f2c8a55841d3ea10e22cbaeea098_md5/libwebviewbytedance.so+0x00322b87
E/TT_WEBVIEW_chromium( 6643): #02 0xd7d958bf /data/data/com.bytedance.shell/files/webview_bytedance/e3f7f2c8a55841d3ea10e22cbaeea098_md5/libwebviewbytedance.so+0x005958bf
E/TT_WEBVIEW_chromium( 6643): #03 0xd7d956af /data/data/com.bytedance.shell/files/webview_bytedance/e3f7f2c8a55841d3ea10e22cbaeea098_md5/libwebviewbytedance.so+0x005956af
E/TT_WEBVIEW_chromium( 6643): #04 0xd7d9541f /data/data/com.bytedance.shell/files/webview_bytedance/e3f7f2c8a55841d3ea10e22cbaeea098_md5/libwebviewbytedance.so+0x0059541f
E/TT_WEBVIEW_chromium( 6643): #05 0xd8a20d45 /data/data/com.bytedance.shell/files/webview_bytedance/e3f7f2c8a55841d3ea10e22cbaeea098_md5/libwebviewbytedance.so+0x01220d45
E/TT_WEBVIEW_chromium( 6643): #06 0xd8a20ab5 /data/data/com.bytedance.shell/files/webview_bytedance/e3f7f2c8a55841d3ea10e22cbaeea098_md5/libwebviewbytedance.so+0x01220ab5
E/TT_WEBVIEW_chromium( 6643): #07 0xd8a1f50d /data/data/com.bytedance.shell/files/webview_bytedance/e3f7f2c8a55841d3ea10e22cbaeea098_md5/libwebviewbytedance.so+0x0121f50d
E/TT_WEBVIEW_chromium( 6643): #08 0xd8a1f447 /data/data/com.bytedance.shell/files/webview_bytedance/e3f7f2c8a55841d3ea10e22cbaeea098_md5/libwebviewbytedance.so+0x0121f447
E/TT_WEBVIEW_chromium( 6643): #09 0xd8a1cdb7 /data/data/com.bytedance.shell/files/webview_bytedance/e3f7f2c8a55841d3ea10e22cbaeea098_md5/libwebviewbytedance.so+0x0121cdb7
E/TT_WEBVIEW_chromium( 6643): #10 0xd8a1bb1f /data/data/com.bytedance.shell/files/webview_bytedance/e3f7f2c8a55841d3ea10e22cbaeea098_md5/libwebviewbytedance.so+0x0121bb1f
E/TT_WEBVIEW_chromium( 6643): #11 0xd8a1cb95 /data/data/com.bytedance.shell/files/webview_bytedance/e3f7f2c8a55841d3ea10e22cbaeea098_md5/libwebviewbytedance.so+0x0121cb95
E/TT_WEBVIEW_chromium( 6643): #12 0xd8a136c3 /data/data/com.bytedance.shell/files/webview_bytedance/e3f7f2c8a55841d3ea10e22cbaeea098_md5/libwebviewbytedance.so+0x012136c3
E/TT_WEBVIEW_chromium( 6643): #13 0xd8a1331b /data/data/com.bytedance.shell/files/webview_bytedance/e3f7f2c8a55841d3ea10e22cbaeea098_md5/libwebviewbytedance.so+0x0121331b
E/TT_WEBVIEW_chromium( 6643): #14 0xd8a132b5 /data/data/com.bytedance.shell/files/webview_bytedance/e3f7f2c8a55841d3ea10e22cbaeea098_md5/libwebviewbytedance.so+0x012132b5
E/TT_WEBVIEW_chromium( 6643): #15 0xd8a13269 /data/data/com.bytedance.shell/files/webview_bytedance/e3f7f2c8a55841d3ea10e22cbaeea098_md5/libwebviewbytedance.so+0x01213269
E/TT_WEBVIEW_chromium( 6643): #16 0xd7b26e1d /data/data/com.bytedance.shell/files/webview_bytedance/e3f7f2c8a55841d3ea10e22cbaeea098_md5/libwebviewbytedance.so+0x00326e1d
E/TT_WEBVIEW_chromium( 6643): #17 0xd7b5b7bd /data/data/com.bytedance.shell/files/webview_bytedance/e3f7f2c8a55841d3ea10e22cbaeea098_md5/libwebviewbytedance.so+0x0035b7bd
E/TT_WEBVIEW_chromium( 6643): #18 0xd7b73bdd /data/data/com.bytedance.shell/files/webview_bytedance/e3f7f2c8a55841d3ea10e22cbaeea098_md5/libwebviewbytedance.so+0x00373bdd
E/TT_WEBVIEW_chromium( 6643): #19 0xd7b73dcd /data/data/com.bytedance.shell/files/webview_bytedance/e3f7f2c8a55841d3ea10e22cbaeea098_md5/libwebviewbytedance.so+0x00373dcd
E/TT_WEBVIEW_chromium( 6643): #20 0xd7b73f53 /data/data/com.bytedance.shell/files/webview_bytedance/e3f7f2c8a55841d3ea10e22cbaeea098_md5/libwebviewbytedance.so+0x00373f53
E/TT_WEBVIEW_chromium( 6643): #21 0xd7b75f9d /data/data/com.bytedance.shell/files/webview_bytedance/e3f7f2c8a55841d3ea10e22cbaeea098_md5/libwebviewbytedance.so+0x00375f9d
E/TT_WEBVIEW_chromium( 6643): #22 0xd7b739eb /data/data/com.bytedance.shell/files/webview_bytedance/e3f7f2c8a55841d3ea10e22cbaeea098_md5/libwebviewbytedance.so+0x003739eb
E/TT_WEBVIEW_chromium( 6643): #23 0xd7b8bf77 /data/data/com.bytedance.shell/files/webview_bytedance/e3f7f2c8a55841d3ea10e22cbaeea098_md5/libwebviewbytedance.so+0x0038bf77
E/TT_WEBVIEW_chromium( 6643): #24 0xd7bac19b /data/data/com.bytedance.shell/files/webview_bytedance/e3f7f2c8a55841d3ea10e22cbaeea098_md5/libwebviewbytedance.so+0x003ac19b
E/TT_WEBVIEW_chromium( 6643): #25 0xd88f54cd /data/data/com.bytedance.shell/files/webview_bytedance/e3f7f2c8a55841d3ea10e22cbaeea098_md5/libwebviewbytedance.so+0x010f54cd
E/TT_WEBVIEW_chromium( 6643): #26 0xd88f55b5 /data/data/com.bytedance.shell/files/webview_bytedance/e3f7f2c8a55841d3ea10e22cbaeea098_md5/libwebviewbytedance.so+0x010f55b5
E/TT_WEBVIEW_chromium( 6643): #27 0xd7bac43f /data/data/com.bytedance.shell/files/webview_bytedance/e3f7f2c8a55841d3ea10e22cbaeea098_md5/libwebviewbytedance.so+0x003ac43f
E/TT_WEBVIEW_chromium( 6643): #28 0xd7ba770b /data/data/com.bytedance.shell/files/webview_bytedance/e3f7f2c8a55841d3ea10e22cbaeea098_md5
E/TT_WEBVIEW_CHROMIUM( 6643): [ERROR:aw_contents_io_thread_client.cc(349)] keilingShouldInterceptRequestAsync
E/LYNX_TT_WEBVIEW( 6643): CError = [(ERROR) aw_contents_io_thread_client.cc:349]: keilingShouldInterceptRequestAsync
E/LYNX_TT_WEBVIEW( 6643):  
E/TT_WEBVIEW_CHROMIUM( 6643): [ERROR:aw_contents_io_thread_client.cc(315)] keiling RunShouldInterceptRequest
E/LYNX_TT_WEBVIEW( 6643): should:  adblock: true 
E/TT_WEBVIEW_CHROMIUM( 6643): [ERROR:url_request.cc(518)] keiling Start
E/LYNX_TT_WEBVIEW( 6643): CError = [(ERROR) aw_contents_io_thread_client.cc:315]: keiling RunShouldInterceptRequest
E/LYNX_TT_WEBVIEW( 6643):  
E/TT_WEBVIEW_CHROMIUM( 6643): [ERROR:android_stream_reader_url_request_job.cc(146)] keiling ObtainDelegate Start
E/TT_WEBVIEW_CHROMIUM( 6643): [ERROR:aw_request_interceptor.cc(125)] keiling ObtainDelegate
E/LYNX_TT_WEBVIEW( 6643): CError = [(ERROR) url_request.cc:518]: keiling Start
E/LYNX_TT_WEBVIEW( 6643):  
E/LYNX_TT_WEBVIEW( 6643): CError = [(ERROR) android_stream_reader_url_request_job.cc:146]: keiling ObtainDelegate Start
E/LYNX_TT_WEBVIEW( 6643):  
E/LYNX_TT_WEBVIEW( 6643): CError = [(ERROR) aw_request_interceptor.cc:125]: keiling ObtainDelegate
E/LYNX_TT_WEBVIEW( 6643):  
E/TT_WEBVIEW_chromium( 6643): #00 0xd7b2d0c1 /data/data/com.bytedance.shell/files/webview_bytedance/e3f7f2c8a55841d3ea10e22cbaeea098_md5/libwebviewbytedance.so+0x0032d0c1
E/TT_WEBVIEW_chromium( 6643): #01 0xd7b22b87 /data/data/com.bytedance.shell/files/webview_bytedance/e3f7f2c8a55841d3ea10e22cbaeea098_md5/libwebviewbytedance.so+0x00322b87
E/TT_WEBVIEW_chromium( 6643): #02 0xd7d958bf /data/data/com.bytedance.shell/files/webview_bytedance/e3f7f2c8a55841d3ea10e22cbaeea098_md5/libwebviewbytedance.so+0x005958bf
E/TT_WEBVIEW_chromium( 6643): #03 0xd7d956af /data/data/com.bytedance.shell/files/webview_bytedance/e3f7f2c8a55841d3ea10e22cbaeea098_md5/libwebviewbytedance.so+0x005956af
E/TT_WEBVIEW_chromium( 6643): #04 0xd7d9541f /data/data/com.bytedance.shell/files/webview_bytedance/e3f7f2c8a55841d3ea10e22cbaeea098_md5/libwebviewbytedance.so+0x0059541f
E/TT_WEBVIEW_chromium( 6643): #05 0xd8a20d45 /data/data/com.bytedance.shell/files/webview_bytedance/e3f7f2c8a55841d3ea10e22cbaeea098_md5/libwebviewbytedance.so+0x01220d45
E/TT_WEBVIEW_chromium( 6643): #06 0xd8a20ab5 /data/data/com.bytedance.shell/files/webview_bytedance/e3f7f2c8a55841d3ea10e22cbaeea098_md5/libwebviewbytedance.so+0x01220ab5
E/TT_WEBVIEW_chromium( 6643): #07 0xd8a1f50d /data/data/com.bytedance.shell/files/webview_bytedance/e3f7f2c8a55841d3ea10e22cbaeea098_md5/libwebviewbytedance.so+0x0121f50d
E/TT_WEBVIEW_chromium( 6643): #08 0xd8a1f447 /data/data/com.bytedance.shell/files/webview_bytedance/e3f7f2c8a55841d3ea10e22cbaeea098_md5/libwebviewbytedance.so+0x0121f447
E/TT_WEBVIEW_chromium( 6643): #09 0xd8a1cdb7 /data/data/com.bytedance.shell/files/webview_bytedance/e3f7f2c8a55841d3ea10e22cbaeea098_md5/libwebviewbytedance.so+0x0121cdb7
E/TT_WEBVIEW_chromium( 6643): #10 0xd8a1bb1f /data/data/com.bytedance.shell/files/webview_bytedance/e3f7f2c8a55841d3ea10e22cbaeea098_md5/libwebviewbytedance.so+0x0121bb1f
E/TT_WEBVIEW_chromium( 6643): #11 0xd8a1cb95 /data/data/com.bytedance.shell/files/webview_bytedance/e3f7f2c8a55841d3ea10e22cbaeea098_md5/libwebviewbytedance.so+0x0121cb95
E/TT_WEBVIEW_chromium( 6643): #12 0xd8a136c3 /data/data/com.bytedance.shell/files/webview_bytedance/e3f7f2c8a55841d3ea10e22cbaeea098_md5/libwebviewbytedance.so+0x012136c3
E/TT_WEBVIEW_chromium( 6643): #13 0xd8a1331b /data/data/com.bytedance.shell/files/webview_bytedance/e3f7f2c8a55841d3ea10e22cbaeea098_md5/libwebviewbytedance.so+0x0121331b
E/TT_WEBVIEW_chromium( 6643): #14 0xd8a132b5 /data/data/com.bytedance.shell/files/webview_bytedance/e3f7f2c8a55841d3ea10e22cbaeea098_md5/libwebviewbytedance.so+0x012132b5
E/TT_WEBVIEW_chromium( 6643): #15 0xd8a13269 /data/data/com.bytedance.shell/files/webview_bytedance/e3f7f2c8a55841d3ea10e22cbaeea098_md5/libwebviewbytedance.so+0x01213269
E/TT_WEBVIEW_chromium( 6643): #16 0xd7b26e1d /data/data/com.bytedance.shell/files/webview_bytedance/e3f7f2c8a55841d3ea10e22cbaeea098_md5/libwebviewbytedance.so+0x00326e1d
E/TT_WEBVIEW_chromium( 6643): #17 0xd7b5b7bd /data/data/com.bytedance.shell/files/webview_bytedance/e3f7f2c8a55841d3ea10e22cbaeea098_md5/libwebviewbytedance.so+0x0035b7bd
E/TT_WEBVIEW_chromium( 6643): #18 0xd7b73bdd /data/data/com.bytedance.shell/files/webview_bytedance/e3f7f2c8a55841d3ea10e22cbaeea098_md5/libwebviewbytedance.so+0x00373bdd
E/TT_WEBVIEW_chromium( 6643): #19 0xd7b73dcd /data/data/com.bytedance.shell/files/webview_bytedance/e3f7f2c8a55841d3ea10e22cbaeea098_md5/libwebviewbytedance.so+0x00373dcd
E/TT_WEBVIEW_chromium( 6643): #20 0xd7b73f53 /data/data/com.bytedance.shell/files/webview_bytedance/e3f7f2c8a55841d3ea10e22cbaeea098_md5/libwebviewbytedance.so+0x00373f53
E/TT_WEBVIEW_chromium( 6643): #21 0xd7b75f9d /data/data/com.bytedance.shell/files/webview_bytedance/e3f7f2c8a55841d3ea10e22cbaeea098_md5/libwebviewbytedance.so+0x00375f9d
E/TT_WEBVIEW_chromium( 6643): #22 0xd7b739eb /data/data/com.bytedance.shell/files/webview_bytedance/e3f7f2c8a55841d3ea10e22cbaeea098_md5/libwebviewbytedance.so+0x003739eb
E/TT_WEBVIEW_chromium( 6643): #23 0xd7b8bf77 /data/data/com.bytedance.shell/files/webview_bytedance/e3f7f2c8a55841d3ea10e22cbaeea098_md5/libwebviewbytedance.so+0x0038bf77
E/TT_WEBVIEW_chromium( 6643): #24 0xd7bac19b /data/data/com.bytedance.shell/files/webview_bytedance/e3f7f2c8a55841d3ea10e22cbaeea098_md5/libwebviewbytedance.so+0x003ac19b
E/TT_WEBVIEW_chromium( 6643): #25 0xd88f54cd /data/data/com.bytedance.shell/files/webview_bytedance/e3f7f2c8a55841d3ea10e22cbaeea098_md5/libwebviewbytedance.so+0x010f54cd
E/TT_WEBVIEW_chromium( 6643): #26 0xd88f55b5 /data/data/com.bytedance.shell/files/webview_bytedance/e3f7f2c8a55841d3ea10e22cbaeea098_md5/libwebviewbytedance.so+0x010f55b5
E/TT_WEBVIEW_chromium( 6643): #27 0xd7bac43f /data/data/com.bytedance.shell/files/webview_bytedance/e3f7f2c8a55841d3ea10e22cbaeea098_md5/libwebviewbytedance.so+0x003ac43f
E/TT_WEBVIEW_chromium( 6643): #28 0xd7ba770b /data/data/com.bytedance.shell/files/webview_bytedance/e3f7f2c8a55841d3ea10e22cbaeea098_md5
E/TT_WEBVIEW_CHROMIUM( 6643): [ERROR:aw_contents_io_thread_client.cc(349)] keilingShouldInterceptRequestAsync
E/LYNX_TT_WEBVIEW( 6643): CError = [(ERROR) aw_contents_io_thread_client.cc:349]: keilingShouldInterceptRequestAsync
E/LYNX_TT_WEBVIEW( 6643):  
E/TT_WEBVIEW_CHROMIUM( 6643): [ERROR:aw_contents_io_thread_client.cc(315)] keiling RunShouldInterceptRequest
E/LYNX_TT_WEBVIEW( 6643): should:  adblock: true 
E/LYNX_TT_WEBVIEW( 6643): CError = [(ERROR) aw_contents_io_thread_client.cc:315]: keiling RunShouldInterceptRequest
E/LYNX_TT_WEBVIEW( 6643):  
E/TT_WEBVIEW_CHROMIUM( 6643): [ERROR:android_stream_reader_url_request_job.cc(290)] keiling DelegateObtained
E/TT_WEBVIEW_CHROMIUM( 6643): [ERROR:android_stream_reader_url_request_job.cc(290)] keiling DelegateObtained
I/LYNX_TT_WEBVIEW( 6643): sendCommonEvent [6002]=native_duration = 0{"pid":6643,"processname":"com.bytedance.shell","loadso":"0621101008005","logindex":"6643-17","webview-sandboxed-renderer":"true"} 
E/LYNX_TT_WEBVIEW( 6643): CError = [(ERROR) android_stream_reader_url_request_job.cc:290]: keiling DelegateObtained
E/LYNX_TT_WEBVIEW( 6643):  
I/LYNX_TT_WEBVIEW( 6643): sendCommonEvent [6002]=native_duration = 0{"pid":6643,"processname":"com.bytedance.shell","loadso":"0621101008005","logindex":"6643-18","webview-sandboxed-renderer":"true"} 
E/LYNX_TT_WEBVIEW( 6643): CError = [(ERROR) android_stream_reader_url_request_job.cc:290]: keiling DelegateObtained
E/LYNX_TT_WEBVIEW( 6643):  
E/TT_WEBVIEW_CHROMIUM( 6643): [ERROR:url_request.cc(518)] keiling Start
E/TT_WEBVIEW_CHROMIUM( 6643): [ERROR:android_stream_reader_url_request_job.cc(146)] keiling ObtainDelegate Start
E/TT_WEBVIEW_CHROMIUM( 6643): [ERROR:aw_request_interceptor.cc(125)] keiling ObtainDelegate
E/LYNX_TT_WEBVIEW( 6643): CError = [(ERROR) url_request.cc:518]: keiling Start
E/LYNX_TT_WEBVIEW( 6643):  
E/LYNX_TT_WEBVIEW( 6643): CError = [(ERROR) android_stream_reader_url_request_job.cc:146]: keiling ObtainDelegate Start
E/LYNX_TT_WEBVIEW( 6643):  
E/LYNX_TT_WEBVIEW( 6643): CError = [(ERROR) aw_request_interceptor.cc:125]: keiling ObtainDelegate
E/LYNX_TT_WEBVIEW( 6643):  
E/TT_WEBVIEW_chromium( 6643): #00 0xd7b2d0c1 /data/data/com.bytedance.shell/files/webview_bytedance/e3f7f2c8a55841d3ea10e22cbaeea098_md5/libwebviewbytedance.so+0x0032d0c1
E/TT_WEBVIEW_chromium( 6643): #01 0xd7b22b87 /data/data/com.bytedance.shell/files/webview_bytedance/e3f7f2c8a55841d3ea10e22cbaeea098_md5/libwebviewbytedance.so+0x00322b87
E/TT_WEBVIEW_chromium( 6643): #02 0xd7d958bf /data/data/com.bytedance.shell/files/webview_bytedance/e3f7f2c8a55841d3ea10e22cbaeea098_md5/libwebviewbytedance.so+0x005958bf
E/TT_WEBVIEW_chromium( 6643): #03 0xd7d956af /data/data/com.bytedance.shell/files/webview_bytedance/e3f7f2c8a55841d3ea10e22cbaeea098_md5/libwebviewbytedance.so+0x005956af
E/TT_WEBVIEW_chromium( 6643): #04 0xd7d9541f /data/data/com.bytedance.shell/files/webview_bytedance/e3f7f2c8a55841d3ea10e22cbaeea098_md5/libwebviewbytedance.so+0x0059541f
E/TT_WEBVIEW_chromium( 6643): #05 0xd8a20d45 /data/data/com.bytedance.shell/files/webview_bytedance/e3f7f2c8a55841d3ea10e22cbaeea098_md5/libwebviewbytedance.so+0x01220d45
E/TT_WEBVIEW_chromium( 6643): #06 0xd8a20ab5 /data/data/com.bytedance.shell/files/webview_bytedance/e3f7f2c8a55841d3ea10e22cbaeea098_md5/libwebviewbytedance.so+0x01220ab5
E/TT_WEBVIEW_chromium( 6643): #07 0xd8a1f50d /data/data/com.bytedance.shell/files/webview_bytedance/e3f7f2c8a55841d3ea10e22cbaeea098_md5/libwebviewbytedance.so+0x0121f50d
E/TT_WEBVIEW_chromium( 6643): #08 0xd8a1f447 /data/data/com.bytedance.shell/files/webview_bytedance/e3f7f2c8a55841d3ea10e22cbaeea098_md5/libwebviewbytedance.so+0x0121f447
E/TT_WEBVIEW_chromium( 6643): #09 0xd8a1cdb7 /data/data/com.bytedance.shell/files/webview_bytedance/e3f7f2c8a55841d3ea10e22cbaeea098_md5/libwebviewbytedance.so+0x0121cdb7
E/TT_WEBVIEW_chromium( 6643): #10 0xd8a1bb1f /data/data/com.bytedance.shell/files/webview_bytedance/e3f7f2c8a55841d3ea10e22cbaeea098_md5/libwebviewbytedance.so+0x0121bb1f
E/TT_WEBVIEW_chromium( 6643): #11 0xd8a1cb95 /data/data/com.bytedance.shell/files/webview_bytedance/e3f7f2c8a55841d3ea10e22cbaeea098_md5/libwebviewbytedance.so+0x0121cb95
E/TT_WEBVIEW_chromium( 6643): #12 0xd8a136c3 /data/data/com.bytedance.shell/files/webview_bytedance/e3f7f2c8a55841d3ea10e22cbaeea098_md5/libwebviewbytedance.so+0x012136c3
E/TT_WEBVIEW_chromium( 6643): #13 0xd8a1331b /data/data/com.bytedance.shell/files/webview_bytedance/e3f7f2c8a55841d3ea10e22cbaeea098_md5/libwebviewbytedance.so+0x0121331b
E/TT_WEBVIEW_chromium( 6643): #14 0xd8a132b5 /data/data/com.bytedance.shell/files/webview_bytedance/e3f7f2c8a55841d3ea10e22cbaeea098_md5/libwebviewbytedance.so+0x012132b5
E/TT_WEBVIEW_chromium( 6643): #15 0xd8a13269 /data/data/com.bytedance.shell/files/webview_bytedance/e3f7f2c8a55841d3ea10e22cbaeea098_md5/libwebviewbytedance.so+0x01213269
E/TT_WEBVIEW_chromium( 6643): #16 0xd7b26e1d /data/data/com.bytedance.shell/files/webview_bytedance/e3f7f2c8a55841d3ea10e22cbaeea098_md5/libwebviewbytedance.so+0x00326e1d
E/TT_WEBVIEW_chromium( 6643): #17 0xd7b5b7bd /data/data/com.bytedance.shell/files/webview_bytedance/e3f7f2c8a55841d3ea10e22cbaeea098_md5/libwebviewbytedance.so+0x0035b7bd
E/TT_WEBVIEW_chromium( 6643): #18 0xd7b73bdd /data/data/com.bytedance.shell/files/webview_bytedance/e3f7f2c8a55841d3ea10e22cbaeea098_md5/libwebviewbytedance.so+0x00373bdd
E/TT_WEBVIEW_chromium( 6643): #19 0xd7b73dcd /data/data/com.bytedance.shell/files/webview_bytedance/e3f7f2c8a55841d3ea10e22cbaeea098_md5/libwebviewbytedance.so+0x00373dcd
E/TT_WEBVIEW_chromium( 6643): #20 0xd7b73f53 /data/data/com.bytedance.shell/files/webview_bytedance/e3f7f2c8a55841d3ea10e22cbaeea098_md5/libwebviewbytedance.so+0x00373f53
E/TT_WEBVIEW_chromium( 6643): #21 0xd7b75f9d /data/data/com.bytedance.shell/files/webview_bytedance/e3f7f2c8a55841d3ea10e22cbaeea098_md5/libwebviewbytedance.so+0x00375f9d
E/TT_WEBVIEW_chromium( 6643): #22 0xd7b739eb /data/data/com.bytedance.shell/files/webview_bytedance/e3f7f2c8a55841d3ea10e22cbaeea098_md5/libwebviewbytedance.so+0x003739eb
E/TT_WEBVIEW_chromium( 6643): #23 0xd7b8bf77 /data/data/com.bytedance.shell/files/webview_bytedance/e3f7f2c8a55841d3ea10e22cbaeea098_md5/libwebviewbytedance.so+0x0038bf77
E/TT_WEBVIEW_chromium( 6643): #24 0xd7bac19b /data/data/com.bytedance.shell/files/webview_bytedance/e3f7f2c8a55841d3ea10e22cbaeea098_md5/libwebviewbytedance.so+0x003ac19b
E/TT_WEBVIEW_chromium( 6643): #25 0xd88f54cd /data/data/com.bytedance.shell/files/webview_bytedance/e3f7f2c8a55841d3ea10e22cbaeea098_md5/libwebviewbytedance.so+0x010f54cd
E/TT_WEBVIEW_chromium( 6643): #26 0xd88f55b5 /data/data/com.bytedance.shell/files/webview_bytedance/e3f7f2c8a55841d3ea10e22cbaeea098_md5/libwebviewbytedance.so+0x010f55b5
E/TT_WEBVIEW_chromium( 6643): #27 0xd7bac43f /data/data/com.bytedance.shell/files/webview_bytedance/e3f7f2c8a55841d3ea10e22cbaeea098_md5/libwebviewbytedance.so+0x003ac43f
E/TT_WEBVIEW_chromium( 6643): #28 0xd7ba770b /data/data/com.bytedance.shell/files/webview_bytedance/e3f7f2c8a55841d3ea10e22cbaeea098_md5
E/TT_WEBVIEW_CHROMIUM( 6643): [ERROR:aw_contents_io_thread_client.cc(349)] keilingShouldInterceptRequestAsync
E/TT_WEBVIEW_CHROMIUM( 6643): [ERROR:aw_contents_io_thread_client.cc(315)] keiling RunShouldInterceptRequest
E/LYNX_TT_WEBVIEW( 6643): should:  adblock: true 
E/LYNX_TT_WEBVIEW( 6643): CError = [(ERROR) aw_contents_io_thread_client.cc:349]: keilingShouldInterceptRequestAsync
E/LYNX_TT_WEBVIEW( 6643):  
E/LYNX_TT_WEBVIEW( 6643): CError = [(ERROR) aw_contents_io_thread_client.cc:315]: keiling RunShouldInterceptRequest
E/LYNX_TT_WEBVIEW( 6643):  
E/TT_WEBVIEW_CHROMIUM( 6643): [ERROR:android_stream_reader_url_request_job.cc(290)] keiling DelegateObtained
I/LYNX_TT_WEBVIEW( 6643): sendCommonEvent [6002]=native_duration = 0{"pid":6643,"processname":"com.bytedance.shell","loadso":"0621101008005","logindex":"6643-19","webview-sandboxed-renderer":"true"} 
E/LYNX_TT_WEBVIEW( 6643): CError = [(ERROR) android_stream_reader_url_request_job.cc:290]: keiling DelegateObtained
E/LYNX_TT_WEBVIEW( 6643):  
W/TT_WEBVIEW_CHROMIUM( 6643): [WARNING:tt_app_info_manager.cc(55)] UpdateAppInfoValue:== GetAppInfo failed, return value is 1 AppName = demo
W/TT_WEBVIEW_CHROMIUM( 6643): [WARNING:tt_server_config.cc(198)] UpdateServerConfig:== get app info is wrong!
E/TT_WEBVIEW_CHROMIUM( 6643): [ERROR:url_request.cc(518)] keiling Start
E/TT_WEBVIEW_CHROMIUM( 6643): [ERROR:android_stream_reader_url_request_job.cc(146)] keiling ObtainDelegate Start
E/TT_WEBVIEW_CHROMIUM( 6643): [ERROR:aw_request_interceptor.cc(125)] keiling ObtainDelegate
E/LYNX_TT_WEBVIEW( 6643): CError = [(ERROR) url_request.cc:518]: keiling Start
E/LYNX_TT_WEBVIEW( 6643):  
E/LYNX_TT_WEBVIEW( 6643): CError = [(ERROR) android_stream_reader_url_request_job.cc:146]: keiling ObtainDelegate Start
E/LYNX_TT_WEBVIEW( 6643):  
E/LYNX_TT_WEBVIEW( 6643): CError = [(ERROR) aw_request_interceptor.cc:125]: keiling ObtainDelegate
E/LYNX_TT_WEBVIEW( 6643):  
E/TT_WEBVIEW_chromium( 6643): #00 0xd7b2d0c1 /data/data/com.bytedance.shell/files/webview_bytedance/e3f7f2c8a55841d3ea10e22cbaeea098_md5/libwebviewbytedance.so+0x0032d0c1
E/TT_WEBVIEW_chromium( 6643): #01 0xd7b22b87 /data/data/com.bytedance.shell/files/webview_bytedance/e3f7f2c8a55841d3ea10e22cbaeea098_md5/libwebviewbytedance.so+0x00322b87
E/TT_WEBVIEW_chromium( 6643): #02 0xd7d958bf /data/data/com.bytedance.shell/files/webview_bytedance/e3f7f2c8a55841d3ea10e22cbaeea098_md5/libwebviewbytedance.so+0x005958bf
E/TT_WEBVIEW_chromium( 6643): #03 0xd7d956af /data/data/com.bytedance.shell/files/webview_bytedance/e3f7f2c8a55841d3ea10e22cbaeea098_md5/libwebviewbytedance.so+0x005956af
E/TT_WEBVIEW_chromium( 6643): #04 0xd7d9541f /data/data/com.bytedance.shell/files/webview_bytedance/e3f7f2c8a55841d3ea10e22cbaeea098_md5/libwebviewbytedance.so+0x0059541f
E/TT_WEBVIEW_chromium( 6643): #05 0xd8a20d45 /data/data/com.bytedance.shell/files/webview_bytedance/e3f7f2c8a55841d3ea10e22cbaeea098_md5/libwebviewbytedance.so+0x01220d45
E/TT_WEBVIEW_chromium( 6643): #06 0xd8a20ab5 /data/data/com.bytedance.shell/files/webview_bytedance/e3f7f2c8a55841d3ea10e22cbaeea098_md5/libwebviewbytedance.so+0x01220ab5
E/TT_WEBVIEW_chromium( 6643): #07 0xd8a0b125 /data/data/com.bytedance.shell/files/webview_bytedance/e3f7f2c8a55841d3ea10e22cbaeea098_md5/libwebviewbytedance.so+0x0120b125
E/TT_WEBVIEW_chromium( 6643): #08 0xd8a0dc11 /data/data/com.bytedance.shell/files/webview_bytedance/e3f7f2c8a55841d3ea10e22cbaeea098_md5/libwebviewbytedance.so+0x0120dc11
E/TT_WEBVIEW_chromium( 6643): #09 0xd8a26a59 /data/data/com.bytedance.shell/files/webview_bytedance/e3f7f2c8a55841d3ea10e22cbaeea098_md5/libwebviewbytedance.so+0x01226a59
E/TT_WEBVIEW_chromium( 6643): #10 0xd8a26ce1 /data/data/com.bytedance.shell/files/webview_bytedance/e3f7f2c8a55841d3ea10e22cbaeea098_md5/libwebviewbytedance.so+0x01226ce1
E/TT_WEBVIEW_chromium( 6643): #11 0xd8a26c33 /data/data/com.bytedance.shell/files/webview_bytedance/e3f7f2c8a55841d3ea10e22cbaeea098_md5/libwebviewbytedance.so+0x01226c33
E/TT_WEBVIEW_chromium( 6643): #12 0xd8a23b71 /data/data/com.bytedance.shell/files/webview_bytedance/e3f7f2c8a55841d3ea10e22cbaeea098_md5/libwebviewbytedance.so+0x01223b71
E/TT_WEBVIEW_chromium( 6643): #13 0xd7b26e1d /data/data/com.bytedance.shell/files/webview_bytedance/e3f7f2c8a55841d3ea10e22cbaeea098_md5/libwebviewbytedance.so+0x00326e1d
E/TT_WEBVIEW_chromium( 6643): #14 0xd7b5b7bd /data/data/com.bytedance.shell/files/webview_bytedance/e3f7f2c8a55841d3ea10e22cbaeea098_md5/libwebviewbytedance.so+0x0035b7bd
E/TT_WEBVIEW_chromium( 6643): #15 0xd7b73bdd /data/data/com.bytedance.shell/files/webview_bytedance/e3f7f2c8a55841d3ea10e22cbaeea098_md5/libwebviewbytedance.so+0x00373bdd
E/TT_WEBVIEW_chromium( 6643): #16 0xd7b73dcd /data/data/com.bytedance.shell/files/webview_bytedance/e3f7f2c8a55841d3ea10e22cbaeea098_md5/libwebviewbytedance.so+0x00373dcd
E/TT_WEBVIEW_chromium( 6643): #17 0xd7b73f53 /data/data/com.bytedance.shell/files/webview_bytedance/e3f7f2c8a55841d3ea10e22cbaeea098_md5/libwebviewbytedance.so+0x00373f53
E/TT_WEBVIEW_chromium( 6643): #18 0xd7b75f9d /data/data/com.bytedance.shell/files/webview_bytedance/e3f7f2c8a55841d3ea10e22cbaeea098_md5/libwebviewbytedance.so+0x00375f9d
E/TT_WEBVIEW_chromium( 6643): #19 0xd7b739eb /data/data/com.bytedance.shell/files/webview_bytedance/e3f7f2c8a55841d3ea10e22cbaeea098_md5/libwebviewbytedance.so+0x003739eb
E/TT_WEBVIEW_chromium( 6643): #20 0xd7b8bf77 /data/data/com.bytedance.shell/files/webview_bytedance/e3f7f2c8a55841d3ea10e22cbaeea098_md5/libwebviewbytedance.so+0x0038bf77
E/TT_WEBVIEW_chromium( 6643): #21 0xd7bac19b /data/data/com.bytedance.shell/files/webview_bytedance/e3f7f2c8a55841d3ea10e22cbaeea098_md5/libwebviewbytedance.so+0x003ac19b
E/TT_WEBVIEW_chromium( 6643): #22 0xd88f54cd /data/data/com.bytedance.shell/files/webview_bytedance/e3f7f2c8a55841d3ea10e22cbaeea098_md5/libwebviewbytedance.so+0x010f54cd
E/TT_WEBVIEW_chromium( 6643): #23 0xd88f55b5 /data/data/com.bytedance.shell/files/webview_bytedance/e3f7f2c8a55841d3ea10e22cbaeea098_md5/libwebviewbytedance.so+0x010f55b5
E/TT_WEBVIEW_chromium( 6643): #24 0xd7bac43f /data/data/com.bytedance.shell/files/webview_bytedance/e3f7f2c8a55841d3ea10e22cbaeea098_md5/libwebviewbytedance.so+0x003ac43f
E/TT_WEBVIEW_chromium( 6643): #25 0xd7ba770b /data/data/com.bytedance.shell/files/webview_bytedance/e3f7f2c8a55841d3ea10e22cbaeea098_md5/libwebviewbytedance.so+0x003a770b
E/TT_WEBVIEW_chromium( 6643): #26 0xf6e237bb /system/lib/libc.so+0x000417bb
E/TT_WEBVIEW_chromium( 6643): #27 0xf6dfb2d5 /system/lib/libc.so+0x000192d5
E/TT_WEBVIEW_chromium( 6643): #28 0xffffffff <unknown>
E/TT_WEBVIEW_CHROMIUM( 6643): [ERROR:aw_contents_io_thread_client.cc(349)] keilingShouldInterceptRequestAsync
E/TT_WEBVIEW_CHROMIUM( 6643): [ERROR:aw_contents_io_thread_client.cc(315)] keiling RunShouldInterceptRequest
E/LYNX_TT_WEBVIEW( 6643): should:  adblock: true 
E/LYNX_TT_WEBVIEW( 6643): CError = [(ERROR) aw_contents_io_thread_client.cc:349]: keilingShouldInterceptRequestAsync
E/LYNX_TT_WEBVIEW( 6643):  
E/LYNX_TT_WEBVIEW( 6643): CError = [(ERROR) aw_contents_io_thread_client.cc:315]: keiling RunShouldInterceptRequest
E/LYNX_TT_WEBVIEW( 6643):  
E/TT_WEBVIEW_CHROMIUM( 6643): [ERROR:android_stream_reader_url_request_job.cc(290)] keiling DelegateObtained
E/LYNX_TT_WEBVIEW( 6643): CError = [(ERROR) android_stream_reader_url_request_job.cc:290]: keiling DelegateObtained
E/LYNX_TT_WEBVIEW( 6643):  
I/LYNX_TT_WEBVIEW( 6643): sendCommonEvent [6002]=native_duration = 0{"pid":6643,"processname":"com.bytedance.shell","loadso":"0621101008005","logindex":"6643-20","webview-sandboxed-renderer":"true"} 
E/TT_WEBVIEW_CHROMIUM( 6643): [ERROR:url_request.cc(518)] keiling Start
E/LYNX_TT_WEBVIEW( 6643): CError = [(ERROR) url_request.cc:518]: keiling Start
E/LYNX_TT_WEBVIEW( 6643):  
E/TT_WEBVIEW_CHROMIUM( 6643): [ERROR:android_stream_reader_url_request_job.cc(146)] keiling ObtainDelegate Start
E/TT_WEBVIEW_CHROMIUM( 6643): [ERROR:aw_request_interceptor.cc(125)] keiling ObtainDelegate
E/LYNX_TT_WEBVIEW( 6643): CError = [(ERROR) android_stream_reader_url_request_job.cc:146]: keiling ObtainDelegate Start
E/LYNX_TT_WEBVIEW( 6643):  
E/LYNX_TT_WEBVIEW( 6643): CError = [(ERROR) aw_request_interceptor.cc:125]: keiling ObtainDelegate
E/LYNX_TT_WEBVIEW( 6643):  
E/TT_WEBVIEW_chromium( 6643): #00 0xd7b2d0c1 /data/data/com.bytedance.shell/files/webview_bytedance/e3f7f2c8a55841d3ea10e22cbaeea098_md5/libwebviewbytedance.so+0x0032d0c1
E/TT_WEBVIEW_chromium( 6643): #01 0xd7b22b87 /data/data/com.bytedance.shell/files/webview_bytedance/e3f7f2c8a55841d3ea10e22cbaeea098_md5/libwebviewbytedance.so+0x00322b87
E/TT_WEBVIEW_chromium( 6643): #02 0xd7d958bf /data/data/com.bytedance.shell/files/webview_bytedance/e3f7f2c8a55841d3ea10e22cbaeea098_md5/libwebviewbytedance.so+0x005958bf
E/TT_WEBVIEW_chromium( 6643): #03 0xd7d956af /data/data/com.bytedance.shell/files/webview_bytedance/e3f7f2c8a55841d3ea10e22cbaeea098_md5/libwebviewbytedance.so+0x005956af
