E/TT_WEBVIEW_CHROMIUM(27581): [ERROR:DocumentLoadTiming.cpp(63)] keiling NotifyDocumentTimingChanged
E/TT_WEBVIEW_CHROMIUM(27581): [ERROR:DocumentLoadTiming.cpp(63)] keiling NotifyDocumentTimingChanged
E/TT_WEBVIEW_CHROMIUM(27581): [ERROR:DocumentTiming.cpp(25)] keiling NotifyDocumentTimingChanged
E/TT_WEBVIEW_CHROMIUM(27581): [ERROR:DocumentLoader.cpp(255)] keiling DidChangePerformanceTiming
E/TT_WEBVIEW_CHROMIUM(27581): [ERROR:LocalFrameClientImpl.cpp(703)] keiling DidChangePerformanceTiming
E/TT_WEBVIEW_CHROMIUM(27581): [ERROR:DocumentParserTiming.cpp(77)] keiling NotifyDocumentParserTimingChanged
E/TT_WEBVIEW_CHROMIUM(27581): [ERROR:DocumentLoader.cpp(255)] keiling DidChangePerformanceTiming
E/TT_WEBVIEW_CHROMIUM(27581): [ERROR:LocalFrameClientImpl.cpp(703)] keiling DidChangePerformanceTiming
E/TT_WEBVIEW_CHROMIUM(27581): [ERROR:DocumentTiming.cpp(25)] keiling NotifyDocumentTimingChanged
E/TT_WEBVIEW_CHROMIUM(27581): [ERROR:DocumentLoader.cpp(255)] keiling DidChangePerformanceTiming
E/TT_WEBVIEW_CHROMIUM(27581): [ERROR:LocalFrameClientImpl.cpp(703)] keiling DidChangePerformanceTiming
E/TT_WEBVIEW_CHROMIUM(27581): [ERROR:DocumentParserTiming.cpp(77)] keiling NotifyDocumentParserTimingChanged
E/TT_WEBVIEW_CHROMIUM(27581): [ERROR:DocumentLoader.cpp(255)] keiling DidChangePerformanceTiming
E/TT_WEBVIEW_CHROMIUM(27581): [ERROR:LocalFrameClientImpl.cpp(703)] keiling DidChangePerformanceTiming
E/TT_WEBVIEW_CHROMIUM(27581): [ERROR:DocumentTiming.cpp(25)] keiling NotifyDocumentTimingChanged
E/TT_WEBVIEW_CHROMIUM(27581): [ERROR:DocumentLoader.cpp(255)] keiling DidChangePerformanceTiming
E/TT_WEBVIEW_CHROMIUM(27581): [ERROR:LocalFrameClientImpl.cpp(703)] keiling DidChangePerformanceTiming
E/TT_WEBVIEW_CHROMIUM(27581): [ERROR:DocumentTiming.cpp(25)] keiling NotifyDocumentTimingChanged
E/TT_WEBVIEW_CHROMIUM(27581): [ERROR:DocumentLoader.cpp(255)] keiling DidChangePerformanceTiming
E/TT_WEBVIEW_CHROMIUM(27581): [ERROR:LocalFrameClientImpl.cpp(703)] keiling DidChangePerformanceTiming
E/TT_WEBVIEW_CHROMIUM(27581): [ERROR:DocumentTiming.cpp(25)] keiling NotifyDocumentTimingChanged
E/TT_WEBVIEW_CHROMIUM(27581): [ERROR:DocumentLoader.cpp(255)] keiling DidChangePerformanceTiming
E/TT_WEBVIEW_CHROMIUM(27581): [ERROR:LocalFrameClientImpl.cpp(703)] keiling DidChangePerformanceTiming
E/TT_WEBVIEW_CHROMIUM(27581): [ERROR:DocumentLoadTiming.cpp(63)] keiling NotifyDocumentTimingChanged
E/TT_WEBVIEW_CHROMIUM(27581): [ERROR:DocumentLoadTiming.cpp(63)] keiling NotifyDocumentTimingChanged
E/TT_WEBVIEW_CHROMIUM(27581): [ERROR:DocumentTiming.cpp(25)] keiling NotifyDocumentTimingChanged
E/TT_WEBVIEW_CHROMIUM(27581): [ERROR:DocumentLoader.cpp(255)] keiling DidChangePerformanceTiming
E/TT_WEBVIEW_CHROMIUM(27581): [ERROR:LocalFrameClientImpl.cpp(703)] keiling DidChangePerformanceTiming
E/TT_WEBVIEW_CHROMIUM(27581): [ERROR:aw_render_frame_ext.cc(376)] keiling DidChangePerformanceTiming
E/TT_WEBVIEW_CHROMIUM(27529): [ERROR:aw_resource_dispatcher_host_delegate.cc(122)] keiling OnResourceCompleteOnUiThread
E/TT_WEBVIEW_CHROMIUM(27581): [ERROR:DocumentLoadTiming.cpp(63)] keiling NotifyDocumentTimingChanged
E/TT_WEBVIEW_CHROMIUM(27581): [ERROR:DocumentLoadTiming.cpp(63)] keiling NotifyDocumentTimingChanged
E/TT_WEBVIEW_CHROMIUM(27581): [ERROR:DocumentTiming.cpp(25)] keiling NotifyDocumentTimingChanged
E/TT_WEBVIEW_CHROMIUM(27581): [ERROR:DocumentLoader.cpp(255)] keiling DidChangePerformanceTiming
E/TT_WEBVIEW_CHROMIUM(27581): [ERROR:LocalFrameClientImpl.cpp(703)] keiling DidChangePerformanceTiming
E/TT_WEBVIEW_CHROMIUM(27581): [ERROR:aw_render_frame_ext.cc(376)] keiling DidChangePerformanceTiming
E/TT_WEBVIEW_CHROMIUM(27581): [ERROR:DocumentParserTiming.cpp(77)] keiling NotifyDocumentParserTimingChanged
E/TT_WEBVIEW_CHROMIUM(27581): [ERROR:DocumentLoader.cpp(255)] keiling DidChangePerformanceTiming
E/TT_WEBVIEW_CHROMIUM(27581): [ERROR:LocalFrameClientImpl.cpp(703)] keiling DidChangePerformanceTiming
E/TT_WEBVIEW_CHROMIUM(27581): [ERROR:aw_render_frame_ext.cc(376)] keiling DidChangePerformanceTiming
E/TT_WEBVIEW_CHROMIUM(27581): [ERROR:DocumentLoadTiming.cpp(63)] keiling NotifyDocumentTimingChanged
E/TT_WEBVIEW_CHROMIUM(27581): [ERROR:DocumentLoader.cpp(255)] keiling DidChangePerformanceTiming
E/TT_WEBVIEW_CHROMIUM(27581): [ERROR:LocalFrameClientImpl.cpp(703)] keiling DidChangePerformanceTiming
E/TT_WEBVIEW_CHROMIUM(27581): [ERROR:aw_render_frame_ext.cc(376)] keiling DidChangePerformanceTiming
E/TT_WEBVIEW_CHROMIUM(27529): [ERROR:aw_resource_dispatcher_host_delegate.cc(451)] keiling OnPageViewLoadInfoOnUI
E/TT_WEBVIEW_CHROMIUM(27581): [ERROR:DocumentTiming.cpp(25)] keiling NotifyDocumentTimingChanged
E/TT_WEBVIEW_CHROMIUM(27581): [ERROR:DocumentLoader.cpp(255)] keiling DidChangePerformanceTiming
E/TT_WEBVIEW_CHROMIUM(27581): [ERROR:LocalFrameClientImpl.cpp(703)] keiling DidChangePerformanceTiming
E/TT_WEBVIEW_CHROMIUM(27581): [ERROR:aw_render_frame_ext.cc(376)] keiling DidChangePerformanceTiming
E/TT_WEBVIEW_CHROMIUM(27581): [ERROR:DocumentParserTiming.cpp(77)] keiling NotifyDocumentParserTimingChanged
E/TT_WEBVIEW_CHROMIUM(27581): [ERROR:DocumentLoader.cpp(255)] keiling DidChangePerformanceTiming
E/TT_WEBVIEW_CHROMIUM(27581): [ERROR:LocalFrameClientImpl.cpp(703)] keiling DidChangePerformanceTiming
E/TT_WEBVIEW_CHROMIUM(27581): [ERROR:aw_render_frame_ext.cc(376)] keiling DidChangePerformanceTiming
E/TT_WEBVIEW_CHROMIUM(27581): [ERROR:DocumentTiming.cpp(25)] keiling NotifyDocumentTimingChanged
E/TT_WEBVIEW_CHROMIUM(27581): [ERROR:DocumentLoader.cpp(255)] keiling DidChangePerformanceTiming
E/TT_WEBVIEW_CHROMIUM(27581): [ERROR:LocalFrameClientImpl.cpp(703)] keiling DidChangePerformanceTiming
E/TT_WEBVIEW_CHROMIUM(27581): [ERROR:aw_render_frame_ext.cc(376)] keiling DidChangePerformanceTiming
E/TT_WEBVIEW_CHROMIUM(27581): [ERROR:DocumentTiming.cpp(25)] keiling NotifyDocumentTimingChanged
E/TT_WEBVIEW_CHROMIUM(27581): [ERROR:DocumentLoader.cpp(255)] keiling DidChangePerformanceTiming
E/TT_WEBVIEW_CHROMIUM(27581): [ERROR:LocalFrameClientImpl.cpp(703)] keiling DidChangePerformanceTiming
E/TT_WEBVIEW_CHROMIUM(27581): [ERROR:aw_render_frame_ext.cc(376)] keiling DidChangePerformanceTiming
E/TT_WEBVIEW_CHROMIUM(27529): [ERROR:aw_resource_dispatcher_host_delegate.cc(455)] keiling OnPageViewLoadInfoOnUI
E/TT_WEBVIEW_CHROMIUM(27529): [ERROR:aw_resource_dispatcher_host_delegate.cc(455)] keiling OnPageViewLoadInfoOnUI
E/TT_WEBVIEW_CHROMIUM(27529): [ERROR:aw_resource_dispatcher_host_delegate.cc(455)] keiling OnPageViewLoadInfoOnUI
E/TT_WEBVIEW_CHROMIUM(27529): [ERROR:aw_resource_dispatcher_host_delegate.cc(455)] keiling OnPageViewLoadInfoOnUI
E/TT_WEBVIEW_CHROMIUM(27529): [ERROR:aw_resource_dispatcher_host_delegate.cc(455)] keiling OnPageViewLoadInfoOnUI
E/TT_WEBVIEW_CHROMIUM(27529): [ERROR:aw_resource_dispatcher_host_delegate.cc(455)] keiling OnPageViewLoadInfoOnUI
E/TT_WEBVIEW_CHROMIUM(27529): [ERROR:aw_resource_dispatcher_host_delegate.cc(455)] keiling OnPageViewLoadInfoOnUI
E/TT_WEBVIEW_CHROMIUM(27529): [ERROR:aw_resource_dispatcher_host_delegate.cc(455)] keiling OnPageViewLoadInfoOnUI
E/TT_WEBVIEW_CHROMIUM(27529): [ERROR:aw_resource_dispatcher_host_delegate.cc(455)] keiling OnPageViewLoadInfoOnUI
E/TT_WEBVIEW_CHROMIUM(27529): [ERROR:aw_resource_dispatcher_host_delegate.cc(455)] keiling OnPageViewLoadInfoOnUI
E/TT_WEBVIEW_CHROMIUM(27529): [ERROR:aw_resource_dispatcher_host_delegate.cc(455)] keiling OnPageViewLoadInfoOnUI
E/TT_WEBVIEW_CHROMIUM(27529): [ERROR:aw_resource_dispatcher_host_delegate.cc(455)] keiling OnPageViewLoadInfoOnUI
E/TT_WEBVIEW_CHROMIUM(27529): [ERROR:aw_resource_dispatcher_host_delegate.cc(455)] keiling OnPageViewLoadInfoOnUI
E/TT_WEBVIEW_CHROMIUM(27529): [ERROR:aw_resource_dispatcher_host_delegate.cc(455)] keiling OnPageViewLoadInfoOnUI
E/TT_WEBVIEW_CHROMIUM(27529): [ERROR:aw_resource_dispatcher_host_delegate.cc(455)] keiling OnPageViewLoadInfoOnUI
E/TT_WEBVIEW_CHROMIUM(27529): [ERROR:aw_resource_dispatcher_host_delegate.cc(455)] keiling OnPageViewLoadInfoOnUI
E/TT_WEBVIEW_CHROMIUM(27529): [ERROR:aw_resource_dispatcher_host_delegate.cc(455)] keiling OnPageViewLoadInfoOnUI
E/TT_WEBVIEW_CHROMIUM(27529): [ERROR:aw_resource_dispatcher_host_delegate.cc(455)] keiling OnPageViewLoadInfoOnUI
E/TT_WEBVIEW_CHROMIUM(27529): [ERROR:aw_resource_dispatcher_host_delegate.cc(455)] keiling OnPageViewLoadInfoOnUI
E/TT_WEBVIEW_CHROMIUM(27581): [ERROR:aw_render_frame_ext.cc(325)] keiling OnWhiteScreen
E/TT_WEBVIEW_CHROMIUM(27529): [ERROR:page_view_load_info_manager.cc(84)] keiling SetWhiteScreenState
E/TT_WEBVIEW_CHROMIUM(27529): [ERROR:aw_resource_dispatcher_host_delegate.cc(455)] keiling OnPageViewLoadInfoOnUI
E/TT_WEBVIEW_CHROMIUM(27529): [ERROR:aw_resource_dispatcher_host_delegate.cc(455)] keiling OnPageViewLoadInfoOnUI
E/TT_WEBVIEW_CHROMIUM(27529): [ERROR:aw_resource_dispatcher_host_delegate.cc(455)] keiling OnPageViewLoadInfoOnUI
E/TT_WEBVIEW_CHROMIUM(27529): [ERROR:aw_resource_dispatcher_host_delegate.cc(455)] keiling OnPageViewLoadInfoOnUI
E/TT_WEBVIEW_CHROMIUM(27529): [ERROR:aw_resource_dispatcher_host_delegate.cc(455)] keiling OnPageViewLoadInfoOnUI
E/TT_WEBVIEW_CHROMIUM(27529): [ERROR:aw_resource_dispatcher_host_delegate.cc(455)] keiling OnPageViewLoadInfoOnUI
E/TT_WEBVIEW_CHROMIUM(27529): [ERROR:aw_resource_dispatcher_host_delegate.cc(455)] keiling OnPageViewLoadInfoOnUI
E/TT_WEBVIEW_CHROMIUM(27529): [ERROR:aw_resource_dispatcher_host_delegate.cc(455)] keiling OnPageViewLoadInfoOnUI
E/TT_WEBVIEW_CHROMIUM(27529): [ERROR:aw_resource_dispatcher_host_delegate.cc(455)] keiling OnPageViewLoadInfoOnUI
E/TT_WEBVIEW_CHROMIUM(27529): [ERROR:aw_resource_dispatcher_host_delegate.cc(455)] keiling OnPageViewLoadInfoOnUI
E/TT_WEBVIEW_CHROMIUM(27529): [ERROR:aw_resource_dispatcher_host_delegate.cc(455)] keiling OnPageViewLoadInfoOnUI
E/TT_WEBVIEW_CHROMIUM(27529): [ERROR:aw_resource_dispatcher_host_delegate.cc(455)] keiling OnPageViewLoadInfoOnUI
E/TT_WEBVIEW_CHROMIUM(27529): [ERROR:aw_resource_dispatcher_host_delegate.cc(455)] keiling OnPageViewLoadInfoOnUI
E/TT_WEBVIEW_CHROMIUM(27529): [ERROR:aw_resource_dispatcher_host_delegate.cc(455)] keiling OnPageViewLoadInfoOnUI
E/TT_WEBVIEW_CHROMIUM(27529): [ERROR:aw_resource_dispatcher_host_delegate.cc(455)] keiling OnPageViewLoadInfoOnUI
E/TT_WEBVIEW_CHROMIUM(27529): [ERROR:aw_resource_dispatcher_host_delegate.cc(455)] keiling OnPageViewLoadInfoOnUI
E/TT_WEBVIEW_CHROMIUM(27529): [ERROR:aw_resource_dispatcher_host_delegate.cc(455)] keiling OnPageViewLoadInfoOnUI
E/TT_WEBVIEW_CHROMIUM(27529): [ERROR:aw_resource_dispatcher_host_delegate.cc(455)] keiling OnPageViewLoadInfoOnUI
E/TT_WEBVIEW_CHROMIUM(27529): [ERROR:aw_resource_dispatcher_host_delegate.cc(455)] keiling OnPageViewLoadInfoOnUI
E/TT_WEBVIEW_CHROMIUM(27529): [ERROR:aw_resource_dispatcher_host_delegate.cc(455)] keiling OnPageViewLoadInfoOnUI
E/TT_WEBVIEW_CHROMIUM(27529): [ERROR:aw_resource_dispatcher_host_delegate.cc(455)] keiling OnPageViewLoadInfoOnUI
E/TT_WEBVIEW_CHROMIUM(27529): [ERROR:aw_resource_dispatcher_host_delegate.cc(455)] keiling OnPageViewLoadInfoOnUI
E/TT_WEBVIEW_CHROMIUM(27529): [ERROR:aw_resource_dispatcher_host_delegate.cc(455)] keiling OnPageViewLoadInfoOnUI
E/TT_WEBVIEW_CHROMIUM(27529): [ERROR:aw_resource_dispatcher_host_delegate.cc(455)] keiling OnPageViewLoadInfoOnUI
E/TT_WEBVIEW_CHROMIUM(27529): [ERROR:aw_resource_dispatcher_host_delegate.cc(455)] keiling OnPageViewLoadInfoOnUI
E/TT_WEBVIEW_CHROMIUM(27529): [ERROR:aw_resource_dispatcher_host_delegate.cc(455)] keiling OnPageViewLoadInfoOnUI
E/TT_WEBVIEW_CHROMIUM(27529): [ERROR:aw_resource_dispatcher_host_delegate.cc(455)] keiling OnPageViewLoadInfoOnUI
E/TT_WEBVIEW_CHROMIUM(27529): [ERROR:aw_resource_dispatcher_host_delegate.cc(455)] keiling OnPageViewLoadInfoOnUI
E/TT_WEBVIEW_CHROMIUM(27529): [ERROR:aw_resource_dispatcher_host_delegate.cc(455)] keiling OnPageViewLoadInfoOnUI
E/TT_WEBVIEW_CHROMIUM(27529): [ERROR:aw_resource_dispatcher_host_delegate.cc(455)] keiling OnPageViewLoadInfoOnUI
E/TT_WEBVIEW_CHROMIUM(27529): [ERROR:aw_resource_dispatcher_host_delegate.cc(455)] keiling OnPageViewLoadInfoOnUI
E/TT_WEBVIEW_CHROMIUM(27529): [ERROR:aw_resource_dispatcher_host_delegate.cc(455)] keiling OnPageViewLoadInfoOnUI
E/TT_WEBVIEW_CHROMIUM(27529): [ERROR:aw_resource_dispatcher_host_delegate.cc(455)] keiling OnPageViewLoadInfoOnUI
E/TT_WEBVIEW_CHROMIUM(27529): [ERROR:aw_resource_dispatcher_host_delegate.cc(455)] keiling OnPageViewLoadInfoOnUI
E/TT_WEBVIEW_CHROMIUM(27529): [ERROR:aw_resource_dispatcher_host_delegate.cc(455)] keiling OnPageViewLoadInfoOnUI
E/TT_WEBVIEW_CHROMIUM(27529): [ERROR:aw_resource_dispatcher_host_delegate.cc(455)] keiling OnPageViewLoadInfoOnUI
E/TT_WEBVIEW_CHROMIUM(27529): [ERROR:aw_resource_dispatcher_host_delegate.cc(455)] keiling OnPageViewLoadInfoOnUI
E/TT_WEBVIEW_CHROMIUM(27529): [ERROR:aw_resource_dispatcher_host_delegate.cc(455)] keiling OnPageViewLoadInfoOnUI
E/TT_WEBVIEW_CHROMIUM(27529): [ERROR:aw_resource_dispatcher_host_delegate.cc(455)] keiling OnPageViewLoadInfoOnUI
E/TT_WEBVIEW_CHROMIUM(27529): [ERROR:aw_resource_dispatcher_host_delegate.cc(455)] keiling OnPageViewLoadInfoOnUI
E/TT_WEBVIEW_CHROMIUM(27529): [ERROR:aw_resource_dispatcher_host_delegate.cc(455)] keiling OnPageViewLoadInfoOnUI
E/TT_WEBVIEW_CHROMIUM(27529): [ERROR:aw_resource_dispatcher_host_delegate.cc(455)] keiling OnPageViewLoadInfoOnUI
E/TT_WEBVIEW_CHROMIUM(27529): [ERROR:aw_resource_dispatcher_host_delegate.cc(455)] keiling OnPageViewLoadInfoOnUI
E/TT_WEBVIEW_CHROMIUM(27529): [ERROR:aw_resource_dispatcher_host_delegate.cc(455)] keiling OnPageViewLoadInfoOnUI
E/TT_WEBVIEW_CHROMIUM(27529): [ERROR:aw_resource_dispatcher_host_delegate.cc(455)] keiling OnPageViewLoadInfoOnUI
E/TT_WEBVIEW_CHROMIUM(27529): [ERROR:aw_resource_dispatcher_host_delegate.cc(455)] keiling OnPageViewLoadInfoOnUI
E/TT_WEBVIEW_CHROMIUM(27529): [ERROR:aw_resource_dispatcher_host_delegate.cc(455)] keiling OnPageViewLoadInfoOnUI
E/TT_WEBVIEW_CHROMIUM(27529): [ERROR:aw_resource_dispatcher_host_delegate.cc(455)] keiling OnPageViewLoadInfoOnUI
E/TT_WEBVIEW_CHROMIUM(27529): [ERROR:aw_resource_dispatcher_host_delegate.cc(455)] keiling OnPageViewLoadInfoOnUI
E/TT_WEBVIEW_CHROMIUM(27529): [ERROR:aw_resource_dispatcher_host_delegate.cc(455)] keiling OnPageViewLoadInfoOnUI
E/TT_WEBVIEW_CHROMIUM(27529): [ERROR:aw_resource_dispatcher_host_delegate.cc(455)] keiling OnPageViewLoadInfoOnUI
E/TT_WEBVIEW_CHROMIUM(27529): [ERROR:aw_resource_dispatcher_host_delegate.cc(455)] keiling OnPageViewLoadInfoOnUI
E/TT_WEBVIEW_CHROMIUM(27529): [ERROR:aw_resource_dispatcher_host_delegate.cc(455)] keiling OnPageViewLoadInfoOnUI
E/TT_WEBVIEW_CHROMIUM(27529): [ERROR:aw_resource_dispatcher_host_delegate.cc(455)] keiling OnPageViewLoadInfoOnUI
E/TT_WEBVIEW_CHROMIUM(27529): [ERROR:aw_resource_dispatcher_host_delegate.cc(455)] keiling OnPageViewLoadInfoOnUI
E/TT_WEBVIEW_CHROMIUM(27529): [ERROR:aw_resource_dispatcher_host_delegate.cc(455)] keiling OnPageViewLoadInfoOnUI
E/TT_WEBVIEW_CHROMIUM(27529): [ERROR:aw_resource_dispatcher_host_delegate.cc(455)] keiling OnPageViewLoadInfoOnUI
E/TT_WEBVIEW_CHROMIUM(27529): [ERROR:aw_resource_dispatcher_host_delegate.cc(455)] keiling OnPageViewLoadInfoOnUI
E/TT_WEBVIEW_CHROMIUM(27529): [ERROR:aw_resource_dispatcher_host_delegate.cc(455)] keiling OnPageViewLoadInfoOnUI
E/TT_WEBVIEW_CHROMIUM(27529): [ERROR:aw_resource_dispatcher_host_delegate.cc(455)] keiling OnPageViewLoadInfoOnUI
E/TT_WEBVIEW_CHROMIUM(27529): [ERROR:aw_resource_dispatcher_host_delegate.cc(455)] keiling OnPageViewLoadInfoOnUI
E/TT_WEBVIEW_CHROMIUM(27581): [ERROR:DocumentTiming.cpp(25)] keiling NotifyDocumentTimingChanged
E/TT_WEBVIEW_CHROMIUM(27581): [ERROR:DocumentLoader.cpp(255)] keiling DidChangePerformanceTiming
E/TT_WEBVIEW_CHROMIUM(27581): [ERROR:LocalFrameClientImpl.cpp(703)] keiling DidChangePerformanceTiming
E/TT_WEBVIEW_CHROMIUM(27581): [ERROR:aw_render_frame_ext.cc(376)] keiling DidChangePerformanceTiming
E/TT_WEBVIEW_CHROMIUM(27581): [ERROR:DocumentTiming.cpp(25)] keiling NotifyDocumentTimingChanged
E/TT_WEBVIEW_CHROMIUM(27581): [ERROR:DocumentLoader.cpp(255)] keiling DidChangePerformanceTiming
E/TT_WEBVIEW_CHROMIUM(27581): [ERROR:LocalFrameClientImpl.cpp(703)] keiling DidChangePerformanceTiming
E/TT_WEBVIEW_CHROMIUM(27581): [ERROR:aw_render_frame_ext.cc(376)] keiling DidChangePerformanceTiming
E/TT_WEBVIEW_CHROMIUM(27581): [ERROR:DocumentLoadTiming.cpp(63)] keiling NotifyDocumentTimingChanged
E/TT_WEBVIEW_CHROMIUM(27581): [ERROR:DocumentLoader.cpp(255)] keiling DidChangePerformanceTiming
E/TT_WEBVIEW_CHROMIUM(27581): [ERROR:LocalFrameClientImpl.cpp(703)] keiling DidChangePerformanceTiming
E/TT_WEBVIEW_CHROMIUM(27581): [ERROR:aw_render_frame_ext.cc(376)] keiling DidChangePerformanceTiming
E/TT_WEBVIEW_CHROMIUM(27581): [ERROR:DocumentLoadTiming.cpp(63)] keiling NotifyDocumentTimingChanged
E/TT_WEBVIEW_CHROMIUM(27581): [ERROR:DocumentLoader.cpp(255)] keiling DidChangePerformanceTiming
E/TT_WEBVIEW_CHROMIUM(27581): [ERROR:LocalFrameClientImpl.cpp(703)] keiling DidChangePerformanceTiming
E/TT_WEBVIEW_CHROMIUM(27581): [ERROR:aw_render_frame_ext.cc(376)] keiling DidChangePerformanceTiming
E/TT_WEBVIEW_CHROMIUM(27581): [ERROR:aw_render_frame_ext.cc(366)] keiling DidFinishLoad
E/TT_WEBVIEW_CHROMIUM(27529): [ERROR:statistic_reporter.cc(276)] keiling status_code 200ReportPageViewMetrics
E/TT_WEBVIEW_CHROMIUM(27529): [ERROR:statistic_reporter.cc(277)] keiling error_code 0ReportPageViewMetrics
E/TT_WEBVIEW_CHROMIUM(27529): [ERROR:statistic_reporter.cc(278)] keiling cancel_status_code 0ReportPageViewMetrics
E/TT_WEBVIEW_CHROMIUM(27529): [ERROR:statistic_reporter.cc(279)] keiling white_screen_state 524ReportPageViewMetrics
E/TT_WEBVIEW_CHROMIUM(27581): [ERROR:PaintTiming.cpp(165)] keiling NotifyPaintTimingChanged
E/TT_WEBVIEW_CHROMIUM(27581): [ERROR:DocumentLoader.cpp(255)] keiling DidChangePerformanceTiming
E/TT_WEBVIEW_CHROMIUM(27581): [ERROR:LocalFrameClientImpl.cpp(703)] keiling DidChangePerformanceTiming
E/TT_WEBVIEW_CHROMIUM(27581): [ERROR:aw_render_frame_ext.cc(376)] keiling DidChangePerformanceTiming
E/TT_WEBVIEW_CHROMIUM(27581): [ERROR:PaintTiming.cpp(165)] keiling NotifyPaintTimingChanged
E/TT_WEBVIEW_CHROMIUM(27581): [ERROR:DocumentLoader.cpp(255)] keiling DidChangePerformanceTiming
E/TT_WEBVIEW_CHROMIUM(27581): [ERROR:LocalFrameClientImpl.cpp(703)] keiling DidChangePerformanceTiming
E/TT_WEBVIEW_CHROMIUM(27581): [ERROR:aw_render_frame_ext.cc(376)] keiling DidChangePerformanceTiming
E/TT_WEBVIEW_CHROMIUM(27581): [ERROR:PaintTiming.cpp(165)] keiling NotifyPaintTimingChanged
E/TT_WEBVIEW_CHROMIUM(27581): [ERROR:DocumentLoader.cpp(255)] keiling DidChangePerformanceTiming
E/TT_WEBVIEW_CHROMIUM(27581): [ERROR:LocalFrameClientImpl.cpp(703)] keiling DidChangePerformanceTiming
E/TT_WEBVIEW_CHROMIUM(27581): [ERROR:aw_render_frame_ext.cc(376)] keiling DidChangePerformanceTiming
E/TT_WEBVIEW_CHROMIUM(27529): [ERROR:aw_resource_dispatcher_host_delegate.cc(451)] keiling OnPageViewLoadInfoOnUI
E/TT_WEBVIEW_CHROMIUM(27581): [ERROR:PaintTiming.cpp(165)] keiling NotifyPaintTimingChanged
E/TT_WEBVIEW_CHROMIUM(27581): [ERROR:DocumentLoader.cpp(255)] keiling DidChangePerformanceTiming
E/TT_WEBVIEW_CHROMIUM(27581): [ERROR:LocalFrameClientImpl.cpp(703)] keiling DidChangePerformanceTiming
E/TT_WEBVIEW_CHROMIUM(27581): [ERROR:aw_render_frame_ext.cc(376)] keiling DidChangePerformanceTiming

